   0.021 s  a: find Warcraft window (0.011 s)
   0.030 s  b: find Warcraft window (0.008 s)
   0.112 s  script models carried (0.078 s)
   0.143 s  script reused (compiled 34 s ago) (0.027 s)
   0.221 s  package and verify (0.070 s)
rebuilt /home/tom/.local/share/smashcraft-build-inputs/native-owner-20261005/fresh-speed/Smashcraft diagnostic fresh-speed.w3x
   0.222 s  map rebuilt (0.188 s)
   0.225 s  map installed (0.001 s)
   0.230 s  a: focus Warcraft (0.003 s)
   0.233 s  b: focus Warcraft (0.005 s)
   0.265 s  a: activate Warcraft window (0.034 s)
   0.269 s  b: activate Warcraft window (0.035 s)
   0.337 s  a: input batch (3 actions) (0.071 s)
   0.340 s  b: input batch (3 actions) (0.071 s)
   0.354 s  a: capture frame (0.016 s)
   0.369 s  b: capture frame (0.028 s)
   0.541 s  a: read text (0.185 s)
   0.565 s  b: read text (0.195 s)
   0.569 s  b: focus Warcraft (0.003 s)
   0.603 s  b: activate Warcraft window (0.034 s)
   0.610 s  a: capture frame (0.016 s)
   0.820 s  a: read text (0.210 s)
   0.823 s  a: focus Warcraft (0.002 s)
   0.833 s  b: input batch (3 actions) (0.230 s)
   0.848 s  b: capture frame (0.015 s)
   0.859 s  a: activate Warcraft window (0.035 s)
   1.065 s  b: read text (0.216 s)
   1.090 s  a: input batch (3 actions) (0.231 s)
   1.120 s  a: capture frame (0.029 s)
   1.132 s  b: capture frame (0.014 s)
   1.322 s  b: read text (0.190 s)
   1.330 s  a: read text (0.210 s)
   1.399 s  b: capture frame (0.024 s)
   1.415 s  a: capture frame (0.034 s)
   1.663 s  a: read text (0.246 s)
   1.748 s  a: capture frame (0.033 s)
   1.856 s  b: read text (0.457 s)
   1.864 s  b: focus Warcraft (0.006 s)
   1.906 s  b: activate Warcraft window (0.041 s)
   1.916 s  b: read pointer (0.009 s)
   1.931 s  b: move pointer (0.013 s)
   1.948 s  b: read pointer (0.016 s)
   2.080 s  b: press button (0.006 s)
   2.107 s  a: read text (0.358 s)
   2.154 s  b: release button (0.011 s)
   2.181 s  a: capture frame (0.023 s)
   2.192 s  b: capture frame (0.038 s)
   2.452 s  a: read text (0.271 s)
   2.455 s  a: focus Warcraft (0.003 s)
   2.463 s  b: read text (0.270 s)
   2.492 s  a: activate Warcraft window (0.036 s)
   2.500 s  a: read pointer (0.008 s)
   2.506 s  a: move pointer (0.005 s)
   2.511 s  a: read pointer (0.005 s)
   2.542 s  b: capture frame (0.026 s)
   2.639 s  a: press button (0.006 s)
   2.710 s  a: release button (0.007 s)
   2.731 s  a: capture frame (0.021 s)
   2.782 s  b: read text (0.239 s)
   2.862 s  b: capture frame (0.028 s)
   3.022 s  a: read text (0.291 s)
   3.097 s  a: capture frame (0.022 s)
   3.153 s  b: read text (0.290 s)
   3.234 s  b: capture frame (0.029 s)
   3.447 s  a: read text (0.350 s)
   3.521 s  b: read text (0.287 s)
   3.530 s  a: capture frame (0.031 s)
   3.600 s  b: capture frame (0.025 s)
   3.783 s  a: read text (0.253 s)
   3.864 s  a: capture frame (0.027 s)
   4.017 s  b: read text (0.416 s)
   4.017 s  b at Custom Games (3.789 s)
   4.201 s  a: read text (0.337 s)
   4.285 s  a: capture frame (0.032 s)
   4.572 s  a: read text (0.286 s)
   4.572 s  a at Custom Games (4.347 s)
   4.578 s  a: focus Warcraft (0.003 s)
   4.582 s  b: focus Warcraft (0.006 s)
   4.615 s  a: activate Warcraft window (0.037 s)
   4.618 s  b: activate Warcraft window (0.036 s)
   4.619 s  a: read pointer (0.005 s)
   4.622 s  b: read pointer (0.003 s)
   4.623 s  a: move pointer (0.004 s)
   4.629 s  a: read pointer (0.005 s)
   4.756 s  a: press button (0.006 s)
   4.821 s  a: release button (0.004 s)
   4.843 s  a: capture frame (0.022 s)
   4.933 s  b: input batch (3 actions) (0.311 s)
   4.933 s  b join name prepared (0.357 s)
   5.102 s  a: read text (0.258 s)
   5.175 s  a: capture frame (0.021 s)
   5.382 s  a: read text (0.207 s)
   5.456 s  a: capture frame (0.021 s)
   5.665 s  a: read text (0.209 s)
   5.734 s  a: capture frame (0.018 s)
   5.941 s  a: read text (0.206 s)
   6.022 s  a: capture frame (0.028 s)
   6.269 s  a: read text (0.246 s)
   6.353 s  a: capture frame (0.033 s)
   6.596 s  a: read text (0.242 s)
   6.599 s  a: focus Warcraft (0.003 s)
   6.634 s  a: activate Warcraft window (0.035 s)
   6.641 s  a: read pointer (0.006 s)
   6.646 s  a: move pointer (0.005 s)
   6.655 s  a: read pointer (0.009 s)
   6.782 s  a: press button (0.005 s)
   6.849 s  a: release button (0.005 s)
   6.867 s  a: capture frame (0.018 s)
   7.120 s  a: read text (0.253 s)
   7.122 s  a: focus Warcraft (0.002 s)
   7.156 s  a: activate Warcraft window (0.034 s)
   7.160 s  a: read pointer (0.004 s)
   7.661 s  a: input batch (4 actions) (0.500 s)
   7.690 s  a: capture frame (0.029 s)
   7.881 s  a: read text (0.191 s)
   7.958 s  a: capture frame (0.024 s)
   8.165 s  a: read text (0.207 s)
   8.240 s  a: capture frame (0.023 s)
   8.429 s  a: read text (0.188 s)
   8.504 s  a: capture frame (0.023 s)
   8.682 s  a: read text (0.178 s)
   8.751 s  a: capture frame (0.017 s)
   8.963 s  a: read text (0.212 s)
   9.035 s  a: capture frame (0.020 s)
   9.222 s  a: read text (0.187 s)
   9.300 s  a: capture frame (0.026 s)
   9.539 s  a: read text (0.239 s)
   9.616 s  a: capture frame (0.026 s)
   9.834 s  a: read text (0.217 s)
   9.906 s  a: capture frame (0.020 s)
  10.104 s  a: read text (0.198 s)
  10.168 s  a: capture frame (0.012 s)
  10.356 s  a: read text (0.188 s)
  10.422 s  a: capture frame (0.015 s)
  10.616 s  a: read text (0.193 s)
  10.680 s  a: capture frame (0.014 s)
  10.869 s  a: read text (0.188 s)
  10.934 s  a: capture frame (0.014 s)
  11.146 s  a: read text (0.211 s)
  11.232 s  a: capture frame (0.033 s)
  11.442 s  a: read text (0.209 s)
  11.442 s  a hosting "scdev muvg2pw4" (6.868 s)
  11.448 s  b: focus Warcraft (0.004 s)
  11.484 s  b: activate Warcraft window (0.036 s)
  11.490 s  b: read pointer (0.006 s)
  11.494 s  b: move pointer (0.004 s)
  11.499 s  b: read pointer (0.005 s)
  11.627 s  b: press button (0.006 s)
  11.696 s  b: release button (0.006 s)
  11.715 s  b: capture frame (0.019 s)
  11.902 s  b: read text (0.187 s)
  11.915 s  b: capture frame (0.012 s)
  12.131 s  b: read text (0.215 s)
  12.206 s  b: capture frame (0.024 s)
  12.400 s  b: read text (0.194 s)
  12.414 s  b: capture frame (0.013 s)
  12.625 s  b: read text (0.211 s)
  12.688 s  b: capture frame (0.012 s)
  12.908 s  b: read text (0.219 s)
  12.921 s  b: capture frame (0.013 s)
  13.122 s  b: read text (0.201 s)
  13.196 s  b: capture frame (0.022 s)
  13.366 s  b: read text (0.170 s)
  13.395 s  b: capture frame (0.029 s)
  13.604 s  b: read text (0.209 s)
  13.673 s  b: capture frame (0.017 s)
  13.879 s  b: read text (0.205 s)
  13.906 s  b: capture frame (0.027 s)
  14.179 s  b: read text (0.273 s)
  14.258 s  b: capture frame (0.027 s)
  14.494 s  b: read text (0.235 s)
  14.523 s  b: capture frame (0.029 s)
  14.744 s  b: read text (0.220 s)
  14.823 s  b: capture frame (0.027 s)
  15.004 s  b: read text (0.181 s)
  15.025 s  b: capture frame (0.020 s)
  15.260 s  b: read text (0.235 s)
  15.333 s  b: capture frame (0.021 s)
  15.563 s  b: read text (0.229 s)
  15.585 s  b: capture frame (0.022 s)
  15.789 s  b: read text (0.203 s)
  15.862 s  b: capture frame (0.022 s)
  16.086 s  b: read text (0.224 s)
  16.086 s  b asked to join (4.644 s)
  16.112 s  a: capture frame (0.025 s)
  16.355 s  a: read text (0.243 s)
  16.355 s  everyone in the lobby (0.269 s)
  16.358 s  a: focus Warcraft (0.002 s)
  16.394 s  a: activate Warcraft window (0.036 s)
  16.401 s  a: read pointer (0.007 s)
  16.406 s  a: move pointer (0.004 s)
  16.410 s  a: read pointer (0.004 s)
  16.539 s  a: press button (0.007 s)
  16.606 s  a: release button (0.006 s)
  26.639 s  every client at character selection (10.033 s)
  26.642 s  clear old quick-match receipts (0.001 s)
  26.645 s  a: focus Warcraft (0.002 s)
  26.680 s  a: activate Warcraft window (0.035 s)
  26.781 s  a: input batch (3 actions) (0.100 s)
  26.781 s  send -dev quick (0.139 s)
  26.938 s  b quick-match receipt (0.155 s)
  26.938 s  a quick-match receipt (0.156 s)
-dev quick acknowledged by 2 client(s)
  26.938 s  quick match and client receipts (0.298 s)
  26.940 s  fresh (26.940 s)
