   0.021 s  a: find Warcraft window (0.010 s)
   0.030 s  b: find Warcraft window (0.008 s)
   0.110 s  script models carried (0.077 s)
   0.142 s  script reused (compiled 7 s ago) (0.027 s)
   0.219 s  package and verify (0.069 s)
rebuilt /home/tom/.local/share/smashcraft-build-inputs/native-owner-20261005/fresh-speed/Smashcraft diagnostic fresh-speed.w3x
   0.220 s  map rebuilt (0.186 s)
   0.222 s  map installed (0.001 s)
   0.227 s  a: focus Warcraft (0.003 s)
   0.229 s  b: focus Warcraft (0.004 s)
   0.261 s  a: activate Warcraft window (0.034 s)
   0.264 s  b: activate Warcraft window (0.034 s)
   0.333 s  a: input batch (3 actions) (0.071 s)
   0.336 s  b: input batch (3 actions) (0.071 s)
   0.354 s  a: capture frame (0.019 s)
   0.367 s  b: capture frame (0.031 s)
   0.538 s  a: read text (0.183 s)
   0.547 s  b: read text (0.179 s)
   0.621 s  a: capture frame (0.030 s)
   0.629 s  b: capture frame (0.031 s)
   0.829 s  a: read text (0.207 s)
   0.834 s  a: focus Warcraft (0.004 s)
   0.839 s  b: read text (0.209 s)
   0.842 s  b: focus Warcraft (0.003 s)
   0.869 s  a: activate Warcraft window (0.035 s)
   0.877 s  b: activate Warcraft window (0.035 s)
   1.105 s  a: input batch (3 actions) (0.235 s)
   1.108 s  b: input batch (3 actions) (0.230 s)
   1.123 s  b: capture frame (0.015 s)
   1.131 s  a: capture frame (0.026 s)
   1.348 s  b: read text (0.225 s)
   1.366 s  a: read text (0.235 s)
   1.416 s  b: capture frame (0.015 s)
   1.432 s  a: capture frame (0.014 s)
   1.592 s  b: read text (0.176 s)
   1.621 s  a: read text (0.188 s)
   1.658 s  b: capture frame (0.014 s)
   1.685 s  a: capture frame (0.014 s)
   1.860 s  a: read text (0.175 s)
   1.903 s  b: read text (0.244 s)
   1.931 s  a: capture frame (0.019 s)
   1.988 s  b: capture frame (0.030 s)
   2.286 s  a: read text (0.355 s)
   2.295 s  a: focus Warcraft (0.005 s)
   2.338 s  a: activate Warcraft window (0.043 s)
   2.344 s  a: read pointer (0.006 s)
   2.351 s  a: move pointer (0.006 s)
   2.355 s  b: read text (0.367 s)
   2.357 s  a: read pointer (0.006 s)
   2.362 s  b: focus Warcraft (0.006 s)
   2.400 s  b: activate Warcraft window (0.038 s)
   2.409 s  b: read pointer (0.009 s)
   2.416 s  b: move pointer (0.006 s)
   2.420 s  b: read pointer (0.004 s)
   2.484 s  a: press button (0.004 s)
   2.548 s  b: press button (0.005 s)
   2.548 s  a: release button (0.004 s)
   2.567 s  a: capture frame (0.019 s)
   2.615 s  b: release button (0.006 s)
   2.640 s  b: capture frame (0.024 s)
   2.770 s  a: read text (0.202 s)
   2.856 s  a: capture frame (0.034 s)
   2.912 s  b: read text (0.272 s)
   2.990 s  b: capture frame (0.025 s)
   3.054 s  a: read text (0.198 s)
   3.130 s  a: capture frame (0.024 s)
   3.206 s  b: read text (0.216 s)
   3.288 s  b: capture frame (0.030 s)
   3.328 s  a: read text (0.197 s)
   3.398 s  a: capture frame (0.018 s)
   3.482 s  b: read text (0.194 s)
   3.552 s  b: capture frame (0.018 s)
   3.601 s  a: read text (0.202 s)
   3.684 s  a: capture frame (0.031 s)
   3.782 s  b: read text (0.229 s)
   3.856 s  b: capture frame (0.022 s)
   3.993 s  a: read text (0.309 s)
   4.079 s  a: capture frame (0.032 s)
   4.180 s  b: read text (0.323 s)
   4.262 s  b: capture frame (0.031 s)
   4.386 s  a: read text (0.307 s)
   4.466 s  a: capture frame (0.028 s)
   4.586 s  b: read text (0.323 s)
   4.586 s  b at Custom Games (4.361 s)
   4.775 s  a: read text (0.308 s)
   4.847 s  a: capture frame (0.021 s)
   5.037 s  a: read text (0.189 s)
   5.037 s  a at Custom Games (4.815 s)
   5.043 s  a: focus Warcraft (0.005 s)
   5.044 s  b: focus Warcraft (0.005 s)
   5.078 s  a: activate Warcraft window (0.034 s)
   5.079 s  b: activate Warcraft window (0.035 s)
   5.083 s  a: read pointer (0.005 s)
   5.084 s  b: read pointer (0.004 s)
   5.087 s  a: move pointer (0.004 s)
   5.094 s  a: read pointer (0.007 s)
   5.220 s  a: press button (0.005 s)
   5.287 s  a: release button (0.006 s)
   5.306 s  a: capture frame (0.018 s)
   5.398 s  b: input batch (3 actions) (0.313 s)
   5.398 s  b join name prepared (0.359 s)
   5.644 s  a: read text (0.338 s)
   5.730 s  a: capture frame (0.034 s)
   5.975 s  a: read text (0.245 s)
   6.040 s  a: capture frame (0.014 s)
   6.322 s  a: read text (0.282 s)
   6.411 s  a: capture frame (0.035 s)
   6.646 s  a: read text (0.234 s)
   6.722 s  a: capture frame (0.025 s)
   6.938 s  a: read text (0.216 s)
   7.017 s  a: capture frame (0.027 s)
   7.213 s  a: read text (0.195 s)
   7.216 s  a: focus Warcraft (0.003 s)
   7.251 s  a: activate Warcraft window (0.035 s)
   7.256 s  a: read pointer (0.004 s)
   7.260 s  a: move pointer (0.004 s)
   7.265 s  a: read pointer (0.005 s)
   7.393 s  a: press button (0.005 s)
   7.459 s  a: release button (0.004 s)
   7.478 s  a: capture frame (0.018 s)
   7.665 s  a: read text (0.187 s)
   7.743 s  a: capture frame (0.026 s)
   7.946 s  a: read text (0.202 s)
   7.948 s  a: focus Warcraft (0.002 s)
   7.983 s  a: activate Warcraft window (0.035 s)
   7.989 s  a: read pointer (0.005 s)
   8.490 s  a: input batch (4 actions) (0.501 s)
   8.514 s  a: capture frame (0.024 s)
   8.757 s  a: read text (0.243 s)
   8.836 s  a: capture frame (0.028 s)
   9.026 s  a: read text (0.190 s)
   9.099 s  a: capture frame (0.021 s)
   9.280 s  a: read text (0.181 s)
   9.364 s  a: capture frame (0.032 s)
   9.545 s  a: read text (0.180 s)
   9.624 s  a: capture frame (0.027 s)
   9.818 s  a: read text (0.194 s)
   9.885 s  a: capture frame (0.014 s)
  10.094 s  a: read text (0.209 s)
  10.159 s  a: capture frame (0.014 s)
  10.350 s  a: read text (0.191 s)
  10.415 s  a: capture frame (0.013 s)
  10.637 s  a: read text (0.222 s)
  10.700 s  a: capture frame (0.012 s)
  10.893 s  a: read text (0.192 s)
  10.972 s  a: capture frame (0.027 s)
  11.177 s  a: read text (0.204 s)
  11.242 s  a: capture frame (0.013 s)
  11.441 s  a: read text (0.199 s)
  11.518 s  a: capture frame (0.025 s)
  11.752 s  a: read text (0.233 s)
  11.752 s  a hosting "scdev muvg24ry" (6.714 s)
  11.757 s  b: focus Warcraft (0.004 s)
  11.793 s  b: activate Warcraft window (0.036 s)
  11.797 s  b: read pointer (0.004 s)
  11.802 s  b: move pointer (0.005 s)
  11.807 s  b: read pointer (0.004 s)
  11.935 s  b: press button (0.005 s)
  12.002 s  b: release button (0.005 s)
  12.034 s  b: capture frame (0.031 s)
  12.215 s  b: read text (0.181 s)
  12.245 s  b: capture frame (0.029 s)
  12.463 s  b: read text (0.218 s)
  12.528 s  b: capture frame (0.013 s)
  12.702 s  b: read text (0.175 s)
  12.715 s  b: capture frame (0.012 s)
  12.907 s  b: read text (0.191 s)
  12.973 s  b: capture frame (0.014 s)
  13.146 s  b: read text (0.173 s)
  13.161 s  b: capture frame (0.014 s)
  13.369 s  b: read text (0.208 s)
  13.434 s  b: capture frame (0.012 s)
  13.604 s  b: read text (0.170 s)
  13.616 s  b: capture frame (0.011 s)
  13.817 s  b: read text (0.201 s)
  13.886 s  b: capture frame (0.016 s)
  14.064 s  b: read text (0.178 s)
  14.084 s  b: capture frame (0.019 s)
  14.376 s  b: read text (0.292 s)
  14.450 s  b: capture frame (0.022 s)
  14.673 s  b: read text (0.223 s)
  14.706 s  b: capture frame (0.032 s)
  14.948 s  b: read text (0.242 s)
  14.951 s  b: focus Warcraft (0.003 s)
  14.986 s  b: activate Warcraft window (0.034 s)
  14.991 s  b: read pointer (0.005 s)
  14.996 s  b: move pointer (0.005 s)
  15.002 s  b: read pointer (0.006 s)
  15.132 s  b: press button (0.007 s)
  15.198 s  b: release button (0.005 s)
  15.198 s  b password prompt cancelled (0.250 s)
  15.272 s  b: capture frame (0.022 s)
  15.492 s  b: read text (0.220 s)
  15.522 s  b: capture frame (0.029 s)
  15.734 s  b: read text (0.211 s)
  15.803 s  b: capture frame (0.017 s)
  15.991 s  b: read text (0.187 s)
  15.991 s  b asked to join (4.239 s)
  16.015 s  a: capture frame (0.023 s)
  16.223 s  a: read text (0.207 s)
  16.223 s  everyone in the lobby (0.232 s)
  16.225 s  a: focus Warcraft (0.002 s)
  16.260 s  a: activate Warcraft window (0.034 s)
  16.265 s  a: read pointer (0.004 s)
  16.269 s  a: move pointer (0.004 s)
  16.273 s  a: read pointer (0.004 s)
  16.398 s  a: press button (0.004 s)
  16.465 s  a: release button (0.005 s)
  26.646 s  every client at character selection (10.181 s)
  26.650 s  clear old quick-match receipts (0.001 s)
  26.652 s  a: focus Warcraft (0.002 s)
  26.689 s  a: activate Warcraft window (0.036 s)
  26.793 s  a: input batch (3 actions) (0.103 s)
  26.793 s  send -dev quick (0.143 s)
  26.950 s  a quick-match receipt (0.157 s)
  26.950 s  b quick-match receipt (0.156 s)
-dev quick acknowledged by 2 client(s)
  26.951 s  quick match and client receipts (0.304 s)
  26.953 s  fresh (26.953 s)
