source=/dev/input/event3 name=Some("Smashcraft Event Retention Virtual Gamepad") clock=CLOCK_MONOTONIC epoch_ns=554959964934601 frame_rule=segment_frame+floor((t-segment_epoch)*60/1e9) first=1 delay=0 pause_policy=sequenced-map-control
readiness_receipt=/home/tom/.local/share/wc3-melee/client-b/pfx/drive_c/users/steamuser/Documents/Warcraft III/CustomMapData/smashcraft-journal-ready-text-credit-20261005-e1-p1.txt
published_frame=1
published_frame=2
editbox_emit sequence=1 bytes=37 elapsed_us=2461 envelope=@J10000000001000000000102742|I421100;
published_frame=3
published_frame=4
editbox_emit sequence=2 bytes=37 elapsed_us=2601 envelope=@J10000000001000000000247029|I421300;
published_frame=5
published_frame=6
editbox_emit sequence=3 bytes=37 elapsed_us=3018 envelope=@J10000000001000000000325795|I421500;
published_frame=7
published_frame=8
editbox_emit sequence=4 bytes=37 elapsed_us=2246 envelope=@J10000000001000000000404561|I421700;
published_frame=9
published_frame=10
editbox_emit sequence=5 bytes=37 elapsed_us=1949 envelope=@J10000000001000000000548848|I421900;
published_frame=11
published_frame=12
editbox_emit sequence=6 bytes=37 elapsed_us=2407 envelope=@J10000000001000000000627614|I421B00;
published_frame=13
published_frame=14
editbox_emit sequence=7 bytes=37 elapsed_us=2493 envelope=@J10000000001000000000706380|I421D00;
published_frame=15
published_frame=16
editbox_emit sequence=8 bytes=37 elapsed_us=2261 envelope=@J10000000001000000000850667|I421F00;
published_frame=17
published_frame=18
editbox_emit sequence=9 bytes=37 elapsed_us=2029 envelope=@J10000000001000000000929433|I421H00;
published_frame=19
published_frame=20
editbox_emit sequence=10 bytes=37 elapsed_us=2624 envelope=@J10000000001000000001036705|I421J00;
published_frame=21
published_frame=22
editbox_emit sequence=11 bytes=37 elapsed_us=2465 envelope=@J10000000001000000001115471|I421L00;
published_frame=23
published_frame=24
editbox_emit sequence=12 bytes=37 elapsed_us=2243 envelope=@J10000000001000000001259758|I421N00;
published_frame=25
published_frame=26
editbox_emit sequence=13 bytes=37 elapsed_us=2573 envelope=@J10000000001000000001338524|I421P00;
published_frame=27
published_frame=28
editbox_emit sequence=14 bytes=37 elapsed_us=2289 envelope=@J10000000001000000001417290|I421R00;
published_frame=29
published_frame=30
editbox_emit sequence=15 bytes=37 elapsed_us=2433 envelope=@J10000000001000000001561577|I421T00;
published_frame=31
published_frame=32
editbox_emit sequence=16 bytes=37 elapsed_us=2241 envelope=@J10000000001000000001640343|I421V00;
published_frame=33
published_frame=34
editbox_emit sequence=17 bytes=38 elapsed_us=2124 envelope=@J10000000001000000001710807|I421X100;
published_frame=35
published_frame=36
editbox_emit sequence=18 bytes=38 elapsed_us=2279 envelope=@J10000000001000000001853795|I421Z100;
published_frame=37
published_frame=38
editbox_emit sequence=19 bytes=38 elapsed_us=2213 envelope=@J10000000001000000001931262|I421b100;
published_frame=39
published_frame=40
editbox_emit sequence=20 bytes=38 elapsed_us=2383 envelope=@J10000000001000000002021946|I421d100;
published_frame=41
published_frame=42
editbox_emit sequence=21 bytes=38 elapsed_us=2544 envelope=@J10000000001000000002164934|I421f100;
published_frame=43
editbox_emit sequence=20 bytes=38 elapsed_us=2296 envelope=@J10000000001000000002021946|I421d100;
editbox_emit sequence=21 bytes=38 elapsed_us=2013 envelope=@J10000000001000000002164934|I421f100;
published_frame=44
editbox_emit sequence=22 bytes=38 elapsed_us=2427 envelope=@J10000000001000000002242401|I421h100;
published_frame=45
published_frame=46
editbox_emit sequence=23 bytes=38 elapsed_us=2188 envelope=@J10000000001000000002319868|I421j100;
published_frame=47
published_frame=48
editbox_emit sequence=24 bytes=38 elapsed_us=2451 envelope=@J10000000001000000002462856|I421l100;
published_frame=49
published_frame=50
editbox_emit sequence=25 bytes=38 elapsed_us=2971 envelope=@J10000000001000000002540323|I421n100;
published_frame=51
published_frame=52
editbox_emit sequence=26 bytes=38 elapsed_us=2664 envelope=@J10000000001000000002617790|I421p100;
published_frame=53
published_frame=54
editbox_emit sequence=27 bytes=38 elapsed_us=3479 envelope=@J10000000001000000002760778|I421r100;
published_frame=55
published_frame=56
editbox_emit sequence=28 bytes=38 elapsed_us=2222 envelope=@J10000000001000000002838245|I421t100;
published_frame=57
published_frame=58
editbox_emit sequence=29 bytes=38 elapsed_us=2032 envelope=@J10000000001000000002915712|I421v100;
published_frame=59
published_frame=60
editbox_emit sequence=30 bytes=38 elapsed_us=2524 envelope=@J10000000001000000003006396|I421x100;
published_frame=61
published_frame=62
editbox_emit sequence=31 bytes=38 elapsed_us=2475 envelope=@J10000000001000000003149384|I421z100;
published_frame=63
published_frame=64
editbox_emit sequence=32 bytes=38 elapsed_us=2964 envelope=@J10000000001000000003226851|I421_100;
published_frame=65
published_frame=66
editbox_emit sequence=33 bytes=38 elapsed_us=1993 envelope=@J10000000001000000003361970|I421X200;
published_frame=67
published_frame=68
editbox_emit sequence=34 bytes=38 elapsed_us=2404 envelope=@J10000000001000000003439437|I421Z200;
published_frame=69
published_frame=70
editbox_emit sequence=35 bytes=38 elapsed_us=2216 envelope=@J10000000001000000003516904|I421b200;
published_frame=71
published_frame=72
editbox_emit sequence=36 bytes=38 elapsed_us=2307 envelope=@J10000000001000000003659892|I421d200;
published_frame=73
published_frame=74
editbox_emit sequence=37 bytes=38 elapsed_us=2452 envelope=@J10000000001000000003737359|I421f200;
published_frame=75
published_frame=76
editbox_emit sequence=38 bytes=38 elapsed_us=2195 envelope=@J10000000001000000003814826|I421h200;
published_frame=77
published_frame=78
editbox_emit sequence=39 bytes=38 elapsed_us=2305 envelope=@J10000000001000000003957814|I421j200;
published_frame=79
published_frame=80
editbox_emit sequence=40 bytes=38 elapsed_us=2127 envelope=@J10000000001000000004048498|I421l200;
published_frame=81
published_frame=82
editbox_emit sequence=41 bytes=38 elapsed_us=2424 envelope=@J10000000001000000004125965|I421n200;
published_frame=83
published_frame=84
editbox_emit sequence=42 bytes=38 elapsed_us=2154 envelope=@J10000000001000000004203432|I421p200;
published_frame=85
published_frame=86
editbox_emit sequence=43 bytes=38 elapsed_us=2438 envelope=@J10000000001000000004346420|I421r200;
published_frame=87
published_frame=88
editbox_emit sequence=44 bytes=38 elapsed_us=2816 envelope=@J10000000001000000004423887|I421t200;
published_frame=89
published_frame=90
editbox_emit sequence=45 bytes=38 elapsed_us=2161 envelope=@J10000000001000000004501354|I421v200;
published_frame=91
published_frame=92
editbox_emit sequence=46 bytes=38 elapsed_us=2254 envelope=@J10000000001000000004644342|I421x200;
published_frame=93
published_frame=94
editbox_emit sequence=47 bytes=38 elapsed_us=2390 envelope=@J10000000001000000004721809|I421z200;
published_frame=95
published_frame=96
editbox_emit sequence=48 bytes=38 elapsed_us=2308 envelope=@J10000000001000000004864797|I421_200;
published_frame=97
published_frame=98
editbox_emit sequence=49 bytes=38 elapsed_us=2172 envelope=@J10000000001000000004934395|I421X300;
published_frame=99
published_frame=100
editbox_emit sequence=50 bytes=38 elapsed_us=2111 envelope=@J10000000001000000005025079|I421Z300;
published_frame=101
published_frame=102
editbox_emit sequence=51 bytes=38 elapsed_us=2270 envelope=@J10000000001000000005102546|I421b300;
published_frame=103
published_frame=104
editbox_emit sequence=52 bytes=38 elapsed_us=2175 envelope=@J10000000001000000005245534|I421d300;
published_frame=105
published_frame=106
editbox_emit sequence=53 bytes=38 elapsed_us=2955 envelope=@J10000000001000000005323001|I421f300;
published_frame=107
published_frame=108
editbox_emit sequence=54 bytes=38 elapsed_us=2146 envelope=@J10000000001000000005400468|I421h300;
published_frame=109
published_frame=110
editbox_emit sequence=55 bytes=38 elapsed_us=2465 envelope=@J10000000001000000005543456|I421j300;
published_frame=111
published_frame=112
editbox_emit sequence=56 bytes=38 elapsed_us=2356 envelope=@J10000000001000000005620923|I421l300;
published_frame=113
published_frame=114
editbox_emit sequence=57 bytes=38 elapsed_us=2155 envelope=@J10000000001000000005763911|I421n300;
published_frame=115
published_frame=116
editbox_emit sequence=58 bytes=38 elapsed_us=2565 envelope=@J10000000001000000005841378|I421p300;
published_frame=117
published_frame=118
editbox_emit sequence=59 bytes=38 elapsed_us=2393 envelope=@J10000000001000000005918845|I421r300;
published_frame=119
published_frame=120
editbox_emit sequence=60 bytes=38 elapsed_us=2137 envelope=@J10000000001000000006009529|I421t300;
published_frame=121
editbox_emit sequence=55 bytes=38 elapsed_us=2086 envelope=@J10000000001000000005543456|I421j300;
editbox_emit sequence=56 bytes=38 elapsed_us=2012 envelope=@J10000000001000000005620923|I421l300;
editbox_emit sequence=57 bytes=38 elapsed_us=1979 envelope=@J10000000001000000005763911|I421n300;
editbox_emit sequence=58 bytes=38 elapsed_us=2296 envelope=@J10000000001000000005841378|I421p300;
editbox_emit sequence=59 bytes=38 elapsed_us=2130 envelope=@J10000000001000000005918845|I421r300;
published_frame=122
editbox_emit sequence=60 bytes=38 elapsed_us=2113 envelope=@J10000000001000000006009529|I421t300;
editbox_emit sequence=61 bytes=38 elapsed_us=2156 envelope=@J10000000001000000006152517|I421v300;
published_frame=123
published_frame=124
editbox_emit sequence=62 bytes=38 elapsed_us=2049 envelope=@J10000000001000000006229984|I421x300;
published_frame=125
published_frame=126
editbox_emit sequence=63 bytes=38 elapsed_us=2061 envelope=@J10000000001000000006307451|I421z300;
published_frame=127
published_frame=128
editbox_emit sequence=64 bytes=38 elapsed_us=2182 envelope=@J10000000001000000006450439|I421_300;
published_frame=129
published_frame=130
editbox_emit sequence=65 bytes=38 elapsed_us=2752 envelope=@J10000000001000000006520037|I421X400;
published_frame=131
published_frame=132
editbox_emit sequence=66 bytes=38 elapsed_us=2137 envelope=@J10000000001000000006663025|I421Z400;
published_frame=133
published_frame=134
editbox_emit sequence=67 bytes=38 elapsed_us=2046 envelope=@J10000000001000000006740492|I421b400;
published_frame=135
published_frame=136
editbox_emit sequence=68 bytes=38 elapsed_us=2445 envelope=@J10000000001000000006817959|I421d400;
published_frame=137
published_frame=138
editbox_emit sequence=69 bytes=38 elapsed_us=2126 envelope=@J10000000001000000006960947|I421f400;
published_frame=139
published_frame=140
editbox_emit sequence=70 bytes=38 elapsed_us=2035 envelope=@J10000000001000000007051631|I421h400;
published_frame=141
published_frame=142
published_frame=143
published_frame=144
published_frame=145
published_frame=146
published_frame=147
published_frame=148
published_frame=149
published_frame=150
published_frame=151
published_frame=152
published_frame=153
published_frame=154
published_frame=155
published_frame=156
published_frame=157
published_frame=158
published_frame=159
published_frame=160
published_frame=161
published_frame=162
published_frame=163
published_frame=164
published_frame=165
published_frame=166
published_frame=167
published_frame=168
published_frame=169
published_frame=170
published_frame=171
published_frame=172
published_frame=173
published_frame=174
published_frame=175
published_frame=176
published_frame=177
published_frame=178
published_frame=179
published_frame=180
published_frame=181
published_frame=182
published_frame=183
published_frame=184
published_frame=185
published_frame=186
published_frame=187
published_frame=188
published_frame=189
published_frame=190
published_frame=191
published_frame=192
published_frame=193
published_frame=194
published_frame=195
published_frame=196
published_frame=197
published_frame=198
published_frame=199
published_frame=200
published_frame=201
published_frame=202
published_frame=203
published_frame=204
published_frame=205
published_frame=206
published_frame=207
published_frame=208
published_frame=209
published_frame=210
published_frame=211
published_frame=212
published_frame=213
published_frame=214
published_frame=215
published_frame=216
published_frame=217
published_frame=218
published_frame=219
published_frame=220
published_frame=221
published_frame=222
published_frame=223
published_frame=224
published_frame=225
published_frame=226
published_frame=227
published_frame=228
published_frame=229
published_frame=230
published_frame=231
published_frame=232
published_frame=233
published_frame=234
published_frame=235
published_frame=236
published_frame=237
published_frame=238
published_frame=239
published_frame=240
published_frame=241
published_frame=242
published_frame=243
published_frame=244
published_frame=245
published_frame=246
published_frame=247
published_frame=248
published_frame=249
published_frame=250
published_frame=251
published_frame=252
published_frame=253
published_frame=254
published_frame=255
published_frame=256
published_frame=257
published_frame=258
published_frame=259
published_frame=260
published_frame=261
editbox_emit sequence=56 bytes=38 elapsed_us=2060 envelope=@J10000000001000000005620923|I421l300;
published_frame=262
editbox_emit sequence=57 bytes=38 elapsed_us=2159 envelope=@J10000000001000000005763911|I421n300;
editbox_emit sequence=58 bytes=38 elapsed_us=1959 envelope=@J10000000001000000005841378|I421p300;
editbox_emit sequence=59 bytes=38 elapsed_us=2096 envelope=@J10000000001000000005918845|I421r300;
editbox_emit sequence=60 bytes=38 elapsed_us=1867 envelope=@J10000000001000000006009529|I421t300;
editbox_emit sequence=61 bytes=38 elapsed_us=1912 envelope=@J10000000001000000006152517|I421v300;
published_frame=263
editbox_emit sequence=62 bytes=38 elapsed_us=1840 envelope=@J10000000001000000006229984|I421x300;
editbox_emit sequence=63 bytes=38 elapsed_us=1779 envelope=@J10000000001000000006307451|I421z300;
editbox_emit sequence=64 bytes=38 elapsed_us=1789 envelope=@J10000000001000000006450439|I421_300;
editbox_emit sequence=65 bytes=38 elapsed_us=1870 envelope=@J10000000001000000006520037|I421X400;
editbox_emit sequence=66 bytes=38 elapsed_us=1823 envelope=@J10000000001000000006663025|I421Z400;
published_frame=264
editbox_emit sequence=67 bytes=38 elapsed_us=1802 envelope=@J10000000001000000006740492|I421b400;
editbox_emit sequence=68 bytes=38 elapsed_us=1717 envelope=@J10000000001000000006817959|I421d400;
editbox_emit sequence=69 bytes=38 elapsed_us=1765 envelope=@J10000000001000000006960947|I421f400;
editbox_emit sequence=70 bytes=38 elapsed_us=1738 envelope=@J10000000001000000007051631|I421h400;
editbox_emit sequence=71 bytes=38 elapsed_us=2109 envelope=@J10000000001000000007129098|I421j400;
published_frame=265
published_frame=266
published_frame=267
published_frame=268
published_frame=269
published_frame=270
published_frame=271
published_frame=272
published_frame=273
published_frame=274
published_frame=275
published_frame=276
published_frame=277
published_frame=278
published_frame=279
published_frame=280
published_frame=281
published_frame=282
published_frame=283
published_frame=284
published_frame=285
published_frame=286
published_frame=287
editbox_emit sequence=62 bytes=38 elapsed_us=2044 envelope=@J10000000001000000006229984|I421x300;
published_frame=288
editbox_emit sequence=63 bytes=38 elapsed_us=1967 envelope=@J10000000001000000006307451|I421z300;
editbox_emit sequence=64 bytes=38 elapsed_us=1900 envelope=@J10000000001000000006450439|I421_300;
editbox_emit sequence=65 bytes=38 elapsed_us=1801 envelope=@J10000000001000000006520037|I421X400;
editbox_emit sequence=66 bytes=38 elapsed_us=1991 envelope=@J10000000001000000006663025|I421Z400;
editbox_emit sequence=67 bytes=38 elapsed_us=1742 envelope=@J10000000001000000006740492|I421b400;
published_frame=289
editbox_emit sequence=68 bytes=38 elapsed_us=2045 envelope=@J10000000001000000006817959|I421d400;
editbox_emit sequence=69 bytes=38 elapsed_us=1918 envelope=@J10000000001000000006960947|I421f400;
editbox_emit sequence=70 bytes=38 elapsed_us=1895 envelope=@J10000000001000000007051631|I421h400;
editbox_emit sequence=71 bytes=38 elapsed_us=1842 envelope=@J10000000001000000007129098|I421j400;
editbox_emit sequence=72 bytes=38 elapsed_us=1743 envelope=@J10000000001000000007206565|I421l400;
published_frame=290
editbox_emit sequence=73 bytes=38 elapsed_us=1896 envelope=@J10000000001000000007349553|I421n400;
editbox_emit sequence=74 bytes=38 elapsed_us=1805 envelope=@J10000000001000000007427020|I421p400;
editbox_emit sequence=75 bytes=38 elapsed_us=1902 envelope=@J10000000001000000007504487|I421r400;
editbox_emit sequence=76 bytes=38 elapsed_us=1794 envelope=@J10000000001000000007647475|I421t400;
editbox_emit sequence=77 bytes=38 elapsed_us=1761 envelope=@J10000000001000000007724942|I421v400;
published_frame=291
editbox_emit sequence=78 bytes=38 elapsed_us=1790 envelope=@J10000000001000000007802409|I421x400;
editbox_emit sequence=79 bytes=38 elapsed_us=1772 envelope=@J10000000001000000007945397|I421z400;
editbox_emit sequence=80 bytes=38 elapsed_us=1807 envelope=@J10000000001000000008036081|I421_400;
editbox_emit sequence=81 bytes=38 elapsed_us=2019 envelope=@J10000000001000000008105679|I421X500;
published_frame=292
editbox_emit sequence=82 bytes=38 elapsed_us=1958 envelope=@J10000000001000000008248667|I421Z500;
editbox_emit sequence=83 bytes=38 elapsed_us=1790 envelope=@J10000000001000000008326134|I421b500;
published_frame=293
published_frame=294
editbox_emit sequence=84 bytes=38 elapsed_us=1957 envelope=@J10000000001000000008403601|I421d500;
editbox_emit sequence=85 bytes=38 elapsed_us=1790 envelope=@J10000000001000000008546589|I421f500;
editbox_emit sequence=86 bytes=38 elapsed_us=1786 envelope=@J10000000001000000008624056|I421h500;
published_frame=295
published_frame=296
published_frame=297
published_frame=298
published_frame=299
published_frame=300
input_armed=true gameplay_armed=false mono_ns=554964967859227
editbox_emit sequence=71 bytes=38 elapsed_us=2208 envelope=@J10000000001000000007129098|I421j400;
editbox_emit sequence=72 bytes=38 elapsed_us=2341 envelope=@J10000000001000000007206565|I421l400;
editbox_emit sequence=73 bytes=38 elapsed_us=1954 envelope=@J10000000001000000007349553|I421n400;
editbox_emit sequence=74 bytes=38 elapsed_us=2105 envelope=@J10000000001000000007427020|I421p400;
editbox_emit sequence=75 bytes=38 elapsed_us=1988 envelope=@J10000000001000000007504487|I421r400;
editbox_emit sequence=76 bytes=38 elapsed_us=2172 envelope=@J10000000001000000007647475|I421t400;
editbox_emit sequence=77 bytes=38 elapsed_us=1858 envelope=@J10000000001000000007724942|I421v400;
editbox_emit sequence=78 bytes=38 elapsed_us=1818 envelope=@J10000000001000000007802409|I421x400;
editbox_emit sequence=79 bytes=38 elapsed_us=1895 envelope=@J10000000001000000007945397|I421z400;
editbox_emit sequence=80 bytes=38 elapsed_us=1832 envelope=@J10000000001000000008036081|I421_400;
editbox_emit sequence=81 bytes=38 elapsed_us=2362 envelope=@J10000000001000000008105679|I421X500;
editbox_emit sequence=82 bytes=38 elapsed_us=2040 envelope=@J10000000001000000008248667|I421Z500;
editbox_emit sequence=83 bytes=38 elapsed_us=2106 envelope=@J10000000001000000008326134|I421b500;
editbox_emit sequence=84 bytes=38 elapsed_us=2008 envelope=@J10000000001000000008403601|I421d500;
editbox_emit sequence=85 bytes=38 elapsed_us=2109 envelope=@J10000000001000000008546589|I421f500;
editbox_emit sequence=86 bytes=38 elapsed_us=2070 envelope=@J10000000001000000008624056|I421h500;
editbox_emit sequence=72 bytes=38 elapsed_us=2019 envelope=@J10000000001000000007206565|I421l400;
editbox_emit sequence=73 bytes=38 elapsed_us=2374 envelope=@J10000000001000000007349553|I421n400;
editbox_emit sequence=74 bytes=38 elapsed_us=2073 envelope=@J10000000001000000007427020|I421p400;
editbox_emit sequence=75 bytes=38 elapsed_us=1827 envelope=@J10000000001000000007504487|I421r400;
editbox_emit sequence=76 bytes=38 elapsed_us=1899 envelope=@J10000000001000000007647475|I421t400;
editbox_emit sequence=77 bytes=38 elapsed_us=1735 envelope=@J10000000001000000007724942|I421v400;
editbox_emit sequence=78 bytes=38 elapsed_us=2173 envelope=@J10000000001000000007802409|I421x400;
editbox_emit sequence=79 bytes=38 elapsed_us=1963 envelope=@J10000000001000000007945397|I421z400;
editbox_emit sequence=80 bytes=38 elapsed_us=1799 envelope=@J10000000001000000008036081|I421_400;
editbox_emit sequence=81 bytes=38 elapsed_us=1871 envelope=@J10000000001000000008105679|I421X500;
editbox_emit sequence=82 bytes=38 elapsed_us=1845 envelope=@J10000000001000000008248667|I421Z500;
editbox_emit sequence=83 bytes=38 elapsed_us=1860 envelope=@J10000000001000000008326134|I421b500;
editbox_emit sequence=84 bytes=38 elapsed_us=1770 envelope=@J10000000001000000008403601|I421d500;
editbox_emit sequence=85 bytes=38 elapsed_us=1989 envelope=@J10000000001000000008546589|I421f500;
editbox_emit sequence=86 bytes=38 elapsed_us=2021 envelope=@J10000000001000000008624056|I421h500;
editbox_emit sequence=87 bytes=38 elapsed_us=2053 envelope=@J10000000001000000008701523|I421j500;
editbox_emit sequence=78 bytes=38 elapsed_us=2218 envelope=@J10000000001000000007802409|I421x400;
editbox_emit sequence=79 bytes=38 elapsed_us=1968 envelope=@J10000000001000000007945397|I421z400;
editbox_emit sequence=80 bytes=38 elapsed_us=1929 envelope=@J10000000001000000008036081|I421_400;
editbox_emit sequence=81 bytes=38 elapsed_us=1932 envelope=@J10000000001000000008105679|I421X500;
editbox_emit sequence=82 bytes=38 elapsed_us=1814 envelope=@J10000000001000000008248667|I421Z500;
editbox_emit sequence=83 bytes=38 elapsed_us=1973 envelope=@J10000000001000000008326134|I421b500;
editbox_emit sequence=84 bytes=38 elapsed_us=1719 envelope=@J10000000001000000008403601|I421d500;
editbox_emit sequence=85 bytes=38 elapsed_us=1759 envelope=@J10000000001000000008546589|I421f500;
editbox_emit sequence=86 bytes=38 elapsed_us=1843 envelope=@J10000000001000000008624056|I421h500;
editbox_emit sequence=87 bytes=38 elapsed_us=1915 envelope=@J10000000001000000008701523|I421j500;
editbox_emit sequence=88 bytes=38 elapsed_us=1908 envelope=@J10000000001000000008844511|I421l500;
editbox_emit sequence=89 bytes=38 elapsed_us=1784 envelope=@J10000000001000000008921978|I421n500;
editbox_emit sequence=90 bytes=38 elapsed_us=1771 envelope=@J10000000001000000009012662|I421p500;
editbox_emit sequence=91 bytes=38 elapsed_us=1791 envelope=@J10000000001000000009155650|I421r500;
editbox_emit sequence=92 bytes=38 elapsed_us=1770 envelope=@J10000000001000000009233117|I421t500;
editbox_emit sequence=93 bytes=38 elapsed_us=1840 envelope=@J10000000001000000009310584|I421v500;
editbox_emit sequence=94 bytes=38 elapsed_us=2061 envelope=@J10000000001000000009453572|I421x500;
editbox_emit sequence=95 bytes=38 elapsed_us=1882 envelope=@J10000000001000000009531039|I421z500;
editbox_emit sequence=96 bytes=38 elapsed_us=2153 envelope=@J10000000001000000009608506|I421_500;
editbox_emit sequence=97 bytes=38 elapsed_us=1969 envelope=@J10000000001000000009743625|I421X600;
editbox_emit sequence=98 bytes=38 elapsed_us=1972 envelope=@J10000000001000000009821092|I421Z600;
editbox_emit sequence=99 bytes=38 elapsed_us=1865 envelope=@J10000000001000000009964080|I421b600;
editbox_emit sequence=100 bytes=38 elapsed_us=2267 envelope=@J10000000001000000010030660|I421d600;
editbox_emit sequence=101 bytes=38 elapsed_us=2111 envelope=@J10000000001000000010108127|I421f600;
editbox_emit sequence=102 bytes=38 elapsed_us=2074 envelope=@J10000000001000000010251115|I421h600;
editbox_emit sequence=87 bytes=38 elapsed_us=2373 envelope=@J10000000001000000008701523|I421j500;
editbox_emit sequence=88 bytes=38 elapsed_us=1946 envelope=@J10000000001000000008844511|I421l500;
editbox_emit sequence=89 bytes=38 elapsed_us=1822 envelope=@J10000000001000000008921978|I421n500;
editbox_emit sequence=90 bytes=38 elapsed_us=2060 envelope=@J10000000001000000009012662|I421p500;
editbox_emit sequence=91 bytes=38 elapsed_us=1940 envelope=@J10000000001000000009155650|I421r500;
editbox_emit sequence=92 bytes=38 elapsed_us=1991 envelope=@J10000000001000000009233117|I421t500;
editbox_emit sequence=93 bytes=38 elapsed_us=1894 envelope=@J10000000001000000009310584|I421v500;
editbox_emit sequence=94 bytes=38 elapsed_us=2233 envelope=@J10000000001000000009453572|I421x500;
editbox_emit sequence=95 bytes=38 elapsed_us=1933 envelope=@J10000000001000000009531039|I421z500;
editbox_emit sequence=96 bytes=38 elapsed_us=2332 envelope=@J10000000001000000009608506|I421_500;
editbox_emit sequence=97 bytes=38 elapsed_us=1944 envelope=@J10000000001000000009743625|I421X600;
editbox_emit sequence=98 bytes=38 elapsed_us=1947 envelope=@J10000000001000000009821092|I421Z600;
editbox_emit sequence=99 bytes=38 elapsed_us=2479 envelope=@J10000000001000000009964080|I421b600;
editbox_emit sequence=100 bytes=38 elapsed_us=1998 envelope=@J10000000001000000010030660|I421d600;
editbox_emit sequence=101 bytes=38 elapsed_us=2149 envelope=@J10000000001000000010108127|I421f600;
editbox_emit sequence=102 bytes=38 elapsed_us=2005 envelope=@J10000000001000000010251115|I421h600;
editbox_emit sequence=88 bytes=38 elapsed_us=2040 envelope=@J10000000001000000008844511|I421l500;
editbox_emit sequence=89 bytes=38 elapsed_us=1839 envelope=@J10000000001000000008921978|I421n500;
editbox_emit sequence=90 bytes=38 elapsed_us=2037 envelope=@J10000000001000000009012662|I421p500;
editbox_emit sequence=91 bytes=38 elapsed_us=1866 envelope=@J10000000001000000009155650|I421r500;
editbox_emit sequence=92 bytes=38 elapsed_us=1739 envelope=@J10000000001000000009233117|I421t500;
editbox_emit sequence=93 bytes=38 elapsed_us=1709 envelope=@J10000000001000000009310584|I421v500;
editbox_emit sequence=94 bytes=38 elapsed_us=1691 envelope=@J10000000001000000009453572|I421x500;
editbox_emit sequence=95 bytes=38 elapsed_us=1994 envelope=@J10000000001000000009531039|I421z500;
editbox_emit sequence=96 bytes=38 elapsed_us=1861 envelope=@J10000000001000000009608506|I421_500;
editbox_emit sequence=97 bytes=38 elapsed_us=1875 envelope=@J10000000001000000009743625|I421X600;
editbox_emit sequence=98 bytes=38 elapsed_us=1848 envelope=@J10000000001000000009821092|I421Z600;
editbox_emit sequence=99 bytes=38 elapsed_us=1723 envelope=@J10000000001000000009964080|I421b600;
editbox_emit sequence=100 bytes=38 elapsed_us=1873 envelope=@J10000000001000000010030660|I421d600;
editbox_emit sequence=101 bytes=38 elapsed_us=1776 envelope=@J10000000001000000010108127|I421f600;
editbox_emit sequence=102 bytes=38 elapsed_us=2051 envelope=@J10000000001000000010251115|I421h600;
editbox_emit sequence=103 bytes=38 elapsed_us=1825 envelope=@J10000000001000000010328582|I421j600;
shutdown signal=SIGINT mailbox_release=begin
