   0.021 s  a: find Warcraft window (0.011 s)
   0.031 s  b: find Warcraft window (0.009 s)
   0.067 s  script reused (compiled 21 s ago) (0.028 s)
   0.150 s  package and verify (0.075 s)
rebuilt /home/tom/.local/share/smashcraft-build-inputs/native-owner-20261005/fresh-speed/Smashcraft diagnostic fresh-speed.w3x
   0.151 s  map rebuilt (0.115 s)
   0.155 s  map installed (0.002 s)
   0.160 s  a: focus Warcraft (0.003 s)
   0.161 s  b: focus Warcraft (0.003 s)
   0.196 s  a: activate Warcraft window (0.036 s)
   0.199 s  b: activate Warcraft window (0.038 s)
   0.268 s  a: input batch (3 actions) (0.071 s)
   0.272 s  b: input batch (3 actions) (0.072 s)
   0.282 s  a: capture frame (0.012 s)
   0.291 s  b: capture frame (0.019 s)
   0.452 s  a: read text (0.168 s)
   0.485 s  b: read text (0.194 s)
   0.521 s  a: capture frame (0.016 s)
   0.558 s  b: capture frame (0.019 s)
   0.723 s  a: read text (0.202 s)
   0.726 s  a: focus Warcraft (0.002 s)
   0.762 s  a: activate Warcraft window (0.036 s)
   0.779 s  b: read text (0.220 s)
   0.782 s  b: focus Warcraft (0.003 s)
   0.818 s  b: activate Warcraft window (0.036 s)
   0.996 s  a: input batch (3 actions) (0.233 s)
   1.020 s  a: capture frame (0.024 s)
   1.051 s  b: input batch (3 actions) (0.232 s)
   1.071 s  b: capture frame (0.019 s)
   1.230 s  a: read text (0.209 s)
   1.284 s  b: read text (0.213 s)
   1.296 s  a: capture frame (0.015 s)
   1.360 s  b: capture frame (0.023 s)
   1.543 s  b: read text (0.183 s)
   1.559 s  a: read text (0.262 s)
   1.609 s  b: capture frame (0.015 s)
   1.625 s  a: capture frame (0.014 s)
   1.809 s  a: read text (0.184 s)
   1.812 s  b: read text (0.202 s)
   1.877 s  a: capture frame (0.015 s)
   1.879 s  b: capture frame (0.016 s)
   2.195 s  b: read text (0.315 s)
   2.200 s  a: read text (0.323 s)
   2.207 s  a: focus Warcraft (0.003 s)
   2.246 s  a: activate Warcraft window (0.039 s)
   2.253 s  a: read pointer (0.006 s)
   2.260 s  a: move pointer (0.006 s)
   2.272 s  a: read pointer (0.012 s)
   2.292 s  b: capture frame (0.043 s)
   2.402 s  a: press button (0.006 s)
   2.468 s  a: release button (0.005 s)
   2.492 s  a: capture frame (0.023 s)
   2.642 s  b: read text (0.349 s)
   2.647 s  b: focus Warcraft (0.005 s)
   2.684 s  b: activate Warcraft window (0.036 s)
   2.689 s  b: read pointer (0.005 s)
   2.695 s  b: move pointer (0.006 s)
   2.700 s  b: read pointer (0.005 s)
   2.771 s  a: read text (0.278 s)
   2.827 s  b: press button (0.005 s)
   2.856 s  a: capture frame (0.032 s)
   2.894 s  b: release button (0.006 s)
   2.923 s  b: capture frame (0.028 s)
   3.126 s  a: read text (0.270 s)
   3.146 s  b: read text (0.222 s)
   3.205 s  a: capture frame (0.027 s)
   3.224 s  b: capture frame (0.025 s)
   3.461 s  b: read text (0.237 s)
   3.492 s  a: read text (0.287 s)
   3.534 s  b: capture frame (0.019 s)
   3.574 s  a: capture frame (0.031 s)
   3.754 s  b: read text (0.220 s)
   3.834 s  b: capture frame (0.027 s)
   3.877 s  a: read text (0.302 s)
   3.968 s  a: capture frame (0.036 s)
   4.068 s  b: read text (0.232 s)
   4.137 s  b: capture frame (0.017 s)
   4.371 s  a: read text (0.403 s)
   4.372 s  a at Custom Games (4.217 s)
   4.475 s  b: read text (0.337 s)
   4.558 s  b: capture frame (0.031 s)
   4.807 s  b: read text (0.249 s)
   4.807 s  b at Custom Games (4.649 s)
   4.813 s  a: focus Warcraft (0.004 s)
   4.815 s  b: focus Warcraft (0.005 s)
   4.848 s  a: activate Warcraft window (0.035 s)
   4.850 s  b: activate Warcraft window (0.034 s)
   4.853 s  a: read pointer (0.004 s)
   4.854 s  b: read pointer (0.004 s)
   4.856 s  a: move pointer (0.003 s)
   4.864 s  a: read pointer (0.007 s)
   4.991 s  a: press button (0.005 s)
   5.059 s  a: release button (0.005 s)
   5.076 s  a: capture frame (0.017 s)
   5.166 s  b: input batch (3 actions) (0.312 s)
   5.167 s  b join name prepared (0.357 s)
   5.294 s  a: read text (0.217 s)
   5.373 s  a: capture frame (0.027 s)
   5.587 s  a: read text (0.214 s)
   5.659 s  a: capture frame (0.021 s)
   5.873 s  a: read text (0.214 s)
   5.955 s  a: capture frame (0.030 s)
   6.180 s  a: read text (0.224 s)
   6.251 s  a: capture frame (0.018 s)
   6.470 s  a: read text (0.218 s)
   6.546 s  a: capture frame (0.024 s)
   6.757 s  a: read text (0.211 s)
   6.760 s  a: focus Warcraft (0.002 s)
   6.796 s  a: activate Warcraft window (0.035 s)
   6.800 s  a: read pointer (0.004 s)
   6.804 s  a: move pointer (0.003 s)
   6.808 s  a: read pointer (0.005 s)
   6.935 s  a: press button (0.005 s)
   7.001 s  a: release button (0.005 s)
   7.022 s  a: capture frame (0.020 s)
   7.235 s  a: read text (0.213 s)
   7.307 s  a: capture frame (0.019 s)
   7.531 s  a: read text (0.223 s)
   7.534 s  a: focus Warcraft (0.002 s)
   7.568 s  a: activate Warcraft window (0.034 s)
   7.572 s  a: read pointer (0.003 s)
   8.071 s  a: input batch (4 actions) (0.498 s)
   8.093 s  a: capture frame (0.022 s)
   8.282 s  a: read text (0.189 s)
   8.353 s  a: capture frame (0.019 s)
   8.545 s  a: read text (0.192 s)
   8.619 s  a: capture frame (0.021 s)
   8.827 s  a: read text (0.207 s)
   8.899 s  a: capture frame (0.019 s)
   9.090 s  a: read text (0.191 s)
   9.161 s  a: capture frame (0.018 s)
   9.346 s  a: read text (0.185 s)
   9.425 s  a: capture frame (0.027 s)
   9.599 s  a: read text (0.174 s)
   9.667 s  a: capture frame (0.015 s)
   9.859 s  a: read text (0.192 s)
   9.925 s  a: capture frame (0.014 s)
  10.113 s  a: read text (0.188 s)
  10.180 s  a: capture frame (0.015 s)
  10.380 s  a: read text (0.200 s)
  10.446 s  a: capture frame (0.014 s)
  10.644 s  a: read text (0.197 s)
  10.718 s  a: capture frame (0.023 s)
  10.926 s  a: read text (0.207 s)
  11.002 s  a: capture frame (0.024 s)
  11.217 s  a: read text (0.215 s)
  11.217 s  a hosting "scdev muvep1jz" (6.409 s)
  11.221 s  b: focus Warcraft (0.003 s)
  11.256 s  b: activate Warcraft window (0.035 s)
  11.262 s  b: read pointer (0.005 s)
  11.267 s  b: move pointer (0.005 s)
  11.270 s  b: read pointer (0.003 s)
  11.397 s  b: press button (0.005 s)
  11.464 s  b: release button (0.005 s)
  11.484 s  b: capture frame (0.020 s)
  11.706 s  b: read text (0.221 s)
  11.771 s  b: capture frame (0.014 s)
  11.943 s  b: read text (0.172 s)
  12.007 s  b: capture frame (0.013 s)
  12.188 s  b: read text (0.180 s)
  12.252 s  b: capture frame (0.011 s)
  12.431 s  b: read text (0.178 s)
  12.494 s  b: capture frame (0.012 s)
  12.723 s  b: read text (0.228 s)
  12.788 s  b: capture frame (0.014 s)
  12.974 s  b: read text (0.185 s)
  13.041 s  b: capture frame (0.016 s)
  13.235 s  b: read text (0.194 s)
  13.303 s  b: capture frame (0.017 s)
  13.496 s  b: read text (0.192 s)
  13.571 s  b: capture frame (0.024 s)
  13.782 s  b: read text (0.211 s)
  13.851 s  b: capture frame (0.017 s)
  14.061 s  b: read text (0.210 s)
  14.131 s  b: capture frame (0.019 s)
  14.341 s  b: read text (0.209 s)
  14.407 s  b: capture frame (0.014 s)
  14.608 s  b: read text (0.201 s)
  14.685 s  b: capture frame (0.025 s)
  14.859 s  b: read text (0.174 s)
  14.939 s  b: capture frame (0.028 s)
  15.157 s  b: read text (0.218 s)
  15.157 s  b asked to join (3.939 s)
  15.178 s  a: capture frame (0.021 s)
  15.368 s  a: read text (0.190 s)
  15.369 s  everyone in the lobby (0.211 s)
  15.371 s  a: focus Warcraft (0.002 s)
  15.405 s  a: activate Warcraft window (0.034 s)
  15.410 s  a: read pointer (0.004 s)
  15.413 s  a: move pointer (0.003 s)
  15.417 s  a: read pointer (0.004 s)
  15.544 s  a: press button (0.004 s)
  15.609 s  a: release button (0.003 s)
  26.750 s  every client at character selection (11.141 s)
  26.755 s  clear old quick-match receipts (0.001 s)
  26.758 s  a: focus Warcraft (0.002 s)
  26.793 s  a: activate Warcraft window (0.035 s)
  26.897 s  a: input batch (3 actions) (0.102 s)
  26.897 s  send -dev quick (0.141 s)
  27.054 s  a quick-match receipt (0.156 s)
  27.054 s  b quick-match receipt (0.156 s)
-dev quick acknowledged by 2 client(s)
  27.054 s  quick match and client receipts (0.303 s)
  27.055 s  fresh (27.055 s)
