source=/dev/input/event3 name=Some("Smashcraft Event Retention Virtual Gamepad") clock=CLOCK_MONOTONIC epoch_ns=0 frame_rule=segment_frame+floor((t-segment_epoch)*60/1e9) first=1 delay=0 pause_policy=sequenced-map-control
controller_identity=DeviceIdentity { id: InputId { bus_type: BUS_USB, vendor: 0x45e, product: 0x28e, version: 0x114 }, name: Some("Smashcraft Event Retention Virtual Gamepad"), phys: Some("smashcraft-reconnect/native-controller-reconnect-scanfix-20261005/pad-1"), uniq: None } automatic_reconnect=true
waiting_for_match build=playable-0041 slot=1 start_before=final-match-confirmation
input_armed=true gameplay_armed=false mono_ns=566027571706468
menu_emit epoch=0 phase=Some(Character) key=r mono_ns=566030295680000
menu_emit epoch=0 phase=Some(Character) key=w mono_ns=566030566162000
menu_emit epoch=0 phase=Some(Character) key=n mono_ns=566030836595000
menu_emit epoch=0 phase=Some(Character) key=u mono_ns=566031257041000
menu_emit epoch=0 phase=Some(Character) key=n mono_ns=566031677421000
match_ready epoch=1 neutral_rearm=required
input_armed=true gameplay_armed=false mono_ns=566040152582658
editbox_receipt monotonic_ns=566040152689659 received=0 consumed=0 revision=2
editbox_emit sequence=1 bytes=34 elapsed_us=1871 envelope=@J10000000001000000000130780|JR11;
editbox_receipt monotonic_ns=566040163825638 received=0 consumed=0 revision=3
editbox_receipt monotonic_ns=566040232514726 received=1 consumed=1 revision=4
match_start epoch=1 epoch_ns=566040291520872 read_ns=566040292744050 uncertainty_ns=1100261
input_armed=true gameplay_armed=true mono_ns=566040292727980
published_frame=1
published_frame=2
editbox_emit sequence=2 bytes=37 elapsed_us=1970 envelope=@J10000000001000000000252069|I421100;
published_frame=3
published_frame=4
editbox_emit sequence=3 bytes=37 elapsed_us=2075 envelope=@J10000000001000000000330835|I421300;
published_frame=5
published_frame=6
editbox_emit sequence=4 bytes=37 elapsed_us=2202 envelope=@J10000000001000000000409601|I421500;
published_frame=7
published_frame=8
editbox_emit sequence=5 bytes=37 elapsed_us=2092 envelope=@J10000000001000000000553888|I421700;
published_frame=9
editbox_receipt monotonic_ns=566040445546772 received=2 consumed=2 revision=5
published_frame=10
editbox_emit sequence=6 bytes=37 elapsed_us=2302 envelope=@J10000000001000000000632654|I421900;
published_frame=11
published_frame=12
editbox_emit sequence=7 bytes=37 elapsed_us=2065 envelope=@J10000000001000000000711420|I421B00;
editbox_receipt monotonic_ns=566040499627864 received=6 consumed=6 revision=6
published_frame=13
published_frame=14
editbox_emit sequence=8 bytes=37 elapsed_us=2145 envelope=@J10000000001000000000855707|I421D00;
editbox_receipt monotonic_ns=566040532106441 received=7 consumed=7 revision=7
published_frame=15
published_frame=16
editbox_emit sequence=9 bytes=37 elapsed_us=2070 envelope=@J10000000001000000000934473|I421F00;
published_frame=17
published_frame=18
editbox_emit sequence=10 bytes=37 elapsed_us=2573 envelope=@J10000000001000000001041745|I421H00;
event mono_ns=566040602367000 frame=19 held=32 pressed=32 released=0
event mono_ns=566040607635000 frame=19 held=0 pressed=0 released=32
published_frame=19
published_frame=20
editbox_emit sequence=11 bytes=43 elapsed_us=3502 envelope=@J10000000001000000001145108|I421J200W00W0;
editbox_receipt monotonic_ns=566040641390697 received=10 consumed=10 revision=8
published_frame=21
published_frame=22
editbox_emit sequence=12 bytes=37 elapsed_us=2582 envelope=@J10000000001000000001264798|I421L00;
published_frame=23
published_frame=24
editbox_emit sequence=13 bytes=37 elapsed_us=2110 envelope=@J10000000001000000001343564|I421N00;
published_frame=25
published_frame=26
editbox_emit sequence=14 bytes=37 elapsed_us=2298 envelope=@J10000000001000000001422330|I421P00;
editbox_receipt monotonic_ns=566040731794580 received=13 consumed=13 revision=9
published_frame=27
published_frame=28
editbox_emit sequence=15 bytes=37 elapsed_us=2154 envelope=@J10000000001000000001501096|I421R00;
published_frame=29
published_frame=30
editbox_emit sequence=16 bytes=37 elapsed_us=2005 envelope=@J10000000001000000001645383|I421T00;
published_frame=31
published_frame=32
editbox_receipt monotonic_ns=566040827679425 received=16 consumed=16 revision=10
editbox_emit sequence=17 bytes=37 elapsed_us=1968 envelope=@J10000000001000000001724149|I421V00;
published_frame=33
published_frame=34
editbox_emit sequence=18 bytes=38 elapsed_us=2554 envelope=@J10000000001000000001808415|I421X100;
published_frame=35
published_frame=36
editbox_emit sequence=19 bytes=38 elapsed_us=2111 envelope=@J10000000001000000001951403|I421Z100;
published_frame=37
published_frame=38
editbox_emit sequence=20 bytes=38 elapsed_us=2502 envelope=@J10000000001000000002042087|I421b100;
editbox_receipt monotonic_ns=566040936902646 received=19 consumed=19 revision=11
published_frame=39
published_frame=40
editbox_emit sequence=21 bytes=38 elapsed_us=1920 envelope=@J10000000001000000002119554|I421d100;
published_frame=41
published_frame=42
editbox_emit sequence=22 bytes=38 elapsed_us=2025 envelope=@J10000000001000000002262542|I421f100;
published_frame=43
published_frame=44
editbox_emit sequence=23 bytes=38 elapsed_us=2349 envelope=@J10000000001000000002340009|I421h100;
editbox_receipt monotonic_ns=566041033689722 received=22 consumed=22 revision=12
published_frame=45
published_frame=46
editbox_emit sequence=24 bytes=38 elapsed_us=2402 envelope=@J10000000001000000002417476|I421j100;
published_frame=47
published_frame=48
editbox_emit sequence=25 bytes=38 elapsed_us=2039 envelope=@J10000000001000000002560464|I421l100;
published_frame=49
published_frame=50
editbox_emit sequence=26 bytes=38 elapsed_us=2176 envelope=@J10000000001000000002637931|I421n100;
editbox_receipt monotonic_ns=566041132449715 received=25 consumed=25 revision=13
published_frame=51
published_frame=52
editbox_emit sequence=27 bytes=38 elapsed_us=1996 envelope=@J10000000001000000002715398|I421p100;
published_frame=53
published_frame=54
editbox_emit sequence=28 bytes=38 elapsed_us=2187 envelope=@J10000000001000000002858386|I421r100;
published_frame=55
published_frame=56
editbox_emit sequence=29 bytes=38 elapsed_us=1942 envelope=@J10000000001000000002935853|I421t100;
editbox_receipt monotonic_ns=566041229702292 received=28 consumed=28 revision=14
published_frame=57
published_frame=58
editbox_emit sequence=30 bytes=38 elapsed_us=2290 envelope=@J10000000001000000003026537|I421v100;
published_frame=59
published_frame=60
editbox_emit sequence=31 bytes=38 elapsed_us=1946 envelope=@J10000000001000000003104004|I421x100;
published_frame=61
published_frame=62
editbox_emit sequence=32 bytes=38 elapsed_us=2039 envelope=@J10000000001000000003246992|I421z100;
published_frame=63
published_frame=64
editbox_emit sequence=33 bytes=38 elapsed_us=2227 envelope=@J10000000001000000003324459|I421_100;
published_frame=65
published_frame=66
editbox_emit sequence=34 bytes=38 elapsed_us=2455 envelope=@J10000000001000000003459578|I421X200;
editbox_receipt monotonic_ns=566041407159259 received=33 consumed=32 revision=15
published_frame=67
published_frame=68
editbox_emit sequence=35 bytes=38 elapsed_us=2299 envelope=@J10000000001000000003537045|I421Z200;
published_frame=69
published_frame=70
editbox_emit sequence=36 bytes=38 elapsed_us=2263 envelope=@J10000000001000000003614512|I421b200;
editbox_receipt monotonic_ns=566041462908076 received=35 consumed=35 revision=16
published_frame=71
published_frame=72
editbox_emit sequence=37 bytes=38 elapsed_us=2499 envelope=@J10000000001000000003757500|I421d200;
published_frame=73
published_frame=74
editbox_emit sequence=38 bytes=38 elapsed_us=1981 envelope=@J10000000001000000003834967|I421f200;
published_frame=75
published_frame=76
editbox_emit sequence=39 bytes=38 elapsed_us=2200 envelope=@J10000000001000000003912434|I421h200;
editbox_receipt monotonic_ns=566041562802505 received=38 consumed=38 revision=17
published_frame=77
published_frame=78
editbox_emit sequence=40 bytes=38 elapsed_us=2317 envelope=@J10000000001000000004003118|I421j200;
published_frame=79
published_frame=80
editbox_emit sequence=41 bytes=38 elapsed_us=2516 envelope=@J10000000001000000004146106|I421l200;
published_frame=81
editbox_receipt monotonic_ns=566041650362087 received=41 consumed=41 revision=18
published_frame=82
editbox_emit sequence=42 bytes=38 elapsed_us=2105 envelope=@J10000000001000000004223573|I421n200;
published_frame=83
published_frame=84
editbox_emit sequence=43 bytes=38 elapsed_us=2383 envelope=@J10000000001000000004301040|I421p200;
published_frame=85
published_frame=86
editbox_emit sequence=44 bytes=38 elapsed_us=2575 envelope=@J10000000001000000004444028|I421r200;
editbox_receipt monotonic_ns=566041739730018 received=43 consumed=43 revision=19
published_frame=87
published_frame=88
editbox_emit sequence=45 bytes=38 elapsed_us=2196 envelope=@J10000000001000000004521495|I421t200;
published_frame=89
published_frame=90
editbox_emit sequence=46 bytes=38 elapsed_us=1872 envelope=@J10000000001000000004664483|I421v200;
published_frame=91
published_frame=92
editbox_emit sequence=47 bytes=38 elapsed_us=2545 envelope=@J10000000001000000004741950|I421x200;
editbox_receipt monotonic_ns=566041840810390 received=46 consumed=46 revision=20
published_frame=93
published_frame=94
editbox_emit sequence=48 bytes=38 elapsed_us=2447 envelope=@J10000000001000000004819417|I421z200;
published_frame=95
published_frame=96
editbox_emit sequence=49 bytes=38 elapsed_us=2413 envelope=@J10000000001000000004962405|I421_200;
published_frame=97
published_frame=98
editbox_emit sequence=50 bytes=38 elapsed_us=2873 envelope=@J10000000001000000005045220|I421X300;
published_frame=99
published_frame=100
editbox_emit sequence=51 bytes=38 elapsed_us=3011 envelope=@J10000000001000000005122687|I421Z300;
editbox_receipt monotonic_ns=566041963433544 received=50 consumed=50 revision=21
published_frame=101
published_frame=102
editbox_emit sequence=52 bytes=38 elapsed_us=2489 envelope=@J10000000001000000005200154|I421b300;
published_frame=103
published_frame=104
editbox_emit sequence=53 bytes=38 elapsed_us=2429 envelope=@J10000000001000000005343142|I421d300;
published_frame=105
editbox_receipt monotonic_ns=566042052119958 received=52 consumed=52 revision=22
published_frame=106
editbox_emit sequence=54 bytes=38 elapsed_us=2506 envelope=@J10000000001000000005420609|I421f300;
published_frame=107
published_frame=108
editbox_emit sequence=55 bytes=38 elapsed_us=2019 envelope=@J10000000001000000005563597|I421h300;
published_frame=109
published_frame=110
editbox_emit sequence=56 bytes=38 elapsed_us=2976 envelope=@J10000000001000000005641064|I421j300;
editbox_receipt monotonic_ns=566042139441885 received=55 consumed=55 revision=23
published_frame=111
published_frame=112
editbox_emit sequence=57 bytes=38 elapsed_us=2144 envelope=@J10000000001000000005718531|I421l300;
published_frame=113
published_frame=114
editbox_emit sequence=58 bytes=38 elapsed_us=2209 envelope=@J10000000001000000005861519|I421n300;
published_frame=115
published_frame=116
editbox_emit sequence=59 bytes=38 elapsed_us=2054 envelope=@J10000000001000000005938986|I421p300;
published_frame=117
editbox_receipt monotonic_ns=566042251314622 received=59 consumed=59 revision=24
published_frame=118
editbox_emit sequence=60 bytes=38 elapsed_us=2579 envelope=@J10000000001000000006029670|I421r300;
published_frame=119
published_frame=120
editbox_emit sequence=61 bytes=38 elapsed_us=2876 envelope=@J10000000001000000006107137|I421t300;
published_frame=121
published_frame=122
editbox_emit sequence=62 bytes=38 elapsed_us=2010 envelope=@J10000000001000000006250125|I421v300;
published_frame=123
published_frame=124
editbox_emit sequence=63 bytes=38 elapsed_us=2219 envelope=@J10000000001000000006327592|I421x300;
published_frame=125
published_frame=126
editbox_emit sequence=64 bytes=38 elapsed_us=1979 envelope=@J10000000001000000006405059|I421z300;
published_frame=127
published_frame=128
editbox_emit sequence=65 bytes=38 elapsed_us=4054 envelope=@J10000000001000000006548047|I421_300;
editbox_receipt monotonic_ns=566042432204592 received=64 consumed=62 revision=25
published_frame=129
published_frame=130
editbox_emit sequence=66 bytes=38 elapsed_us=2937 envelope=@J10000000001000000006617645|I421X400;
published_frame=131
published_frame=132
editbox_emit sequence=67 bytes=38 elapsed_us=2168 envelope=@J10000000001000000006760633|I421Z400;
editbox_receipt monotonic_ns=566042499536036 received=66 consumed=65 revision=26
published_frame=133
published_frame=134
editbox_emit sequence=68 bytes=38 elapsed_us=1974 envelope=@J10000000001000000006838100|I421b400;
published_frame=135
published_frame=136
editbox_emit sequence=69 bytes=38 elapsed_us=2553 envelope=@J10000000001000000006915567|I421d400;
editbox_receipt monotonic_ns=566042564910763 received=68 consumed=68 revision=27
published_frame=137
published_frame=138
editbox_emit sequence=70 bytes=38 elapsed_us=3031 envelope=@J10000000001000000007006251|I421f400;
published_frame=139
published_frame=140
editbox_emit sequence=71 bytes=38 elapsed_us=2243 envelope=@J10000000001000000007149239|I421h400;
published_frame=141
editbox_receipt monotonic_ns=566042653675003 received=70 consumed=70 revision=28
published_frame=142
editbox_emit sequence=72 bytes=38 elapsed_us=2572 envelope=@J10000000001000000007226706|I421j400;
published_frame=143
published_frame=144
editbox_emit sequence=73 bytes=38 elapsed_us=2040 envelope=@J10000000001000000007304173|I421l400;
published_frame=145
published_frame=146
editbox_emit sequence=74 bytes=38 elapsed_us=4770 envelope=@J10000000001000000007447161|I421n400;
published_frame=147
editbox_receipt monotonic_ns=566042757552817 received=74 consumed=74 revision=29
published_frame=148
editbox_emit sequence=75 bytes=38 elapsed_us=2280 envelope=@J10000000001000000007524628|I421p400;
published_frame=149
published_frame=150
editbox_emit sequence=76 bytes=38 elapsed_us=1878 envelope=@J10000000001000000007602095|I421r400;
published_frame=151
published_frame=152
editbox_emit sequence=77 bytes=38 elapsed_us=1939 envelope=@J10000000001000000007745083|I421t400;
editbox_receipt monotonic_ns=566042833774111 received=76 consumed=76 revision=30
published_frame=153
published_frame=154
editbox_emit sequence=78 bytes=38 elapsed_us=2507 envelope=@J10000000001000000007822550|I421v400;
published_frame=155
published_frame=156
editbox_emit sequence=79 bytes=38 elapsed_us=2253 envelope=@J10000000001000000007900017|I421x400;
published_frame=157
published_frame=158
editbox_emit sequence=80 bytes=38 elapsed_us=1946 envelope=@J10000000001000000008056222|I421z400;
editbox_receipt monotonic_ns=566042940044378 received=79 consumed=79 revision=31
published_frame=159
published_frame=160
editbox_emit sequence=81 bytes=38 elapsed_us=2271 envelope=@J10000000001000000008133689|I421_400;
published_frame=161
published_frame=162
editbox_emit sequence=82 bytes=38 elapsed_us=1974 envelope=@J10000000001000000008203287|I421X500;
published_frame=163
published_frame=164
editbox_emit sequence=83 bytes=38 elapsed_us=2129 envelope=@J10000000001000000008346275|I421Z500;
published_frame=165
editbox_receipt monotonic_ns=566043047809588 received=82 consumed=82 revision=32
published_frame=166
editbox_emit sequence=84 bytes=38 elapsed_us=2289 envelope=@J10000000001000000008423742|I421b500;
published_frame=167
published_frame=168
editbox_emit sequence=85 bytes=38 elapsed_us=2443 envelope=@J10000000001000000008501209|I421d500;
published_frame=169
published_frame=170
editbox_emit sequence=86 bytes=38 elapsed_us=2170 envelope=@J10000000001000000008644197|I421f500;
published_frame=171
editbox_receipt monotonic_ns=566043154639905 received=86 consumed=86 revision=33
published_frame=172
editbox_emit sequence=87 bytes=38 elapsed_us=2091 envelope=@J10000000001000000008721664|I421h500;
published_frame=173
published_frame=174
editbox_emit sequence=88 bytes=38 elapsed_us=2154 envelope=@J10000000001000000008864652|I421j500;
published_frame=175
published_frame=176
editbox_emit sequence=89 bytes=38 elapsed_us=1988 envelope=@J10000000001000000008942119|I421l500;
editbox_receipt monotonic_ns=566043231215733 received=88 consumed=88 revision=34
published_frame=177
published_frame=178
editbox_emit sequence=90 bytes=38 elapsed_us=2273 envelope=@J10000000001000000009032803|I421n500;
published_frame=179
published_frame=180
editbox_emit sequence=91 bytes=38 elapsed_us=2592 envelope=@J10000000001000000009110270|I421p500;
published_frame=181
published_frame=182
editbox_emit sequence=92 bytes=38 elapsed_us=2053 envelope=@J10000000001000000009253258|I421r500;
published_frame=183
published_frame=184
editbox_emit sequence=93 bytes=38 elapsed_us=2334 envelope=@J10000000001000000009330725|I421t500;
published_frame=185
published_frame=186
editbox_emit sequence=94 bytes=38 elapsed_us=1942 envelope=@J10000000001000000009408192|I421v500;
editbox_receipt monotonic_ns=566043405940309 received=93 consumed=92 revision=35
published_frame=187
published_frame=188
editbox_emit sequence=95 bytes=38 elapsed_us=2117 envelope=@J10000000001000000009551180|I421x500;
published_frame=189
editbox_receipt monotonic_ns=566043448624692 received=94 consumed=94 revision=36
published_frame=190
editbox_emit sequence=96 bytes=38 elapsed_us=2195 envelope=@J10000000001000000009628647|I421z500;
published_frame=191
published_frame=192
editbox_emit sequence=97 bytes=38 elapsed_us=2268 envelope=@J10000000001000000009706114|I421_500;
published_frame=193
published_frame=194
editbox_emit sequence=98 bytes=38 elapsed_us=2027 envelope=@J10000000001000000009841233|I421X600;
published_frame=195
published_frame=196
editbox_emit sequence=99 bytes=38 elapsed_us=2290 envelope=@J10000000001000000009918700|I421Z600;
editbox_receipt monotonic_ns=566043566302709 received=98 consumed=98 revision=37
published_frame=197
published_frame=198
editbox_emit sequence=100 bytes=38 elapsed_us=1917 envelope=@J10000000001000000010050801|I421b600;
published_frame=199
published_frame=200
editbox_emit sequence=101 bytes=38 elapsed_us=2397 envelope=@J10000000001000000010128268|I421d600;
published_frame=201
editbox_receipt monotonic_ns=566043654858568 received=101 consumed=101 revision=38
published_frame=202
editbox_emit sequence=102 bytes=38 elapsed_us=2195 envelope=@J10000000001000000010205735|I421f600;
published_frame=203
published_frame=204
editbox_emit sequence=103 bytes=38 elapsed_us=2221 envelope=@J10000000001000000010348723|I421h600;
published_frame=205
published_frame=206
editbox_emit sequence=104 bytes=38 elapsed_us=2071 envelope=@J10000000001000000010426190|I421j600;
published_frame=207
editbox_receipt monotonic_ns=566043744329743 received=104 consumed=104 revision=39
published_frame=208
editbox_emit sequence=105 bytes=38 elapsed_us=2014 envelope=@J10000000001000000010503657|I421l600;
published_frame=209
published_frame=210
editbox_emit sequence=106 bytes=38 elapsed_us=2347 envelope=@J10000000001000000010646645|I421n600;
published_frame=211
published_frame=212
editbox_emit sequence=107 bytes=38 elapsed_us=2519 envelope=@J10000000001000000010724112|I421p600;
editbox_receipt monotonic_ns=566043841553156 received=106 consumed=106 revision=40
published_frame=213
published_frame=214
editbox_emit sequence=108 bytes=38 elapsed_us=1963 envelope=@J10000000001000000010801579|I421r600;
published_frame=215
published_frame=216
editbox_emit sequence=109 bytes=38 elapsed_us=2283 envelope=@J10000000001000000010944567|I421t600;
published_frame=217
published_frame=218
editbox_emit sequence=110 bytes=38 elapsed_us=2065 envelope=@J10000000001000000011035251|I421v600;
editbox_receipt monotonic_ns=566043929568133 received=109 consumed=109 revision=41
published_frame=219
published_frame=220
editbox_emit sequence=111 bytes=38 elapsed_us=2192 envelope=@J10000000001000000011112718|I421x600;
published_frame=221
published_frame=222
editbox_emit sequence=112 bytes=38 elapsed_us=2221 envelope=@J10000000001000000011255706|I421z600;
published_frame=223
published_frame=224
editbox_emit sequence=113 bytes=38 elapsed_us=2199 envelope=@J10000000001000000011333173|I421_600;
editbox_receipt monotonic_ns=566044040338885 received=112 consumed=112 revision=42
published_frame=225
published_frame=226
editbox_emit sequence=114 bytes=38 elapsed_us=2422 envelope=@J10000000001000000011402771|I421X700;
published_frame=227
published_frame=228
editbox_emit sequence=115 bytes=38 elapsed_us=2104 envelope=@J10000000001000000011545759|I421Z700;
published_frame=229
published_frame=230
editbox_emit sequence=116 bytes=38 elapsed_us=2117 envelope=@J10000000001000000011623226|I421b700;
editbox_receipt monotonic_ns=566044129644659 received=115 consumed=115 revision=43
published_frame=231
published_frame=232
editbox_emit sequence=117 bytes=38 elapsed_us=2153 envelope=@J10000000001000000011700693|I421d700;
published_frame=233
published_frame=234
editbox_emit sequence=118 bytes=38 elapsed_us=2013 envelope=@J10000000001000000011843681|I421f700;
published_frame=235
published_frame=236
editbox_emit sequence=119 bytes=38 elapsed_us=1951 envelope=@J10000000001000000011921148|I421h700;
editbox_receipt monotonic_ns=566044230726293 received=118 consumed=118 revision=44
published_frame=237
published_frame=238
editbox_emit sequence=120 bytes=38 elapsed_us=2011 envelope=@J10000000001000000012011832|I421j700;
published_frame=239
published_frame=240
editbox_emit sequence=121 bytes=38 elapsed_us=2059 envelope=@J10000000001000000012154820|I421l700;
published_frame=241
published_frame=242
editbox_emit sequence=122 bytes=38 elapsed_us=2031 envelope=@J10000000001000000012232287|I421n700;
published_frame=243
published_frame=244
editbox_emit sequence=123 bytes=38 elapsed_us=2031 envelope=@J10000000001000000012309754|I421p700;
published_frame=245
published_frame=246
editbox_emit sequence=124 bytes=38 elapsed_us=2077 envelope=@J10000000001000000012452742|I421r700;
editbox_receipt monotonic_ns=566044406767326 received=123 consumed=122 revision=45
published_frame=247
published_frame=248
editbox_emit sequence=125 bytes=38 elapsed_us=2055 envelope=@J10000000001000000012530209|I421t700;
published_frame=249
editbox_receipt monotonic_ns=566044451554621 received=124 consumed=124 revision=46
published_frame=250
editbox_emit sequence=126 bytes=38 elapsed_us=2108 envelope=@J10000000001000000012607676|I421v700;
published_frame=251
published_frame=252
editbox_emit sequence=127 bytes=38 elapsed_us=1976 envelope=@J10000000001000000012750664|I421x700;
published_frame=253
published_frame=254
editbox_emit sequence=128 bytes=38 elapsed_us=2044 envelope=@J10000000001000000012828131|I421z700;
editbox_receipt monotonic_ns=566044540093218 received=127 consumed=127 revision=47
published_frame=255
published_frame=256
editbox_emit sequence=129 bytes=38 elapsed_us=1951 envelope=@J10000000001000000012905598|I421_700;
published_frame=257
published_frame=258
editbox_emit sequence=130 bytes=38 elapsed_us=2603 envelope=@J10000000001000000013053934|I421X800;
published_frame=259
published_frame=260
editbox_emit sequence=131 bytes=38 elapsed_us=2113 envelope=@J10000000001000000013131401|I421Z800;
editbox_receipt monotonic_ns=566044641311578 received=130 consumed=130 revision=48
published_frame=261
published_frame=262
editbox_emit sequence=132 bytes=38 elapsed_us=2102 envelope=@J10000000001000000013208868|I421b800;
published_frame=263
published_frame=264
editbox_emit sequence=133 bytes=38 elapsed_us=2279 envelope=@J10000000001000000013351856|I421d800;
published_frame=265
published_frame=266
editbox_emit sequence=134 bytes=38 elapsed_us=2059 envelope=@J10000000001000000013429323|I421f800;
editbox_receipt monotonic_ns=566044740256397 received=133 consumed=133 revision=49
published_frame=267
published_frame=268
editbox_emit sequence=135 bytes=38 elapsed_us=2241 envelope=@J10000000001000000013506790|I421h800;
published_frame=269
published_frame=270
editbox_emit sequence=136 bytes=38 elapsed_us=2476 envelope=@J10000000001000000013649778|I421j800;
published_frame=271
published_frame=272
editbox_emit sequence=137 bytes=38 elapsed_us=2531 envelope=@J10000000001000000013727245|I421l800;
editbox_receipt monotonic_ns=566044830775746 received=136 consumed=136 revision=50
published_frame=273
published_frame=274
editbox_emit sequence=138 bytes=38 elapsed_us=1964 envelope=@J10000000001000000013804712|I421n800;
published_frame=275
published_frame=276
editbox_emit sequence=139 bytes=38 elapsed_us=2569 envelope=@J10000000001000000013947700|I421p800;
published_frame=277
published_frame=278
editbox_emit sequence=140 bytes=38 elapsed_us=2164 envelope=@J10000000001000000014038384|I421r800;
published_frame=279
editbox_receipt monotonic_ns=566044951174041 received=140 consumed=140 revision=51
published_frame=280
editbox_emit sequence=141 bytes=38 elapsed_us=2212 envelope=@J10000000001000000014115851|I421t800;
published_frame=281
published_frame=282
editbox_emit sequence=142 bytes=38 elapsed_us=1964 envelope=@J10000000001000000014258839|I421v800;
published_frame=283
published_frame=284
editbox_emit sequence=143 bytes=38 elapsed_us=2293 envelope=@J10000000001000000014336306|I421x800;
editbox_receipt monotonic_ns=566045039779173 received=142 consumed=142 revision=52
published_frame=285
published_frame=286
editbox_emit sequence=144 bytes=38 elapsed_us=2533 envelope=@J10000000001000000014413773|I421z800;
published_frame=287
published_frame=288
editbox_emit sequence=145 bytes=38 elapsed_us=2095 envelope=@J10000000001000000014556761|I421_800;
published_frame=289
published_frame=290
editbox_emit sequence=146 bytes=38 elapsed_us=2722 envelope=@J10000000001000000014626359|I421X900;
editbox_receipt monotonic_ns=566045141099324 received=145 consumed=145 revision=53
published_frame=291
published_frame=292
editbox_emit sequence=147 bytes=38 elapsed_us=2093 envelope=@J10000000001000000014703826|I421Z900;
published_frame=293
published_frame=294
editbox_emit sequence=148 bytes=38 elapsed_us=1991 envelope=@J10000000001000000014846814|I421b900;
published_frame=295
published_frame=296
editbox_emit sequence=149 bytes=38 elapsed_us=2077 envelope=@J10000000001000000014924281|I421d900;
editbox_receipt monotonic_ns=566045236619014 received=148 consumed=148 revision=54
published_frame=297
published_frame=298
editbox_emit sequence=150 bytes=38 elapsed_us=2249 envelope=@J10000000001000000015014965|I421f900;
published_frame=299
published_frame=300
editbox_emit sequence=151 bytes=38 elapsed_us=1928 envelope=@J10000000001000000015157953|I421h900;
published_frame=301
published_frame=302
editbox_emit sequence=152 bytes=38 elapsed_us=2004 envelope=@J10000000001000000015235420|I421j900;
published_frame=303
published_frame=304
editbox_emit sequence=153 bytes=38 elapsed_us=1970 envelope=@J10000000001000000015312887|I421l900;
published_frame=305
published_frame=306
editbox_emit sequence=154 bytes=38 elapsed_us=2511 envelope=@J10000000001000000015455875|I421n900;
published_frame=307
editbox_receipt monotonic_ns=566045418985331 received=153 consumed=152 revision=55
published_frame=308
editbox_emit sequence=155 bytes=38 elapsed_us=2175 envelope=@J10000000001000000015533342|I421p900;
published_frame=309
published_frame=310
editbox_emit sequence=156 bytes=38 elapsed_us=2466 envelope=@J10000000001000000015610809|I421r900;
editbox_receipt monotonic_ns=566045473513200 received=155 consumed=155 revision=56
published_frame=311
published_frame=312
editbox_emit sequence=157 bytes=38 elapsed_us=2121 envelope=@J10000000001000000015753797|I421t900;
published_frame=313
published_frame=314
editbox_emit sequence=158 bytes=38 elapsed_us=1886 envelope=@J10000000001000000015831264|I421v900;
editbox_receipt monotonic_ns=566045536758466 received=157 consumed=157 revision=57
published_frame=315
published_frame=316
editbox_emit sequence=159 bytes=38 elapsed_us=2012 envelope=@J10000000001000000015908731|I421x900;
published_frame=317
published_frame=318
editbox_emit sequence=160 bytes=38 elapsed_us=1977 envelope=@J10000000001000000016064936|I421z900;
published_frame=319
published_frame=320
editbox_emit sequence=161 bytes=38 elapsed_us=2012 envelope=@J10000000001000000016142403|I421_900;
published_frame=321
editbox_receipt monotonic_ns=566045656154001 received=161 consumed=161 revision=58
published_frame=322
editbox_emit sequence=162 bytes=38 elapsed_us=2682 envelope=@J10000000001000000016212001|I421XA00;
published_frame=323
published_frame=324
editbox_emit sequence=163 bytes=38 elapsed_us=2425 envelope=@J10000000001000000016354989|I421ZA00;
published_frame=325
published_frame=326
editbox_emit sequence=164 bytes=38 elapsed_us=2328 envelope=@J10000000001000000016432456|I421bA00;
published_frame=327
editbox_receipt monotonic_ns=566045752389403 received=164 consumed=164 revision=59
published_frame=328
editbox_emit sequence=165 bytes=38 elapsed_us=2413 envelope=@J10000000001000000016509923|I421dA00;
published_frame=329
published_frame=330
editbox_emit sequence=166 bytes=38 elapsed_us=2350 envelope=@J10000000001000000016652911|I421fA00;
published_frame=331
published_frame=332
editbox_emit sequence=167 bytes=38 elapsed_us=2142 envelope=@J10000000001000000016730378|I421hA00;
published_frame=333
editbox_receipt monotonic_ns=566045851287615 received=167 consumed=167 revision=60
published_frame=334
editbox_emit sequence=168 bytes=38 elapsed_us=2013 envelope=@J10000000001000000016807845|I421jA00;
published_frame=335
published_frame=336
editbox_emit sequence=169 bytes=38 elapsed_us=2234 envelope=@J10000000001000000016950833|I421lA00;
published_frame=337
published_frame=338
editbox_emit sequence=170 bytes=38 elapsed_us=2615 envelope=@J10000000001000000017041517|I421nA00;
editbox_receipt monotonic_ns=566045940511937 received=169 consumed=169 revision=61
published_frame=339
published_frame=340
editbox_emit sequence=171 bytes=38 elapsed_us=2414 envelope=@J10000000001000000017118984|I421pA00;
published_frame=341
published_frame=342
editbox_emit sequence=172 bytes=38 elapsed_us=2075 envelope=@J10000000001000000017261972|I421rA00;
published_frame=343
published_frame=344
editbox_emit sequence=173 bytes=38 elapsed_us=2712 envelope=@J10000000001000000017339439|I421tA00;
editbox_receipt monotonic_ns=566046041319968 received=172 consumed=172 revision=62
published_frame=345
published_frame=346
editbox_emit sequence=174 bytes=38 elapsed_us=2655 envelope=@J10000000001000000017416906|I421vA00;
published_frame=347
published_frame=348
editbox_emit sequence=175 bytes=38 elapsed_us=2123 envelope=@J10000000001000000017559894|I421xA00;
published_frame=349
published_frame=350
editbox_emit sequence=176 bytes=38 elapsed_us=2164 envelope=@J10000000001000000017637361|I421zA00;
published_frame=351
editbox_receipt monotonic_ns=566046152510547 received=176 consumed=176 revision=63
published_frame=352
editbox_emit sequence=177 bytes=38 elapsed_us=2066 envelope=@J10000000001000000017714828|I421_A00;
published_frame=353
published_frame=354
editbox_emit sequence=178 bytes=38 elapsed_us=2049 envelope=@J10000000001000000017849947|I421XB00;
published_frame=355
published_frame=356
editbox_emit sequence=179 bytes=38 elapsed_us=2026 envelope=@J10000000001000000017927414|I421ZB00;
published_frame=357
editbox_receipt monotonic_ns=566046250371876 received=179 consumed=179 revision=64
published_frame=358
editbox_emit sequence=180 bytes=38 elapsed_us=2065 envelope=@J10000000001000000018018098|I421bB00;
published_frame=359
published_frame=360
editbox_emit sequence=181 bytes=38 elapsed_us=2527 envelope=@J10000000001000000018161086|I421dB00;
published_frame=361
published_frame=362
editbox_emit sequence=182 bytes=38 elapsed_us=2131 envelope=@J10000000001000000018238553|I421fB00;
published_frame=363
published_frame=364
editbox_emit sequence=183 bytes=38 elapsed_us=2014 envelope=@J10000000001000000018316020|I421hB00;
published_frame=365
published_frame=366
editbox_emit sequence=184 bytes=38 elapsed_us=2036 envelope=@J10000000001000000018459008|I421jB00;
editbox_receipt monotonic_ns=566046407020436 received=183 consumed=182 revision=65
published_frame=367
published_frame=368
editbox_emit sequence=185 bytes=38 elapsed_us=2066 envelope=@J10000000001000000018536475|I421lB00;
published_frame=369
published_frame=370
editbox_emit sequence=186 bytes=38 elapsed_us=2327 envelope=@J10000000001000000018613942|I421nB00;
editbox_receipt monotonic_ns=566046473968752 received=185 consumed=185 revision=66
published_frame=371
published_frame=372
editbox_emit sequence=187 bytes=38 elapsed_us=2397 envelope=@J10000000001000000018756930|I421pB00;
published_frame=373
published_frame=374
editbox_emit sequence=188 bytes=38 elapsed_us=2114 envelope=@J10000000001000000018834397|I421rB00;
editbox_receipt monotonic_ns=566046540585736 received=187 consumed=187 revision=67
published_frame=375
published_frame=376
editbox_emit sequence=189 bytes=38 elapsed_us=2127 envelope=@J10000000001000000018911864|I421tB00;
published_frame=377
published_frame=378
editbox_emit sequence=190 bytes=38 elapsed_us=2245 envelope=@J10000000001000000019002548|I421vB00;
published_frame=379
published_frame=380
editbox_emit sequence=191 bytes=38 elapsed_us=2153 envelope=@J10000000001000000019145536|I421xB00;
editbox_receipt monotonic_ns=566046639442531 received=190 consumed=190 revision=68
published_frame=381
published_frame=382
editbox_emit sequence=192 bytes=38 elapsed_us=2040 envelope=@J10000000001000000019223003|I421zB00;
published_frame=383
published_frame=384
editbox_emit sequence=193 bytes=38 elapsed_us=2289 envelope=@J10000000001000000019300470|I421_B00;
published_frame=385
published_frame=386
editbox_emit sequence=194 bytes=38 elapsed_us=2216 envelope=@J10000000001000000019435589|I421XC00;
published_frame=387
editbox_receipt monotonic_ns=566046743109480 received=194 consumed=194 revision=69
published_frame=388
editbox_emit sequence=195 bytes=38 elapsed_us=2060 envelope=@J10000000001000000019513056|I421ZC00;
published_frame=389
published_frame=390
editbox_emit sequence=196 bytes=38 elapsed_us=1972 envelope=@J10000000001000000019656044|I421bC00;
published_frame=391
published_frame=392
editbox_emit sequence=197 bytes=38 elapsed_us=2306 envelope=@J10000000001000000019733511|I421dC00;
editbox_receipt monotonic_ns=566046841147209 received=196 consumed=196 revision=70
published_frame=393
published_frame=394
editbox_emit sequence=198 bytes=38 elapsed_us=2563 envelope=@J10000000001000000019810978|I421fC00;
published_frame=395
published_frame=396
editbox_emit sequence=199 bytes=38 elapsed_us=2105 envelope=@J10000000001000000019953966|I421hC00;
published_frame=397
published_frame=398
editbox_emit sequence=200 bytes=38 elapsed_us=2182 envelope=@J10000000001000000020020546|I421jC00;
editbox_receipt monotonic_ns=566046937983407 received=199 consumed=199 revision=71
published_frame=399
published_frame=400
editbox_emit sequence=201 bytes=38 elapsed_us=1999 envelope=@J10000000001000000020163534|I421lC00;
published_frame=401
published_frame=402
editbox_emit sequence=202 bytes=38 elapsed_us=2019 envelope=@J10000000001000000020241001|I421nC00;
published_frame=403
published_frame=404
editbox_emit sequence=203 bytes=38 elapsed_us=2191 envelope=@J10000000001000000020318468|I421pC00;
published_frame=405
editbox_receipt monotonic_ns=566047051153725 received=203 consumed=203 revision=72
published_frame=406
editbox_emit sequence=204 bytes=38 elapsed_us=2044 envelope=@J10000000001000000020461456|I421rC00;
published_frame=407
published_frame=408
editbox_emit sequence=205 bytes=38 elapsed_us=2232 envelope=@J10000000001000000020538923|I421tC00;
published_frame=409
published_frame=410
editbox_emit sequence=206 bytes=38 elapsed_us=2124 envelope=@J10000000001000000020616390|I421vC00;
published_frame=411
editbox_receipt monotonic_ns=566047148591991 received=206 consumed=206 revision=73
published_frame=412
editbox_emit sequence=207 bytes=38 elapsed_us=2012 envelope=@J10000000001000000020759378|I421xC00;
published_frame=413
published_frame=414
editbox_emit sequence=208 bytes=38 elapsed_us=2128 envelope=@J10000000001000000020836845|I421zC00;
published_frame=415
published_frame=416
editbox_emit sequence=209 bytes=38 elapsed_us=2408 envelope=@J10000000001000000020914312|I421_C00;
editbox_receipt monotonic_ns=566047235532884 received=208 consumed=208 revision=74
published_frame=417
published_frame=418
editbox_emit sequence=210 bytes=38 elapsed_us=2084 envelope=@J10000000001000000021062648|I421XD00;
published_frame=419
published_frame=420
editbox_emit sequence=211 bytes=38 elapsed_us=2798 envelope=@J10000000001000000021140115|I421ZD00;
published_frame=421
published_frame=422
editbox_emit sequence=212 bytes=38 elapsed_us=1969 envelope=@J10000000001000000021217582|I421bD00;
published_frame=423
published_frame=424
editbox_emit sequence=213 bytes=38 elapsed_us=2288 envelope=@J10000000001000000021360570|I421dD00;
published_frame=425
published_frame=426
editbox_emit sequence=214 bytes=38 elapsed_us=2221 envelope=@J10000000001000000021438037|I421fD00;
editbox_receipt monotonic_ns=566047407147302 received=213 consumed=212 revision=75
published_frame=427
published_frame=428
editbox_emit sequence=215 bytes=38 elapsed_us=2229 envelope=@J10000000001000000021515504|I421hD00;
published_frame=429
published_frame=430
editbox_emit sequence=216 bytes=38 elapsed_us=1957 envelope=@J10000000001000000021658492|I421jD00;
editbox_receipt monotonic_ns=566047463009882 received=215 consumed=215 revision=76
published_frame=431
published_frame=432
editbox_emit sequence=217 bytes=38 elapsed_us=1993 envelope=@J10000000001000000021735959|I421lD00;
published_frame=433
published_frame=434
editbox_emit sequence=218 bytes=38 elapsed_us=2479 envelope=@J10000000001000000021813426|I421nD00;
published_frame=435
editbox_receipt monotonic_ns=566047544052882 received=218 consumed=218 revision=77
published_frame=436
editbox_emit sequence=219 bytes=38 elapsed_us=2172 envelope=@J10000000001000000021956414|I421pD00;
published_frame=437
published_frame=438
editbox_emit sequence=220 bytes=38 elapsed_us=2542 envelope=@J10000000001000000022047098|I421rD00;
published_frame=439
published_frame=440
editbox_emit sequence=221 bytes=38 elapsed_us=2016 envelope=@J10000000001000000022124565|I421tD00;
published_frame=441
editbox_receipt monotonic_ns=566047650500282 received=221 consumed=221 revision=78
published_frame=442
editbox_emit sequence=222 bytes=38 elapsed_us=2320 envelope=@J10000000001000000022202032|I421vD00;
published_frame=443
published_frame=444
editbox_emit sequence=223 bytes=38 elapsed_us=2177 envelope=@J10000000001000000022345020|I421xD00;
published_frame=445
published_frame=446
editbox_emit sequence=224 bytes=38 elapsed_us=2169 envelope=@J10000000001000000022422487|I421zD00;
editbox_receipt monotonic_ns=566047730270526 received=223 consumed=223 revision=79
published_frame=447
published_frame=448
editbox_emit sequence=225 bytes=38 elapsed_us=2268 envelope=@J10000000001000000022565475|I421_D00;
published_frame=449
published_frame=450
editbox_emit sequence=226 bytes=38 elapsed_us=2880 envelope=@J10000000001000000022635073|I421XE00;
published_frame=451
published_frame=452
editbox_emit sequence=227 bytes=38 elapsed_us=2655 envelope=@J10000000001000000022712540|I421ZE00;
editbox_receipt monotonic_ns=566047832124247 received=226 consumed=226 revision=80
published_frame=453
published_frame=454
editbox_emit sequence=228 bytes=38 elapsed_us=2198 envelope=@J10000000001000000022855528|I421bE00;
published_frame=455
published_frame=456
editbox_emit sequence=229 bytes=38 elapsed_us=3251 envelope=@J10000000001000000022932995|I421dE00;
published_frame=457
published_frame=458
editbox_emit sequence=230 bytes=38 elapsed_us=2186 envelope=@J10000000001000000023023679|I421fE00;
published_frame=459
editbox_receipt monotonic_ns=566047954961072 received=229 consumed=229 revision=81
published_frame=460
editbox_emit sequence=231 bytes=38 elapsed_us=2663 envelope=@J10000000001000000023101146|I421hE00;
published_frame=461
published_frame=462
editbox_emit sequence=232 bytes=38 elapsed_us=2361 envelope=@J10000000001000000023244134|I421jE00;
published_frame=463
published_frame=464
editbox_emit sequence=233 bytes=38 elapsed_us=2224 envelope=@J10000000001000000023321601|I421lE00;
published_frame=465
editbox_receipt monotonic_ns=566048052388387 received=232 consumed=232 revision=82
published_frame=466
editbox_emit sequence=234 bytes=38 elapsed_us=2594 envelope=@J10000000001000000023464589|I421nE00;
published_frame=467
published_frame=468
editbox_emit sequence=235 bytes=38 elapsed_us=2161 envelope=@J10000000001000000023542056|I421pE00;
published_frame=469
published_frame=470
editbox_emit sequence=236 bytes=38 elapsed_us=2261 envelope=@J10000000001000000023619523|I421rE00;
published_frame=471
editbox_receipt monotonic_ns=566048152386130 received=235 consumed=235 revision=83
published_frame=472
editbox_emit sequence=237 bytes=38 elapsed_us=2658 envelope=@J10000000001000000023762511|I421tE00;
published_frame=473
published_frame=474
editbox_emit sequence=238 bytes=38 elapsed_us=2192 envelope=@J10000000001000000023839978|I421vE00;
published_frame=475
published_frame=476
editbox_emit sequence=239 bytes=38 elapsed_us=2346 envelope=@J10000000001000000023917445|I421xE00;
published_frame=477
published_frame=478
editbox_emit sequence=240 bytes=38 elapsed_us=2078 envelope=@J10000000001000000024008129|I421zE00;
editbox_receipt monotonic_ns=566048263752759 received=239 consumed=239 revision=84
published_frame=479
published_frame=480
editbox_emit sequence=241 bytes=38 elapsed_us=2029 envelope=@J10000000001000000024151117|I421_E00;
published_frame=481
published_frame=482
editbox_emit sequence=242 bytes=38 elapsed_us=2137 envelope=@J10000000001000000024220715|I421XF00;
published_frame=483
published_frame=484
editbox_emit sequence=243 bytes=38 elapsed_us=2357 envelope=@J10000000001000000024363703|I421ZF00;
published_frame=485
published_frame=486
editbox_emit sequence=244 bytes=38 elapsed_us=2025 envelope=@J10000000001000000024441170|I421bF00;
published_frame=487
published_frame=488
editbox_emit sequence=245 bytes=38 elapsed_us=2434 envelope=@J10000000001000000024518637|I421dF00;
editbox_receipt monotonic_ns=566048440498101 received=244 consumed=243 revision=85
published_frame=489
published_frame=490
editbox_emit sequence=246 bytes=38 elapsed_us=2147 envelope=@J10000000001000000024661625|I421fF00;
published_frame=491
published_frame=492
editbox_emit sequence=247 bytes=38 elapsed_us=2126 envelope=@J10000000001000000024739092|I421hF00;
editbox_receipt monotonic_ns=566048498303062 received=246 consumed=245 revision=86
published_frame=493
published_frame=494
editbox_emit sequence=248 bytes=38 elapsed_us=1978 envelope=@J10000000001000000024816559|I421jF00;
published_frame=495
published_frame=496
editbox_emit sequence=249 bytes=38 elapsed_us=2172 envelope=@J10000000001000000024959547|I421lF00;
editbox_receipt monotonic_ns=566048562631327 received=247 consumed=247 revision=87
published_frame=497
published_frame=498
editbox_emit sequence=250 bytes=38 elapsed_us=2449 envelope=@J10000000001000000025050231|I421nF00;
published_frame=499
published_frame=500
editbox_emit sequence=251 bytes=38 elapsed_us=2301 envelope=@J10000000001000000025127698|I421pF00;
published_frame=501
published_frame=502
editbox_emit sequence=252 bytes=38 elapsed_us=2621 envelope=@J10000000001000000025205165|I421rF00;
editbox_receipt monotonic_ns=566048663379587 received=250 consumed=250 revision=88
published_frame=503
published_frame=504
editbox_emit sequence=253 bytes=38 elapsed_us=2325 envelope=@J10000000001000000025348153|I421tF00;
published_frame=505
published_frame=506
editbox_emit sequence=254 bytes=38 elapsed_us=2289 envelope=@J10000000001000000025425620|I421vF00;
published_frame=507
published_frame=508
editbox_emit sequence=255 bytes=38 elapsed_us=2215 envelope=@J10000000001000000025503087|I421xF00;
published_frame=509
editbox_receipt monotonic_ns=566048776289537 received=254 consumed=254 revision=89
published_frame=510
editbox_emit sequence=256 bytes=38 elapsed_us=2102 envelope=@J10000000001000000025646075|I421zF00;
published_frame=511
published_frame=512
editbox_emit sequence=257 bytes=38 elapsed_us=2152 envelope=@J10000000001000000025723542|I421_F00;
published_frame=513
published_frame=514
editbox_emit sequence=258 bytes=38 elapsed_us=2168 envelope=@J10000000001000000025858661|I421XG00;
editbox_receipt monotonic_ns=566048864675509 received=257 consumed=257 revision=90
published_frame=515
published_frame=516
editbox_emit sequence=259 bytes=38 elapsed_us=2618 envelope=@J10000000001000000025936128|I421ZG00;
published_frame=517
published_frame=518
editbox_emit sequence=260 bytes=38 elapsed_us=2242 envelope=@J10000000001000000026026812|I421bG00;
published_frame=519
published_frame=520
editbox_emit sequence=261 bytes=38 elapsed_us=2655 envelope=@J10000000001000000026104279|I421dG00;
editbox_receipt monotonic_ns=566048963896396 received=260 consumed=260 revision=91
published_frame=521
published_frame=522
editbox_emit sequence=262 bytes=38 elapsed_us=2711 envelope=@J10000000001000000026247267|I421fG00;
published_frame=523
published_frame=524
editbox_emit sequence=263 bytes=38 elapsed_us=2997 envelope=@J10000000001000000026324734|I421hG00;
published_frame=525
published_frame=526
editbox_emit sequence=264 bytes=38 elapsed_us=2289 envelope=@J10000000001000000026402201|I421jG00;
editbox_receipt monotonic_ns=566049066160576 received=263 consumed=263 revision=92
published_frame=527
published_frame=528
editbox_emit sequence=265 bytes=38 elapsed_us=2619 envelope=@J10000000001000000026545189|I421lG00;
published_frame=529
published_frame=530
editbox_emit sequence=266 bytes=38 elapsed_us=2023 envelope=@J10000000001000000026622656|I421nG00;
published_frame=531
editbox_receipt monotonic_ns=566049153716331 received=265 consumed=265 revision=93
published_frame=532
editbox_emit sequence=267 bytes=38 elapsed_us=2166 envelope=@J10000000001000000026700123|I421pG00;
published_frame=533
published_frame=534
editbox_emit sequence=268 bytes=38 elapsed_us=2233 envelope=@J10000000001000000026843111|I421rG00;
published_frame=535
published_frame=536
editbox_emit sequence=269 bytes=38 elapsed_us=2269 envelope=@J10000000001000000026920578|I421tG00;
published_frame=537
published_frame=538
editbox_emit sequence=270 bytes=38 elapsed_us=2707 envelope=@J10000000001000000027011262|I421vG00;
editbox_receipt monotonic_ns=566049264125896 received=269 consumed=269 revision=94
published_frame=539
published_frame=540
editbox_emit sequence=271 bytes=38 elapsed_us=3856 envelope=@J10000000001000000027154250|I421xG00;
published_frame=541
published_frame=542
editbox_emit sequence=272 bytes=38 elapsed_us=2734 envelope=@J10000000001000000027231717|I421zG00;
published_frame=543
published_frame=544
editbox_emit sequence=273 bytes=38 elapsed_us=2543 envelope=@J10000000001000000027309184|I421_G00;
published_frame=545
published_frame=546
editbox_emit sequence=274 bytes=38 elapsed_us=2334 envelope=@J10000000001000000027444303|I421XH00;
published_frame=547
published_frame=548
editbox_emit sequence=275 bytes=38 elapsed_us=2712 envelope=@J10000000001000000027521770|I421ZH00;
published_frame=549
published_frame=550
editbox_emit sequence=276 bytes=38 elapsed_us=2402 envelope=@J10000000001000000027664758|I421bH00;
editbox_receipt monotonic_ns=566049473474460 received=275 consumed=272 revision=95
published_frame=551
published_frame=552
editbox_emit sequence=277 bytes=38 elapsed_us=2730 envelope=@J10000000001000000027742225|I421dH00;
editbox_receipt monotonic_ns=566049496487848 received=275 consumed=275 revision=96
published_frame=553
published_frame=554
editbox_emit sequence=278 bytes=38 elapsed_us=2346 envelope=@J10000000001000000027819692|I421fH00;
published_frame=555
published_frame=556
editbox_emit sequence=279 bytes=38 elapsed_us=2178 envelope=@J10000000001000000027962680|I421hH00;
editbox_receipt monotonic_ns=566049574675578 received=277 consumed=277 revision=97
published_frame=557
published_frame=558
editbox_emit sequence=280 bytes=38 elapsed_us=2101 envelope=@J10000000001000000028053364|I421jH00;
published_frame=559
published_frame=560
editbox_emit sequence=281 bytes=38 elapsed_us=2483 envelope=@J10000000001000000028130831|I421lH00;
published_frame=561
published_frame=562
editbox_emit sequence=282 bytes=38 elapsed_us=2126 envelope=@J10000000001000000028208298|I421nH00;
published_frame=563
editbox_receipt monotonic_ns=566049675919896 received=281 consumed=281 revision=98
published_frame=564
editbox_emit sequence=283 bytes=38 elapsed_us=2676 envelope=@J10000000001000000028351286|I421pH00;
published_frame=565
published_frame=566
editbox_emit sequence=284 bytes=38 elapsed_us=2069 envelope=@J10000000001000000028428753|I421rH00;
match_end epoch=1 frontier=567 old_rows=drain terminal_rows=discard
input_armed=true gameplay_armed=false mono_ns=566049736715592
editbox_emit sequence=285 bytes=34 elapsed_us=1907 envelope=@J10000000001000000028562028|JE11;
editbox_receipt monotonic_ns=566049774923937 received=285 consumed=285 revision=99
match_quiescent epoch=1
waiting_for_match build=playable-0041 slot=1 after_epoch=1
menu_emit epoch=1 phase=Some(Result) key=y mono_ns=566062276812000
menu_emit epoch=1 phase=Some(Character) key=r mono_ns=566065321032000
menu_emit epoch=1 phase=Some(Character) key=w mono_ns=566065591381000
menu_emit epoch=1 phase=Some(Character) key=n mono_ns=566065861759000
menu_emit epoch=1 phase=Some(Character) key=u mono_ns=566066282139000
menu_emit epoch=1 phase=Some(Character) key=n mono_ns=566066702625000
match_ready epoch=2 neutral_rearm=required
input_armed=true gameplay_armed=false mono_ns=566075222304632
editbox_receipt monotonic_ns=566075222406312 received=0 consumed=0 revision=3
editbox_emit sequence=1 bytes=34 elapsed_us=2133 envelope=@J10000000002000000000144738|JR12;
editbox_receipt monotonic_ns=566075301483338 received=1 consumed=1 revision=4
match_start epoch=2 epoch_ns=566075395879808 read_ns=566075396804757 uncertainty_ns=1100261
input_armed=true gameplay_armed=true mono_ns=566075396781103
published_frame=1
published_frame=2
editbox_emit sequence=2 bytes=37 elapsed_us=1941 envelope=@J10000000002000000000230575|I422100;
published_frame=3
published_frame=4
editbox_emit sequence=3 bytes=37 elapsed_us=1972 envelope=@J10000000002000000000309341|I422300;
published_frame=5
published_frame=6
editbox_emit sequence=4 bytes=37 elapsed_us=1901 envelope=@J10000000002000000000453628|I422500;
published_frame=7
published_frame=8
editbox_emit sequence=5 bytes=37 elapsed_us=2126 envelope=@J10000000002000000000532394|I422700;
published_frame=9
editbox_receipt monotonic_ns=566075549321505 received=2 consumed=2 revision=5
published_frame=10
editbox_emit sequence=6 bytes=37 elapsed_us=2078 envelope=@J10000000002000000000611160|I422900;
published_frame=11
editbox_receipt monotonic_ns=566075591818317 received=6 consumed=4 revision=6
published_frame=12
editbox_emit sequence=7 bytes=37 elapsed_us=1986 envelope=@J10000000002000000000755447|I422B00;
published_frame=13
editbox_receipt monotonic_ns=566075624195224 received=6 consumed=6 revision=7
published_frame=14
editbox_emit sequence=8 bytes=37 elapsed_us=1952 envelope=@J10000000002000000000834213|I422D00;
published_frame=15
published_frame=16
editbox_emit sequence=9 bytes=37 elapsed_us=2449 envelope=@J10000000002000000000912979|I422F00;
published_frame=17
published_frame=18
editbox_emit sequence=10 bytes=37 elapsed_us=2264 envelope=@J10000000002000000001020251|I422H00;
event mono_ns=566075703626000 frame=19 held=32 pressed=32 released=0
event mono_ns=566075708819000 frame=19 held=0 pressed=0 released=32
published_frame=19
editbox_receipt monotonic_ns=566075722425304 received=9 consumed=9 revision=8
published_frame=20
editbox_emit sequence=11 bytes=43 elapsed_us=3179 envelope=@J10000000002000000001107761|I422J200W00W0;
published_frame=21
published_frame=22
editbox_emit sequence=12 bytes=37 elapsed_us=1967 envelope=@J10000000002000000001243304|I422L00;
published_frame=23
published_frame=24
editbox_emit sequence=13 bytes=37 elapsed_us=2324 envelope=@J10000000002000000001322070|I422N00;
editbox_receipt monotonic_ns=566075811923680 received=12 consumed=12 revision=9
published_frame=25
published_frame=26
editbox_emit sequence=14 bytes=37 elapsed_us=2472 envelope=@J10000000002000000001400836|I422P00;
published_frame=27
published_frame=28
editbox_emit sequence=15 bytes=37 elapsed_us=2030 envelope=@J10000000002000000001545123|I422R00;
published_frame=29
published_frame=30
editbox_emit sequence=16 bytes=37 elapsed_us=2046 envelope=@J10000000002000000001623889|I422T00;
editbox_receipt monotonic_ns=566075912402926 received=15 consumed=15 revision=10
published_frame=31
published_frame=32
editbox_emit sequence=17 bytes=37 elapsed_us=1921 envelope=@J10000000002000000001702655|I422V00;
published_frame=33
published_frame=34
editbox_emit sequence=18 bytes=38 elapsed_us=2221 envelope=@J10000000002000000001851664|I422X100;
published_frame=35
published_frame=36
editbox_emit sequence=19 bytes=38 elapsed_us=2431 envelope=@J10000000002000000001929131|I422Z100;
editbox_receipt monotonic_ns=566076001218082 received=18 consumed=18 revision=11
published_frame=37
published_frame=38
editbox_emit sequence=20 bytes=38 elapsed_us=2217 envelope=@J10000000002000000002019815|I422b100;
published_frame=39
published_frame=40
editbox_emit sequence=21 bytes=38 elapsed_us=2539 envelope=@J10000000002000000002162803|I422d100;
published_frame=41
published_frame=42
editbox_emit sequence=22 bytes=38 elapsed_us=2274 envelope=@J10000000002000000002240270|I422f100;
editbox_receipt monotonic_ns=566076099886454 received=21 consumed=21 revision=12
published_frame=43
published_frame=44
editbox_emit sequence=23 bytes=38 elapsed_us=2421 envelope=@J10000000002000000002317737|I422h100;
published_frame=45
published_frame=46
editbox_emit sequence=24 bytes=38 elapsed_us=1977 envelope=@J10000000002000000002460725|I422j100;
published_frame=47
published_frame=48
editbox_emit sequence=25 bytes=38 elapsed_us=2176 envelope=@J10000000002000000002538192|I422l100;
published_frame=49
editbox_receipt monotonic_ns=566076213134248 received=24 consumed=24 revision=13
published_frame=50
editbox_emit sequence=26 bytes=38 elapsed_us=2049 envelope=@J10000000002000000002615659|I422n100;
published_frame=51
published_frame=52
editbox_emit sequence=27 bytes=38 elapsed_us=1925 envelope=@J10000000002000000002758647|I422p100;
published_frame=53
published_frame=54
editbox_emit sequence=28 bytes=38 elapsed_us=2266 envelope=@J10000000002000000002836114|I422r100;
editbox_receipt monotonic_ns=566076310809128 received=27 consumed=27 revision=14
published_frame=55
published_frame=56
editbox_emit sequence=29 bytes=38 elapsed_us=2166 envelope=@J10000000002000000002913581|I422t100;
published_frame=57
published_frame=58
editbox_emit sequence=30 bytes=38 elapsed_us=2149 envelope=@J10000000002000000003004265|I422v100;
published_frame=59
published_frame=60
editbox_emit sequence=31 bytes=38 elapsed_us=1918 envelope=@J10000000002000000003147253|I422x100;
event mono_ns=566076409203000 frame=61 held=256 pressed=256 released=0
published_frame=61
published_frame=62
editbox_emit sequence=32 bytes=56 elapsed_us=3147 envelope=@J10000000002000000003242705|I422z1B040040000Fy09040Fy0;
published_frame=63
published_frame=64
editbox_emit sequence=33 bytes=50 elapsed_us=3603 envelope=@J10000000002000000003360226|I422_19040Fy09040Fy0;
published_frame=65
editbox_receipt monotonic_ns=566076492874552 received=30 consumed=30 revision=15
published_frame=66
editbox_emit sequence=34 bytes=50 elapsed_us=3056 envelope=@J10000000002000000003445695|I422X29040Fy09040Fy0;
published_frame=67
published_frame=68
editbox_emit sequence=35 bytes=50 elapsed_us=3165 envelope=@J10000000002000000003509949|I422Z29040Fy09040Fy0;
published_frame=69
editbox_receipt monotonic_ns=566076557224969 received=33 consumed=33 revision=16
published_frame=70
editbox_emit sequence=36 bytes=50 elapsed_us=2692 envelope=@J10000000002000000003639724|I422b29040Fy09040Fy0;
published_frame=71
published_frame=72
editbox_emit sequence=37 bytes=50 elapsed_us=2567 envelope=@J10000000002000000003703978|I422d29040Fy09040Fy0;
published_frame=73
published_frame=74
editbox_receipt monotonic_ns=566076629663434 received=37 consumed=37 revision=17
editbox_emit sequence=38 bytes=50 elapsed_us=2607 envelope=@J10000000002000000003833753|I422f29040Fy09040Fy0;
published_frame=75
published_frame=76
editbox_emit sequence=39 bytes=50 elapsed_us=2979 envelope=@J10000000002000000003963528|I422h29040Fy09040Fy0;
published_frame=77
published_frame=78
editbox_emit sequence=40 bytes=50 elapsed_us=2755 envelope=@J10000000002000000004017636|I422j29040Fy09040Fy0;
published_frame=79
editbox_receipt monotonic_ns=566076715665288 received=39 consumed=39 revision=18
published_frame=80
editbox_emit sequence=41 bytes=50 elapsed_us=3369 envelope=@J10000000002000000004147411|I422l29040Fy09040Fy0;
published_frame=81
published_frame=82
editbox_emit sequence=42 bytes=50 elapsed_us=2703 envelope=@J10000000002000000004211665|I422n29040Fy09040Fy0;
published_frame=83
published_frame=84
editbox_emit sequence=43 bytes=50 elapsed_us=2568 envelope=@J10000000002000000004341440|I422p29040Fy09040Fy0;
published_frame=85
editbox_receipt monotonic_ns=566076823893365 received=42 consumed=42 revision=19
published_frame=86
editbox_emit sequence=44 bytes=50 elapsed_us=2981 envelope=@J10000000002000000004405694|I422r29040Fy09040Fy0;
published_frame=87
published_frame=88
editbox_emit sequence=45 bytes=50 elapsed_us=3075 envelope=@J10000000002000000004535469|I422t29040Fy09040Fy0;
published_frame=89
published_frame=90
editbox_emit sequence=46 bytes=50 elapsed_us=2645 envelope=@J10000000002000000004665244|I422v29040Fy09040Fy0;
published_frame=91
editbox_receipt monotonic_ns=566076923757788 received=45 consumed=45 revision=20
controller_disconnected mono_ns=566076930169244 frontier=92 automatic_reconnect=true release_policy=first-unassigned-frame-at-detection
controller_release mono_ns=566076930169244 frame=93
input_armed=false gameplay_armed=false mono_ns=566076930165236
published_frame=92
editbox_emit sequence=47 bytes=50 elapsed_us=3176 envelope=@J10000000002000000004729498|I422x29040Fy09040Fy0;
published_frame=93
published_frame=94
editbox_emit sequence=48 bytes=44 elapsed_us=3128 envelope=@J10000000002000000004865250|I422z220000400;
published_frame=95
published_frame=96
editbox_emit sequence=49 bytes=38 elapsed_us=2160 envelope=@J10000000002000000004940133|I422_200;
published_frame=97
published_frame=98
editbox_emit sequence=50 bytes=38 elapsed_us=2353 envelope=@J10000000002000000005022948|I422X300;
editbox_receipt monotonic_ns=566077034528170 received=48 consumed=48 revision=21
published_frame=99
published_frame=100
editbox_emit sequence=51 bytes=38 elapsed_us=2184 envelope=@J10000000002000000005100415|I422Z300;
published_frame=101
published_frame=102
editbox_emit sequence=52 bytes=38 elapsed_us=1918 envelope=@J10000000002000000005243403|I422b300;
published_frame=103
editbox_receipt monotonic_ns=566077123096614 received=52 consumed=52 revision=22
published_frame=104
editbox_emit sequence=53 bytes=38 elapsed_us=1943 envelope=@J10000000002000000005320870|I422d300;
published_frame=105
published_frame=106
editbox_emit sequence=54 bytes=38 elapsed_us=1963 envelope=@J10000000002000000005463858|I422f300;
published_frame=107
published_frame=108
editbox_emit sequence=55 bytes=38 elapsed_us=2030 envelope=@J10000000002000000005541325|I422h300;
published_frame=109
published_frame=110
editbox_emit sequence=56 bytes=38 elapsed_us=2199 envelope=@J10000000002000000005618792|I422j300;
editbox_receipt monotonic_ns=566077233393137 received=55 consumed=55 revision=23
published_frame=111
published_frame=112
editbox_emit sequence=57 bytes=38 elapsed_us=1994 envelope=@J10000000002000000005761780|I422l300;
published_frame=113
published_frame=114
editbox_emit sequence=58 bytes=38 elapsed_us=1975 envelope=@J10000000002000000005839247|I422n300;
published_frame=115
published_frame=116
editbox_emit sequence=59 bytes=38 elapsed_us=1984 envelope=@J10000000002000000005916714|I422p300;
editbox_receipt monotonic_ns=566077333251529 received=58 consumed=58 revision=24
published_frame=117
published_frame=118
editbox_emit sequence=60 bytes=38 elapsed_us=2149 envelope=@J10000000002000000006007398|I422r300;
published_frame=119
published_frame=120
editbox_emit sequence=61 bytes=38 elapsed_us=1921 envelope=@J10000000002000000006150386|I422t300;
published_frame=121
published_frame=122
editbox_emit sequence=62 bytes=38 elapsed_us=2084 envelope=@J10000000002000000006227853|I422v300;
published_frame=123
published_frame=124
editbox_emit sequence=63 bytes=38 elapsed_us=2486 envelope=@J10000000002000000006305320|I422x300;
published_frame=125
published_frame=126
editbox_emit sequence=64 bytes=38 elapsed_us=1919 envelope=@J10000000002000000006448308|I422z300;
editbox_receipt monotonic_ns=566077510548116 received=63 consumed=61 revision=25
published_frame=127
published_frame=128
editbox_emit sequence=65 bytes=38 elapsed_us=2067 envelope=@J10000000002000000006525775|I422_300;
published_frame=129
published_frame=130
editbox_emit sequence=66 bytes=38 elapsed_us=2090 envelope=@J10000000002000000006660894|I422X400;
editbox_receipt monotonic_ns=566077566500014 received=65 consumed=64 revision=26
published_frame=131
controller_reconnected source=/dev/input/event5 mono_ns=566077833420182 frontier=132 identity=DeviceIdentity { id: InputId { bus_type: BUS_USB, vendor: 0x45e, product: 0x28e, version: 0x114 }, name: Some("Smashcraft Event Retention Virtual Gamepad"), phys: Some("smashcraft-reconnect/native-controller-reconnect-scanfix-20261005/pad-1"), uniq: None } neutral_rearm=required
published_frame=132
published_frame=133
published_frame=134
published_frame=135
published_frame=136
published_frame=137
published_frame=138
published_frame=139
published_frame=140
published_frame=141
published_frame=142
published_frame=143
published_frame=144
published_frame=145
published_frame=146
editbox_receipt monotonic_ns=566077833761151 received=66 consumed=66 revision=29
editbox_emit sequence=67 bytes=38 elapsed_us=3698 envelope=@J10000000002000000006738361|I422Z400;
editbox_emit sequence=68 bytes=38 elapsed_us=2417 envelope=@J10000000002000000006815828|I422b400;
editbox_emit sequence=69 bytes=38 elapsed_us=2241 envelope=@J10000000002000000006958816|I422d400;
published_frame=147
editbox_emit sequence=70 bytes=38 elapsed_us=2032 envelope=@J10000000002000000007049500|I422f400;
editbox_emit sequence=71 bytes=38 elapsed_us=2017 envelope=@J10000000002000000007126967|I422h400;
editbox_emit sequence=72 bytes=38 elapsed_us=2295 envelope=@J10000000002000000007204434|I422j400;
editbox_emit sequence=73 bytes=38 elapsed_us=2085 envelope=@J10000000002000000007347422|I422l400;
editbox_emit sequence=74 bytes=38 elapsed_us=2000 envelope=@J10000000002000000007424889|I422n400;
published_frame=148
editbox_emit sequence=75 bytes=38 elapsed_us=2286 envelope=@J10000000002000000007502356|I422p400;
published_frame=149
published_frame=150
editbox_emit sequence=76 bytes=38 elapsed_us=1925 envelope=@J10000000002000000007645344|I422r400;
published_frame=151
published_frame=152
editbox_emit sequence=77 bytes=38 elapsed_us=2159 envelope=@J10000000002000000007722811|I422t400;
published_frame=153
published_frame=154
editbox_receipt monotonic_ns=566077963937621 received=76 consumed=70 revision=30
editbox_emit sequence=78 bytes=38 elapsed_us=1998 envelope=@J10000000002000000007800278|I422v400;
published_frame=155
published_frame=156
editbox_emit sequence=79 bytes=38 elapsed_us=1972 envelope=@J10000000002000000007943266|I422x400;
published_frame=157
published_frame=158
editbox_emit sequence=80 bytes=38 elapsed_us=2246 envelope=@J10000000002000000008033950|I422z400;
editbox_receipt monotonic_ns=566078036552356 received=78 consumed=76 revision=31
published_frame=159
published_frame=160
editbox_emit sequence=81 bytes=38 elapsed_us=2163 envelope=@J10000000002000000008111417|I422_400;
published_frame=161
published_frame=162
editbox_emit sequence=82 bytes=38 elapsed_us=2054 envelope=@J10000000002000000008246536|I422X500;
published_frame=163
published_frame=164
editbox_emit sequence=83 bytes=38 elapsed_us=2077 envelope=@J10000000002000000008324003|I422Z500;
editbox_receipt monotonic_ns=566078133419603 received=81 consumed=81 revision=32
published_frame=165
published_frame=166
editbox_emit sequence=84 bytes=38 elapsed_us=2099 envelope=@J10000000002000000008401470|I422b500;
published_frame=167
published_frame=168
editbox_emit sequence=85 bytes=38 elapsed_us=2152 envelope=@J10000000002000000008544458|I422d500;
suppressed mono_ns=566078202130000 reason=focus-pause-or-neutral
suppressed mono_ns=566078202154000 reason=focus-pause-or-neutral
input_armed=true gameplay_armed=true mono_ns=566078202758168
published_frame=169
editbox_receipt monotonic_ns=566078221766100 received=84 consumed=84 revision=33
published_frame=170
editbox_emit sequence=86 bytes=38 elapsed_us=2203 envelope=@J10000000002000000008621925|I422f500;
published_frame=171
published_frame=172
editbox_emit sequence=87 bytes=38 elapsed_us=2069 envelope=@J10000000002000000008764913|I422h500;
published_frame=173
published_frame=174
editbox_emit sequence=88 bytes=38 elapsed_us=1988 envelope=@J10000000002000000008842380|I422j500;
published_frame=175
published_frame=176
editbox_emit sequence=89 bytes=38 elapsed_us=2141 envelope=@J10000000002000000008919847|I422l500;
editbox_receipt monotonic_ns=566078333701926 received=88 consumed=88 revision=34
published_frame=177
published_frame=178
editbox_emit sequence=90 bytes=38 elapsed_us=2026 envelope=@J10000000002000000009010531|I422n500;
published_frame=179
published_frame=180
editbox_emit sequence=91 bytes=38 elapsed_us=1964 envelope=@J10000000002000000009153519|I422p500;
event mono_ns=566078402413000 frame=181 held=32 pressed=32 released=0
event mono_ns=566078407562000 frame=181 held=0 pressed=0 released=32
published_frame=181
published_frame=182
editbox_emit sequence=92 bytes=44 elapsed_us=2369 envelope=@J10000000002000000009224281|I422r5200W00W0;
published_frame=183
published_frame=184
editbox_emit sequence=93 bytes=38 elapsed_us=2092 envelope=@J10000000002000000009308453|I422t500;
published_frame=185
published_frame=186
editbox_emit sequence=94 bytes=38 elapsed_us=2136 envelope=@J10000000002000000009451441|I422v500;
editbox_receipt monotonic_ns=566078505160502 received=93 consumed=91 revision=35
published_frame=187
published_frame=188
editbox_emit sequence=95 bytes=38 elapsed_us=2506 envelope=@J10000000002000000009528908|I422x500;
published_frame=189
editbox_receipt monotonic_ns=566078558758749 received=95 consumed=94 revision=36
published_frame=190
editbox_emit sequence=96 bytes=38 elapsed_us=1938 envelope=@J10000000002000000009606375|I422z500;
published_frame=191
published_frame=192
editbox_emit sequence=97 bytes=38 elapsed_us=1958 envelope=@J10000000002000000009749363|I422_500;
published_frame=193
editbox_receipt monotonic_ns=566078623480683 received=97 consumed=97 revision=37
published_frame=194
editbox_emit sequence=98 bytes=38 elapsed_us=2127 envelope=@J10000000002000000009818961|I422X600;
published_frame=195
published_frame=196
editbox_emit sequence=99 bytes=38 elapsed_us=2046 envelope=@J10000000002000000009961949|I422Z600;
published_frame=197
published_frame=198
editbox_emit sequence=100 bytes=38 elapsed_us=2061 envelope=@J10000000002000000010028529|I422b600;
published_frame=199
editbox_receipt monotonic_ns=566078723376074 received=100 consumed=100 revision=38
published_frame=200
editbox_emit sequence=101 bytes=38 elapsed_us=2624 envelope=@J10000000002000000010105996|I422d600;
published_frame=201
published_frame=202
editbox_emit sequence=102 bytes=38 elapsed_us=1967 envelope=@J10000000002000000010248984|I422f600;
published_frame=203
published_frame=204
editbox_emit sequence=103 bytes=38 elapsed_us=2240 envelope=@J10000000002000000010326451|I422h600;
published_frame=205
editbox_receipt monotonic_ns=566078821673701 received=103 consumed=103 revision=39
published_frame=206
editbox_emit sequence=104 bytes=38 elapsed_us=2329 envelope=@J10000000002000000010403918|I422j600;
published_frame=207
published_frame=208
editbox_emit sequence=105 bytes=38 elapsed_us=2367 envelope=@J10000000002000000010546906|I422l600;
published_frame=209
published_frame=210
editbox_emit sequence=106 bytes=38 elapsed_us=2102 envelope=@J10000000002000000010624373|I422n600;
published_frame=211
editbox_receipt monotonic_ns=566078924037498 received=106 consumed=106 revision=40
published_frame=212
editbox_emit sequence=107 bytes=38 elapsed_us=2141 envelope=@J10000000002000000010701840|I422p600;
published_frame=213
published_frame=214
editbox_emit sequence=108 bytes=38 elapsed_us=1916 envelope=@J10000000002000000010844828|I422r600;
published_frame=215
published_frame=216
editbox_emit sequence=109 bytes=38 elapsed_us=2324 envelope=@J10000000002000000010922295|I422t600;
published_frame=217
editbox_receipt monotonic_ns=566079022764670 received=109 consumed=109 revision=41
published_frame=218
editbox_emit sequence=110 bytes=38 elapsed_us=2288 envelope=@J10000000002000000011012979|I422v600;
published_frame=219
published_frame=220
editbox_emit sequence=111 bytes=38 elapsed_us=3130 envelope=@J10000000002000000011155967|I422x600;
published_frame=221
published_frame=222
editbox_emit sequence=112 bytes=38 elapsed_us=2294 envelope=@J10000000002000000011233434|I422z600;
published_frame=223
editbox_receipt monotonic_ns=566079127840781 received=112 consumed=112 revision=42
published_frame=224
editbox_emit sequence=113 bytes=38 elapsed_us=2199 envelope=@J10000000002000000011310901|I422_600;
published_frame=225
published_frame=226
editbox_emit sequence=114 bytes=38 elapsed_us=2166 envelope=@J10000000002000000011446020|I422X700;
published_frame=227
published_frame=228
editbox_emit sequence=115 bytes=38 elapsed_us=2250 envelope=@J10000000002000000011523487|I422Z700;
published_frame=229
editbox_receipt monotonic_ns=566079225285128 received=115 consumed=115 revision=43
published_frame=230
editbox_emit sequence=116 bytes=38 elapsed_us=2597 envelope=@J10000000002000000011600954|I422b700;
published_frame=231
published_frame=232
editbox_emit sequence=117 bytes=38 elapsed_us=2290 envelope=@J10000000002000000011743942|I422d700;
published_frame=233
published_frame=234
editbox_emit sequence=118 bytes=38 elapsed_us=2003 envelope=@J10000000002000000011821409|I422f700;
published_frame=235
editbox_receipt monotonic_ns=566079323663847 received=118 consumed=118 revision=44
published_frame=236
editbox_emit sequence=119 bytes=38 elapsed_us=1952 envelope=@J10000000002000000011964397|I422h700;
published_frame=237
published_frame=238
editbox_emit sequence=120 bytes=38 elapsed_us=1922 envelope=@J10000000002000000012055081|I422j700;
published_frame=239
published_frame=240
editbox_emit sequence=121 bytes=38 elapsed_us=2975 envelope=@J10000000002000000012132548|I422l700;
published_frame=241
published_frame=242
editbox_emit sequence=122 bytes=38 elapsed_us=2001 envelope=@J10000000002000000012210015|I422n700;
published_frame=243
published_frame=244
editbox_emit sequence=123 bytes=38 elapsed_us=2166 envelope=@J10000000002000000012353003|I422p700;
published_frame=245
published_frame=246
editbox_emit sequence=124 bytes=38 elapsed_us=2263 envelope=@J10000000002000000012430470|I422r700;
editbox_receipt monotonic_ns=566079499905206 received=123 consumed=121 revision=45
published_frame=247
published_frame=248
editbox_emit sequence=125 bytes=38 elapsed_us=1928 envelope=@J10000000002000000012507937|I422t700;
published_frame=249
published_frame=250
editbox_emit sequence=126 bytes=38 elapsed_us=1934 envelope=@J10000000002000000012650925|I422v700;
editbox_receipt monotonic_ns=566079566905460 received=125 consumed=124 revision=46
published_frame=251
published_frame=252
editbox_emit sequence=127 bytes=38 elapsed_us=2028 envelope=@J10000000002000000012728392|I422x700;
published_frame=253
editbox_receipt monotonic_ns=566079622327204 received=127 consumed=127 revision=47
published_frame=254
editbox_emit sequence=128 bytes=38 elapsed_us=1999 envelope=@J10000000002000000012805859|I422z700;
published_frame=255
published_frame=256
editbox_emit sequence=129 bytes=38 elapsed_us=2272 envelope=@J10000000002000000012948847|I422_700;
published_frame=257
published_frame=258
editbox_emit sequence=130 bytes=38 elapsed_us=2603 envelope=@J10000000002000000013031662|I422X800;
published_frame=259
published_frame=260
editbox_emit sequence=131 bytes=38 elapsed_us=2150 envelope=@J10000000002000000013109129|I422Z800;
editbox_receipt monotonic_ns=566079739608027 received=130 consumed=130 revision=48
published_frame=261
published_frame=262
editbox_emit sequence=132 bytes=38 elapsed_us=2370 envelope=@J10000000002000000013252117|I422b800;
published_frame=263
published_frame=264
editbox_emit sequence=133 bytes=38 elapsed_us=1990 envelope=@J10000000002000000013329584|I422d800;
published_frame=265
published_frame=266
editbox_emit sequence=134 bytes=38 elapsed_us=2121 envelope=@J10000000002000000013407051|I422f800;
editbox_receipt monotonic_ns=566079834119649 received=133 consumed=133 revision=49
published_frame=267
published_frame=268
editbox_emit sequence=135 bytes=38 elapsed_us=2012 envelope=@J10000000002000000013550039|I422h800;
published_frame=269
published_frame=270
editbox_emit sequence=136 bytes=38 elapsed_us=2150 envelope=@J10000000002000000013627506|I422j800;
published_frame=271
published_frame=272
editbox_emit sequence=137 bytes=38 elapsed_us=2165 envelope=@J10000000002000000013704973|I422l800;
editbox_receipt monotonic_ns=566079934049024 received=136 consumed=136 revision=50
published_frame=273
published_frame=274
editbox_emit sequence=138 bytes=38 elapsed_us=2172 envelope=@J10000000002000000013847961|I422n800;
published_frame=275
published_frame=276
editbox_emit sequence=139 bytes=38 elapsed_us=2194 envelope=@J10000000002000000013925428|I422p800;
published_frame=277
editbox_receipt monotonic_ns=566080025207732 received=139 consumed=139 revision=51
published_frame=278
editbox_emit sequence=140 bytes=38 elapsed_us=1936 envelope=@J10000000002000000014016112|I422r800;
published_frame=279
published_frame=280
editbox_emit sequence=141 bytes=38 elapsed_us=2054 envelope=@J10000000002000000014159100|I422t800;
published_frame=281
published_frame=282
editbox_emit sequence=142 bytes=38 elapsed_us=1993 envelope=@J10000000002000000014236567|I422v800;
published_frame=283
published_frame=284
editbox_emit sequence=143 bytes=38 elapsed_us=1895 envelope=@J10000000002000000014314034|I422x800;
editbox_receipt monotonic_ns=566080134413281 received=142 consumed=142 revision=52
published_frame=285
published_frame=286
editbox_emit sequence=144 bytes=38 elapsed_us=2529 envelope=@J10000000002000000014457022|I422z800;
published_frame=287
published_frame=288
editbox_emit sequence=145 bytes=38 elapsed_us=2592 envelope=@J10000000002000000014534489|I422_800;
published_frame=289
published_frame=290
editbox_emit sequence=146 bytes=38 elapsed_us=2299 envelope=@J10000000002000000014604087|I422X900;
editbox_receipt monotonic_ns=566080233183584 received=145 consumed=145 revision=53
published_frame=291
published_frame=292
editbox_emit sequence=147 bytes=38 elapsed_us=2296 envelope=@J10000000002000000014747075|I422Z900;
published_frame=293
published_frame=294
editbox_emit sequence=148 bytes=38 elapsed_us=2238 envelope=@J10000000002000000014824542|I422b900;
published_frame=295
editbox_receipt monotonic_ns=566080312956464 received=147 consumed=147 revision=54
published_frame=296
editbox_emit sequence=149 bytes=38 elapsed_us=2029 envelope=@J10000000002000000014902009|I422d900;
published_frame=297
published_frame=298
editbox_emit sequence=150 bytes=38 elapsed_us=2815 envelope=@J10000000002000000015058214|I422f900;
published_frame=299
published_frame=300
editbox_emit sequence=151 bytes=38 elapsed_us=1933 envelope=@J10000000002000000015135681|I422h900;
published_frame=301
published_frame=302
editbox_emit sequence=152 bytes=38 elapsed_us=1919 envelope=@J10000000002000000015213148|I422j900;
published_frame=303
published_frame=304
editbox_emit sequence=153 bytes=38 elapsed_us=2732 envelope=@J10000000002000000015356136|I422l900;
published_frame=305
editbox_receipt monotonic_ns=566080489161776 received=153 consumed=151 revision=55
published_frame=306
editbox_emit sequence=154 bytes=38 elapsed_us=2096 envelope=@J10000000002000000015433603|I422n900;
published_frame=307
published_frame=308
editbox_emit sequence=155 bytes=38 elapsed_us=2353 envelope=@J10000000002000000015511070|I422p900;
published_frame=309
editbox_receipt monotonic_ns=566080546532012 received=154 consumed=154 revision=56
published_frame=310
editbox_emit sequence=156 bytes=38 elapsed_us=2017 envelope=@J10000000002000000015654058|I422r900;
published_frame=311
published_frame=312
editbox_emit sequence=157 bytes=38 elapsed_us=2028 envelope=@J10000000002000000015731525|I422t900;
editbox_receipt monotonic_ns=566080612009361 received=157 consumed=157 revision=57
published_frame=313
published_frame=314
editbox_emit sequence=158 bytes=38 elapsed_us=2034 envelope=@J10000000002000000015808992|I422v900;
published_frame=315
published_frame=316
editbox_emit sequence=159 bytes=38 elapsed_us=1975 envelope=@J10000000002000000015951980|I422x900;
published_frame=317
published_frame=318
editbox_emit sequence=160 bytes=38 elapsed_us=2036 envelope=@J10000000002000000016042664|I422z900;
published_frame=319
editbox_receipt monotonic_ns=566080722615215 received=160 consumed=160 revision=58
published_frame=320
editbox_emit sequence=161 bytes=38 elapsed_us=2109 envelope=@J10000000002000000016120131|I422_900;
published_frame=321
published_frame=322
editbox_emit sequence=162 bytes=38 elapsed_us=2843 envelope=@J10000000002000000016255250|I422XA00;
published_frame=323
published_frame=324
editbox_emit sequence=163 bytes=38 elapsed_us=2073 envelope=@J10000000002000000016332717|I422ZA00;
editbox_receipt monotonic_ns=566080812377566 received=162 consumed=162 revision=59
published_frame=325
published_frame=326
editbox_emit sequence=164 bytes=38 elapsed_us=1971 envelope=@J10000000002000000016410184|I422bA00;
published_frame=327
published_frame=328
editbox_emit sequence=165 bytes=38 elapsed_us=2072 envelope=@J10000000002000000016553172|I422dA00;
published_frame=329
published_frame=330
editbox_emit sequence=166 bytes=38 elapsed_us=2235 envelope=@J10000000002000000016630639|I422fA00;
published_frame=331
editbox_receipt monotonic_ns=566080922859397 received=166 consumed=166 revision=60
published_frame=332
editbox_emit sequence=167 bytes=38 elapsed_us=2470 envelope=@J10000000002000000016708106|I422hA00;
published_frame=333
published_frame=334
editbox_emit sequence=168 bytes=38 elapsed_us=2053 envelope=@J10000000002000000016851094|I422jA00;
published_frame=335
published_frame=336
editbox_emit sequence=169 bytes=38 elapsed_us=1954 envelope=@J10000000002000000016928561|I422lA00;
published_frame=337
editbox_receipt monotonic_ns=566081021671848 received=169 consumed=169 revision=61
published_frame=338
editbox_emit sequence=170 bytes=38 elapsed_us=2902 envelope=@J10000000002000000017019245|I422nA00;
published_frame=339
published_frame=340
editbox_emit sequence=171 bytes=38 elapsed_us=2160 envelope=@J10000000002000000017162233|I422pA00;
published_frame=341
published_frame=342
editbox_emit sequence=172 bytes=38 elapsed_us=2164 envelope=@J10000000002000000017239700|I422rA00;
editbox_receipt monotonic_ns=566081112118803 received=171 consumed=171 revision=62
published_frame=343
published_frame=344
editbox_emit sequence=173 bytes=38 elapsed_us=2343 envelope=@J10000000002000000017317167|I422tA00;
published_frame=345
published_frame=346
editbox_emit sequence=174 bytes=38 elapsed_us=2352 envelope=@J10000000002000000017460155|I422vA00;
published_frame=347
published_frame=348
editbox_emit sequence=175 bytes=38 elapsed_us=2219 envelope=@J10000000002000000017537622|I422xA00;
published_frame=349
published_frame=350
editbox_emit sequence=176 bytes=38 elapsed_us=2293 envelope=@J10000000002000000017615089|I422zA00;
editbox_receipt monotonic_ns=566081233823446 received=175 consumed=175 revision=63
published_frame=351
published_frame=352
editbox_emit sequence=177 bytes=38 elapsed_us=3144 envelope=@J10000000002000000017758077|I422_A00;
published_frame=353
published_frame=354
editbox_emit sequence=178 bytes=38 elapsed_us=2424 envelope=@J10000000002000000017827675|I422XB00;
published_frame=355
published_frame=356
editbox_emit sequence=179 bytes=38 elapsed_us=3165 envelope=@J10000000002000000017905142|I422ZB00;
published_frame=357
editbox_receipt monotonic_ns=566081346456268 received=178 consumed=178 revision=64
published_frame=358
editbox_emit sequence=180 bytes=38 elapsed_us=2553 envelope=@J10000000002000000018061347|I422bB00;
published_frame=359
published_frame=360
editbox_emit sequence=181 bytes=38 elapsed_us=2572 envelope=@J10000000002000000018138814|I422dB00;
published_frame=361
published_frame=362
editbox_emit sequence=182 bytes=38 elapsed_us=2292 envelope=@J10000000002000000018216281|I422fB00;
published_frame=363
published_frame=364
editbox_emit sequence=183 bytes=38 elapsed_us=2629 envelope=@J10000000002000000018359269|I422hB00;
published_frame=365
published_frame=366
editbox_emit sequence=184 bytes=38 elapsed_us=2399 envelope=@J10000000002000000018436736|I422jB00;
editbox_receipt monotonic_ns=566081500650169 received=183 consumed=181 revision=65
published_frame=367
published_frame=368
editbox_emit sequence=185 bytes=38 elapsed_us=2027 envelope=@J10000000002000000018514203|I422lB00;
published_frame=369
published_frame=370
editbox_emit sequence=186 bytes=38 elapsed_us=2063 envelope=@J10000000002000000018657191|I422nB00;
editbox_receipt monotonic_ns=566081566429504 received=185 consumed=184 revision=66
published_frame=371
published_frame=372
editbox_emit sequence=187 bytes=38 elapsed_us=2030 envelope=@J10000000002000000018734658|I422pB00;
published_frame=373
editbox_receipt monotonic_ns=566081621251675 received=187 consumed=187 revision=67
published_frame=374
editbox_emit sequence=188 bytes=38 elapsed_us=2025 envelope=@J10000000002000000018812125|I422rB00;
published_frame=375
published_frame=376
editbox_emit sequence=189 bytes=38 elapsed_us=1998 envelope=@J10000000002000000018955113|I422tB00;
published_frame=377
published_frame=378
editbox_emit sequence=190 bytes=38 elapsed_us=2043 envelope=@J10000000002000000019045797|I422vB00;
published_frame=379
published_frame=380
editbox_emit sequence=191 bytes=38 elapsed_us=2102 envelope=@J10000000002000000019123264|I422xB00;
editbox_receipt monotonic_ns=566081734707750 received=190 consumed=190 revision=68
published_frame=381
published_frame=382
editbox_emit sequence=192 bytes=38 elapsed_us=2005 envelope=@J10000000002000000019200731|I422zB00;
published_frame=383
published_frame=384
editbox_emit sequence=193 bytes=38 elapsed_us=2003 envelope=@J10000000002000000019343719|I422_B00;
published_frame=385
published_frame=386
editbox_emit sequence=194 bytes=38 elapsed_us=3325 envelope=@J10000000002000000019413317|I422XC00;
published_frame=387
editbox_receipt monotonic_ns=566081846360987 received=193 consumed=193 revision=69
published_frame=388
editbox_emit sequence=195 bytes=38 elapsed_us=2057 envelope=@J10000000002000000019556305|I422ZC00;
published_frame=389
published_frame=390
editbox_emit sequence=196 bytes=38 elapsed_us=2700 envelope=@J10000000002000000019633772|I422bC00;
published_frame=391
published_frame=392
editbox_emit sequence=197 bytes=38 elapsed_us=2098 envelope=@J10000000002000000019711239|I422dC00;
published_frame=393
editbox_receipt monotonic_ns=566081950506313 received=196 consumed=196 revision=70
published_frame=394
editbox_emit sequence=198 bytes=38 elapsed_us=2199 envelope=@J10000000002000000019854227|I422fC00;
published_frame=395
published_frame=396
editbox_emit sequence=199 bytes=38 elapsed_us=2196 envelope=@J10000000002000000019931694|I422hC00;
published_frame=397
published_frame=398
editbox_emit sequence=200 bytes=38 elapsed_us=2318 envelope=@J10000000002000000020063795|I422jC00;
editbox_receipt monotonic_ns=566082040567915 received=199 consumed=199 revision=71
published_frame=399
published_frame=400
editbox_emit sequence=201 bytes=38 elapsed_us=1985 envelope=@J10000000002000000020141262|I422lC00;
published_frame=401
published_frame=402
editbox_emit sequence=202 bytes=38 elapsed_us=2088 envelope=@J10000000002000000020218729|I422nC00;
published_frame=403
published_frame=404
editbox_emit sequence=203 bytes=38 elapsed_us=2337 envelope=@J10000000002000000020361717|I422pC00;
published_frame=405
editbox_receipt monotonic_ns=566082146773141 received=202 consumed=202 revision=72
published_frame=406
editbox_emit sequence=204 bytes=38 elapsed_us=2334 envelope=@J10000000002000000020439184|I422rC00;
published_frame=407
published_frame=408
editbox_emit sequence=205 bytes=38 elapsed_us=1990 envelope=@J10000000002000000020516651|I422tC00;
published_frame=409
published_frame=410
editbox_emit sequence=206 bytes=38 elapsed_us=2676 envelope=@J10000000002000000020659639|I422vC00;
editbox_receipt monotonic_ns=566082234434545 received=205 consumed=205 revision=73
published_frame=411
published_frame=412
editbox_emit sequence=207 bytes=38 elapsed_us=2488 envelope=@J10000000002000000020737106|I422xC00;
published_frame=413
published_frame=414
editbox_emit sequence=208 bytes=38 elapsed_us=2168 envelope=@J10000000002000000020814573|I422zC00;
published_frame=415
published_frame=416
editbox_emit sequence=209 bytes=38 elapsed_us=2244 envelope=@J10000000002000000020957561|I422_C00;
editbox_receipt monotonic_ns=566082341587377 received=208 consumed=208 revision=74
published_frame=417
published_frame=418
editbox_emit sequence=210 bytes=38 elapsed_us=2111 envelope=@J10000000002000000021040376|I422XD00;
published_frame=419
published_frame=420
editbox_emit sequence=211 bytes=38 elapsed_us=2166 envelope=@J10000000002000000021117843|I422ZD00;
published_frame=421
published_frame=422
editbox_emit sequence=212 bytes=38 elapsed_us=2027 envelope=@J10000000002000000021260831|I422bD00;
published_frame=423
published_frame=424
editbox_emit sequence=213 bytes=38 elapsed_us=2098 envelope=@J10000000002000000021338298|I422dD00;
published_frame=425
published_frame=426
editbox_emit sequence=214 bytes=38 elapsed_us=2150 envelope=@J10000000002000000021415765|I422fD00;
published_frame=427
editbox_receipt monotonic_ns=566082521019697 received=214 consumed=211 revision=75
published_frame=428
editbox_emit sequence=215 bytes=38 elapsed_us=2540 envelope=@J10000000002000000021558753|I422hD00;
published_frame=429
published_frame=430
editbox_emit sequence=216 bytes=38 elapsed_us=2082 envelope=@J10000000002000000021636220|I422jD00;
published_frame=431
editbox_receipt monotonic_ns=566082581695688 received=214 consumed=214 revision=76
published_frame=432
editbox_emit sequence=217 bytes=38 elapsed_us=1963 envelope=@J10000000002000000021713687|I422lD00;
published_frame=433
published_frame=434
editbox_emit sequence=218 bytes=38 elapsed_us=2090 envelope=@J10000000002000000021856675|I422nD00;
editbox_receipt monotonic_ns=566082645499842 received=217 consumed=217 revision=77
published_frame=435
published_frame=436
editbox_emit sequence=219 bytes=38 elapsed_us=2283 envelope=@J10000000002000000021934142|I422pD00;
published_frame=437
published_frame=438
editbox_emit sequence=220 bytes=38 elapsed_us=2442 envelope=@J10000000002000000022024826|I422rD00;
published_frame=439
published_frame=440
editbox_emit sequence=221 bytes=38 elapsed_us=2120 envelope=@J10000000002000000022102293|I422tD00;
published_frame=441
editbox_receipt monotonic_ns=566082753728530 received=220 consumed=220 revision=78
published_frame=442
editbox_emit sequence=222 bytes=38 elapsed_us=2311 envelope=@J10000000002000000022245281|I422vD00;
published_frame=443
published_frame=444
editbox_emit sequence=223 bytes=38 elapsed_us=2228 envelope=@J10000000002000000022322748|I422xD00;
published_frame=445
published_frame=446
editbox_emit sequence=224 bytes=38 elapsed_us=2164 envelope=@J10000000002000000022400215|I422zD00;
editbox_receipt monotonic_ns=566082834048756 received=223 consumed=223 revision=79
published_frame=447
published_frame=448
editbox_emit sequence=225 bytes=38 elapsed_us=2128 envelope=@J10000000002000000022543203|I422_D00;
published_frame=449
published_frame=450
editbox_emit sequence=226 bytes=38 elapsed_us=2172 envelope=@J10000000002000000022612801|I422XE00;
published_frame=451
published_frame=452
editbox_emit sequence=227 bytes=38 elapsed_us=2187 envelope=@J10000000002000000022755789|I422ZE00;
editbox_receipt monotonic_ns=566082935760281 received=226 consumed=226 revision=80
published_frame=453
published_frame=454
editbox_emit sequence=228 bytes=38 elapsed_us=3165 envelope=@J10000000002000000022833256|I422bE00;
published_frame=455
published_frame=456
editbox_emit sequence=229 bytes=38 elapsed_us=1970 envelope=@J10000000002000000022910723|I422dE00;
published_frame=457
published_frame=458
editbox_emit sequence=230 bytes=38 elapsed_us=2048 envelope=@J10000000002000000023001407|I422fE00;
editbox_receipt monotonic_ns=566083034041157 received=229 consumed=229 revision=81
published_frame=459
published_frame=460
editbox_emit sequence=231 bytes=38 elapsed_us=2631 envelope=@J10000000002000000023144395|I422hE00;
published_frame=461
published_frame=462
editbox_emit sequence=232 bytes=38 elapsed_us=2233 envelope=@J10000000002000000023221862|I422jE00;
published_frame=463
published_frame=464
editbox_emit sequence=233 bytes=38 elapsed_us=2674 envelope=@J10000000002000000023364850|I422lE00;
editbox_receipt monotonic_ns=566083134930701 received=232 consumed=232 revision=82
published_frame=465
published_frame=466
editbox_emit sequence=234 bytes=38 elapsed_us=1982 envelope=@J10000000002000000023442317|I422nE00;
published_frame=467
published_frame=468
editbox_emit sequence=235 bytes=38 elapsed_us=2673 envelope=@J10000000002000000023519784|I422pE00;
published_frame=469
published_frame=470
editbox_emit sequence=236 bytes=38 elapsed_us=2739 envelope=@J10000000002000000023662772|I422rE00;
editbox_receipt monotonic_ns=566083235567271 received=235 consumed=235 revision=83
published_frame=471
published_frame=472
editbox_emit sequence=237 bytes=38 elapsed_us=1993 envelope=@J10000000002000000023740239|I422tE00;
published_frame=473
published_frame=474
editbox_emit sequence=238 bytes=38 elapsed_us=2348 envelope=@J10000000002000000023817706|I422vE00;
published_frame=475
published_frame=476
editbox_emit sequence=239 bytes=38 elapsed_us=3280 envelope=@J10000000002000000023960694|I422xE00;
editbox_receipt monotonic_ns=566083343575266 received=238 consumed=238 revision=84
published_frame=477
published_frame=478
editbox_emit sequence=240 bytes=38 elapsed_us=2345 envelope=@J10000000002000000024051378|I422zE00;
published_frame=479
published_frame=480
editbox_emit sequence=241 bytes=38 elapsed_us=2205 envelope=@J10000000002000000024128845|I422_E00;
published_frame=481
published_frame=482
editbox_emit sequence=242 bytes=38 elapsed_us=2218 envelope=@J10000000002000000024263964|I422XF00;
published_frame=483
published_frame=484
editbox_emit sequence=243 bytes=38 elapsed_us=2624 envelope=@J10000000002000000024341431|I422ZF00;
published_frame=485
published_frame=486
editbox_emit sequence=244 bytes=38 elapsed_us=2556 envelope=@J10000000002000000024418898|I422bF00;
editbox_receipt monotonic_ns=566083511585981 received=243 consumed=241 revision=85
published_frame=487
published_frame=488
editbox_emit sequence=245 bytes=38 elapsed_us=2217 envelope=@J10000000002000000024561886|I422dF00;
published_frame=489
published_frame=490
editbox_emit sequence=246 bytes=38 elapsed_us=2062 envelope=@J10000000002000000024639353|I422fF00;
editbox_receipt monotonic_ns=566083567995737 received=243 consumed=243 revision=86
published_frame=491
published_frame=492
editbox_emit sequence=247 bytes=38 elapsed_us=2200 envelope=@J10000000002000000024716820|I422hF00;
published_frame=493
published_frame=494
editbox_emit sequence=248 bytes=38 elapsed_us=2009 envelope=@J10000000002000000024859808|I422jF00;
editbox_receipt monotonic_ns=566083642135851 received=246 consumed=246 revision=87
published_frame=495
published_frame=496
editbox_emit sequence=249 bytes=38 elapsed_us=2051 envelope=@J10000000002000000024937275|I422lF00;
published_frame=497
published_frame=498
editbox_emit sequence=250 bytes=38 elapsed_us=2052 envelope=@J10000000002000000025027959|I422nF00;
published_frame=499
published_frame=500
editbox_emit sequence=251 bytes=38 elapsed_us=3889 envelope=@J10000000002000000025105426|I422pF00;
editbox_receipt monotonic_ns=566083738888593 received=250 consumed=250 revision=88
published_frame=501
published_frame=502
editbox_emit sequence=252 bytes=38 elapsed_us=2066 envelope=@J10000000002000000025248414|I422rF00;
published_frame=503
published_frame=504
editbox_emit sequence=253 bytes=38 elapsed_us=2421 envelope=@J10000000002000000025325881|I422tF00;
published_frame=505
published_frame=506
editbox_emit sequence=254 bytes=38 elapsed_us=2084 envelope=@J10000000002000000025403348|I422vF00;
editbox_receipt monotonic_ns=566083836493892 received=253 consumed=253 revision=89
published_frame=507
published_frame=508
editbox_emit sequence=255 bytes=38 elapsed_us=2545 envelope=@J10000000002000000025546336|I422xF00;
published_frame=509
published_frame=510
editbox_emit sequence=256 bytes=38 elapsed_us=1980 envelope=@J10000000002000000025623803|I422zF00;
published_frame=511
published_frame=512
editbox_emit sequence=257 bytes=38 elapsed_us=2099 envelope=@J10000000002000000025701270|I422_F00;
editbox_receipt monotonic_ns=566083934406307 received=256 consumed=256 revision=90
published_frame=513
published_frame=514
editbox_emit sequence=258 bytes=38 elapsed_us=2157 envelope=@J10000000002000000025836389|I422XG00;
published_frame=515
published_frame=516
editbox_emit sequence=259 bytes=38 elapsed_us=2027 envelope=@J10000000002000000025913856|I422ZG00;
published_frame=517
published_frame=518
editbox_emit sequence=260 bytes=38 elapsed_us=2187 envelope=@J10000000002000000026004540|I422bG00;
editbox_receipt monotonic_ns=566084033479398 received=259 consumed=259 revision=91
published_frame=519
published_frame=520
editbox_emit sequence=261 bytes=38 elapsed_us=2231 envelope=@J10000000002000000026147528|I422dG00;
published_frame=521
published_frame=522
editbox_emit sequence=262 bytes=38 elapsed_us=2638 envelope=@J10000000002000000026224995|I422fG00;
published_frame=523
published_frame=524
editbox_emit sequence=263 bytes=38 elapsed_us=2055 envelope=@J10000000002000000026302462|I422hG00;
editbox_receipt monotonic_ns=566084133091839 received=262 consumed=262 revision=92
published_frame=525
published_frame=526
editbox_emit sequence=264 bytes=38 elapsed_us=2009 envelope=@J10000000002000000026445450|I422jG00;
published_frame=527
published_frame=528
editbox_emit sequence=265 bytes=38 elapsed_us=2471 envelope=@J10000000002000000026522917|I422lG00;
published_frame=529
published_frame=530
editbox_emit sequence=266 bytes=38 elapsed_us=1985 envelope=@J10000000002000000026600384|I422nG00;
editbox_receipt monotonic_ns=566084239750515 received=265 consumed=265 revision=93
published_frame=531
published_frame=532
editbox_emit sequence=267 bytes=38 elapsed_us=2600 envelope=@J10000000002000000026743372|I422pG00;
published_frame=533
published_frame=534
editbox_emit sequence=268 bytes=38 elapsed_us=2211 envelope=@J10000000002000000026820839|I422rG00;
published_frame=535
editbox_receipt monotonic_ns=566084326759616 received=268 consumed=268 revision=94
published_frame=536
editbox_emit sequence=269 bytes=38 elapsed_us=2415 envelope=@J10000000002000000026963827|I422tG00;
published_frame=537
published_frame=538
editbox_emit sequence=270 bytes=38 elapsed_us=1975 envelope=@J10000000002000000027054511|I422vG00;
published_frame=539
published_frame=540
editbox_emit sequence=271 bytes=38 elapsed_us=2034 envelope=@J10000000002000000027131978|I422xG00;
published_frame=541
published_frame=542
editbox_emit sequence=272 bytes=38 elapsed_us=2078 envelope=@J10000000002000000027209445|I422zG00;
published_frame=543
published_frame=544
editbox_emit sequence=273 bytes=38 elapsed_us=2532 envelope=@J10000000002000000027352433|I422_G00;
published_frame=545
published_frame=546
editbox_emit sequence=274 bytes=38 elapsed_us=2052 envelope=@J10000000002000000027422031|I422XH00;
editbox_receipt monotonic_ns=566084501593588 received=273 consumed=271 revision=95
published_frame=547
published_frame=548
editbox_emit sequence=275 bytes=38 elapsed_us=2070 envelope=@J10000000002000000027565019|I422ZH00;
published_frame=549
published_frame=550
editbox_emit sequence=276 bytes=38 elapsed_us=2126 envelope=@J10000000002000000027642486|I422bH00;
editbox_receipt monotonic_ns=566084566811521 received=275 consumed=274 revision=96
published_frame=551
published_frame=552
editbox_emit sequence=277 bytes=38 elapsed_us=2053 envelope=@J10000000002000000027719953|I422dH00;
published_frame=553
published_frame=554
editbox_emit sequence=278 bytes=38 elapsed_us=2438 envelope=@J10000000002000000027862941|I422fH00;
editbox_receipt monotonic_ns=566084644588782 received=277 consumed=277 revision=97
published_frame=555
published_frame=556
editbox_emit sequence=279 bytes=38 elapsed_us=2247 envelope=@J10000000002000000027940408|I422hH00;
published_frame=557
published_frame=558
editbox_emit sequence=280 bytes=38 elapsed_us=2013 envelope=@J10000000002000000028031092|I422jH00;
published_frame=559
published_frame=560
editbox_emit sequence=281 bytes=38 elapsed_us=2031 envelope=@J10000000002000000028108559|I422lH00;
published_frame=561
published_frame=562
editbox_emit sequence=282 bytes=38 elapsed_us=2116 envelope=@J10000000002000000028251547|I422nH00;
editbox_receipt monotonic_ns=566084767139681 received=280 consumed=280 revision=98
published_frame=563
published_frame=564
editbox_emit sequence=283 bytes=38 elapsed_us=2144 envelope=@J10000000002000000028329014|I422pH00;
match_end epoch=2 frontier=565 old_rows=drain terminal_rows=discard
input_armed=true gameplay_armed=false mono_ns=566084811241702
editbox_emit sequence=284 bytes=34 elapsed_us=2363 envelope=@J10000000002000000028454953|JE12;
editbox_receipt monotonic_ns=566084852423700 received=284 consumed=284 revision=99
match_quiescent epoch=2
waiting_for_match build=playable-0041 slot=1 after_epoch=2
shutdown signal=SIGINT mailbox_release=begin
