source=/dev/input/event3 name=Some("Smashcraft Event Retention Virtual Gamepad") clock=CLOCK_MONOTONIC epoch_ns=0 frame_rule=segment_frame+floor((t-segment_epoch)*60/1e9) first=1 delay=0 pause_policy=sequenced-map-control
waiting_for_match build=match-lifecycle-20261005 slot=1 start_before=final-match-confirmation
input_armed=true gameplay_armed=false mono_ns=560281181278190
match_ready epoch=1 neutral_rearm=required
editbox_receipt monotonic_ns=560286533493773 received=0 consumed=0 revision=1
editbox_emit sequence=1 bytes=34 elapsed_us=1938 envelope=@J10000000001000000000130780|JR11;
editbox_receipt monotonic_ns=560286713293560 received=1 consumed=1 revision=3
editbox_receipt monotonic_ns=560286723965339 received=1 consumed=1 revision=5
editbox_receipt monotonic_ns=560286802891814 received=1 consumed=1 revision=6
match_start epoch=1 epoch_ns=560286870311138 read_ns=560286871712471 uncertainty_ns=1100251
input_armed=true gameplay_armed=true mono_ns=560286871670803
published_frame=1
published_frame=2
editbox_emit sequence=2 bytes=37 elapsed_us=2308 envelope=@J10000000001000000000252069|I421100;
published_frame=3
published_frame=4
editbox_emit sequence=3 bytes=37 elapsed_us=2277 envelope=@J10000000001000000000330835|I421300;
published_frame=5
published_frame=6
editbox_emit sequence=4 bytes=37 elapsed_us=1979 envelope=@J10000000001000000000409601|I421500;
published_frame=7
published_frame=8
editbox_emit sequence=5 bytes=37 elapsed_us=2457 envelope=@J10000000001000000000553888|I421700;
published_frame=9
editbox_receipt monotonic_ns=560287025129549 received=2 consumed=2 revision=7
published_frame=10
editbox_emit sequence=6 bytes=37 elapsed_us=2112 envelope=@J10000000001000000000632654|I421900;
published_frame=11
published_frame=12
editbox_emit sequence=7 bytes=37 elapsed_us=2940 envelope=@J10000000001000000000711420|I421B00;
editbox_receipt monotonic_ns=560287080793140 received=6 consumed=5 revision=8
published_frame=13
published_frame=14
editbox_emit sequence=8 bytes=37 elapsed_us=1976 envelope=@J10000000001000000000855707|I421D00;
editbox_receipt monotonic_ns=560287113427716 received=7 consumed=7 revision=9
published_frame=15
published_frame=16
editbox_emit sequence=9 bytes=37 elapsed_us=2403 envelope=@J10000000001000000000934473|I421F00;
published_frame=17
published_frame=18
editbox_emit sequence=10 bytes=37 elapsed_us=2805 envelope=@J10000000001000000001041745|I421H00;
event mono_ns=560287185959000 frame=19 held=32 pressed=32 released=0
published_frame=19
event mono_ns=560287191179000 frame=20 held=0 pressed=0 released=32
editbox_receipt monotonic_ns=560287200163987 received=9 consumed=9 revision=10
published_frame=20
editbox_emit sequence=11 bytes=52 elapsed_us=3775 envelope=@J10000000001000000001150597|I421J300W00W000200000W;
published_frame=21
published_frame=22
editbox_emit sequence=12 bytes=37 elapsed_us=2169 envelope=@J10000000001000000001264798|I421L00;
published_frame=23
published_frame=24
editbox_emit sequence=13 bytes=37 elapsed_us=3123 envelope=@J10000000001000000001343564|I421N00;
published_frame=25
published_frame=26
editbox_emit sequence=14 bytes=37 elapsed_us=2086 envelope=@J10000000001000000001422330|I421P00;
editbox_receipt monotonic_ns=560287308492600 received=13 consumed=13 revision=11
published_frame=27
published_frame=28
editbox_emit sequence=15 bytes=37 elapsed_us=2212 envelope=@J10000000001000000001501096|I421R00;
published_frame=29
published_frame=30
editbox_emit sequence=16 bytes=37 elapsed_us=2188 envelope=@J10000000001000000001645383|I421T00;
published_frame=31
published_frame=32
editbox_emit sequence=17 bytes=37 elapsed_us=2258 envelope=@J10000000001000000001724149|I421V00;
editbox_receipt monotonic_ns=560287408094100 received=16 consumed=16 revision=12
published_frame=33
published_frame=34
editbox_emit sequence=18 bytes=38 elapsed_us=2157 envelope=@J10000000001000000001808415|I421X100;
published_frame=35
published_frame=36
editbox_emit sequence=19 bytes=38 elapsed_us=2782 envelope=@J10000000001000000001951403|I421Z100;
published_frame=37
published_frame=38
editbox_emit sequence=20 bytes=38 elapsed_us=2013 envelope=@J10000000001000000002042087|I421b100;
editbox_receipt monotonic_ns=560287508498464 received=19 consumed=19 revision=13
published_frame=39
published_frame=40
editbox_emit sequence=21 bytes=38 elapsed_us=2856 envelope=@J10000000001000000002119554|I421d100;
published_frame=41
published_frame=42
editbox_emit sequence=22 bytes=38 elapsed_us=2811 envelope=@J10000000001000000002262542|I421f100;
published_frame=43
published_frame=44
editbox_emit sequence=23 bytes=38 elapsed_us=2368 envelope=@J10000000001000000002340009|I421h100;
editbox_receipt monotonic_ns=560287608690139 received=22 consumed=22 revision=14
published_frame=45
published_frame=46
editbox_emit sequence=24 bytes=38 elapsed_us=2508 envelope=@J10000000001000000002417476|I421j100;
published_frame=47
published_frame=48
editbox_emit sequence=25 bytes=38 elapsed_us=2090 envelope=@J10000000001000000002560464|I421l100;
published_frame=49
published_frame=50
editbox_emit sequence=26 bytes=38 elapsed_us=2545 envelope=@J10000000001000000002637931|I421n100;
editbox_receipt monotonic_ns=560287709570966 received=25 consumed=25 revision=15
published_frame=51
published_frame=52
editbox_emit sequence=27 bytes=38 elapsed_us=2182 envelope=@J10000000001000000002715398|I421p100;
published_frame=53
published_frame=54
editbox_emit sequence=28 bytes=38 elapsed_us=2661 envelope=@J10000000001000000002858386|I421r100;
published_frame=55
editbox_receipt monotonic_ns=560287797830210 received=27 consumed=27 revision=16
published_frame=56
editbox_emit sequence=29 bytes=38 elapsed_us=2179 envelope=@J10000000001000000002935853|I421t100;
published_frame=57
published_frame=58
editbox_emit sequence=30 bytes=38 elapsed_us=2549 envelope=@J10000000001000000003026537|I421v100;
published_frame=59
published_frame=60
editbox_emit sequence=31 bytes=38 elapsed_us=2339 envelope=@J10000000001000000003104004|I421x100;
published_frame=61
published_frame=62
editbox_emit sequence=32 bytes=38 elapsed_us=2093 envelope=@J10000000001000000003246992|I421z100;
published_frame=63
published_frame=64
editbox_emit sequence=33 bytes=38 elapsed_us=2694 envelope=@J10000000001000000003324459|I421_100;
published_frame=65
published_frame=66
editbox_emit sequence=34 bytes=38 elapsed_us=2356 envelope=@J10000000001000000003459578|I421X200;
editbox_receipt monotonic_ns=560287974455309 received=33 consumed=32 revision=17
published_frame=67
published_frame=68
editbox_emit sequence=35 bytes=38 elapsed_us=2235 envelope=@J10000000001000000003537045|I421Z200;
editbox_receipt monotonic_ns=560288017971497 received=34 consumed=34 revision=18
published_frame=69
published_frame=70
editbox_emit sequence=36 bytes=38 elapsed_us=2067 envelope=@J10000000001000000003614512|I421b200;
published_frame=71
published_frame=72
editbox_emit sequence=37 bytes=38 elapsed_us=1951 envelope=@J10000000001000000003757500|I421d200;
published_frame=73
published_frame=74
editbox_emit sequence=38 bytes=38 elapsed_us=2539 envelope=@J10000000001000000003834967|I421f200;
editbox_receipt monotonic_ns=560288120168049 received=37 consumed=37 revision=19
published_frame=75
published_frame=76
editbox_emit sequence=39 bytes=38 elapsed_us=2170 envelope=@J10000000001000000003912434|I421h200;
published_frame=77
published_frame=78
editbox_emit sequence=40 bytes=38 elapsed_us=3185 envelope=@J10000000001000000004003118|I421j200;
published_frame=79
published_frame=80
editbox_emit sequence=41 bytes=38 elapsed_us=2678 envelope=@J10000000001000000004146106|I421l200;
editbox_receipt monotonic_ns=560288211795636 received=40 consumed=40 revision=20
published_frame=81
published_frame=82
editbox_emit sequence=42 bytes=38 elapsed_us=2120 envelope=@J10000000001000000004223573|I421n200;
published_frame=83
published_frame=84
editbox_emit sequence=43 bytes=38 elapsed_us=2626 envelope=@J10000000001000000004301040|I421p200;
published_frame=85
published_frame=86
editbox_emit sequence=44 bytes=38 elapsed_us=3816 envelope=@J10000000001000000004444028|I421r200;
editbox_receipt monotonic_ns=560288310327611 received=43 consumed=43 revision=21
published_frame=87
published_frame=88
editbox_emit sequence=45 bytes=38 elapsed_us=2537 envelope=@J10000000001000000004521495|I421t200;
published_frame=89
published_frame=90
editbox_emit sequence=46 bytes=38 elapsed_us=2304 envelope=@J10000000001000000004664483|I421v200;
published_frame=91
published_frame=92
editbox_emit sequence=47 bytes=38 elapsed_us=2213 envelope=@J10000000001000000004741950|I421x200;
editbox_receipt monotonic_ns=560288418530188 received=46 consumed=46 revision=22
published_frame=93
published_frame=94
editbox_emit sequence=48 bytes=38 elapsed_us=2033 envelope=@J10000000001000000004819417|I421z200;
published_frame=95
published_frame=96
editbox_emit sequence=49 bytes=38 elapsed_us=2050 envelope=@J10000000001000000004962405|I421_200;
published_frame=97
published_frame=98
editbox_emit sequence=50 bytes=38 elapsed_us=2119 envelope=@J10000000001000000005045220|I421X300;
editbox_receipt monotonic_ns=560288510522869 received=49 consumed=49 revision=23
published_frame=99
published_frame=100
editbox_emit sequence=51 bytes=38 elapsed_us=2591 envelope=@J10000000001000000005122687|I421Z300;
published_frame=101
published_frame=102
editbox_emit sequence=52 bytes=38 elapsed_us=2006 envelope=@J10000000001000000005200154|I421b300;
published_frame=103
published_frame=104
editbox_emit sequence=53 bytes=38 elapsed_us=2576 envelope=@J10000000001000000005343142|I421d300;
editbox_receipt monotonic_ns=560288610574222 received=52 consumed=52 revision=24
published_frame=105
published_frame=106
editbox_emit sequence=54 bytes=38 elapsed_us=2315 envelope=@J10000000001000000005420609|I421f300;
published_frame=107
published_frame=108
editbox_emit sequence=55 bytes=38 elapsed_us=2390 envelope=@J10000000001000000005563597|I421h300;
published_frame=109
published_frame=110
editbox_emit sequence=56 bytes=38 elapsed_us=2136 envelope=@J10000000001000000005641064|I421j300;
editbox_receipt monotonic_ns=560288709042648 received=54 consumed=54 revision=25
published_frame=111
published_frame=112
editbox_emit sequence=57 bytes=38 elapsed_us=2742 envelope=@J10000000001000000005718531|I421l300;
published_frame=113
published_frame=114
editbox_emit sequence=58 bytes=38 elapsed_us=2612 envelope=@J10000000001000000005861519|I421n300;
published_frame=115
published_frame=116
editbox_emit sequence=59 bytes=38 elapsed_us=2406 envelope=@J10000000001000000005938986|I421p300;
editbox_receipt monotonic_ns=560288809104099 received=58 consumed=58 revision=26
published_frame=117
published_frame=118
editbox_emit sequence=60 bytes=38 elapsed_us=2655 envelope=@J10000000001000000006029670|I421r300;
published_frame=119
published_frame=120
editbox_emit sequence=61 bytes=38 elapsed_us=2065 envelope=@J10000000001000000006107137|I421t300;
published_frame=121
published_frame=122
editbox_emit sequence=62 bytes=38 elapsed_us=2018 envelope=@J10000000001000000006250125|I421v300;
published_frame=123
published_frame=124
editbox_emit sequence=63 bytes=38 elapsed_us=2012 envelope=@J10000000001000000006327592|I421x300;
published_frame=125
published_frame=126
editbox_emit sequence=64 bytes=38 elapsed_us=2015 envelope=@J10000000001000000006405059|I421z300;
editbox_receipt monotonic_ns=560288974629788 received=63 consumed=62 revision=27
published_frame=127
published_frame=128
editbox_emit sequence=65 bytes=38 elapsed_us=2128 envelope=@J10000000001000000006548047|I421_300;
published_frame=129
editbox_receipt monotonic_ns=560289028610025 received=64 consumed=64 revision=28
published_frame=130
editbox_emit sequence=66 bytes=38 elapsed_us=2574 envelope=@J10000000001000000006617645|I421X400;
published_frame=131
published_frame=132
editbox_emit sequence=67 bytes=38 elapsed_us=2781 envelope=@J10000000001000000006760633|I421Z400;
published_frame=133
published_frame=134
editbox_emit sequence=68 bytes=38 elapsed_us=2472 envelope=@J10000000001000000006838100|I421b400;
published_frame=135
published_frame=136
editbox_emit sequence=69 bytes=38 elapsed_us=2158 envelope=@J10000000001000000006915567|I421d400;
match_end epoch=1 frontier=137 old_rows=drain terminal_rows=discard
input_armed=true gameplay_armed=false mono_ns=560289143040484
editbox_emit sequence=70 bytes=34 elapsed_us=1780 envelope=@J10000000001000000007043644|JE11;
editbox_receipt monotonic_ns=560289156673391 received=67 consumed=67 revision=29
editbox_receipt monotonic_ns=560289187640512 received=70 consumed=70 revision=30
match_quiescent epoch=1
waiting_for_match build=match-lifecycle-20261005 slot=1 after_epoch=1
shutdown signal=SIGINT mailbox_release=begin
