source=/dev/input/event2 name=Some("Smashcraft Event Retention Virtual Gamepad") clock=CLOCK_MONOTONIC epoch_ns=544968711122183 frame_rule=segment_frame+floor((t-segment_epoch)*60/1e9) first=1 delay=0 pause_policy=sequenced-map-control
readiness_receipt=/home/tom/.local/share/wc3-melee/client-b/pfx/drive_c/users/steamuser/Documents/Warcraft III/CustomMapData/smashcraft-journal-ready-editbox-20261005b-e1-p1.txt
published_frame=1
editbox_emit bytes=8 elapsed_us=1227 wire=I421100
published_frame=2
published_frame=3
editbox_emit bytes=8 elapsed_us=1294 wire=I421300
published_frame=4
published_frame=5
editbox_emit bytes=8 elapsed_us=1159 wire=I421500
published_frame=6
published_frame=7
editbox_emit bytes=8 elapsed_us=1228 wire=I421700
published_frame=8
published_frame=9
editbox_emit bytes=8 elapsed_us=1318 wire=I421900
published_frame=10
published_frame=11
editbox_emit bytes=8 elapsed_us=3187 wire=I421B00
published_frame=12
published_frame=13
editbox_emit bytes=8 elapsed_us=1339 wire=I421D00
published_frame=14
published_frame=15
editbox_emit bytes=8 elapsed_us=2317 wire=I421F00
published_frame=16
published_frame=17
event mono_ns=544969011377000 frame=19 held=32 pressed=32 released=0
editbox_emit bytes=8 elapsed_us=1869 wire=I421H00
published_frame=18
event mono_ns=544969016661000 frame=19 held=0 pressed=0 released=32
published_frame=19
editbox_emit bytes=14 elapsed_us=2079 wire=I421J200W00W0
published_frame=20
published_frame=21
editbox_emit bytes=8 elapsed_us=1193 wire=I421L00
published_frame=22
published_frame=23
editbox_emit bytes=8 elapsed_us=1168 wire=I421N00
published_frame=24
published_frame=25
editbox_emit bytes=8 elapsed_us=1743 wire=I421P00
published_frame=26
published_frame=27
editbox_emit bytes=8 elapsed_us=1556 wire=I421R00
published_frame=28
published_frame=29
editbox_emit bytes=8 elapsed_us=2076 wire=I421T00
published_frame=30
published_frame=31
editbox_emit bytes=8 elapsed_us=1856 wire=I421V00
published_frame=32
published_frame=33
editbox_emit bytes=9 elapsed_us=3074 wire=I421X100
published_frame=34
published_frame=35
event mono_ns=544969311302000 frame=37 held=2 pressed=2 released=0
editbox_emit bytes=9 elapsed_us=1416 wire=I421Z100
published_frame=36
published_frame=37
editbox_emit bytes=32 elapsed_us=6077 wire=I421b1t0020020007s22Y07-50027s2
published_frame=38
published_frame=39
editbox_emit bytes=21 elapsed_us=2806 wire=I421d150027s250027s2
published_frame=40
published_frame=41
editbox_emit bytes=21 elapsed_us=3259 wire=I421f150027s250027s2
published_frame=42
published_frame=43
editbox_emit bytes=21 elapsed_us=3797 wire=I421h150027s250027s2
published_frame=44
published_frame=45
editbox_emit bytes=21 elapsed_us=3063 wire=I421j150027s250027s2
published_frame=46
published_frame=47
editbox_emit bytes=21 elapsed_us=4058 wire=I421l150027s250027s2
published_frame=48
published_frame=49
editbox_emit bytes=21 elapsed_us=3760 wire=I421n150027s250027s2
published_frame=50
published_frame=51
editbox_emit bytes=21 elapsed_us=3077 wire=I421p150027s250027s2
published_frame=52
published_frame=53
editbox_emit bytes=21 elapsed_us=2867 wire=I421r150027s250027s2
published_frame=54
published_frame=55
editbox_emit bytes=21 elapsed_us=3458 wire=I421t150027s250027s2
published_frame=56
published_frame=57
editbox_emit bytes=21 elapsed_us=2934 wire=I421v150027s250027s2
published_frame=58
published_frame=59
editbox_emit bytes=21 elapsed_us=3091 wire=I421x150027s250027s2
published_frame=60
published_frame=61
editbox_emit bytes=21 elapsed_us=2417 wire=I421z150027s250027s2
published_frame=62
published_frame=63
editbox_emit bytes=21 elapsed_us=2913 wire=I421_150027s250027s2
published_frame=64
published_frame=65
event mono_ns=544969811285000 frame=67 held=0 pressed=0 released=2
editbox_emit bytes=21 elapsed_us=2510 wire=I421X250027s250027s2
published_frame=66
published_frame=67
editbox_emit bytes=15 elapsed_us=1711 wire=I421Z220000020
published_frame=68
published_frame=69
editbox_emit bytes=9 elapsed_us=1132 wire=I421b200
published_frame=70
published_frame=71
editbox_emit bytes=9 elapsed_us=1244 wire=I421d200
published_frame=72
published_frame=73
editbox_emit bytes=9 elapsed_us=1888 wire=I421f200
published_frame=74
published_frame=75
editbox_emit bytes=9 elapsed_us=1126 wire=I421h200
published_frame=76
published_frame=77
editbox_emit bytes=9 elapsed_us=1175 wire=I421j200
published_frame=78
published_frame=79
editbox_emit bytes=9 elapsed_us=1742 wire=I421l200
published_frame=80
published_frame=81
editbox_emit bytes=9 elapsed_us=1148 wire=I421n200
published_frame=82
published_frame=83
editbox_emit bytes=9 elapsed_us=2154 wire=I421p200
published_frame=84
published_frame=85
editbox_emit bytes=9 elapsed_us=1079 wire=I421r200
published_frame=86
published_frame=87
editbox_emit bytes=9 elapsed_us=1303 wire=I421t200
published_frame=88
published_frame=89
editbox_emit bytes=9 elapsed_us=1658 wire=I421v200
published_frame=90
published_frame=91
editbox_emit bytes=9 elapsed_us=2380 wire=I421x200
published_frame=92
published_frame=93
editbox_emit bytes=9 elapsed_us=1122 wire=I421z200
published_frame=94
published_frame=95
event mono_ns=544970311329000 frame=97 held=32 pressed=32 released=0
editbox_emit bytes=9 elapsed_us=1911 wire=I421_200
published_frame=96
event mono_ns=544970316516000 frame=97 held=0 pressed=0 released=32
published_frame=97
editbox_emit bytes=15 elapsed_us=3206 wire=I421X3200W00W0
published_frame=98
published_frame=99
editbox_emit bytes=9 elapsed_us=1719 wire=I421Z300
published_frame=100
published_frame=101
editbox_emit bytes=9 elapsed_us=1606 wire=I421b300
published_frame=102
published_frame=103
editbox_emit bytes=9 elapsed_us=3156 wire=I421d300
published_frame=104
published_frame=105
editbox_emit bytes=9 elapsed_us=1281 wire=I421f300
published_frame=106
published_frame=107
editbox_emit bytes=9 elapsed_us=1158 wire=I421h300
published_frame=108
published_frame=109
editbox_emit bytes=9 elapsed_us=1295 wire=I421j300
published_frame=110
published_frame=111
editbox_emit bytes=9 elapsed_us=1695 wire=I421l300
published_frame=112
published_frame=113
editbox_emit bytes=9 elapsed_us=1583 wire=I421n300
published_frame=114
published_frame=115
editbox_emit bytes=9 elapsed_us=1878 wire=I421p300
published_frame=116
published_frame=117
editbox_emit bytes=9 elapsed_us=1342 wire=I421r300
published_frame=118
published_frame=119
editbox_emit bytes=9 elapsed_us=1381 wire=I421t300
published_frame=120
published_frame=121
editbox_emit bytes=9 elapsed_us=1163 wire=I421v300
published_frame=122
published_frame=123
editbox_emit bytes=9 elapsed_us=1617 wire=I421x300
published_frame=124
published_frame=125
editbox_emit bytes=9 elapsed_us=1157 wire=I421z300
published_frame=126
published_frame=127
editbox_emit bytes=9 elapsed_us=1551 wire=I421_300
published_frame=128
published_frame=129
editbox_emit bytes=9 elapsed_us=1398 wire=I421X400
published_frame=130
published_frame=131
editbox_emit bytes=9 elapsed_us=1247 wire=I421Z400
published_frame=132
published_frame=133
editbox_emit bytes=9 elapsed_us=1168 wire=I421b400
published_frame=134
published_frame=135
editbox_emit bytes=9 elapsed_us=1130 wire=I421d400
published_frame=136
published_frame=137
editbox_emit bytes=9 elapsed_us=1256 wire=I421f400
published_frame=138
published_frame=139
editbox_emit bytes=9 elapsed_us=1630 wire=I421h400
published_frame=140
published_frame=141
editbox_emit bytes=9 elapsed_us=1196 wire=I421j400
published_frame=142
published_frame=143
editbox_emit bytes=9 elapsed_us=1216 wire=I421l400
published_frame=144
published_frame=145
editbox_emit bytes=9 elapsed_us=1397 wire=I421n400
published_frame=146
published_frame=147
editbox_emit bytes=9 elapsed_us=1091 wire=I421p400
published_frame=148
published_frame=149
editbox_emit bytes=9 elapsed_us=1236 wire=I421r400
published_frame=150
published_frame=151
editbox_emit bytes=9 elapsed_us=1173 wire=I421t400
published_frame=152
published_frame=153
editbox_emit bytes=9 elapsed_us=1207 wire=I421v400
published_frame=154
published_frame=155
editbox_emit bytes=9 elapsed_us=1475 wire=I421x400
published_frame=156
event mono_ns=544971311310000 frame=157 held=32 pressed=32 released=0
event mono_ns=544971316464000 frame=157 held=0 pressed=0 released=32
published_frame=157
editbox_emit bytes=15 elapsed_us=2021 wire=I421z4200W00W0
published_frame=158
published_frame=159
editbox_emit bytes=9 elapsed_us=1325 wire=I421_400
published_frame=160
published_frame=161
editbox_emit bytes=9 elapsed_us=1267 wire=I421X500
published_frame=162
published_frame=163
editbox_emit bytes=9 elapsed_us=1641 wire=I421Z500
published_frame=164
published_frame=165
editbox_emit bytes=9 elapsed_us=1597 wire=I421b500
published_frame=166
published_frame=167
editbox_emit bytes=9 elapsed_us=1350 wire=I421d500
published_frame=168
published_frame=169
editbox_emit bytes=9 elapsed_us=1134 wire=I421f500
published_frame=170
published_frame=171
editbox_emit bytes=9 elapsed_us=1114 wire=I421h500
published_frame=172
published_frame=173
editbox_emit bytes=9 elapsed_us=1101 wire=I421j500
published_frame=174
published_frame=175
editbox_emit bytes=9 elapsed_us=1269 wire=I421l500
published_frame=176
published_frame=177
editbox_emit bytes=9 elapsed_us=1426 wire=I421n500
published_frame=178
published_frame=179
editbox_emit bytes=9 elapsed_us=1197 wire=I421p500
published_frame=180
published_frame=181
editbox_emit bytes=9 elapsed_us=1237 wire=I421r500
published_frame=182
published_frame=183
editbox_emit bytes=9 elapsed_us=1093 wire=I421t500
published_frame=184
published_frame=185
editbox_emit bytes=9 elapsed_us=1113 wire=I421v500
published_frame=186
published_frame=187
editbox_emit bytes=9 elapsed_us=1398 wire=I421x500
published_frame=188
published_frame=189
editbox_emit bytes=9 elapsed_us=1275 wire=I421z500
published_frame=190
published_frame=191
editbox_emit bytes=9 elapsed_us=1425 wire=I421_500
published_frame=192
published_frame=193
editbox_emit bytes=9 elapsed_us=2092 wire=I421X600
published_frame=194
published_frame=195
editbox_emit bytes=9 elapsed_us=1706 wire=I421Z600
published_frame=196
published_frame=197
editbox_emit bytes=9 elapsed_us=1116 wire=I421b600
published_frame=198
published_frame=199
editbox_emit bytes=9 elapsed_us=1659 wire=I421d600
published_frame=200
published_frame=201
editbox_emit bytes=9 elapsed_us=1548 wire=I421f600
published_frame=202
published_frame=203
editbox_emit bytes=9 elapsed_us=1552 wire=I421h600
published_frame=204
published_frame=205
editbox_emit bytes=9 elapsed_us=1246 wire=I421j600
published_frame=206
published_frame=207
editbox_emit bytes=9 elapsed_us=1318 wire=I421l600
published_frame=208
published_frame=209
editbox_emit bytes=9 elapsed_us=1740 wire=I421n600
published_frame=210
published_frame=211
editbox_emit bytes=9 elapsed_us=1626 wire=I421p600
published_frame=212
published_frame=213
editbox_emit bytes=9 elapsed_us=1907 wire=I421r600
published_frame=214
published_frame=215
editbox_emit bytes=9 elapsed_us=1209 wire=I421t600
published_frame=216
published_frame=217
editbox_emit bytes=9 elapsed_us=2134 wire=I421v600
published_frame=218
published_frame=219
editbox_emit bytes=9 elapsed_us=1240 wire=I421x600
published_frame=220
published_frame=221
editbox_emit bytes=9 elapsed_us=1264 wire=I421z600
published_frame=222
published_frame=223
editbox_emit bytes=9 elapsed_us=1475 wire=I421_600
published_frame=224
published_frame=225
editbox_emit bytes=9 elapsed_us=1507 wire=I421X700
published_frame=226
published_frame=227
editbox_emit bytes=9 elapsed_us=1634 wire=I421Z700
published_frame=228
published_frame=229
editbox_emit bytes=9 elapsed_us=1576 wire=I421b700
published_frame=230
published_frame=231
editbox_emit bytes=9 elapsed_us=1259 wire=I421d700
published_frame=232
published_frame=233
editbox_emit bytes=9 elapsed_us=1194 wire=I421f700
published_frame=234
published_frame=235
editbox_emit bytes=9 elapsed_us=1191 wire=I421h700
published_frame=236
published_frame=237
editbox_emit bytes=9 elapsed_us=1118 wire=I421j700
published_frame=238
published_frame=239
editbox_emit bytes=9 elapsed_us=1526 wire=I421l700
published_frame=240
published_frame=241
editbox_emit bytes=9 elapsed_us=1120 wire=I421n700
published_frame=242
published_frame=243
editbox_emit bytes=9 elapsed_us=1248 wire=I421p700
published_frame=244
published_frame=245
editbox_emit bytes=9 elapsed_us=1375 wire=I421r700
published_frame=246
published_frame=247
editbox_emit bytes=9 elapsed_us=1470 wire=I421t700
published_frame=248
published_frame=249
editbox_emit bytes=9 elapsed_us=1142 wire=I421v700
published_frame=250
published_frame=251
editbox_emit bytes=9 elapsed_us=1170 wire=I421x700
published_frame=252
published_frame=253
editbox_emit bytes=9 elapsed_us=1353 wire=I421z700
published_frame=254
published_frame=255
editbox_emit bytes=9 elapsed_us=1360 wire=I421_700
published_frame=256
published_frame=257
editbox_emit bytes=9 elapsed_us=1413 wire=I421X800
published_frame=258
published_frame=259
editbox_emit bytes=9 elapsed_us=1209 wire=I421Z800
published_frame=260
published_frame=261
editbox_emit bytes=9 elapsed_us=1732 wire=I421b800
published_frame=262
published_frame=263
editbox_emit bytes=9 elapsed_us=1352 wire=I421d800
published_frame=264
published_frame=265
editbox_emit bytes=9 elapsed_us=1831 wire=I421f800
published_frame=266
published_frame=267
editbox_emit bytes=9 elapsed_us=1315 wire=I421h800
published_frame=268
published_frame=269
editbox_emit bytes=9 elapsed_us=1908 wire=I421j800
published_frame=270
published_frame=271
editbox_emit bytes=9 elapsed_us=1467 wire=I421l800
published_frame=272
published_frame=273
editbox_emit bytes=9 elapsed_us=1137 wire=I421n800
published_frame=274
published_frame=275
editbox_emit bytes=9 elapsed_us=1212 wire=I421p800
published_frame=276
published_frame=277
editbox_emit bytes=9 elapsed_us=1197 wire=I421r800
published_frame=278
published_frame=279
editbox_emit bytes=9 elapsed_us=1223 wire=I421t800
published_frame=280
published_frame=281
editbox_emit bytes=9 elapsed_us=1603 wire=I421v800
published_frame=282
published_frame=283
editbox_emit bytes=9 elapsed_us=1558 wire=I421x800
published_frame=284
published_frame=285
editbox_emit bytes=9 elapsed_us=1260 wire=I421z800
published_frame=286
published_frame=287
editbox_emit bytes=9 elapsed_us=1476 wire=I421_800
published_frame=288
published_frame=289
editbox_emit bytes=9 elapsed_us=1726 wire=I421X900
published_frame=290
published_frame=291
editbox_emit bytes=9 elapsed_us=1406 wire=I421Z900
published_frame=292
published_frame=293
editbox_emit bytes=9 elapsed_us=1178 wire=I421b900
published_frame=294
published_frame=295
editbox_emit bytes=9 elapsed_us=1543 wire=I421d900
published_frame=296
published_frame=297
editbox_emit bytes=9 elapsed_us=1095 wire=I421f900
published_frame=298
published_frame=299
editbox_emit bytes=9 elapsed_us=1278 wire=I421h900
published_frame=300
