   0.022 s  a: find Warcraft window (0.011 s)
   0.030 s  b: find Warcraft window (0.007 s)
   0.122 s  script models carried (0.088 s)
   0.156 s  script reused (compiled 153 s ago) (0.029 s)
   0.239 s  package and verify (0.075 s)
rebuilt /home/tom/.local/share/smashcraft-build-inputs/native-owner-20261005/fresh-speed/Smashcraft diagnostic fresh-speed.w3x
   0.240 s  map rebuilt (0.206 s)
   0.242 s  map installed (0.001 s)
   0.247 s  a: focus Warcraft (0.003 s)
   0.250 s  b: focus Warcraft (0.005 s)
   0.283 s  a: activate Warcraft window (0.035 s)
   0.287 s  b: activate Warcraft window (0.036 s)
   0.356 s  a: input batch (3 actions) (0.073 s)
   0.359 s  b: input batch (3 actions) (0.072 s)
   0.378 s  a: capture frame (0.020 s)
   0.384 s  b: capture frame (0.024 s)
   0.575 s  b: read text (0.191 s)
   0.578 s  b: focus Warcraft (0.002 s)
   0.579 s  a: read text (0.199 s)
   0.614 s  b: activate Warcraft window (0.036 s)
   0.662 s  a: capture frame (0.031 s)
   0.845 s  b: input batch (3 actions) (0.230 s)
   0.846 s  a: read text (0.184 s)
   0.849 s  a: focus Warcraft (0.002 s)
   0.873 s  b: capture frame (0.028 s)
   0.883 s  a: activate Warcraft window (0.034 s)
   1.081 s  b: read text (0.208 s)
   1.115 s  a: input batch (3 actions) (0.231 s)
   1.142 s  a: capture frame (0.026 s)
   1.148 s  b: capture frame (0.013 s)
   1.352 s  b: read text (0.203 s)
   1.394 s  a: read text (0.252 s)
   1.433 s  b: capture frame (0.029 s)
   1.463 s  a: capture frame (0.018 s)
   1.693 s  b: read text (0.258 s)
   1.705 s  b: focus Warcraft (0.010 s)
   1.743 s  b: activate Warcraft window (0.038 s)
   1.750 s  b: read pointer (0.006 s)
   1.757 s  b: move pointer (0.007 s)
   1.763 s  b: read pointer (0.005 s)
   1.840 s  a: read text (0.376 s)
   1.893 s  b: press button (0.008 s)
   1.916 s  a: capture frame (0.024 s)
   1.967 s  b: release button (0.012 s)
   2.001 s  b: capture frame (0.033 s)
   2.342 s  a: read text (0.426 s)
   2.350 s  a: focus Warcraft (0.007 s)
   2.389 s  a: activate Warcraft window (0.039 s)
   2.394 s  a: read pointer (0.005 s)
   2.402 s  a: move pointer (0.008 s)
   2.409 s  a: read pointer (0.006 s)
   2.475 s  b: read text (0.473 s)
   2.552 s  a: press button (0.016 s)
   2.567 s  b: capture frame (0.039 s)
   2.625 s  a: release button (0.009 s)
   2.664 s  a: capture frame (0.038 s)
   2.790 s  b: read text (0.222 s)
   2.869 s  b: capture frame (0.027 s)
   3.044 s  a: read text (0.380 s)
   3.077 s  b: read text (0.208 s)
   3.131 s  a: capture frame (0.034 s)
   3.152 s  b: capture frame (0.023 s)
   3.334 s  a: read text (0.203 s)
   3.421 s  a: capture frame (0.033 s)
   3.478 s  b: read text (0.325 s)
   3.566 s  b: capture frame (0.037 s)
   3.650 s  a: read text (0.229 s)
   3.725 s  a: capture frame (0.022 s)
   4.036 s  b: read text (0.470 s)
   4.037 s  b at Custom Games (3.791 s)
   4.110 s  a: read text (0.384 s)
   4.199 s  a: capture frame (0.037 s)
   4.490 s  a: read text (0.290 s)
   4.491 s  a at Custom Games (4.248 s)
   4.496 s  a: focus Warcraft (0.004 s)
   4.531 s  a: activate Warcraft window (0.035 s)
   4.535 s  a: read pointer (0.004 s)
   4.541 s  a: move pointer (0.006 s)
   4.546 s  a: read pointer (0.005 s)
   4.673 s  a: press button (0.005 s)
   4.740 s  a: release button (0.005 s)
   4.764 s  a: capture frame (0.024 s)
   5.091 s  a: read text (0.327 s)
   5.177 s  a: capture frame (0.032 s)
   5.386 s  a: read text (0.209 s)
   5.459 s  a: capture frame (0.021 s)
   5.670 s  a: read text (0.210 s)
   5.746 s  a: capture frame (0.024 s)
   6.090 s  a: read text (0.344 s)
   6.181 s  a: capture frame (0.038 s)
   6.539 s  a: read text (0.358 s)
   6.542 s  a: focus Warcraft (0.003 s)
   6.578 s  a: activate Warcraft window (0.036 s)
   6.583 s  a: read pointer (0.004 s)
   6.589 s  a: move pointer (0.006 s)
   6.596 s  a: read pointer (0.006 s)
   6.725 s  a: press button (0.007 s)
   6.792 s  a: release button (0.005 s)
   6.826 s  a: capture frame (0.034 s)
   7.080 s  a: read text (0.254 s)
   7.084 s  a: focus Warcraft (0.003 s)
   7.120 s  a: activate Warcraft window (0.035 s)
   7.126 s  a: read pointer (0.006 s)
   7.632 s  a: input batch (4 actions) (0.505 s)
   7.653 s  a: capture frame (0.021 s)
   7.842 s  a: read text (0.189 s)
   7.916 s  a: capture frame (0.022 s)
   8.149 s  a: read text (0.233 s)
   8.228 s  a: capture frame (0.028 s)
   8.430 s  a: read text (0.202 s)
   8.509 s  a: capture frame (0.027 s)
   8.687 s  a: read text (0.178 s)
   8.753 s  a: capture frame (0.015 s)
   8.925 s  a: read text (0.171 s)
   9.001 s  a: capture frame (0.024 s)
   9.180 s  a: read text (0.179 s)
   9.262 s  a: capture frame (0.030 s)
   9.524 s  a: read text (0.261 s)
   9.589 s  a: capture frame (0.012 s)
   9.774 s  a: read text (0.184 s)
   9.838 s  a: capture frame (0.013 s)
  10.056 s  a: read text (0.218 s)
  10.122 s  a: capture frame (0.013 s)
  10.364 s  a: read text (0.241 s)
  10.431 s  a: capture frame (0.015 s)
  10.675 s  a: read text (0.244 s)
  10.747 s  a: capture frame (0.021 s)
  10.941 s  a: read text (0.194 s)
  10.942 s  a hosting "scdev muvg59jn" (6.450 s)
  10.946 s  b: focus Warcraft (0.003 s)
  10.981 s  b: activate Warcraft window (0.034 s)
  10.986 s  b: read pointer (0.005 s)
  10.995 s  b: move pointer (0.008 s)
  11.000 s  b: read pointer (0.004 s)
  11.128 s  b: press button (0.006 s)
  11.195 s  b: release button (0.005 s)
  11.199 s  b: focus Warcraft (0.002 s)
  11.238 s  b: activate Warcraft window (0.039 s)
  11.270 s  b: press ctrl+a (0.031 s)
  11.273 s  b: focus Warcraft (0.002 s)
  11.309 s  b: activate Warcraft window (0.036 s)
  11.408 s  b: type text (0.099 s)
  11.411 s  b: focus Warcraft (0.002 s)
  11.445 s  b: activate Warcraft window (0.034 s)
  11.449 s  b: read pointer (0.003 s)
  11.453 s  b: move pointer (0.004 s)
  11.458 s  b: read pointer (0.005 s)
  11.584 s  b: press button (0.005 s)
  11.650 s  b: release button (0.004 s)
  11.679 s  b: capture frame (0.028 s)
  11.894 s  b: read text (0.215 s)
  11.909 s  b: capture frame (0.014 s)
  12.096 s  b: read text (0.187 s)
  12.162 s  b: capture frame (0.014 s)
  12.359 s  b: read text (0.197 s)
  12.382 s  b: capture frame (0.023 s)
  12.631 s  b: read text (0.249 s)
  12.695 s  b: capture frame (0.013 s)
  12.905 s  b: read text (0.209 s)
  12.920 s  b: capture frame (0.014 s)
  13.161 s  b: read text (0.241 s)
  13.234 s  b: capture frame (0.021 s)
  13.430 s  b: read text (0.196 s)
  13.448 s  b: capture frame (0.018 s)
  13.672 s  b: read text (0.223 s)
  13.745 s  b: capture frame (0.022 s)
  13.938 s  b: read text (0.193 s)
  13.956 s  b: capture frame (0.017 s)
  14.172 s  b: read text (0.216 s)
  14.255 s  b: capture frame (0.032 s)
  14.449 s  b: read text (0.194 s)
  14.467 s  b: capture frame (0.017 s)
  14.677 s  b: read text (0.210 s)
  14.746 s  b: capture frame (0.018 s)
  14.950 s  b: read text (0.203 s)
  14.980 s  b: capture frame (0.029 s)
  15.260 s  b: read text (0.280 s)
  15.328 s  b: capture frame (0.016 s)
  15.598 s  b: read text (0.270 s)
  15.623 s  b: capture frame (0.025 s)
  15.837 s  b: read text (0.214 s)
  15.925 s  b: capture frame (0.035 s)
  16.185 s  b: read text (0.259 s)
  16.202 s  b: capture frame (0.017 s)
  16.519 s  b: read text (0.316 s)
  16.589 s  b: capture frame (0.018 s)
  16.865 s  b: read text (0.276 s)
  16.865 s  b asked to join (5.923 s)
  16.895 s  a: capture frame (0.029 s)
  17.115 s  a: read text (0.220 s)
  17.115 s  everyone in the lobby (0.250 s)
  17.119 s  a: focus Warcraft (0.004 s)
  17.162 s  a: activate Warcraft window (0.042 s)
  17.170 s  a: read pointer (0.008 s)
  17.179 s  a: move pointer (0.009 s)
  17.190 s  a: read pointer (0.010 s)
  17.325 s  a: press button (0.008 s)
  17.394 s  a: release button (0.008 s)
  27.643 s  every client at character selection (10.249 s)
  27.648 s  clear old quick-match receipts (0.001 s)
  27.650 s  a: focus Warcraft (0.002 s)
  27.686 s  a: activate Warcraft window (0.035 s)
  27.791 s  a: input batch (3 actions) (0.105 s)
  27.792 s  send -dev quick (0.143 s)
  27.951 s  a quick-match receipt (0.159 s)
  27.952 s  b quick-match receipt (0.158 s)
-dev quick acknowledged by 2 client(s)
  27.952 s  quick match and client receipts (0.308 s)
  27.954 s  fresh (27.954 s)
