source=/dev/input/event2 name=Some("Smashcraft Event Retention Virtual Gamepad") clock=CLOCK_MONOTONIC epoch_ns=537855897117779 frame_rule=segment_frame+floor((t-segment_epoch)*60/1e9) first=1 delay=0 pause_policy=sequenced-map-control
readiness_receipt=/home/tom/.local/share/wc3-melee/client-b/pfx/drive_c/users/steamuser/Documents/Warcraft III/CustomMapData/smashcraft-journal-ready-keyboard-mailbox-local-e1-p1.txt
published_frame=1
published_frame=2
mailbox_emit chunk=1 bytes=7 transitions=24 elapsed_us=2348
published_frame=3
published_frame=4
published_frame=5
published_frame=6
mailbox_ack chunk=1 wait_us=67137
mailbox_emit chunk=2 bytes=7 transitions=2 elapsed_us=377
published_frame=7
published_frame=8
published_frame=9
mailbox_ack chunk=2 wait_us=62384
mailbox_emit chunk=3 bytes=7 transitions=3 elapsed_us=648
published_frame=10
published_frame=11
published_frame=12
published_frame=13
mailbox_ack chunk=3 wait_us=62393
mailbox_emit chunk=4 bytes=7 transitions=2 elapsed_us=408
published_frame=14
published_frame=15
published_frame=16
published_frame=17
mailbox_ack chunk=4 wait_us=65233
mailbox_emit chunk=5 bytes=7 transitions=4 elapsed_us=517
event mono_ns=537856197324000 frame=19 held=32 pressed=32 released=0
published_frame=18
event mono_ns=537856202516000 frame=19 held=0 pressed=0 released=32
published_frame=19
published_frame=20
published_frame=21
mailbox_ack chunk=5 wait_us=66348
mailbox_emit chunk=6 bytes=7 transitions=7 elapsed_us=884
published_frame=22
published_frame=23
published_frame=24
published_frame=25
mailbox_ack chunk=6 wait_us=68384
mailbox_emit chunk=7 bytes=7 transitions=3 elapsed_us=481
published_frame=26
published_frame=27
published_frame=28
published_frame=29
published_frame=30
mailbox_ack chunk=7 wait_us=69704
mailbox_emit chunk=8 bytes=7 transitions=2 elapsed_us=486
published_frame=31
published_frame=32
published_frame=33
published_frame=34
mailbox_ack chunk=8 wait_us=70683
mailbox_emit chunk=9 bytes=7 transitions=4 elapsed_us=883
published_frame=35
event mono_ns=537856497294000 frame=37 held=2 pressed=2 released=0
published_frame=36
published_frame=37
published_frame=38
mailbox_ack chunk=9 wait_us=64562
mailbox_emit chunk=10 bytes=7 transitions=4 elapsed_us=614
published_frame=39
published_frame=40
published_frame=41
published_frame=42
mailbox_ack chunk=10 wait_us=65526
mailbox_emit chunk=11 bytes=6 transitions=21 elapsed_us=1896
published_frame=43
published_frame=44
published_frame=45
published_frame=46
mailbox_ack chunk=11 wait_us=65738
mailbox_emit chunk=12 bytes=7 transitions=19 elapsed_us=1844
published_frame=47
published_frame=48
published_frame=49
published_frame=50
mailbox_ack chunk=12 wait_us=66551
mailbox_emit chunk=13 bytes=7 transitions=2 elapsed_us=472
published_frame=51
published_frame=52
published_frame=53
published_frame=54
published_frame=55
published_frame=56
published_frame=57
published_frame=58
mailbox_ack chunk=13 wait_us=137803
mailbox_emit chunk=14 bytes=7 transitions=5 elapsed_us=781
published_frame=59
published_frame=60
published_frame=61
published_frame=62
published_frame=63
published_frame=64
mailbox_ack chunk=14 wait_us=86737
mailbox_emit chunk=15 bytes=7 transitions=2 elapsed_us=423
published_frame=65
event mono_ns=537856997330000 frame=67 held=0 pressed=0 released=2
published_frame=66
published_frame=67
published_frame=68
mailbox_ack chunk=15 wait_us=66720
mailbox_emit chunk=16 bytes=7 transitions=3 elapsed_us=538
published_frame=69
published_frame=70
published_frame=71
published_frame=72
mailbox_ack chunk=16 wait_us=74987
mailbox_emit chunk=17 bytes=7 transitions=2 elapsed_us=451
published_frame=73
published_frame=74
published_frame=75
published_frame=76
published_frame=77
mailbox_ack chunk=17 wait_us=73793
mailbox_emit chunk=18 bytes=7 transitions=6 elapsed_us=780
published_frame=78
published_frame=79
published_frame=80
published_frame=81
mailbox_ack chunk=18 wait_us=72705
mailbox_emit chunk=19 bytes=1 transitions=26 elapsed_us=2104
published_frame=82
published_frame=83
published_frame=84
published_frame=85
mailbox_ack chunk=19 wait_us=65518
mailbox_emit chunk=20 bytes=7 transitions=27 elapsed_us=2988
published_frame=86
published_frame=87
published_frame=88
published_frame=89
mailbox_ack chunk=20 wait_us=67369
mailbox_emit chunk=21 bytes=1 transitions=27 elapsed_us=3409
published_frame=90
published_frame=91
published_frame=92
published_frame=93
mailbox_ack chunk=21 wait_us=64491
mailbox_emit chunk=22 bytes=7 transitions=28 elapsed_us=2427
published_frame=94
published_frame=95
event mono_ns=537857497256000 frame=97 held=32 pressed=32 released=0
published_frame=96
event mono_ns=537857502377000 frame=97 held=0 pressed=0 released=32
published_frame=97
published_frame=98
mailbox_ack chunk=22 wait_us=73987
mailbox_emit chunk=23 bytes=7 transitions=15 elapsed_us=1856
published_frame=99
published_frame=100
published_frame=101
published_frame=102
mailbox_ack chunk=23 wait_us=68586
mailbox_emit chunk=24 bytes=7 transitions=11 elapsed_us=1166
published_frame=103
published_frame=104
published_frame=105
published_frame=106
published_frame=107
mailbox_ack chunk=24 wait_us=71850
mailbox_emit chunk=25 bytes=7 transitions=17 elapsed_us=1570
published_frame=108
published_frame=109
published_frame=110
published_frame=111
mailbox_ack chunk=25 wait_us=65228
mailbox_emit chunk=26 bytes=3 transitions=24 elapsed_us=2168
published_frame=112
published_frame=113
published_frame=114
published_frame=115
published_frame=116
published_frame=117
published_frame=118
published_frame=119
mailbox_ack chunk=26 wait_us=134279
mailbox_emit chunk=27 bytes=7 transitions=26 elapsed_us=2543
published_frame=120
published_frame=121
published_frame=122
published_frame=123
mailbox_ack chunk=27 wait_us=74964
mailbox_emit chunk=28 bytes=7 transitions=15 elapsed_us=1782
published_frame=124
published_frame=125
published_frame=126
published_frame=127
mailbox_ack chunk=28 wait_us=64114
mailbox_emit chunk=29 bytes=6 transitions=7 elapsed_us=856
published_frame=128
published_frame=129
published_frame=130
published_frame=131
published_frame=132
mailbox_ack chunk=29 wait_us=68710
mailbox_emit chunk=30 bytes=7 transitions=20 elapsed_us=2057
published_frame=133
published_frame=134
published_frame=135
published_frame=136
mailbox_ack chunk=30 wait_us=64185
mailbox_emit chunk=31 bytes=7 transitions=14 elapsed_us=1225
published_frame=137
published_frame=138
published_frame=139
mailbox_ack chunk=31 wait_us=62147
mailbox_emit chunk=32 bytes=6 transitions=7 elapsed_us=994
published_frame=140
published_frame=141
published_frame=142
published_frame=143
published_frame=144
mailbox_ack chunk=32 wait_us=71597
mailbox_emit chunk=33 bytes=7 transitions=21 elapsed_us=1837
published_frame=145
published_frame=146
published_frame=147
published_frame=148
mailbox_ack chunk=33 wait_us=73777
mailbox_emit chunk=34 bytes=7 transitions=15 elapsed_us=1573
published_frame=149
published_frame=150
published_frame=151
published_frame=152
published_frame=153
published_frame=154
published_frame=155
event mono_ns=537858497281000 frame=157 held=32 pressed=32 released=0
published_frame=156
event mono_ns=537858502412000 frame=157 held=0 pressed=0 released=32
published_frame=157
published_frame=158
published_frame=159
published_frame=160
published_frame=161
published_frame=162
published_frame=163
published_frame=164
published_frame=165
published_frame=166
published_frame=167
mailbox_ack chunk=34 wait_us=318136
mailbox_emit chunk=35 bytes=6 transitions=7 elapsed_us=819
published_frame=168
published_frame=169
published_frame=170
published_frame=171
published_frame=172
mailbox_ack chunk=35 wait_us=75217
mailbox_emit chunk=36 bytes=7 transitions=20 elapsed_us=1964
published_frame=173
published_frame=174
published_frame=175
published_frame=176
published_frame=177
published_frame=178
published_frame=179
published_frame=180
published_frame=181
published_frame=182
mailbox_ack chunk=36 wait_us=166279
mailbox_emit chunk=37 bytes=7 transitions=14 elapsed_us=1500
published_frame=183
published_frame=184
published_frame=185
published_frame=186
published_frame=187
mailbox_ack chunk=37 wait_us=75444
mailbox_emit chunk=38 bytes=6 transitions=7 elapsed_us=1273
published_frame=188
published_frame=189
published_frame=190
published_frame=191
mailbox_ack chunk=38 wait_us=69808
mailbox_emit chunk=39 bytes=7 transitions=22 elapsed_us=2549
published_frame=192
published_frame=193
published_frame=194
published_frame=195
published_frame=196
mailbox_ack chunk=39 wait_us=77147
mailbox_emit chunk=40 bytes=7 transitions=16 elapsed_us=1689
published_frame=197
published_frame=198
published_frame=199
published_frame=200
mailbox_ack chunk=40 wait_us=68969
mailbox_emit chunk=41 bytes=6 transitions=7 elapsed_us=1177
published_frame=201
published_frame=202
published_frame=203
published_frame=204
published_frame=205
mailbox_ack chunk=41 wait_us=76238
mailbox_emit chunk=42 bytes=7 transitions=21 elapsed_us=2156
published_frame=206
published_frame=207
published_frame=208
published_frame=209
mailbox_ack chunk=42 wait_us=71806
mailbox_emit chunk=43 bytes=7 transitions=15 elapsed_us=1650
published_frame=210
published_frame=211
published_frame=212
published_frame=213
published_frame=214
mailbox_ack chunk=43 wait_us=71974
mailbox_emit chunk=44 bytes=6 transitions=7 elapsed_us=818
published_frame=215
published_frame=216
published_frame=217
published_frame=218
mailbox_ack chunk=44 wait_us=77981
mailbox_emit chunk=45 bytes=7 transitions=19 elapsed_us=2074
published_frame=219
published_frame=220
published_frame=221
published_frame=222
published_frame=223
mailbox_ack chunk=45 wait_us=72676
mailbox_emit chunk=46 bytes=7 transitions=13 elapsed_us=1328
published_frame=224
published_frame=225
published_frame=226
published_frame=227
mailbox_ack chunk=46 wait_us=68862
mailbox_emit chunk=47 bytes=6 transitions=7 elapsed_us=970
published_frame=228
published_frame=229
published_frame=230
published_frame=231
published_frame=232
published_frame=233
published_frame=234
published_frame=235
published_frame=236
published_frame=237
published_frame=238
published_frame=239
mailbox_ack chunk=47 wait_us=189715
mailbox_emit chunk=48 bytes=7 transitions=18 elapsed_us=1883
published_frame=240
published_frame=241
published_frame=242
published_frame=243
mailbox_ack chunk=48 wait_us=77892
mailbox_emit chunk=49 bytes=7 transitions=12 elapsed_us=1340
published_frame=244
published_frame=245
published_frame=246
published_frame=247
published_frame=248
mailbox_ack chunk=49 wait_us=72987
mailbox_emit chunk=50 bytes=6 transitions=7 elapsed_us=892
published_frame=249
published_frame=250
published_frame=251
published_frame=252
published_frame=253
mailbox_ack chunk=50 wait_us=94207
mailbox_emit chunk=51 bytes=7 transitions=20 elapsed_us=1715
published_frame=254
published_frame=255
published_frame=256
published_frame=257
published_frame=258
mailbox_ack chunk=51 wait_us=68593
mailbox_emit chunk=52 bytes=7 transitions=14 elapsed_us=1586
published_frame=259
published_frame=260
published_frame=261
published_frame=262
mailbox_ack chunk=52 wait_us=68328
mailbox_emit chunk=53 bytes=6 transitions=7 elapsed_us=828
published_frame=263
published_frame=264
published_frame=265
published_frame=266
mailbox_ack chunk=53 wait_us=72131
mailbox_emit chunk=54 bytes=7 transitions=19 elapsed_us=1771
published_frame=267
published_frame=268
published_frame=269
published_frame=270
published_frame=271
mailbox_ack chunk=54 wait_us=69529
mailbox_emit chunk=55 bytes=7 transitions=13 elapsed_us=1833
published_frame=272
published_frame=273
published_frame=274
published_frame=275
mailbox_ack chunk=55 wait_us=71943
mailbox_emit chunk=56 bytes=6 transitions=7 elapsed_us=847
published_frame=276
published_frame=277
published_frame=278
published_frame=279
mailbox_ack chunk=56 wait_us=72639
mailbox_emit chunk=57 bytes=7 transitions=20 elapsed_us=2194
published_frame=280
published_frame=281
published_frame=282
published_frame=283
published_frame=284
mailbox_ack chunk=57 wait_us=72811
mailbox_emit chunk=58 bytes=7 transitions=14 elapsed_us=1319
published_frame=285
published_frame=286
published_frame=287
published_frame=288
mailbox_ack chunk=58 wait_us=65179
mailbox_emit chunk=59 bytes=6 transitions=7 elapsed_us=1040
published_frame=289
published_frame=290
published_frame=291
published_frame=292
mailbox_ack chunk=59 wait_us=70758
mailbox_emit chunk=60 bytes=7 transitions=19 elapsed_us=2070
published_frame=293
published_frame=294
published_frame=295
published_frame=296
published_frame=297
mailbox_ack chunk=60 wait_us=76200
mailbox_emit chunk=61 bytes=7 transitions=13 elapsed_us=1682
published_frame=298
published_frame=299
published_frame=300
mailbox_ack chunk=61 wait_us=80783
mailbox_emit chunk=62 bytes=6 transitions=7 elapsed_us=1322
mailbox_ack chunk=62 wait_us=79509
mailbox_emit chunk=63 bytes=7 transitions=20 elapsed_us=2152
mailbox_ack chunk=63 wait_us=80062
mailbox_emit chunk=64 bytes=7 transitions=14 elapsed_us=1976
mailbox_ack chunk=64 wait_us=69915
mailbox_emit chunk=65 bytes=6 transitions=7 elapsed_us=1134
mailbox_ack chunk=65 wait_us=74837
mailbox_emit chunk=66 bytes=7 transitions=19 elapsed_us=1813
mailbox_ack chunk=66 wait_us=79035
mailbox_emit chunk=67 bytes=7 transitions=13 elapsed_us=1137
mailbox_ack chunk=67 wait_us=70641
mailbox_emit chunk=68 bytes=6 transitions=7 elapsed_us=983
mailbox_ack chunk=68 wait_us=79437
mailbox_emit chunk=69 bytes=7 transitions=17 elapsed_us=2125
mailbox_ack chunk=69 wait_us=77028
mailbox_emit chunk=70 bytes=7 transitions=15 elapsed_us=1513
mailbox_ack chunk=70 wait_us=70876
mailbox_emit chunk=71 bytes=7 transitions=13 elapsed_us=1690
mailbox_ack chunk=71 wait_us=84547
mailbox_emit chunk=72 bytes=1 transitions=26 elapsed_us=2556
mailbox_ack chunk=72 wait_us=74972
mailbox_emit chunk=73 bytes=7 transitions=26 elapsed_us=2964
mailbox_ack chunk=73 wait_us=76128
mailbox_emit chunk=74 bytes=1 transitions=26 elapsed_us=2822
mailbox_ack chunk=74 wait_us=69733
mailbox_emit chunk=75 bytes=7 transitions=27 elapsed_us=2855
mailbox_ack chunk=75 wait_us=77966
mailbox_emit chunk=76 bytes=1 transitions=27 elapsed_us=2483
mailbox_ack chunk=76 wait_us=72039
mailbox_emit chunk=77 bytes=7 transitions=26 elapsed_us=2635
mailbox_ack chunk=77 wait_us=82198
mailbox_emit chunk=78 bytes=1 transitions=26 elapsed_us=2209
mailbox_ack chunk=78 wait_us=71917
mailbox_emit chunk=79 bytes=7 transitions=27 elapsed_us=3054
mailbox_ack chunk=79 wait_us=79313
mailbox_emit chunk=80 bytes=1 transitions=27 elapsed_us=2365
mailbox_ack chunk=80 wait_us=84574
mailbox_emit chunk=81 bytes=7 transitions=27 elapsed_us=2806
mailbox_ack chunk=81 wait_us=84524
mailbox_emit chunk=82 bytes=1 transitions=27 elapsed_us=2896
mailbox_ack chunk=82 wait_us=73780
mailbox_emit chunk=83 bytes=7 transitions=28 elapsed_us=3317
mailbox_ack chunk=83 wait_us=84426
mailbox_emit chunk=84 bytes=1 transitions=28 elapsed_us=2849
mailbox_ack chunk=84 wait_us=69848
mailbox_emit chunk=85 bytes=7 transitions=26 elapsed_us=2247
mailbox_ack chunk=85 wait_us=75746
mailbox_emit chunk=86 bytes=1 transitions=26 elapsed_us=2715
mailbox_ack chunk=86 wait_us=68226
mailbox_emit chunk=87 bytes=7 transitions=27 elapsed_us=2635
mailbox_ack chunk=87 wait_us=82508
mailbox_emit chunk=88 bytes=1 transitions=27 elapsed_us=2562
mailbox_ack chunk=88 wait_us=83317
mailbox_emit chunk=89 bytes=7 transitions=27 elapsed_us=2201
mailbox_ack chunk=89 wait_us=87592
mailbox_emit chunk=90 bytes=1 transitions=27 elapsed_us=2715
mailbox_ack chunk=90 wait_us=74857
mailbox_emit chunk=91 bytes=7 transitions=28 elapsed_us=2405
mailbox_ack chunk=91 wait_us=73568
mailbox_emit chunk=92 bytes=1 transitions=28 elapsed_us=2632
mailbox_ack chunk=92 wait_us=79131
mailbox_emit chunk=93 bytes=7 transitions=27 elapsed_us=2988
mailbox_ack chunk=93 wait_us=83728
mailbox_emit chunk=94 bytes=1 transitions=27 elapsed_us=2993
mailbox_ack chunk=94 wait_us=82234
mailbox_emit chunk=95 bytes=7 transitions=28 elapsed_us=2503
mailbox_ack chunk=95 wait_us=83316
mailbox_emit chunk=96 bytes=1 transitions=28 elapsed_us=2686
mailbox_ack chunk=96 wait_us=72836
mailbox_emit chunk=97 bytes=7 transitions=29 elapsed_us=2630
mailbox_ack chunk=97 wait_us=82561
mailbox_emit chunk=98 bytes=1 transitions=29 elapsed_us=3041
mailbox_ack chunk=98 wait_us=71592
mailbox_emit chunk=99 bytes=7 transitions=28 elapsed_us=3427
mailbox_ack chunk=99 wait_us=74757
mailbox_emit chunk=100 bytes=7 transitions=20 elapsed_us=2218
mailbox_ack chunk=100 wait_us=77989
mailbox_emit chunk=101 bytes=7 transitions=20 elapsed_us=1833
mailbox_ack chunk=101 wait_us=80225
mailbox_emit chunk=102 bytes=1 transitions=28 elapsed_us=2541
mailbox_ack chunk=102 wait_us=73506
mailbox_emit chunk=103 bytes=7 transitions=27 elapsed_us=2328
mailbox_ack chunk=103 wait_us=76861
mailbox_emit chunk=104 bytes=1 transitions=27 elapsed_us=2902
mailbox_ack chunk=104 wait_us=69483
mailbox_emit chunk=105 bytes=7 transitions=27 elapsed_us=2440
mailbox_ack chunk=105 wait_us=87510
mailbox_emit chunk=106 bytes=1 transitions=27 elapsed_us=2982
mailbox_ack chunk=106 wait_us=73725
mailbox_emit chunk=107 bytes=7 transitions=28 elapsed_us=2830
mailbox_ack chunk=107 wait_us=79729
mailbox_emit chunk=108 bytes=1 transitions=28 elapsed_us=3172
mailbox_ack chunk=108 wait_us=83078
mailbox_emit chunk=109 bytes=7 transitions=27 elapsed_us=2533
mailbox_ack chunk=109 wait_us=73832
mailbox_emit chunk=110 bytes=1 transitions=27 elapsed_us=2346
mailbox_ack chunk=110 wait_us=72340
mailbox_emit chunk=111 bytes=7 transitions=28 elapsed_us=2243
mailbox_ack chunk=111 wait_us=75785
mailbox_emit chunk=112 bytes=1 transitions=28 elapsed_us=2844
mailbox_ack chunk=112 wait_us=72813
mailbox_emit chunk=113 bytes=7 transitions=28 elapsed_us=2872
mailbox_ack chunk=113 wait_us=86601
mailbox_emit chunk=114 bytes=1 transitions=28 elapsed_us=3197
mailbox_ack chunk=114 wait_us=76054
mailbox_emit chunk=115 bytes=7 transitions=29 elapsed_us=3011
mailbox_ack chunk=115 wait_us=86670
mailbox_emit chunk=116 bytes=1 transitions=29 elapsed_us=2683
mailbox_ack chunk=116 wait_us=76898
mailbox_emit chunk=117 bytes=7 transitions=27 elapsed_us=2916
mailbox_ack chunk=117 wait_us=90847
mailbox_emit chunk=118 bytes=1 transitions=27 elapsed_us=2802
mailbox_ack chunk=118 wait_us=71673
mailbox_emit chunk=119 bytes=7 transitions=28 elapsed_us=2736
mailbox_ack chunk=119 wait_us=81238
mailbox_emit chunk=120 bytes=1 transitions=28 elapsed_us=3193
mailbox_ack chunk=120 wait_us=81136
mailbox_emit chunk=121 bytes=7 transitions=28 elapsed_us=3027
mailbox_ack chunk=121 wait_us=90301
mailbox_emit chunk=122 bytes=1 transitions=28 elapsed_us=2852
mailbox_ack chunk=122 wait_us=70630
mailbox_emit chunk=123 bytes=7 transitions=29 elapsed_us=2369
mailbox_ack chunk=123 wait_us=81160
mailbox_emit chunk=124 bytes=1 transitions=29 elapsed_us=3420
mailbox_ack chunk=124 wait_us=76618
mailbox_emit chunk=125 bytes=7 transitions=28 elapsed_us=3697
mailbox_ack chunk=125 wait_us=81660
mailbox_emit chunk=126 bytes=1 transitions=28 elapsed_us=2767
mailbox_ack chunk=126 wait_us=76829
mailbox_emit chunk=127 bytes=7 transitions=29 elapsed_us=2694
mailbox_ack chunk=127 wait_us=83257
mailbox_emit chunk=128 bytes=1 transitions=29 elapsed_us=3478
mailbox_ack chunk=128 wait_us=91733
mailbox_emit chunk=129 bytes=7 transitions=30 elapsed_us=2454
mailbox_ack chunk=129 wait_us=80215
mailbox_emit chunk=130 bytes=1 transitions=30 elapsed_us=2613
mailbox_ack chunk=130 wait_us=73587
mailbox_emit chunk=131 bytes=7 transitions=26 elapsed_us=2797
mailbox_ack chunk=131 wait_us=76960
mailbox_emit chunk=132 bytes=1 transitions=26 elapsed_us=2645
mailbox_ack chunk=132 wait_us=69388
mailbox_emit chunk=133 bytes=7 transitions=27 elapsed_us=2894
mailbox_ack chunk=133 wait_us=77027
mailbox_emit chunk=134 bytes=1 transitions=27 elapsed_us=2303
mailbox_ack chunk=134 wait_us=84805
mailbox_emit chunk=135 bytes=7 transitions=26 elapsed_us=2307
mailbox_ack chunk=135 wait_us=85789
mailbox_emit chunk=136 bytes=1 transitions=26 elapsed_us=2254
mailbox_ack chunk=136 wait_us=83519
mailbox_emit chunk=137 bytes=7 transitions=26 elapsed_us=2570
mailbox_ack chunk=137 wait_us=79392
mailbox_emit chunk=138 bytes=1 transitions=26 elapsed_us=2763
mailbox_ack chunk=138 wait_us=85788
mailbox_emit chunk=139 bytes=7 transitions=27 elapsed_us=3213
mailbox_ack chunk=139 wait_us=87670
mailbox_emit chunk=140 bytes=1 transitions=27 elapsed_us=3066
mailbox_ack chunk=140 wait_us=73950
mailbox_emit chunk=141 bytes=7 transitions=26 elapsed_us=2112
mailbox_ack chunk=141 wait_us=79542
mailbox_emit chunk=142 bytes=1 transitions=26 elapsed_us=2649
mailbox_ack chunk=142 wait_us=74793
mailbox_emit chunk=143 bytes=7 transitions=27 elapsed_us=3154
mailbox_ack chunk=143 wait_us=78080
mailbox_emit chunk=144 bytes=1 transitions=27 elapsed_us=2478
mailbox_ack chunk=144 wait_us=80300
mailbox_emit chunk=145 bytes=7 transitions=27 elapsed_us=2427
mailbox_ack chunk=145 wait_us=93962
mailbox_emit chunk=146 bytes=1 transitions=27 elapsed_us=2648
mailbox_ack chunk=146 wait_us=76201
mailbox_emit chunk=147 bytes=7 transitions=28 elapsed_us=2669
mailbox_ack chunk=147 wait_us=77097
mailbox_emit chunk=148 bytes=1 transitions=28 elapsed_us=2842
mailbox_ack chunk=148 wait_us=69884
mailbox_emit chunk=149 bytes=7 transitions=26 elapsed_us=3426
mailbox_ack chunk=149 wait_us=74739
mailbox_emit chunk=150 bytes=1 transitions=26 elapsed_us=2659
mailbox_ack chunk=150 wait_us=73677
mailbox_emit chunk=151 bytes=7 transitions=27 elapsed_us=2746
mailbox_ack chunk=151 wait_us=80416
mailbox_emit chunk=152 bytes=1 transitions=27 elapsed_us=2215
mailbox_ack chunk=152 wait_us=81182
mailbox_emit chunk=153 bytes=7 transitions=27 elapsed_us=3286
mailbox_ack chunk=153 wait_us=81787
mailbox_emit chunk=154 bytes=1 transitions=27 elapsed_us=2517
mailbox_ack chunk=154 wait_us=73698
mailbox_emit chunk=155 bytes=7 transitions=28 elapsed_us=3210
mailbox_ack chunk=155 wait_us=94022
mailbox_emit chunk=156 bytes=1 transitions=28 elapsed_us=3076
mailbox_ack chunk=156 wait_us=80100
mailbox_emit chunk=157 bytes=7 transitions=27 elapsed_us=3017
mailbox_ack chunk=157 wait_us=97325
mailbox_emit chunk=158 bytes=1 transitions=27 elapsed_us=2944
mailbox_ack chunk=158 wait_us=70940
mailbox_emit chunk=159 bytes=7 transitions=29 elapsed_us=2362
mailbox_ack chunk=159 wait_us=95403
mailbox_emit chunk=160 bytes=7 transitions=21 elapsed_us=1748
mailbox_ack chunk=160 wait_us=75905
mailbox_emit chunk=161 bytes=7 transitions=23 elapsed_us=3146
mailbox_ack chunk=161 wait_us=80327
mailbox_emit chunk=162 bytes=1 transitions=29 elapsed_us=3759
mailbox_ack chunk=162 wait_us=73601
mailbox_emit chunk=163 bytes=7 transitions=27 elapsed_us=2895
mailbox_ack chunk=163 wait_us=81445
mailbox_emit chunk=164 bytes=1 transitions=27 elapsed_us=3201
mailbox_ack chunk=164 wait_us=87898
mailbox_emit chunk=165 bytes=7 transitions=28 elapsed_us=3048
mailbox_ack chunk=165 wait_us=83382
mailbox_emit chunk=166 bytes=1 transitions=28 elapsed_us=2293
mailbox_ack chunk=166 wait_us=92486
mailbox_emit chunk=167 bytes=7 transitions=27 elapsed_us=2326
mailbox_ack chunk=167 wait_us=88650
mailbox_emit chunk=168 bytes=1 transitions=27 elapsed_us=2359
mailbox_ack chunk=168 wait_us=79155
mailbox_emit chunk=169 bytes=7 transitions=27 elapsed_us=2677
mailbox_ack chunk=169 wait_us=80138
mailbox_emit chunk=170 bytes=1 transitions=27 elapsed_us=2679
mailbox_ack chunk=170 wait_us=83545
mailbox_emit chunk=171 bytes=7 transitions=28 elapsed_us=2658
mailbox_ack chunk=171 wait_us=84822
mailbox_emit chunk=172 bytes=1 transitions=28 elapsed_us=2893
mailbox_ack chunk=172 wait_us=89154
mailbox_emit chunk=173 bytes=7 transitions=27 elapsed_us=2828
mailbox_ack chunk=173 wait_us=77929
mailbox_emit chunk=174 bytes=1 transitions=27 elapsed_us=2393
mailbox_ack chunk=174 wait_us=82303
mailbox_emit chunk=175 bytes=7 transitions=28 elapsed_us=2233
mailbox_ack chunk=175 wait_us=83300
mailbox_emit chunk=176 bytes=1 transitions=28 elapsed_us=2482
mailbox_ack chunk=176 wait_us=71547
mailbox_emit chunk=177 bytes=7 transitions=28 elapsed_us=2664
mailbox_ack chunk=177 wait_us=85436
mailbox_emit chunk=178 bytes=1 transitions=28 elapsed_us=3098
mailbox_ack chunk=178 wait_us=88646
mailbox_emit chunk=179 bytes=7 transitions=29 elapsed_us=3210
mailbox_ack chunk=179 wait_us=82346
mailbox_emit chunk=180 bytes=1 transitions=29 elapsed_us=3754
mailbox_ack chunk=180 wait_us=99739
mailbox_emit chunk=181 bytes=7 transitions=27 elapsed_us=2869
mailbox_ack chunk=181 wait_us=92236
mailbox_emit chunk=182 bytes=1 transitions=27 elapsed_us=2333
mailbox_ack chunk=182 wait_us=84565
mailbox_emit chunk=183 bytes=7 transitions=28 elapsed_us=2564
mailbox_ack chunk=183 wait_us=80307
mailbox_emit chunk=184 bytes=1 transitions=28 elapsed_us=2743
mailbox_ack chunk=184 wait_us=81589
mailbox_emit chunk=185 bytes=7 transitions=28 elapsed_us=3053
mailbox_ack chunk=185 wait_us=79211
mailbox_emit chunk=186 bytes=1 transitions=28 elapsed_us=2679
mailbox_ack chunk=186 wait_us=85045
mailbox_emit chunk=187 bytes=7 transitions=29 elapsed_us=3042
mailbox_ack chunk=187 wait_us=91071
mailbox_emit chunk=188 bytes=1 transitions=29 elapsed_us=2833
mailbox_ack chunk=188 wait_us=85678
mailbox_emit chunk=189 bytes=7 transitions=28 elapsed_us=2806
mailbox_ack chunk=189 wait_us=86652
mailbox_emit chunk=190 bytes=1 transitions=28 elapsed_us=2466
mailbox_ack chunk=190 wait_us=89839
mailbox_emit chunk=191 bytes=7 transitions=29 elapsed_us=2657
mailbox_ack chunk=191 wait_us=93330
mailbox_emit chunk=192 bytes=1 transitions=29 elapsed_us=3898
mailbox_ack chunk=192 wait_us=79219
mailbox_emit chunk=193 bytes=7 transitions=30 elapsed_us=3615
mailbox_ack chunk=193 wait_us=87650
mailbox_emit chunk=194 bytes=1 transitions=30 elapsed_us=2478
mailbox_ack chunk=194 wait_us=70585
mailbox_emit chunk=195 bytes=7 transitions=27 elapsed_us=2841
mailbox_ack chunk=195 wait_us=81501
mailbox_emit chunk=196 bytes=1 transitions=27 elapsed_us=2603
mailbox_ack chunk=196 wait_us=77147
mailbox_emit chunk=197 bytes=7 transitions=28 elapsed_us=2504
mailbox_ack chunk=197 wait_us=103781
mailbox_emit chunk=198 bytes=1 transitions=28 elapsed_us=2541
mailbox_ack chunk=198 wait_us=83887
mailbox_emit chunk=199 bytes=7 transitions=27 elapsed_us=2417
mailbox_ack chunk=199 wait_us=98614
mailbox_emit chunk=200 bytes=1 transitions=27 elapsed_us=2566
mailbox_ack chunk=200 wait_us=75213
mailbox_emit chunk=201 bytes=7 transitions=27 elapsed_us=2860
mailbox_ack chunk=201 wait_us=78150
mailbox_emit chunk=202 bytes=1 transitions=27 elapsed_us=2961
mailbox_ack chunk=202 wait_us=84150
mailbox_emit chunk=203 bytes=7 transitions=28 elapsed_us=3434
mailbox_ack chunk=203 wait_us=97206
mailbox_emit chunk=204 bytes=1 transitions=28 elapsed_us=3222
mailbox_ack chunk=204 wait_us=86950
mailbox_emit chunk=205 bytes=7 transitions=27 elapsed_us=2562
mailbox_ack chunk=205 wait_us=90829
mailbox_emit chunk=206 bytes=1 transitions=27 elapsed_us=2819
mailbox_ack chunk=206 wait_us=85554
mailbox_emit chunk=207 bytes=7 transitions=28 elapsed_us=3129
mailbox_ack chunk=207 wait_us=82390
mailbox_emit chunk=208 bytes=1 transitions=28 elapsed_us=2853
mailbox_ack chunk=208 wait_us=96633
mailbox_emit chunk=209 bytes=7 transitions=28 elapsed_us=2120
mailbox_ack chunk=209 wait_us=88000
mailbox_emit chunk=210 bytes=1 transitions=28 elapsed_us=3003
mailbox_ack chunk=210 wait_us=85507
mailbox_emit chunk=211 bytes=7 transitions=29 elapsed_us=3117
mailbox_ack chunk=211 wait_us=86674
mailbox_emit chunk=212 bytes=1 transitions=29 elapsed_us=3403
mailbox_ack chunk=212 wait_us=76969
mailbox_emit chunk=213 bytes=7 transitions=27 elapsed_us=2301
mailbox_ack chunk=213 wait_us=82324
mailbox_emit chunk=214 bytes=1 transitions=27 elapsed_us=3496
mailbox_ack chunk=214 wait_us=79537
mailbox_emit chunk=215 bytes=7 transitions=28 elapsed_us=3090
mailbox_ack chunk=215 wait_us=82268
mailbox_emit chunk=216 bytes=1 transitions=28 elapsed_us=2477
mailbox_ack chunk=216 wait_us=89185
mailbox_emit chunk=217 bytes=7 transitions=28 elapsed_us=2760
mailbox_ack chunk=217 wait_us=81767
mailbox_emit chunk=218 bytes=1 transitions=28 elapsed_us=3285
mailbox_ack chunk=218 wait_us=84801
mailbox_emit chunk=219 bytes=7 transitions=29 elapsed_us=3041
mailbox_ack chunk=219 wait_us=78835
mailbox_emit chunk=220 bytes=1 transitions=29 elapsed_us=2928
mailbox_ack chunk=220 wait_us=83512
mailbox_emit chunk=221 bytes=7 transitions=28 elapsed_us=4480
mailbox_ack chunk=221 wait_us=89854
mailbox_emit chunk=222 bytes=1 transitions=28 elapsed_us=2404
mailbox_ack chunk=222 wait_us=77969
mailbox_emit chunk=223 bytes=7 transitions=29 elapsed_us=4236
mailbox_ack chunk=223 wait_us=84602
mailbox_emit chunk=224 bytes=1 transitions=29 elapsed_us=2496
mailbox_ack chunk=224 wait_us=84702
mailbox_emit chunk=225 bytes=7 transitions=30 elapsed_us=3012
mailbox_ack chunk=225 wait_us=81179
mailbox_emit chunk=226 bytes=1 transitions=30 elapsed_us=3166
mailbox_ack chunk=226 wait_us=86506
mailbox_emit chunk=227 bytes=7 transitions=28 elapsed_us=2854
mailbox_ack chunk=227 wait_us=79272
mailbox_emit chunk=228 bytes=1 transitions=28 elapsed_us=2963
mailbox_ack chunk=228 wait_us=85475
mailbox_emit chunk=229 bytes=7 transitions=29 elapsed_us=2989
mailbox_ack chunk=229 wait_us=82437
mailbox_emit chunk=230 bytes=1 transitions=29 elapsed_us=3404
mailbox_ack chunk=230 wait_us=74998
mailbox_emit chunk=231 bytes=7 transitions=28 elapsed_us=2484
mailbox_ack chunk=231 wait_us=90831
mailbox_emit chunk=232 bytes=1 transitions=28 elapsed_us=2569
mailbox_ack chunk=232 wait_us=75671
mailbox_emit chunk=233 bytes=7 transitions=28 elapsed_us=2672
mailbox_ack chunk=233 wait_us=90823
mailbox_emit chunk=234 bytes=1 transitions=28 elapsed_us=2351
mailbox_ack chunk=234 wait_us=69423
mailbox_emit chunk=235 bytes=7 transitions=29 elapsed_us=2374
mailbox_ack chunk=235 wait_us=87746
mailbox_emit chunk=236 bytes=1 transitions=29 elapsed_us=3734
mailbox_ack chunk=236 wait_us=85528
mailbox_emit chunk=237 bytes=7 transitions=28 elapsed_us=2665
mailbox_ack chunk=237 wait_us=82266
mailbox_emit chunk=238 bytes=1 transitions=28 elapsed_us=2718
mailbox_ack chunk=238 wait_us=78954
mailbox_emit chunk=239 bytes=7 transitions=29 elapsed_us=3049
mailbox_ack chunk=239 wait_us=80003
mailbox_emit chunk=240 bytes=1 transitions=29 elapsed_us=3060
mailbox_ack chunk=240 wait_us=74761
mailbox_emit chunk=241 bytes=7 transitions=29 elapsed_us=3469
mailbox_ack chunk=241 wait_us=83384
mailbox_emit chunk=242 bytes=1 transitions=29 elapsed_us=3057
mailbox_ack chunk=242 wait_us=94185
mailbox_emit chunk=243 bytes=7 transitions=30 elapsed_us=2600
mailbox_ack chunk=243 wait_us=90580
mailbox_emit chunk=244 bytes=1 transitions=30 elapsed_us=3394
mailbox_ack chunk=244 wait_us=83580
mailbox_emit chunk=245 bytes=7 transitions=28 elapsed_us=2217
mailbox_ack chunk=245 wait_us=94266
mailbox_emit chunk=246 bytes=1 transitions=28 elapsed_us=3016
mailbox_ack chunk=246 wait_us=84893
mailbox_emit chunk=247 bytes=7 transitions=29 elapsed_us=2512
mailbox_ack chunk=247 wait_us=89664
mailbox_emit chunk=248 bytes=1 transitions=29 elapsed_us=2295
mailbox_ack chunk=248 wait_us=88545
mailbox_emit chunk=249 bytes=7 transitions=29 elapsed_us=2721
mailbox_ack chunk=249 wait_us=99911
mailbox_emit chunk=250 bytes=1 transitions=29 elapsed_us=2848
mailbox_ack chunk=250 wait_us=88924
mailbox_emit chunk=251 bytes=7 transitions=30 elapsed_us=2656
mailbox_ack chunk=251 wait_us=82639
mailbox_emit chunk=252 bytes=1 transitions=30 elapsed_us=3241
mailbox_ack chunk=252 wait_us=90891
mailbox_emit chunk=253 bytes=7 transitions=29 elapsed_us=2497
mailbox_ack chunk=253 wait_us=98495
mailbox_emit chunk=254 bytes=1 transitions=29 elapsed_us=3235
mailbox_ack chunk=254 wait_us=88509
mailbox_emit chunk=255 bytes=7 transitions=30 elapsed_us=3372
mailbox_ack chunk=255 wait_us=85201
mailbox_emit chunk=256 bytes=1 transitions=30 elapsed_us=2515
mailbox_ack chunk=256 wait_us=92137
mailbox_emit chunk=257 bytes=7 transitions=31 elapsed_us=3524
mailbox_ack chunk=257 wait_us=97504
mailbox_emit chunk=258 bytes=1 transitions=31 elapsed_us=3335
mailbox_ack chunk=258 wait_us=93305
mailbox_emit chunk=259 bytes=7 transitions=26 elapsed_us=2792
mailbox_ack chunk=259 wait_us=91991
mailbox_emit chunk=260 bytes=1 transitions=26 elapsed_us=3091
mailbox_ack chunk=260 wait_us=82939
mailbox_emit chunk=261 bytes=7 transitions=27 elapsed_us=2185
mailbox_ack chunk=261 wait_us=101505
mailbox_emit chunk=262 bytes=1 transitions=27 elapsed_us=2421
mailbox_ack chunk=262 wait_us=99001
mailbox_emit chunk=263 bytes=7 transitions=26 elapsed_us=3237
mailbox_ack chunk=263 wait_us=95295
mailbox_emit chunk=264 bytes=1 transitions=26 elapsed_us=2205
mailbox_ack chunk=264 wait_us=87778
mailbox_emit chunk=265 bytes=7 transitions=26 elapsed_us=2950
mailbox_ack chunk=265 wait_us=94821
mailbox_emit chunk=266 bytes=1 transitions=26 elapsed_us=2744
mailbox_ack chunk=266 wait_us=96897
mailbox_emit chunk=267 bytes=7 transitions=27 elapsed_us=2543
mailbox_ack chunk=267 wait_us=88777
mailbox_emit chunk=268 bytes=1 transitions=27 elapsed_us=3691
mailbox_ack chunk=268 wait_us=88851
mailbox_emit chunk=269 bytes=7 transitions=26 elapsed_us=2413
mailbox_ack chunk=269 wait_us=91012
mailbox_emit chunk=270 bytes=1 transitions=26 elapsed_us=3061
mailbox_ack chunk=270 wait_us=98661
mailbox_emit chunk=271 bytes=7 transitions=27 elapsed_us=2498
mailbox_ack chunk=271 wait_us=89863
mailbox_emit chunk=272 bytes=1 transitions=27 elapsed_us=2469
mailbox_ack chunk=272 wait_us=91729
mailbox_emit chunk=273 bytes=7 transitions=27 elapsed_us=2893
mailbox_ack chunk=273 wait_us=85437
mailbox_emit chunk=274 bytes=1 transitions=27 elapsed_us=2420
mailbox_ack chunk=274 wait_us=94164
mailbox_emit chunk=275 bytes=7 transitions=28 elapsed_us=2898
mailbox_ack chunk=275 wait_us=95551
mailbox_emit chunk=276 bytes=1 transitions=28 elapsed_us=2357
mailbox_ack chunk=276 wait_us=76066
mailbox_emit chunk=277 bytes=7 transitions=26 elapsed_us=3044
mailbox_ack chunk=277 wait_us=90854
mailbox_emit chunk=278 bytes=1 transitions=26 elapsed_us=3113
mailbox_ack chunk=278 wait_us=82032
mailbox_emit chunk=279 bytes=7 transitions=27 elapsed_us=2459
mailbox_ack chunk=279 wait_us=110944
mailbox_emit chunk=280 bytes=1 transitions=27 elapsed_us=3327
mailbox_ack chunk=280 wait_us=93902
mailbox_emit chunk=281 bytes=7 transitions=27 elapsed_us=2330
mailbox_ack chunk=281 wait_us=89782
mailbox_emit chunk=282 bytes=1 transitions=27 elapsed_us=2744
mailbox_ack chunk=282 wait_us=90012
mailbox_emit chunk=283 bytes=7 transitions=28 elapsed_us=2486
mailbox_ack chunk=283 wait_us=94360
mailbox_emit chunk=284 bytes=1 transitions=28 elapsed_us=2652
mailbox_ack chunk=284 wait_us=86698
mailbox_emit chunk=285 bytes=7 transitions=27 elapsed_us=3055
mailbox_ack chunk=285 wait_us=95488
mailbox_emit chunk=286 bytes=1 transitions=27 elapsed_us=2751
mailbox_ack chunk=286 wait_us=89610
mailbox_emit chunk=287 bytes=7 transitions=28 elapsed_us=2588
mailbox_ack chunk=287 wait_us=92562
mailbox_emit chunk=288 bytes=1 transitions=28 elapsed_us=2331
mailbox_ack chunk=288 wait_us=88437
mailbox_emit chunk=289 bytes=7 transitions=29 elapsed_us=2528
mailbox_ack chunk=289 wait_us=83129
mailbox_emit chunk=290 bytes=1 transitions=29 elapsed_us=3086
mailbox_ack chunk=290 wait_us=91075
mailbox_emit chunk=291 bytes=7 transitions=27 elapsed_us=2571
mailbox_ack chunk=291 wait_us=82436
mailbox_emit chunk=292 bytes=1 transitions=27 elapsed_us=2908
mailbox_ack chunk=292 wait_us=91309
mailbox_emit chunk=293 bytes=7 transitions=28 elapsed_us=3350
mailbox_ack chunk=293 wait_us=85646
mailbox_emit chunk=294 bytes=1 transitions=28 elapsed_us=3319
mailbox_ack chunk=294 wait_us=77459
mailbox_emit chunk=295 bytes=7 transitions=27 elapsed_us=2201
mailbox_ack chunk=295 wait_us=84602
mailbox_emit chunk=296 bytes=1 transitions=27 elapsed_us=2857
mailbox_ack chunk=296 wait_us=68437
mailbox_emit chunk=297 bytes=7 transitions=27 elapsed_us=2865
mailbox_ack chunk=297 wait_us=83587
mailbox_emit chunk=298 bytes=1 transitions=27 elapsed_us=3204
mailbox_ack chunk=298 wait_us=70971
mailbox_emit chunk=299 bytes=7 transitions=28 elapsed_us=2696
mailbox_ack chunk=299 wait_us=91985
mailbox_emit chunk=300 bytes=1 transitions=28 elapsed_us=2457
mailbox_ack chunk=300 wait_us=86772
mailbox_emit chunk=301 bytes=7 transitions=27 elapsed_us=2793
mailbox_ack chunk=301 wait_us=68582
mailbox_emit chunk=302 bytes=1 transitions=27 elapsed_us=3117
mailbox_ack chunk=302 wait_us=103845
