   0.022 s  a: find Warcraft window (0.011 s)
   0.033 s  b: find Warcraft window (0.008 s)
   0.070 s  script reused (compiled 621 s ago) (0.029 s)
   0.166 s  package and verify (0.086 s)
rebuilt /home/tom/.local/share/smashcraft-build-inputs/native-owner-20261005/fresh-speed/Smashcraft diagnostic fresh-speed.w3x
   0.167 s  map rebuilt (0.130 s)
   0.169 s  map installed (0.001 s)
   0.173 s  a: focus Warcraft (0.003 s)
   0.175 s  b: focus Warcraft (0.003 s)
   0.210 s  a: activate Warcraft window (0.036 s)
   0.215 s  b: activate Warcraft window (0.040 s)
   0.286 s  a: input batch (3 actions) (0.074 s)
   0.290 s  b: input batch (3 actions) (0.073 s)
   0.308 s  b: capture frame (0.018 s)
   0.314 s  a: capture frame (0.026 s)
   0.501 s  b: read text (0.191 s)
   0.503 s  a: read text (0.189 s)
   0.505 s  b: focus Warcraft (0.003 s)
   0.507 s  a: focus Warcraft (0.003 s)
   0.540 s  b: activate Warcraft window (0.035 s)
   0.542 s  a: activate Warcraft window (0.035 s)
   0.770 s  b: input batch (3 actions) (0.230 s)
   0.772 s  a: input batch (3 actions) (0.230 s)
   0.792 s  a: capture frame (0.020 s)
   0.796 s  b: capture frame (0.026 s)
   0.970 s  a: read text (0.178 s)
   1.007 s  b: read text (0.211 s)
   1.055 s  a: capture frame (0.031 s)
   1.074 s  b: capture frame (0.014 s)
   1.255 s  a: read text (0.199 s)
   1.284 s  b: read text (0.210 s)
   1.330 s  a: capture frame (0.023 s)
   1.360 s  b: capture frame (0.025 s)
   1.607 s  b: read text (0.246 s)
   1.613 s  b: focus Warcraft (0.005 s)
   1.628 s  a: read text (0.297 s)
   1.637 s  a: focus Warcraft (0.006 s)
   1.651 s  b: activate Warcraft window (0.038 s)
   1.661 s  b: read pointer (0.009 s)
   1.678 s  a: activate Warcraft window (0.041 s)
   1.680 s  b: move pointer (0.018 s)
   1.685 s  a: read pointer (0.007 s)
   1.690 s  b: read pointer (0.010 s)
   1.698 s  a: move pointer (0.012 s)
   1.708 s  a: read pointer (0.010 s)
   1.822 s  b: press button (0.010 s)
   1.835 s  a: press button (0.006 s)
   1.892 s  b: release button (0.007 s)
   1.912 s  a: release button (0.015 s)
   1.939 s  a: capture frame (0.026 s)
   1.959 s  b: capture frame (0.066 s)
   2.161 s  a: read text (0.221 s)
   2.244 s  a: capture frame (0.030 s)
   2.252 s  b: read text (0.292 s)
   2.334 s  b: capture frame (0.030 s)
   2.551 s  b: read text (0.217 s)
   2.563 s  a: read text (0.319 s)
   2.642 s  b: capture frame (0.039 s)
   2.648 s  a: capture frame (0.032 s)
   2.908 s  b: read text (0.266 s)
   2.993 s  b: capture frame (0.033 s)
   3.042 s  a: read text (0.393 s)
   3.121 s  a: capture frame (0.027 s)
   3.205 s  b: read text (0.212 s)
   3.287 s  b: capture frame (0.030 s)
   3.312 s  a: read text (0.191 s)
   3.312 s  a at Custom Games (3.143 s)
   3.316 s  a: focus Warcraft (0.002 s)
   3.352 s  a: activate Warcraft window (0.036 s)
   3.358 s  a: read pointer (0.006 s)
   3.364 s  a: move pointer (0.006 s)
   3.370 s  a: read pointer (0.005 s)
   3.495 s  a: press button (0.004 s)
   3.533 s  b: read text (0.246 s)
   3.534 s  b at Custom Games (3.362 s)
   3.536 s  b: focus Warcraft (0.002 s)
   3.564 s  a: release button (0.006 s)
   3.571 s  b: activate Warcraft window (0.035 s)
   3.580 s  b: read pointer (0.009 s)
   3.594 s  a: capture frame (0.030 s)
   3.854 s  a: read text (0.260 s)
   3.903 s  b: input batch (3 actions) (0.322 s)
   3.903 s  b join name prepared (0.369 s)
   3.924 s  a: capture frame (0.019 s)
   4.139 s  a: read text (0.215 s)
   4.218 s  a: capture frame (0.027 s)
   4.421 s  a: read text (0.203 s)
   4.499 s  a: capture frame (0.026 s)
   4.709 s  a: read text (0.210 s)
   4.782 s  a: capture frame (0.022 s)
   5.007 s  a: read text (0.224 s)
   5.083 s  a: capture frame (0.024 s)
   5.321 s  a: read text (0.238 s)
   5.324 s  a: focus Warcraft (0.002 s)
   5.359 s  a: activate Warcraft window (0.035 s)
   5.369 s  a: read pointer (0.009 s)
   5.374 s  a: move pointer (0.006 s)
   5.384 s  a: read pointer (0.010 s)
   5.513 s  a: press button (0.005 s)
   5.580 s  a: release button (0.005 s)
   5.595 s  a: capture frame (0.016 s)
   5.847 s  a: read text (0.251 s)
   5.850 s  a: focus Warcraft (0.002 s)
   5.884 s  a: activate Warcraft window (0.035 s)
   5.890 s  a: read pointer (0.005 s)
   6.392 s  a: input batch (4 actions) (0.501 s)
   6.424 s  a: capture frame (0.032 s)
   6.611 s  a: read text (0.186 s)
   6.696 s  a: capture frame (0.033 s)
   6.878 s  a: read text (0.182 s)
   6.956 s  a: capture frame (0.027 s)
   7.125 s  a: read text (0.169 s)
   7.206 s  a: capture frame (0.028 s)
   7.384 s  a: read text (0.178 s)
   7.453 s  a: capture frame (0.018 s)
   7.663 s  a: read text (0.210 s)
   7.729 s  a: capture frame (0.015 s)
   7.916 s  a: read text (0.186 s)
   8.001 s  a: capture frame (0.034 s)
   8.178 s  a: read text (0.177 s)
   8.247 s  a: capture frame (0.017 s)
   8.452 s  a: read text (0.204 s)
   8.517 s  a: capture frame (0.013 s)
   8.700 s  a: read text (0.183 s)
   8.766 s  a: capture frame (0.013 s)
   8.942 s  a: read text (0.176 s)
   9.008 s  a: capture frame (0.015 s)
   9.222 s  a: read text (0.213 s)
   9.295 s  a: capture frame (0.021 s)
   9.500 s  a: read text (0.205 s)
   9.580 s  a: capture frame (0.028 s)
   9.770 s  a: read text (0.190 s)
   9.770 s  a hosting "scdev muvf1wlx" (6.457 s)
   9.773 s  b: focus Warcraft (0.002 s)
   9.808 s  b: activate Warcraft window (0.035 s)
   9.813 s  b: read pointer (0.005 s)
   9.817 s  b: move pointer (0.004 s)
   9.822 s  b: read pointer (0.005 s)
   9.949 s  b: press button (0.005 s)
  10.016 s  b: release button (0.006 s)
  10.040 s  b: capture frame (0.024 s)
  10.256 s  b: read text (0.216 s)
  10.321 s  b: capture frame (0.013 s)
  10.565 s  b: read text (0.244 s)
  10.631 s  b: capture frame (0.014 s)
  10.840 s  b: read text (0.209 s)
  10.906 s  b: capture frame (0.014 s)
  11.096 s  b: read text (0.189 s)
  11.159 s  b: capture frame (0.012 s)
  11.342 s  b: read text (0.182 s)
  11.405 s  b: capture frame (0.013 s)
  11.584 s  b: read text (0.178 s)
  11.654 s  b: capture frame (0.019 s)
  11.829 s  b: read text (0.175 s)
  11.901 s  b: capture frame (0.021 s)
  12.157 s  b: read text (0.255 s)
  12.231 s  b: capture frame (0.024 s)
  12.426 s  b: read text (0.195 s)
  12.492 s  b: capture frame (0.014 s)
  12.668 s  b: read text (0.176 s)
  12.738 s  b: capture frame (0.019 s)
  12.921 s  b: read text (0.182 s)
  13.002 s  b: capture frame (0.029 s)
  13.321 s  b: read text (0.319 s)
  13.410 s  b: capture frame (0.035 s)
  13.626 s  b: read text (0.216 s)
  13.711 s  b: capture frame (0.033 s)
  13.924 s  b: read text (0.213 s)
  13.992 s  b: capture frame (0.017 s)
  14.203 s  b: read text (0.211 s)
  14.279 s  b: capture frame (0.023 s)
  14.634 s  b: read text (0.355 s)
  14.715 s  b: capture frame (0.028 s)
  14.948 s  b: read text (0.233 s)
  15.030 s  b: capture frame (0.030 s)
  15.201 s  b: read text (0.171 s)
  15.274 s  b: capture frame (0.021 s)
  15.476 s  b: read text (0.202 s)
  15.556 s  b: capture frame (0.029 s)
  15.735 s  b: read text (0.178 s)
  15.800 s  b: capture frame (0.014 s)
  15.991 s  b: read text (0.190 s)
  16.063 s  b: capture frame (0.020 s)
  16.245 s  b: read text (0.182 s)
  16.326 s  b: capture frame (0.030 s)
  16.512 s  b: read text (0.185 s)
  16.591 s  b: capture frame (0.028 s)
  16.784 s  b: read text (0.193 s)
  16.852 s  b: capture frame (0.017 s)
  17.040 s  b: read text (0.188 s)
  17.114 s  b: capture frame (0.022 s)
  17.350 s  b: read text (0.236 s)
  17.428 s  b: capture frame (0.027 s)
  17.635 s  b: read text (0.207 s)
  17.707 s  b: capture frame (0.021 s)
  17.903 s  b: read text (0.196 s)
  17.972 s  b: capture frame (0.018 s)
  18.144 s  b: read text (0.171 s)
  18.221 s  b: capture frame (0.026 s)
  18.397 s  b: read text (0.176 s)
  18.469 s  b: capture frame (0.020 s)
  18.697 s  b: read text (0.228 s)
  18.764 s  b: capture frame (0.016 s)
  18.939 s  b: read text (0.175 s)
  19.009 s  b: capture frame (0.019 s)
  19.189 s  b: read text (0.179 s)
  19.258 s  b: capture frame (0.018 s)
  19.451 s  b: read text (0.193 s)
  19.523 s  b: capture frame (0.021 s)
  19.730 s  b: read text (0.207 s)
  19.808 s  b: capture frame (0.026 s)
  20.001 s  b: read text (0.192 s)
  20.069 s  b: capture frame (0.017 s)
  20.262 s  b: read text (0.192 s)
  20.332 s  b: capture frame (0.018 s)
  20.513 s  b: read text (0.181 s)
  20.593 s  b: capture frame (0.028 s)
  20.767 s  b: read text (0.174 s)
  20.839 s  b: capture frame (0.021 s)
  21.048 s  b: read text (0.209 s)
  21.124 s  b: capture frame (0.025 s)
  21.306 s  b: read text (0.181 s)
  21.383 s  b: capture frame (0.027 s)
  21.560 s  b: read text (0.176 s)
  21.632 s  b: capture frame (0.022 s)
  21.849 s  b: read text (0.217 s)
  21.930 s  b: capture frame (0.029 s)
  22.137 s  b: read text (0.208 s)
  22.219 s  b: capture frame (0.030 s)
  22.434 s  b: read text (0.215 s)
  22.514 s  b: capture frame (0.027 s)
  22.737 s  b: read text (0.223 s)
  22.812 s  b: capture frame (0.023 s)
  23.035 s  b: read text (0.223 s)
  23.110 s  b: capture frame (0.024 s)
  23.307 s  b: read text (0.196 s)
  23.386 s  b: capture frame (0.027 s)
  23.570 s  b: read text (0.183 s)
  23.659 s  b: capture frame (0.038 s)
  23.874 s  b: read text (0.215 s)
  23.952 s  b: capture frame (0.026 s)
  24.207 s  b: read text (0.255 s)
  24.285 s  b: capture frame (0.026 s)
  24.529 s  b: read text (0.244 s)
  24.615 s  b: capture frame (0.034 s)
  24.872 s  b: read text (0.256 s)
  24.945 s  b: capture frame (0.022 s)
  25.150 s  b: read text (0.204 s)
  25.225 s  b: capture frame (0.024 s)
  25.472 s  b: read text (0.246 s)
  25.544 s  b: capture frame (0.020 s)
  25.727 s  b: read text (0.183 s)
  25.811 s  b: capture frame (0.032 s)
  25.987 s  b: read text (0.176 s)
  26.055 s  b: capture frame (0.016 s)
  26.240 s  b: read text (0.185 s)
  26.320 s  b: capture frame (0.028 s)
  26.528 s  b: read text (0.209 s)
  26.609 s  b: capture frame (0.029 s)
  26.802 s  b: read text (0.192 s)
  26.877 s  b: capture frame (0.024 s)
  27.082 s  b: read text (0.204 s)
  27.158 s  b: capture frame (0.024 s)
  27.376 s  b: read text (0.218 s)
  27.455 s  b: capture frame (0.027 s)
  27.661 s  b: read text (0.206 s)
  27.741 s  b: capture frame (0.029 s)
  27.954 s  b: read text (0.212 s)
  28.032 s  b: capture frame (0.026 s)
  28.241 s  b: read text (0.209 s)
  28.312 s  b: capture frame (0.019 s)
  28.506 s  b: read text (0.194 s)
  28.576 s  b: capture frame (0.018 s)
  28.768 s  b: read text (0.192 s)
  28.847 s  b: capture frame (0.026 s)
  29.060 s  b: read text (0.213 s)
  29.145 s  b: capture frame (0.033 s)
  29.335 s  b: read text (0.189 s)
  29.413 s  b: capture frame (0.025 s)
  29.594 s  b: read text (0.181 s)
  29.674 s  b: capture frame (0.027 s)
  29.875 s  b: read text (0.201 s)
  29.955 s  b: capture frame (0.030 s)
  30.142 s  b: read text (0.186 s)
  30.145 s  b asked to join failed (20.375 s)
  30.147 s  fresh failed (30.147 s)
wait for joined lobby failed for b: not seen within 20 s
