source=/dev/input/event2 name=Some("Smashcraft Event Retention Virtual Gamepad") clock=CLOCK_MONOTONIC epoch_ns=0 frame_rule=segment_frame+floor((t-segment_epoch)*60/1e9) first=1 delay=0 pause_policy=sequenced-map-control
controller_identity=DeviceIdentity { id: InputId { bus_type: BUS_USB, vendor: 0x45e, product: 0x28e, version: 0x114 }, name: Some("Smashcraft Event Retention Virtual Gamepad"), phys: None, uniq: None } automatic_reconnect=false
waiting_for_match build=playable-0041 slot=0 start_before=final-match-confirmation
input_armed=true gameplay_armed=false mono_ns=567004579644470
menu_emit epoch=0 phase=Some(Character) key=r mono_ns=567006962947000
menu_emit epoch=0 phase=Some(Character) key=w mono_ns=567007233378000
menu_emit epoch=0 phase=Some(Character) key=n mono_ns=567007504155000
menu_emit epoch=0 phase=Some(Character) key=y mono_ns=567009426820000
menu_emit epoch=0 phase=Some(Stage) key=r mono_ns=567011817252000
menu_emit epoch=0 phase=Some(Stage) key=w mono_ns=567012087884000
menu_emit epoch=0 phase=Some(Stage) key=u mono_ns=567012358391000
menu_emit epoch=0 phase=Some(Character) key=y mono_ns=567014786253000
menu_emit epoch=0 phase=Some(Stage) key=y mono_ns=567017268161000
match_ready epoch=1 neutral_rearm=required
input_armed=true gameplay_armed=false mono_ns=567017593406635
editbox_receipt monotonic_ns=567017593584198 received=0 consumed=0 revision=3
editbox_emit sequence=1 bytes=34 elapsed_us=2215 envelope=@J10000000001000000000130780|JR11;
editbox_receipt monotonic_ns=567017646841185 received=1 consumed=1 revision=4
match_start epoch=1 epoch_ns=567017735263745 read_ns=567017735532364 uncertainty_ns=1100265
input_armed=true gameplay_armed=true mono_ns=567017735494743
published_frame=1
published_frame=2
editbox_emit sequence=2 bytes=37 elapsed_us=1986 envelope=@J10000000001000000000252069|I421100;
published_frame=3
published_frame=4
editbox_emit sequence=3 bytes=37 elapsed_us=1907 envelope=@J10000000001000000000330835|I421300;
published_frame=5
published_frame=6
editbox_emit sequence=4 bytes=37 elapsed_us=1839 envelope=@J10000000001000000000409601|I421500;
published_frame=7
published_frame=8
editbox_emit sequence=5 bytes=37 elapsed_us=2723 envelope=@J10000000001000000000553888|I421700;
editbox_receipt monotonic_ns=567017884993826 received=2 consumed=2 revision=5
published_frame=9
published_frame=10
editbox_emit sequence=6 bytes=37 elapsed_us=1968 envelope=@J10000000001000000000632654|I421900;
published_frame=11
editbox_receipt monotonic_ns=567017931223758 received=6 consumed=4 revision=6
published_frame=12
editbox_emit sequence=7 bytes=37 elapsed_us=2477 envelope=@J10000000001000000000711420|I421B00;
published_frame=13
published_frame=14
editbox_emit sequence=8 bytes=37 elapsed_us=2026 envelope=@J10000000001000000000855707|I421D00;
editbox_receipt monotonic_ns=567017974822558 received=7 consumed=7 revision=7
published_frame=15
published_frame=16
editbox_emit sequence=9 bytes=37 elapsed_us=2237 envelope=@J10000000001000000000934473|I421F00;
published_frame=17
event mono_ns=567018036204000 frame=19 held=32 pressed=32 released=0
published_frame=18
editbox_emit sequence=10 bytes=37 elapsed_us=2382 envelope=@J10000000001000000001041745|I421H00;
event mono_ns=567018041349000 frame=19 held=0 pressed=0 released=32
published_frame=19
editbox_receipt monotonic_ns=567018063005704 received=10 consumed=10 revision=8
published_frame=20
editbox_emit sequence=11 bytes=43 elapsed_us=2505 envelope=@J10000000001000000001145108|I421J200W00W0;
published_frame=21
published_frame=22
editbox_emit sequence=12 bytes=37 elapsed_us=2150 envelope=@J10000000001000000001264798|I421L00;
published_frame=23
published_frame=24
editbox_emit sequence=13 bytes=37 elapsed_us=2094 envelope=@J10000000001000000001343564|I421N00;
published_frame=25
editbox_receipt monotonic_ns=567018160824376 received=13 consumed=13 revision=9
published_frame=26
editbox_emit sequence=14 bytes=37 elapsed_us=2141 envelope=@J10000000001000000001422330|I421P00;
published_frame=27
published_frame=28
editbox_emit sequence=15 bytes=37 elapsed_us=2109 envelope=@J10000000001000000001501096|I421R00;
published_frame=29
published_frame=30
editbox_emit sequence=16 bytes=37 elapsed_us=2129 envelope=@J10000000001000000001645383|I421T00;
published_frame=31
published_frame=32
editbox_emit sequence=17 bytes=37 elapsed_us=2072 envelope=@J10000000001000000001724149|I421V00;
editbox_receipt monotonic_ns=567018273162278 received=16 consumed=16 revision=10
published_frame=33
published_frame=34
editbox_emit sequence=18 bytes=38 elapsed_us=2416 envelope=@J10000000001000000001808415|I421X100;
published_frame=35
published_frame=36
editbox_emit sequence=19 bytes=38 elapsed_us=2071 envelope=@J10000000001000000001951403|I421Z100;
published_frame=37
editbox_receipt monotonic_ns=567018362591020 received=19 consumed=19 revision=11
published_frame=38
editbox_emit sequence=20 bytes=38 elapsed_us=2076 envelope=@J10000000001000000002042087|I421b100;
published_frame=39
published_frame=40
editbox_emit sequence=21 bytes=38 elapsed_us=2372 envelope=@J10000000001000000002119554|I421d100;
published_frame=41
published_frame=42
editbox_emit sequence=22 bytes=38 elapsed_us=2479 envelope=@J10000000001000000002262542|I421f100;
published_frame=43
editbox_receipt monotonic_ns=567018461387264 received=22 consumed=22 revision=12
published_frame=44
editbox_emit sequence=23 bytes=38 elapsed_us=2842 envelope=@J10000000001000000002340009|I421h100;
published_frame=45
published_frame=46
editbox_emit sequence=24 bytes=38 elapsed_us=1974 envelope=@J10000000001000000002417476|I421j100;
published_frame=47
published_frame=48
editbox_emit sequence=25 bytes=38 elapsed_us=2822 envelope=@J10000000001000000002560464|I421l100;
published_frame=49
editbox_receipt monotonic_ns=567018553663304 received=24 consumed=24 revision=13
published_frame=50
editbox_emit sequence=26 bytes=38 elapsed_us=2525 envelope=@J10000000001000000002637931|I421n100;
published_frame=51
published_frame=52
editbox_emit sequence=27 bytes=38 elapsed_us=2221 envelope=@J10000000001000000002715398|I421p100;
published_frame=53
published_frame=54
editbox_emit sequence=28 bytes=38 elapsed_us=2756 envelope=@J10000000001000000002858386|I421r100;
published_frame=55
published_frame=56
editbox_emit sequence=29 bytes=38 elapsed_us=1962 envelope=@J10000000001000000002935853|I421t100;
editbox_receipt monotonic_ns=567018673110955 received=28 consumed=28 revision=14
published_frame=57
published_frame=58
editbox_emit sequence=30 bytes=38 elapsed_us=2234 envelope=@J10000000001000000003026537|I421v100;
published_frame=59
published_frame=60
editbox_emit sequence=31 bytes=38 elapsed_us=1949 envelope=@J10000000001000000003104004|I421x100;
event mono_ns=567018746811000 frame=61 held=256 pressed=256 released=0
published_frame=61
published_frame=62
editbox_emit sequence=32 bytes=56 elapsed_us=3227 envelope=@J10000000001000000003236556|I421z1B040040000Fy09040Fy0;
published_frame=63
published_frame=64
editbox_emit sequence=33 bytes=50 elapsed_us=3124 envelope=@J10000000001000000003329531|I421_19040Fy09040Fy0;
published_frame=65
published_frame=66
editbox_emit sequence=34 bytes=50 elapsed_us=3394 envelope=@J10000000001000000003415000|I421X29040Fy09040Fy0;
published_frame=67
editbox_receipt monotonic_ns=567018863386466 received=34 consumed=31 revision=15
published_frame=68
editbox_emit sequence=35 bytes=50 elapsed_us=2939 envelope=@J10000000001000000003544775|I421Z29040Fy09040Fy0;
published_frame=69
published_frame=70
editbox_emit sequence=36 bytes=50 elapsed_us=2767 envelope=@J10000000001000000003609029|I421b29040Fy09040Fy0;
editbox_receipt monotonic_ns=567018906839632 received=34 consumed=34 revision=16
published_frame=71
published_frame=72
editbox_emit sequence=37 bytes=50 elapsed_us=2820 envelope=@J10000000001000000003738804|I421d29040Fy09040Fy0;
published_frame=73
published_frame=74
editbox_emit sequence=38 bytes=50 elapsed_us=2681 envelope=@J10000000001000000003803058|I421f29040Fy09040Fy0;
published_frame=75
published_frame=76
editbox_emit sequence=39 bytes=50 elapsed_us=2897 envelope=@J10000000001000000003932833|I421h29040Fy09040Fy0;
editbox_receipt monotonic_ns=567019007587836 received=38 consumed=37 revision=17
published_frame=77
published_frame=78
editbox_emit sequence=40 bytes=50 elapsed_us=2873 envelope=@J10000000001000000004052462|I421j29040Fy09040Fy0;
published_frame=79
published_frame=80
editbox_emit sequence=41 bytes=50 elapsed_us=2647 envelope=@J10000000001000000004116716|I421l29040Fy09040Fy0;
editbox_receipt monotonic_ns=567019085394739 received=40 consumed=40 revision=18
published_frame=81
published_frame=82
editbox_emit sequence=42 bytes=50 elapsed_us=2610 envelope=@J10000000001000000004246491|I421n29040Fy09040Fy0;
published_frame=83
published_frame=84
editbox_emit sequence=43 bytes=50 elapsed_us=3177 envelope=@J10000000001000000004310745|I421p29040Fy09040Fy0;
published_frame=85
editbox_receipt monotonic_ns=567019162732292 received=42 consumed=42 revision=19
published_frame=86
editbox_emit sequence=44 bytes=50 elapsed_us=2838 envelope=@J10000000001000000004440520|I421r29040Fy09040Fy0;
published_frame=87
published_frame=88
editbox_emit sequence=45 bytes=50 elapsed_us=3069 envelope=@J10000000001000000004504774|I421t29040Fy09040Fy0;
published_frame=89
published_frame=90
editbox_emit sequence=46 bytes=50 elapsed_us=3028 envelope=@J10000000001000000004634549|I421v29040Fy09040Fy0;
published_frame=91
published_frame=92
editbox_emit sequence=47 bytes=50 elapsed_us=3263 envelope=@J10000000001000000004764324|I421x29040Fy09040Fy0;
editbox_receipt monotonic_ns=567019280787974 received=46 consumed=46 revision=20
published_frame=93
published_frame=94
editbox_emit sequence=48 bytes=50 elapsed_us=2681 envelope=@J10000000001000000004828578|I421z29040Fy09040Fy0;
published_frame=95
published_frame=96
editbox_emit sequence=49 bytes=50 elapsed_us=3237 envelope=@J10000000001000000004958353|I421_29040Fy09040Fy0;
published_frame=97
published_frame=98
editbox_emit sequence=50 bytes=50 elapsed_us=3201 envelope=@J10000000001000000005033676|I421X39040Fy09040Fy0;
editbox_receipt monotonic_ns=567019378768198 received=49 consumed=49 revision=21
published_frame=99
published_frame=100
editbox_emit sequence=51 bytes=50 elapsed_us=2877 envelope=@J10000000001000000005163451|I421Z39040Fy09040Fy0;
published_frame=101
published_frame=102
editbox_emit sequence=52 bytes=50 elapsed_us=2635 envelope=@J10000000001000000005227705|I421b39040Fy09040Fy0;
published_frame=103
published_frame=104
editbox_emit sequence=53 bytes=50 elapsed_us=2998 envelope=@J10000000001000000005357480|I421d39040Fy09040Fy0;
editbox_receipt monotonic_ns=567019474145162 received=52 consumed=52 revision=22
published_frame=105
published_frame=106
editbox_emit sequence=54 bytes=50 elapsed_us=2577 envelope=@J10000000001000000005421734|I421f39040Fy09040Fy0;
published_frame=107
published_frame=108
editbox_emit sequence=55 bytes=50 elapsed_us=3148 envelope=@J10000000001000000005551509|I421h39040Fy09040Fy0;
published_frame=109
published_frame=110
editbox_emit sequence=56 bytes=50 elapsed_us=3048 envelope=@J10000000001000000005615763|I421j39040Fy09040Fy0;
editbox_receipt monotonic_ns=567019575163221 received=55 consumed=55 revision=23
published_frame=111
published_frame=112
editbox_emit sequence=57 bytes=50 elapsed_us=2982 envelope=@J10000000001000000005745538|I421l39040Fy09040Fy0;
published_frame=113
published_frame=114
editbox_emit sequence=58 bytes=50 elapsed_us=2533 envelope=@J10000000001000000005809792|I421n39040Fy09040Fy0;
published_frame=115
published_frame=116
editbox_emit sequence=59 bytes=50 elapsed_us=2874 envelope=@J10000000001000000005939567|I421p39040Fy09040Fy0;
editbox_receipt monotonic_ns=567019674558078 received=58 consumed=58 revision=24
published_frame=117
published_frame=118
editbox_emit sequence=60 bytes=50 elapsed_us=3165 envelope=@J10000000001000000006059196|I421r39040Fy09040Fy0;
published_frame=119
published_frame=120
editbox_emit sequence=61 bytes=50 elapsed_us=2829 envelope=@J10000000001000000006123450|I421t39040Fy09040Fy0;
published_frame=121
published_frame=122
editbox_emit sequence=62 bytes=50 elapsed_us=2668 envelope=@J10000000001000000006253225|I421v39040Fy09040Fy0;
published_frame=123
published_frame=124
editbox_emit sequence=63 bytes=50 elapsed_us=2853 envelope=@J10000000001000000006317479|I421x39040Fy09040Fy0;
published_frame=125
published_frame=126
editbox_emit sequence=64 bytes=50 elapsed_us=3310 envelope=@J10000000001000000006447254|I421z39040Fy09040Fy0;
published_frame=127
published_frame=128
editbox_emit sequence=65 bytes=50 elapsed_us=3538 envelope=@J10000000001000000006511508|I421_39040Fy09040Fy0;
editbox_receipt monotonic_ns=567019874892587 received=64 consumed=61 revision=25
published_frame=129
published_frame=130
editbox_emit sequence=66 bytes=50 elapsed_us=2990 envelope=@J10000000001000000006662498|I421X49040Fy09040Fy0;
editbox_receipt monotonic_ns=567019918503749 received=64 consumed=64 revision=26
published_frame=131
published_frame=132
editbox_emit sequence=67 bytes=50 elapsed_us=2624 envelope=@J10000000001000000006726752|I421Z49040Fy09040Fy0;
published_frame=133
published_frame=134
editbox_emit sequence=68 bytes=50 elapsed_us=3397 envelope=@J10000000001000000006856527|I421b49040Fy09040Fy0;
published_frame=135
editbox_receipt monotonic_ns=567019996010199 received=67 consumed=67 revision=27
published_frame=136
editbox_emit sequence=69 bytes=50 elapsed_us=2871 envelope=@J10000000001000000006920781|I421d49040Fy09040Fy0;
published_frame=137
published_frame=138
editbox_emit sequence=70 bytes=50 elapsed_us=3022 envelope=@J10000000001000000007040410|I421f49040Fy09040Fy0;
published_frame=139
published_frame=140
editbox_emit sequence=71 bytes=50 elapsed_us=3767 envelope=@J10000000001000000007104664|I421h49040Fy09040Fy0;
published_frame=141
published_frame=142
editbox_emit sequence=72 bytes=50 elapsed_us=3057 envelope=@J10000000001000000007234439|I421j49040Fy09040Fy0;
editbox_receipt monotonic_ns=567020106807102 received=71 consumed=70 revision=28
published_frame=143
published_frame=144
editbox_emit sequence=73 bytes=50 elapsed_us=3177 envelope=@J10000000001000000007364214|I421l49040Fy09040Fy0;
published_frame=145
published_frame=146
editbox_emit sequence=74 bytes=50 elapsed_us=2621 envelope=@J10000000001000000007428468|I421n49040Fy09040Fy0;
editbox_receipt monotonic_ns=567020184747545 received=73 consumed=73 revision=29
published_frame=147
published_frame=148
editbox_emit sequence=75 bytes=50 elapsed_us=2906 envelope=@J10000000001000000007558243|I421p49040Fy09040Fy0;
published_frame=149
published_frame=150
editbox_emit sequence=76 bytes=50 elapsed_us=2677 envelope=@J10000000001000000007622497|I421r49040Fy09040Fy0;
published_frame=151
published_frame=152
editbox_emit sequence=77 bytes=50 elapsed_us=3360 envelope=@J10000000001000000007752272|I421t49040Fy09040Fy0;
editbox_receipt monotonic_ns=567020274751526 received=76 consumed=76 revision=30
published_frame=153
published_frame=154
editbox_emit sequence=78 bytes=50 elapsed_us=2850 envelope=@J10000000001000000007816526|I421v49040Fy09040Fy0;
published_frame=155
published_frame=156
editbox_emit sequence=79 bytes=50 elapsed_us=2874 envelope=@J10000000001000000007946301|I421x49040Fy09040Fy0;
published_frame=157
published_frame=158
editbox_emit sequence=80 bytes=50 elapsed_us=3361 envelope=@J10000000001000000008000409|I421z49040Fy09040Fy0;
editbox_receipt monotonic_ns=567020385153508 received=79 consumed=79 revision=31
published_frame=159
published_frame=160
editbox_emit sequence=81 bytes=50 elapsed_us=2884 envelope=@J10000000001000000008130184|I421_49040Fy09040Fy0;
published_frame=161
published_frame=162
editbox_emit sequence=82 bytes=50 elapsed_us=2946 envelope=@J10000000001000000008215653|I421X59040Fy09040Fy0;
published_frame=163
published_frame=164
editbox_emit sequence=83 bytes=50 elapsed_us=3427 envelope=@J10000000001000000008345428|I421Z59040Fy09040Fy0;
editbox_receipt monotonic_ns=567020475279577 received=82 consumed=82 revision=32
published_frame=165
published_frame=166
editbox_emit sequence=84 bytes=50 elapsed_us=3978 envelope=@J10000000001000000008409682|I421b59040Fy09040Fy0;
published_frame=167
published_frame=168
editbox_emit sequence=85 bytes=50 elapsed_us=3244 envelope=@J10000000001000000008539457|I421d59040Fy09040Fy0;
published_frame=169
published_frame=170
editbox_emit sequence=86 bytes=50 elapsed_us=4163 envelope=@J10000000001000000008603711|I421f59040Fy09040Fy0;
published_frame=171
editbox_receipt monotonic_ns=567020586346316 received=85 consumed=85 revision=33
published_frame=172
editbox_emit sequence=87 bytes=50 elapsed_us=2765 envelope=@J10000000001000000008733486|I421h59040Fy09040Fy0;
published_frame=173
published_frame=174
editbox_emit sequence=88 bytes=50 elapsed_us=3381 envelope=@J10000000001000000008863261|I421j59040Fy09040Fy0;
published_frame=175
published_frame=176
editbox_emit sequence=89 bytes=50 elapsed_us=3878 envelope=@J10000000001000000008927515|I421l59040Fy09040Fy0;
editbox_receipt monotonic_ns=567020676379000 received=88 consumed=88 revision=34
published_frame=177
published_frame=178
editbox_emit sequence=90 bytes=50 elapsed_us=2738 envelope=@J10000000001000000009047144|I421n59040Fy09040Fy0;
published_frame=179
published_frame=180
editbox_emit sequence=91 bytes=50 elapsed_us=2859 envelope=@J10000000001000000009111398|I421p59040Fy09040Fy0;
published_frame=181
published_frame=182
editbox_emit sequence=92 bytes=50 elapsed_us=2881 envelope=@J10000000001000000009241173|I421r59040Fy09040Fy0;
published_frame=183
published_frame=184
editbox_emit sequence=93 bytes=50 elapsed_us=2693 envelope=@J10000000001000000009305427|I421t59040Fy09040Fy0;
published_frame=185
published_frame=186
editbox_emit sequence=94 bytes=50 elapsed_us=3041 envelope=@J10000000001000000009435202|I421v59040Fy09040Fy0;
published_frame=187
published_frame=188
editbox_emit sequence=95 bytes=50 elapsed_us=3660 envelope=@J10000000001000000009564977|I421x59040Fy09040Fy0;
editbox_receipt monotonic_ns=567020875582087 received=94 consumed=91 revision=35
published_frame=189
published_frame=190
editbox_emit sequence=96 bytes=50 elapsed_us=2779 envelope=@J10000000001000000009629231|I421z59040Fy09040Fy0;
editbox_receipt monotonic_ns=567020918390294 received=94 consumed=94 revision=36
published_frame=191
published_frame=192
editbox_emit sequence=97 bytes=50 elapsed_us=3522 envelope=@J10000000001000000009759006|I421_59040Fy09040Fy0;
published_frame=193
published_frame=194
editbox_emit sequence=98 bytes=50 elapsed_us=2715 envelope=@J10000000001000000009844475|I421X69040Fy09040Fy0;
published_frame=195
editbox_receipt monotonic_ns=567020995788642 received=97 consumed=97 revision=37
published_frame=196
editbox_emit sequence=99 bytes=50 elapsed_us=3038 envelope=@J10000000001000000009908729|I421Z69040Fy09040Fy0;
published_frame=197
published_frame=198
editbox_emit sequence=100 bytes=50 elapsed_us=2846 envelope=@J10000000001000000010037031|I421b69040Fy09040Fy0;
published_frame=199
published_frame=200
editbox_emit sequence=101 bytes=50 elapsed_us=2996 envelope=@J10000000001000000010101285|I421d69040Fy09040Fy0;
published_frame=201
editbox_receipt monotonic_ns=567021096453839 received=100 consumed=100 revision=38
published_frame=202
editbox_emit sequence=102 bytes=50 elapsed_us=2954 envelope=@J10000000001000000010231060|I421f69040Fy09040Fy0;
published_frame=203
published_frame=204
editbox_emit sequence=103 bytes=50 elapsed_us=2779 envelope=@J10000000001000000010360835|I421h69040Fy09040Fy0;
published_frame=205
published_frame=206
editbox_emit sequence=104 bytes=50 elapsed_us=8040 envelope=@J10000000001000000010425089|I421j69040Fy09040Fy0;
published_frame=207
published_frame=208
editbox_emit sequence=105 bytes=50 elapsed_us=6024 envelope=@J10000000001000000010554864|I421l69040Fy09040Fy0;
published_frame=209
editbox_receipt monotonic_ns=567021227777496 received=104 consumed=103 revision=39
published_frame=210
editbox_emit sequence=106 bytes=50 elapsed_us=4305 envelope=@J10000000001000000010619118|I421n69040Fy09040Fy0;
published_frame=211
published_frame=212
editbox_emit sequence=107 bytes=50 elapsed_us=4359 envelope=@J10000000001000000010748893|I421p69040Fy09040Fy0;
published_frame=213
published_frame=214
editbox_emit sequence=108 bytes=50 elapsed_us=3403 envelope=@J10000000001000000010813147|I421r69040Fy09040Fy0;
published_frame=215
published_frame=216
editbox_emit sequence=109 bytes=50 elapsed_us=3502 envelope=@J10000000001000000010942922|I421t69040Fy09040Fy0;
editbox_receipt monotonic_ns=567021346034585 received=108 consumed=106 revision=40
published_frame=217
published_frame=218
editbox_emit sequence=110 bytes=50 elapsed_us=3148 envelope=@J10000000001000000011062551|I421v69040Fy09040Fy0;
published_frame=219
published_frame=220
editbox_emit sequence=111 bytes=50 elapsed_us=2771 envelope=@J10000000001000000011126805|I421x69040Fy09040Fy0;
published_frame=221
published_frame=222
editbox_emit sequence=112 bytes=50 elapsed_us=3504 envelope=@J10000000001000000011256580|I421z69040Fy09040Fy0;
editbox_receipt monotonic_ns=567021442534444 received=111 consumed=109 revision=41
published_frame=223
published_frame=224
editbox_emit sequence=113 bytes=50 elapsed_us=2827 envelope=@J10000000001000000011320834|I421_69040Fy09040Fy0;
published_frame=225
published_frame=226
editbox_emit sequence=114 bytes=50 elapsed_us=3459 envelope=@J10000000001000000011406303|I421X79040Fy09040Fy0;
published_frame=227
editbox_receipt monotonic_ns=567021518916005 received=113 consumed=112 revision=42
published_frame=228
editbox_emit sequence=115 bytes=50 elapsed_us=2805 envelope=@J10000000001000000011536078|I421Z79040Fy09040Fy0;
published_frame=229
published_frame=230
editbox_emit sequence=116 bytes=50 elapsed_us=2830 envelope=@J10000000001000000011600332|I421b79040Fy09040Fy0;
published_frame=231
published_frame=232
editbox_emit sequence=117 bytes=50 elapsed_us=3433 envelope=@J10000000001000000011730107|I421d79040Fy09040Fy0;
editbox_receipt monotonic_ns=567021608056977 received=116 consumed=115 revision=43
published_frame=233
published_frame=234
editbox_emit sequence=118 bytes=50 elapsed_us=3531 envelope=@J10000000001000000011859882|I421f79040Fy09040Fy0;
published_frame=235
published_frame=236
editbox_emit sequence=119 bytes=50 elapsed_us=2920 envelope=@J10000000001000000011924136|I421h79040Fy09040Fy0;
editbox_receipt monotonic_ns=567021674528638 received=118 consumed=118 revision=44
published_frame=237
published_frame=238
editbox_emit sequence=120 bytes=50 elapsed_us=3713 envelope=@J10000000001000000012043765|I421j79040Fy09040Fy0;
published_frame=239
published_frame=240
editbox_emit sequence=121 bytes=50 elapsed_us=3499 envelope=@J10000000001000000012108019|I421l79040Fy09040Fy0;
published_frame=241
published_frame=242
editbox_emit sequence=122 bytes=50 elapsed_us=3103 envelope=@J10000000001000000012237794|I421n79040Fy09040Fy0;
published_frame=243
published_frame=244
editbox_emit sequence=123 bytes=50 elapsed_us=3497 envelope=@J10000000001000000012302048|I421p79040Fy09040Fy0;
published_frame=245
published_frame=246
editbox_emit sequence=124 bytes=50 elapsed_us=3221 envelope=@J10000000001000000012431823|I421r79040Fy09040Fy0;
published_frame=247
published_frame=248
editbox_emit sequence=125 bytes=50 elapsed_us=2992 envelope=@J10000000001000000012561598|I421t79040Fy09040Fy0;
published_frame=249
published_frame=250
editbox_emit sequence=126 bytes=50 elapsed_us=3675 envelope=@J10000000001000000012625852|I421v79040Fy09040Fy0;
editbox_receipt monotonic_ns=567021908216919 received=125 consumed=121 revision=45
published_frame=251
published_frame=252
editbox_emit sequence=127 bytes=50 elapsed_us=2899 envelope=@J10000000001000000012755627|I421x79040Fy09040Fy0;
published_frame=253
editbox_receipt monotonic_ns=567021963042846 received=125 consumed=125 revision=46
published_frame=254
editbox_emit sequence=128 bytes=50 elapsed_us=3350 envelope=@J10000000001000000012819881|I421z79040Fy09040Fy0;
published_frame=255
published_frame=256
editbox_emit sequence=129 bytes=50 elapsed_us=3328 envelope=@J10000000001000000012949656|I421_79040Fy09040Fy0;
published_frame=257
published_frame=258
editbox_emit sequence=130 bytes=50 elapsed_us=3330 envelope=@J10000000001000000013024979|I421X89040Fy09040Fy0;
editbox_receipt monotonic_ns=567022051023393 received=129 consumed=127 revision=47
published_frame=259
published_frame=260
editbox_emit sequence=131 bytes=50 elapsed_us=2889 envelope=@J10000000001000000013154754|I421Z89040Fy09040Fy0;
published_frame=261
published_frame=262
editbox_emit sequence=132 bytes=50 elapsed_us=2985 envelope=@J10000000001000000013219008|I421b89040Fy09040Fy0;
editbox_receipt monotonic_ns=567022117598589 received=131 consumed=130 revision=48
published_frame=263
published_frame=264
editbox_emit sequence=133 bytes=50 elapsed_us=2642 envelope=@J10000000001000000013348783|I421d89040Fy09040Fy0;
published_frame=265
published_frame=266
editbox_emit sequence=134 bytes=50 elapsed_us=2815 envelope=@J10000000001000000013413037|I421f89040Fy09040Fy0;
published_frame=267
published_frame=268
editbox_emit sequence=135 bytes=50 elapsed_us=2732 envelope=@J10000000001000000013542812|I421h89040Fy09040Fy0;
editbox_receipt monotonic_ns=567022217825044 received=134 consumed=133 revision=49
published_frame=269
published_frame=270
editbox_emit sequence=136 bytes=50 elapsed_us=2959 envelope=@J10000000001000000013607066|I421j89040Fy09040Fy0;
published_frame=271
published_frame=272
editbox_emit sequence=137 bytes=50 elapsed_us=2991 envelope=@J10000000001000000013736841|I421l89040Fy09040Fy0;
published_frame=273
editbox_receipt monotonic_ns=567022294557502 received=136 consumed=136 revision=50
published_frame=274
editbox_emit sequence=138 bytes=50 elapsed_us=2794 envelope=@J10000000001000000013801095|I421n89040Fy09040Fy0;
published_frame=275
published_frame=276
editbox_emit sequence=139 bytes=50 elapsed_us=2774 envelope=@J10000000001000000013930870|I421p89040Fy09040Fy0;
published_frame=277
published_frame=278
editbox_emit sequence=140 bytes=50 elapsed_us=3239 envelope=@J10000000001000000014050499|I421r89040Fy09040Fy0;
published_frame=279
published_frame=280
editbox_emit sequence=141 bytes=50 elapsed_us=2862 envelope=@J10000000001000000014114753|I421t89040Fy09040Fy0;
editbox_receipt monotonic_ns=567022406950127 received=140 consumed=139 revision=51
published_frame=281
published_frame=282
editbox_emit sequence=142 bytes=50 elapsed_us=2618 envelope=@J10000000001000000014244528|I421v89040Fy09040Fy0;
published_frame=283
published_frame=284
editbox_emit sequence=143 bytes=50 elapsed_us=2692 envelope=@J10000000001000000014308782|I421x89040Fy09040Fy0;
editbox_receipt monotonic_ns=567022474066066 received=142 consumed=142 revision=52
published_frame=285
published_frame=286
editbox_emit sequence=144 bytes=50 elapsed_us=2876 envelope=@J10000000001000000014438557|I421z89040Fy09040Fy0;
published_frame=287
published_frame=288
editbox_emit sequence=145 bytes=50 elapsed_us=2546 envelope=@J10000000001000000014502811|I421_89040Fy09040Fy0;
published_frame=289
published_frame=290
editbox_emit sequence=146 bytes=50 elapsed_us=2817 envelope=@J10000000001000000014653801|I421X99040Fy09040Fy0;
editbox_receipt monotonic_ns=567022584963948 received=145 consumed=145 revision=53
published_frame=291
published_frame=292
editbox_emit sequence=147 bytes=50 elapsed_us=2745 envelope=@J10000000001000000014718055|I421Z99040Fy09040Fy0;
published_frame=293
published_frame=294
editbox_emit sequence=148 bytes=50 elapsed_us=2874 envelope=@J10000000001000000014847830|I421b99040Fy09040Fy0;
published_frame=295
published_frame=296
editbox_emit sequence=149 bytes=50 elapsed_us=2686 envelope=@J10000000001000000014912084|I421d99040Fy09040Fy0;
editbox_receipt monotonic_ns=567022674181834 received=148 consumed=148 revision=54
published_frame=297
published_frame=298
editbox_emit sequence=150 bytes=50 elapsed_us=3473 envelope=@J10000000001000000015031713|I421f99040Fy09040Fy0;
published_frame=299
published_frame=300
editbox_emit sequence=151 bytes=50 elapsed_us=2564 envelope=@J10000000001000000015161488|I421h99040Fy09040Fy0;
published_frame=301
published_frame=302
editbox_emit sequence=152 bytes=50 elapsed_us=2695 envelope=@J10000000001000000015225742|I421j99040Fy09040Fy0;
published_frame=303
published_frame=304
editbox_emit sequence=153 bytes=50 elapsed_us=2493 envelope=@J10000000001000000015355517|I421l99040Fy09040Fy0;
published_frame=305
published_frame=306
editbox_emit sequence=154 bytes=50 elapsed_us=2803 envelope=@J10000000001000000015419771|I421n99040Fy09040Fy0;
published_frame=307
published_frame=308
editbox_emit sequence=155 bytes=50 elapsed_us=2886 envelope=@J10000000001000000015549546|I421p99040Fy09040Fy0;
editbox_receipt monotonic_ns=567022884965162 received=154 consumed=151 revision=55
published_frame=309
published_frame=310
editbox_emit sequence=156 bytes=50 elapsed_us=3757 envelope=@J10000000001000000015613800|I421r99040Fy09040Fy0;
published_frame=311
editbox_receipt monotonic_ns=567022919537970 received=154 consumed=154 revision=56
published_frame=312
editbox_emit sequence=157 bytes=50 elapsed_us=3059 envelope=@J10000000001000000015743575|I421t99040Fy09040Fy0;
published_frame=313
published_frame=314
editbox_emit sequence=158 bytes=50 elapsed_us=2720 envelope=@J10000000001000000015807829|I421v99040Fy09040Fy0;
published_frame=315
published_frame=316
editbox_emit sequence=159 bytes=50 elapsed_us=2868 envelope=@J10000000001000000015937604|I421x99040Fy09040Fy0;
editbox_receipt monotonic_ns=567023007963751 received=157 consumed=157 revision=57
published_frame=317
published_frame=318
editbox_emit sequence=160 bytes=50 elapsed_us=3195 envelope=@J10000000001000000016057233|I421z99040Fy09040Fy0;
published_frame=319
published_frame=320
editbox_emit sequence=161 bytes=50 elapsed_us=3243 envelope=@J10000000001000000016121487|I421_99040Fy09040Fy0;
published_frame=321
editbox_receipt monotonic_ns=567023095925772 received=160 consumed=160 revision=58
published_frame=322
editbox_emit sequence=162 bytes=50 elapsed_us=3332 envelope=@J10000000001000000016206956|I421XA9040Fy09040Fy0;
published_frame=323
published_frame=324
editbox_emit sequence=163 bytes=50 elapsed_us=3412 envelope=@J10000000001000000016336731|I421ZA9040Fy09040Fy0;
published_frame=325
published_frame=326
editbox_emit sequence=164 bytes=50 elapsed_us=3315 envelope=@J10000000001000000016400985|I421bA9040Fy09040Fy0;
published_frame=327
editbox_receipt monotonic_ns=567023186946438 received=163 consumed=163 revision=59
published_frame=328
editbox_emit sequence=165 bytes=50 elapsed_us=5106 envelope=@J10000000001000000016530760|I421dA9040Fy09040Fy0;
published_frame=329
published_frame=330
editbox_emit sequence=166 bytes=50 elapsed_us=3014 envelope=@J10000000001000000016660535|I421fA9040Fy09040Fy0;
published_frame=331
published_frame=332
editbox_emit sequence=167 bytes=50 elapsed_us=3426 envelope=@J10000000001000000016724789|I421hA9040Fy09040Fy0;
published_frame=333
editbox_receipt monotonic_ns=567023301268109 received=167 consumed=166 revision=60
published_frame=334
editbox_emit sequence=168 bytes=50 elapsed_us=3072 envelope=@J10000000001000000016854564|I421jA9040Fy09040Fy0;
published_frame=335
published_frame=336
editbox_emit sequence=169 bytes=50 elapsed_us=3079 envelope=@J10000000001000000016918818|I421lA9040Fy09040Fy0;
published_frame=337
published_frame=338
editbox_emit sequence=170 bytes=50 elapsed_us=3296 envelope=@J10000000001000000017038447|I421nA9040Fy09040Fy0;
editbox_receipt monotonic_ns=567023378759370 received=169 consumed=169 revision=61
published_frame=339
published_frame=340
editbox_emit sequence=171 bytes=50 elapsed_us=3493 envelope=@J10000000001000000017102701|I421pA9040Fy09040Fy0;
published_frame=341
published_frame=342
editbox_emit sequence=172 bytes=50 elapsed_us=2764 envelope=@J10000000001000000017232476|I421rA9040Fy09040Fy0;
published_frame=343
published_frame=344
editbox_emit sequence=173 bytes=50 elapsed_us=3948 envelope=@J10000000001000000017362251|I421tA9040Fy09040Fy0;
editbox_receipt monotonic_ns=567023476620411 received=172 consumed=172 revision=62
published_frame=345
published_frame=346
editbox_emit sequence=174 bytes=50 elapsed_us=2632 envelope=@J10000000001000000017426505|I421vA9040Fy09040Fy0;
published_frame=347
published_frame=348
editbox_emit sequence=175 bytes=50 elapsed_us=2842 envelope=@J10000000001000000017556280|I421xA9040Fy09040Fy0;
published_frame=349
editbox_receipt monotonic_ns=567023568602088 received=175 consumed=175 revision=63
published_frame=350
editbox_emit sequence=176 bytes=50 elapsed_us=2951 envelope=@J10000000001000000017620534|I421zA9040Fy09040Fy0;
published_frame=351
published_frame=352
editbox_emit sequence=177 bytes=50 elapsed_us=2808 envelope=@J10000000001000000017750309|I421_A9040Fy09040Fy0;
published_frame=353
published_frame=354
editbox_emit sequence=178 bytes=50 elapsed_us=2729 envelope=@J10000000001000000017835778|I421XB9040Fy09040Fy0;
published_frame=355
published_frame=356
editbox_emit sequence=179 bytes=50 elapsed_us=3551 envelope=@J10000000001000000017900032|I421ZB9040Fy09040Fy0;
editbox_receipt monotonic_ns=567023677104439 received=178 consumed=178 revision=64
published_frame=357
published_frame=358
editbox_emit sequence=180 bytes=50 elapsed_us=2780 envelope=@J10000000001000000018019661|I421bB9040Fy09040Fy0;
published_frame=359
published_frame=360
editbox_emit sequence=181 bytes=50 elapsed_us=2650 envelope=@J10000000001000000018149436|I421dB9040Fy09040Fy0;
published_frame=361
published_frame=362
editbox_emit sequence=182 bytes=50 elapsed_us=3557 envelope=@J10000000001000000018213690|I421fB9040Fy09040Fy0;
published_frame=363
published_frame=364
editbox_emit sequence=183 bytes=50 elapsed_us=2618 envelope=@J10000000001000000018343465|I421hB9040Fy09040Fy0;
published_frame=365
published_frame=366
editbox_emit sequence=184 bytes=50 elapsed_us=2590 envelope=@J10000000001000000018407719|I421jB9040Fy09040Fy0;
editbox_receipt monotonic_ns=567023851034604 received=183 consumed=181 revision=65
published_frame=367
published_frame=368
editbox_emit sequence=185 bytes=50 elapsed_us=3047 envelope=@J10000000001000000018537494|I421lB9040Fy09040Fy0;
editbox_receipt monotonic_ns=567023885329611 received=183 consumed=183 revision=66
published_frame=369
published_frame=370
editbox_emit sequence=186 bytes=50 elapsed_us=3077 envelope=@J10000000001000000018601748|I421nB9040Fy09040Fy0;
published_frame=371
published_frame=372
editbox_emit sequence=187 bytes=50 elapsed_us=2593 envelope=@J10000000001000000018731523|I421pB9040Fy09040Fy0;
published_frame=373
published_frame=374
editbox_emit sequence=188 bytes=50 elapsed_us=3439 envelope=@J10000000001000000018861298|I421rB9040Fy09040Fy0;
published_frame=375
editbox_receipt monotonic_ns=567023996325707 received=188 consumed=187 revision=67
published_frame=376
editbox_emit sequence=189 bytes=50 elapsed_us=2983 envelope=@J10000000001000000018925552|I421tB9040Fy09040Fy0;
published_frame=377
published_frame=378
editbox_emit sequence=190 bytes=50 elapsed_us=2757 envelope=@J10000000001000000019045181|I421vB9040Fy09040Fy0;
published_frame=379
published_frame=380
editbox_emit sequence=191 bytes=50 elapsed_us=3256 envelope=@J10000000001000000019109435|I421xB9040Fy09040Fy0;
published_frame=381
editbox_receipt monotonic_ns=567024087013389 received=190 consumed=190 revision=68
published_frame=382
editbox_emit sequence=192 bytes=50 elapsed_us=3993 envelope=@J10000000001000000019239210|I421zB9040Fy09040Fy0;
published_frame=383
published_frame=384
editbox_emit sequence=193 bytes=50 elapsed_us=2682 envelope=@J10000000001000000019303464|I421_B9040Fy09040Fy0;
published_frame=385
published_frame=386
editbox_emit sequence=194 bytes=50 elapsed_us=2756 envelope=@J10000000001000000019454454|I421XC9040Fy09040Fy0;
editbox_receipt monotonic_ns=567024184628818 received=193 consumed=193 revision=69
published_frame=387
published_frame=388
editbox_emit sequence=195 bytes=50 elapsed_us=3442 envelope=@J10000000001000000019518708|I421ZC9040Fy09040Fy0;
published_frame=389
published_frame=390
editbox_emit sequence=196 bytes=50 elapsed_us=3031 envelope=@J10000000001000000019648483|I421bC9040Fy09040Fy0;
published_frame=391
published_frame=392
editbox_emit sequence=197 bytes=50 elapsed_us=3403 envelope=@J10000000001000000019712737|I421dC9040Fy09040Fy0;
editbox_receipt monotonic_ns=567024285189219 received=196 consumed=196 revision=70
published_frame=393
published_frame=394
editbox_emit sequence=198 bytes=50 elapsed_us=3167 envelope=@J10000000001000000019842512|I421fC9040Fy09040Fy0;
published_frame=395
published_frame=396
editbox_emit sequence=199 bytes=50 elapsed_us=2984 envelope=@J10000000001000000019906766|I421hC9040Fy09040Fy0;
published_frame=397
published_frame=398
editbox_emit sequence=200 bytes=50 elapsed_us=3095 envelope=@J10000000001000000020035068|I421jC9040Fy09040Fy0;
published_frame=399
published_frame=400
editbox_emit sequence=201 bytes=50 elapsed_us=3200 envelope=@J10000000001000000020164843|I421lC9040Fy09040Fy0;
published_frame=401
published_frame=402
editbox_emit sequence=202 bytes=50 elapsed_us=3391 envelope=@J10000000001000000020229097|I421nC9040Fy09040Fy0;
published_frame=403
editbox_receipt monotonic_ns=567024452230690 received=201 consumed=199 revision=71
published_frame=404
editbox_emit sequence=203 bytes=50 elapsed_us=3194 envelope=@J10000000001000000020358872|I421pC9040Fy09040Fy0;
editbox_receipt monotonic_ns=567024474553110 received=201 consumed=201 revision=72
published_frame=405
published_frame=406
editbox_emit sequence=204 bytes=50 elapsed_us=2816 envelope=@J10000000001000000020423126|I421rC9040Fy09040Fy0;
published_frame=407
published_frame=408
editbox_emit sequence=205 bytes=50 elapsed_us=3852 envelope=@J10000000001000000020552901|I421tC9040Fy09040Fy0;
published_frame=409
published_frame=410
editbox_emit sequence=206 bytes=50 elapsed_us=3284 envelope=@J10000000001000000020617155|I421vC9040Fy09040Fy0;
editbox_receipt monotonic_ns=567024574962868 received=205 consumed=205 revision=73
published_frame=411
published_frame=412
editbox_emit sequence=207 bytes=50 elapsed_us=2737 envelope=@J10000000001000000020746930|I421xC9040Fy09040Fy0;
published_frame=413
published_frame=414
editbox_emit sequence=208 bytes=50 elapsed_us=2966 envelope=@J10000000001000000020811184|I421zC9040Fy09040Fy0;
published_frame=415
published_frame=416
editbox_emit sequence=209 bytes=50 elapsed_us=3349 envelope=@J10000000001000000020940959|I421_C9040Fy09040Fy0;
published_frame=417
published_frame=418
editbox_emit sequence=210 bytes=50 elapsed_us=3330 envelope=@J10000000001000000021016282|I421XD9040Fy09040Fy0;
editbox_receipt monotonic_ns=567024717562805 received=206 consumed=206 revision=74
published_frame=419
published_frame=420
editbox_emit sequence=211 bytes=50 elapsed_us=3390 envelope=@J10000000001000000021146057|I421ZD9040Fy09040Fy0;
published_frame=421
published_frame=422
editbox_emit sequence=212 bytes=50 elapsed_us=2795 envelope=@J10000000001000000021210311|I421bD9040Fy09040Fy0;
published_frame=423
published_frame=424
editbox_emit sequence=213 bytes=50 elapsed_us=3001 envelope=@J10000000001000000021340086|I421dD9040Fy09040Fy0;
published_frame=425
published_frame=426
editbox_emit sequence=214 bytes=50 elapsed_us=3114 envelope=@J10000000001000000021404340|I421fD9040Fy09040Fy0;
editbox_receipt monotonic_ns=567024840994686 received=206 consumed=206 revision=75
published_frame=427
published_frame=428
editbox_emit sequence=215 bytes=50 elapsed_us=2894 envelope=@J10000000001000000021534115|I421hD9040Fy09040Fy0;
published_frame=429
published_frame=430
editbox_emit sequence=216 bytes=50 elapsed_us=3163 envelope=@J10000000001000000021663890|I421jD9040Fy09040Fy0;
published_frame=431
published_frame=432
editbox_emit sequence=217 bytes=50 elapsed_us=2909 envelope=@J10000000001000000021728144|I421lD9040Fy09040Fy0;
editbox_receipt monotonic_ns=567024940163779 received=206 consumed=206 revision=76
published_frame=433
editbox_emit sequence=207 bytes=50 elapsed_us=2900 envelope=@J10000000001000000020746930|I421xC9040Fy09040Fy0;
published_frame=434
editbox_receipt monotonic_ns=567024983342090 received=206 consumed=206 revision=77
published_frame=435
published_frame=436
published_frame=437
published_frame=438
editbox_receipt monotonic_ns=567025043471170 received=206 consumed=206 revision=78
published_frame=439
published_frame=440
published_frame=441
published_frame=442
published_frame=443
published_frame=444
published_frame=445
published_frame=446
editbox_receipt monotonic_ns=567025174080056 received=206 consumed=206 revision=79
published_frame=447
published_frame=448
published_frame=449
editbox_emit sequence=207 bytes=50 elapsed_us=2968 envelope=@J10000000001000000020746930|I421xC9040Fy09040Fy0;
published_frame=450
editbox_receipt monotonic_ns=567025249060510 received=206 consumed=206 revision=80
published_frame=451
published_frame=452
published_frame=453
published_frame=454
published_frame=455
published_frame=456
published_frame=457
published_frame=458
published_frame=459
editbox_receipt monotonic_ns=567025389705090 received=206 consumed=206 revision=81
published_frame=460
published_frame=461
published_frame=462
published_frame=463
editbox_receipt monotonic_ns=567025452777519 received=206 consumed=206 revision=82
published_frame=464
editbox_emit sequence=207 bytes=50 elapsed_us=3701 envelope=@J10000000001000000020746930|I421xC9040Fy09040Fy0;
published_frame=465
published_frame=466
published_frame=467
published_frame=468
published_frame=469
published_frame=470
published_frame=471
published_frame=472
editbox_receipt monotonic_ns=567025603421757 received=206 consumed=206 revision=83
published_frame=473
published_frame=474
published_frame=475
editbox_receipt monotonic_ns=567025655369980 received=206 consumed=206 revision=84
published_frame=476
published_frame=477
published_frame=478
published_frame=479
editbox_emit sequence=207 bytes=50 elapsed_us=2594 envelope=@J10000000001000000020746930|I421xC9040Fy09040Fy0;
published_frame=480
published_frame=481
published_frame=482
published_frame=483
published_frame=484
published_frame=485
editbox_receipt monotonic_ns=567025828723353 received=206 consumed=206 revision=85
published_frame=486
published_frame=487
published_frame=488
editbox_receipt monotonic_ns=567025874276747 received=206 consumed=206 revision=86
published_frame=489
published_frame=490
published_frame=491
published_frame=492
published_frame=493
editbox_receipt monotonic_ns=567025961450541 received=206 consumed=206 revision=87
published_frame=494
editbox_emit sequence=207 bytes=50 elapsed_us=2787 envelope=@J10000000001000000020746930|I421xC9040Fy09040Fy0;
shutdown signal=SIGINT mailbox_release=begin
