source=/dev/input/event2 name=Some("Smashcraft Event Retention Virtual Gamepad") clock=CLOCK_MONOTONIC epoch_ns=537592624083753 frame_rule=segment_frame+floor((t-segment_epoch)*60/1e9) first=1 delay=0 pause_policy=sequenced-map-control
readiness_receipt=/home/tom/.local/share/Steam/steamapps/compatdata/3516115571/pfx/drive_c/users/steamuser/Documents/Warcraft III/CustomMapData/smashcraft-journal-ready-keyboard-mailbox-a-e1-p0.txt
published_frame=1
published_frame=2
mailbox_emit chunk=1 bytes=7 transitions=24 elapsed_us=2299
published_frame=3
published_frame=4
published_frame=5
mailbox_ack chunk=1 wait_us=63147
mailbox_emit chunk=2 bytes=7 transitions=2 elapsed_us=421
published_frame=6
published_frame=7
published_frame=8
published_frame=9
published_frame=10
published_frame=11
published_frame=12
published_frame=13
mailbox_ack chunk=2 wait_us=122164
mailbox_emit chunk=3 bytes=7 transitions=3 elapsed_us=941
published_frame=14
published_frame=15
published_frame=16
published_frame=17
mailbox_ack chunk=3 wait_us=76243
mailbox_emit chunk=4 bytes=7 transitions=2 elapsed_us=385
event mono_ns=537592924277000 frame=19 held=32 pressed=32 released=0
published_frame=18
event mono_ns=537592929490000 frame=19 held=0 pressed=0 released=32
published_frame=19
published_frame=20
published_frame=21
published_frame=22
mailbox_ack chunk=4 wait_us=71833
mailbox_emit chunk=5 bytes=7 transitions=4 elapsed_us=795
published_frame=23
published_frame=24
published_frame=25
published_frame=26
mailbox_ack chunk=5 wait_us=66631
mailbox_emit chunk=6 bytes=7 transitions=7 elapsed_us=1325
published_frame=27
published_frame=28
published_frame=29
published_frame=30
mailbox_ack chunk=6 wait_us=65165
mailbox_emit chunk=7 bytes=7 transitions=3 elapsed_us=553
published_frame=31
published_frame=32
published_frame=33
published_frame=34
mailbox_ack chunk=7 wait_us=71761
mailbox_emit chunk=8 bytes=7 transitions=2 elapsed_us=403
published_frame=35
event mono_ns=537593224366000 frame=37 held=2 pressed=2 released=0
published_frame=36
published_frame=37
published_frame=38
mailbox_ack chunk=8 wait_us=67293
mailbox_emit chunk=9 bytes=7 transitions=4 elapsed_us=693
published_frame=39
published_frame=40
published_frame=41
published_frame=42
mailbox_ack chunk=9 wait_us=66233
mailbox_emit chunk=10 bytes=7 transitions=4 elapsed_us=644
published_frame=43
published_frame=44
published_frame=45
published_frame=46
published_frame=47
mailbox_ack chunk=10 wait_us=70968
mailbox_emit chunk=11 bytes=6 transitions=21 elapsed_us=1931
published_frame=48
published_frame=49
published_frame=50
mailbox_ack chunk=11 wait_us=62161
mailbox_emit chunk=12 bytes=7 transitions=19 elapsed_us=1722
published_frame=51
published_frame=52
published_frame=53
published_frame=54
mailbox_ack chunk=12 wait_us=65392
mailbox_emit chunk=13 bytes=7 transitions=2 elapsed_us=405
published_frame=55
published_frame=56
published_frame=57
published_frame=58
published_frame=59
mailbox_ack chunk=13 wait_us=68575
mailbox_emit chunk=14 bytes=7 transitions=5 elapsed_us=741
published_frame=60
published_frame=61
published_frame=62
published_frame=63
mailbox_ack chunk=14 wait_us=76321
mailbox_emit chunk=15 bytes=7 transitions=2 elapsed_us=457
published_frame=64
published_frame=65
event mono_ns=537593724284000 frame=67 held=0 pressed=0 released=2
published_frame=66
published_frame=67
published_frame=68
mailbox_ack chunk=15 wait_us=73189
mailbox_emit chunk=16 bytes=7 transitions=3 elapsed_us=515
published_frame=69
published_frame=70
published_frame=71
published_frame=72
published_frame=73
published_frame=74
published_frame=75
published_frame=76
mailbox_ack chunk=16 wait_us=141229
mailbox_emit chunk=17 bytes=7 transitions=2 elapsed_us=476
published_frame=77
published_frame=78
published_frame=79
published_frame=80
published_frame=81
mailbox_ack chunk=17 wait_us=78446
mailbox_emit chunk=18 bytes=7 transitions=6 elapsed_us=728
published_frame=82
published_frame=83
published_frame=84
published_frame=85
mailbox_ack chunk=18 wait_us=70945
mailbox_emit chunk=19 bytes=1 transitions=26 elapsed_us=2337
published_frame=86
published_frame=87
published_frame=88
published_frame=89
event mono_ns=537594224258000 frame=97 held=32 pressed=32 released=0
event mono_ns=537594229385000 frame=97 held=0 pressed=0 released=32
published_frame=90
published_frame=91
published_frame=92
published_frame=93
published_frame=94
published_frame=95
published_frame=96
published_frame=97
published_frame=98
published_frame=99
published_frame=100
published_frame=101
published_frame=102
published_frame=103
published_frame=104
published_frame=105
mailbox_ack chunk=19 wait_us=319163
mailbox_emit chunk=20 bytes=7 transitions=27 elapsed_us=2461
published_frame=106
published_frame=107
published_frame=108
mailbox_ack chunk=20 wait_us=62269
mailbox_emit chunk=21 bytes=1 transitions=27 elapsed_us=2394
published_frame=109
published_frame=110
published_frame=111
published_frame=112
mailbox_ack chunk=21 wait_us=59047
mailbox_emit chunk=22 bytes=7 transitions=28 elapsed_us=2583
published_frame=113
published_frame=114
published_frame=115
published_frame=116
published_frame=117
mailbox_ack chunk=22 wait_us=81092
mailbox_emit chunk=23 bytes=7 transitions=15 elapsed_us=1624
published_frame=118
published_frame=119
published_frame=120
published_frame=121
mailbox_ack chunk=23 wait_us=66850
mailbox_emit chunk=24 bytes=7 transitions=11 elapsed_us=1261
published_frame=122
published_frame=123
published_frame=124
published_frame=125
published_frame=126
mailbox_ack chunk=24 wait_us=78406
mailbox_emit chunk=25 bytes=7 transitions=17 elapsed_us=1731
published_frame=127
published_frame=128
published_frame=129
published_frame=130
published_frame=131
published_frame=132
published_frame=133
published_frame=134
mailbox_ack chunk=25 wait_us=134136
mailbox_emit chunk=26 bytes=3 transitions=24 elapsed_us=2235
published_frame=135
published_frame=136
published_frame=137
published_frame=138
mailbox_ack chunk=26 wait_us=67704
mailbox_emit chunk=27 bytes=7 transitions=26 elapsed_us=2182
published_frame=139
published_frame=140
published_frame=141
published_frame=142
published_frame=143
mailbox_ack chunk=27 wait_us=70957
mailbox_emit chunk=28 bytes=7 transitions=15 elapsed_us=2216
published_frame=144
published_frame=145
published_frame=146
published_frame=147
mailbox_ack chunk=28 wait_us=61450
mailbox_emit chunk=29 bytes=6 transitions=7 elapsed_us=869
published_frame=148
published_frame=149
published_frame=150
published_frame=151
mailbox_ack chunk=29 wait_us=73395
mailbox_emit chunk=30 bytes=7 transitions=20 elapsed_us=2044
published_frame=152
published_frame=153
published_frame=154
published_frame=155
mailbox_ack chunk=30 wait_us=64140
mailbox_emit chunk=31 bytes=7 transitions=14 elapsed_us=1383
event mono_ns=537595224268000 frame=157 held=32 pressed=32 released=0
published_frame=156
event mono_ns=537595229384000 frame=157 held=0 pressed=0 released=32
published_frame=157
published_frame=158
published_frame=159
mailbox_ack chunk=31 wait_us=68626
mailbox_emit chunk=32 bytes=6 transitions=7 elapsed_us=1321
published_frame=160
published_frame=161
published_frame=162
published_frame=163
published_frame=164
mailbox_ack chunk=32 wait_us=82288
mailbox_emit chunk=33 bytes=7 transitions=21 elapsed_us=1972
published_frame=165
published_frame=166
published_frame=167
published_frame=168
published_frame=169
mailbox_ack chunk=33 wait_us=70144
mailbox_emit chunk=34 bytes=7 transitions=15 elapsed_us=1492
published_frame=170
published_frame=171
published_frame=172
published_frame=173
mailbox_ack chunk=34 wait_us=77129
mailbox_emit chunk=35 bytes=6 transitions=7 elapsed_us=1150
published_frame=174
published_frame=175
published_frame=176
published_frame=177
published_frame=178
mailbox_ack chunk=35 wait_us=78281
mailbox_emit chunk=36 bytes=7 transitions=20 elapsed_us=2241
published_frame=179
published_frame=180
published_frame=181
published_frame=182
published_frame=183
mailbox_ack chunk=36 wait_us=73611
mailbox_emit chunk=37 bytes=7 transitions=14 elapsed_us=1635
published_frame=184
published_frame=185
published_frame=186
published_frame=187
mailbox_ack chunk=37 wait_us=67751
mailbox_emit chunk=38 bytes=6 transitions=7 elapsed_us=1321
published_frame=188
published_frame=189
published_frame=190
published_frame=191
published_frame=192
published_frame=193
published_frame=194
published_frame=195
published_frame=196
mailbox_ack chunk=38 wait_us=148204
mailbox_emit chunk=39 bytes=7 transitions=22 elapsed_us=2429
published_frame=197
published_frame=198
published_frame=199
published_frame=200
published_frame=201
mailbox_ack chunk=39 wait_us=83491
mailbox_emit chunk=40 bytes=7 transitions=16 elapsed_us=1774
published_frame=202
published_frame=203
published_frame=204
published_frame=205
mailbox_ack chunk=40 wait_us=73070
mailbox_emit chunk=41 bytes=6 transitions=7 elapsed_us=881
published_frame=206
published_frame=207
published_frame=208
published_frame=209
published_frame=210
mailbox_ack chunk=41 wait_us=78556
mailbox_emit chunk=42 bytes=7 transitions=21 elapsed_us=2223
published_frame=211
published_frame=212
published_frame=213
published_frame=214
published_frame=215
mailbox_ack chunk=42 wait_us=70811
mailbox_emit chunk=43 bytes=7 transitions=15 elapsed_us=1602
published_frame=216
published_frame=217
published_frame=218
published_frame=219
published_frame=220
mailbox_ack chunk=43 wait_us=83552
mailbox_emit chunk=44 bytes=6 transitions=7 elapsed_us=1405
published_frame=221
published_frame=222
published_frame=223
published_frame=224
published_frame=225
mailbox_ack chunk=44 wait_us=85987
mailbox_emit chunk=45 bytes=7 transitions=19 elapsed_us=2136
published_frame=226
published_frame=227
published_frame=228
published_frame=229
published_frame=230
mailbox_ack chunk=45 wait_us=80355
mailbox_emit chunk=46 bytes=7 transitions=13 elapsed_us=1367
published_frame=231
published_frame=232
published_frame=233
published_frame=234
mailbox_ack chunk=46 wait_us=66332
mailbox_emit chunk=47 bytes=6 transitions=7 elapsed_us=1015
published_frame=235
published_frame=236
published_frame=237
published_frame=238
published_frame=239
mailbox_ack chunk=47 wait_us=80197
mailbox_emit chunk=48 bytes=7 transitions=18 elapsed_us=2272
published_frame=240
published_frame=241
published_frame=242
published_frame=243
mailbox_ack chunk=48 wait_us=72805
mailbox_emit chunk=49 bytes=7 transitions=12 elapsed_us=1186
published_frame=244
published_frame=245
published_frame=246
published_frame=247
published_frame=248
mailbox_ack chunk=49 wait_us=80067
mailbox_emit chunk=50 bytes=6 transitions=7 elapsed_us=951
published_frame=249
published_frame=250
published_frame=251
published_frame=252
published_frame=253
published_frame=254
published_frame=255
published_frame=256
published_frame=257
published_frame=258
published_frame=259
published_frame=260
published_frame=261
mailbox_ack chunk=50 wait_us=203282
mailbox_emit chunk=51 bytes=7 transitions=20 elapsed_us=2452
published_frame=262
published_frame=263
published_frame=264
published_frame=265
published_frame=266
mailbox_ack chunk=51 wait_us=87771
mailbox_emit chunk=52 bytes=7 transitions=14 elapsed_us=1709
published_frame=267
published_frame=268
published_frame=269
published_frame=270
mailbox_ack chunk=52 wait_us=70731
mailbox_emit chunk=53 bytes=6 transitions=7 elapsed_us=1241
published_frame=271
published_frame=272
published_frame=273
published_frame=274
published_frame=275
published_frame=276
published_frame=277
mailbox_ack chunk=53 wait_us=105011
mailbox_emit chunk=54 bytes=7 transitions=19 elapsed_us=2633
published_frame=278
published_frame=279
published_frame=280
published_frame=281
mailbox_ack chunk=54 wait_us=71353
mailbox_emit chunk=55 bytes=7 transitions=13 elapsed_us=1471
published_frame=282
published_frame=283
published_frame=284
published_frame=285
published_frame=286
mailbox_ack chunk=55 wait_us=75123
mailbox_emit chunk=56 bytes=6 transitions=7 elapsed_us=1745
published_frame=287
published_frame=288
published_frame=289
published_frame=290
published_frame=291
mailbox_ack chunk=56 wait_us=81961
mailbox_emit chunk=57 bytes=7 transitions=20 elapsed_us=1937
published_frame=292
published_frame=293
published_frame=294
published_frame=295
mailbox_ack chunk=57 wait_us=71941
mailbox_emit chunk=58 bytes=7 transitions=14 elapsed_us=1659
published_frame=296
published_frame=297
published_frame=298
published_frame=299
mailbox_ack chunk=58 wait_us=63024
mailbox_emit chunk=59 bytes=6 transitions=7 elapsed_us=846
published_frame=300
mailbox_ack chunk=59 wait_us=79962
mailbox_emit chunk=60 bytes=7 transitions=19 elapsed_us=2081
mailbox_ack chunk=60 wait_us=74652
mailbox_emit chunk=61 bytes=7 transitions=13 elapsed_us=1476
mailbox_ack chunk=61 wait_us=64425
mailbox_emit chunk=62 bytes=6 transitions=7 elapsed_us=845
mailbox_ack chunk=62 wait_us=97484
mailbox_emit chunk=63 bytes=7 transitions=20 elapsed_us=2063
mailbox_ack chunk=63 wait_us=76953
mailbox_emit chunk=64 bytes=7 transitions=14 elapsed_us=1722
mailbox_ack chunk=64 wait_us=79135
mailbox_emit chunk=65 bytes=6 transitions=7 elapsed_us=1174
mailbox_ack chunk=65 wait_us=98661
mailbox_emit chunk=66 bytes=7 transitions=19 elapsed_us=2160
mailbox_ack chunk=66 wait_us=77518
mailbox_emit chunk=67 bytes=7 transitions=13 elapsed_us=1330
mailbox_ack chunk=67 wait_us=77779
mailbox_emit chunk=68 bytes=6 transitions=7 elapsed_us=900
mailbox_ack chunk=68 wait_us=88560
mailbox_emit chunk=69 bytes=7 transitions=17 elapsed_us=1992
mailbox_ack chunk=69 wait_us=84126
mailbox_emit chunk=70 bytes=7 transitions=15 elapsed_us=1670
mailbox_ack chunk=70 wait_us=74590
mailbox_emit chunk=71 bytes=7 transitions=13 elapsed_us=1504
mailbox_ack chunk=71 wait_us=88375
mailbox_emit chunk=72 bytes=1 transitions=26 elapsed_us=2671
mailbox_ack chunk=72 wait_us=74657
mailbox_emit chunk=73 bytes=7 transitions=26 elapsed_us=2687
mailbox_ack chunk=73 wait_us=80567
mailbox_emit chunk=74 bytes=1 transitions=26 elapsed_us=3354
mailbox_ack chunk=74 wait_us=65583
mailbox_emit chunk=75 bytes=7 transitions=27 elapsed_us=3106
mailbox_ack chunk=75 wait_us=96455
mailbox_emit chunk=76 bytes=1 transitions=27 elapsed_us=2753
mailbox_ack chunk=76 wait_us=75968
mailbox_emit chunk=77 bytes=7 transitions=26 elapsed_us=2257
mailbox_ack chunk=77 wait_us=91836
mailbox_emit chunk=78 bytes=1 transitions=26 elapsed_us=2784
mailbox_ack chunk=78 wait_us=88016
mailbox_emit chunk=79 bytes=7 transitions=27 elapsed_us=3392
mailbox_ack chunk=79 wait_us=95447
mailbox_emit chunk=80 bytes=1 transitions=27 elapsed_us=3508
mailbox_ack chunk=80 wait_us=92041
mailbox_emit chunk=81 bytes=7 transitions=27 elapsed_us=2884
mailbox_ack chunk=81 wait_us=101637
mailbox_emit chunk=82 bytes=1 transitions=27 elapsed_us=3261
mailbox_ack chunk=82 wait_us=90344
mailbox_emit chunk=83 bytes=7 transitions=28 elapsed_us=2381
mailbox_ack chunk=83 wait_us=99752
mailbox_emit chunk=84 bytes=1 transitions=28 elapsed_us=3313
mailbox_ack chunk=84 wait_us=95483
mailbox_emit chunk=85 bytes=7 transitions=26 elapsed_us=2848
mailbox_ack chunk=85 wait_us=175911
mailbox_emit chunk=86 bytes=1 transitions=26 elapsed_us=2986
mailbox_ack chunk=86 wait_us=119598
mailbox_emit chunk=87 bytes=7 transitions=27 elapsed_us=2396
mailbox_ack chunk=87 wait_us=120562
mailbox_emit chunk=88 bytes=1 transitions=27 elapsed_us=3113
mailbox_ack chunk=88 wait_us=148019
mailbox_emit chunk=89 bytes=7 transitions=27 elapsed_us=3008
mailbox_ack chunk=89 wait_us=119898
mailbox_emit chunk=90 bytes=1 transitions=27 elapsed_us=2838
mailbox_ack chunk=90 wait_us=109062
mailbox_emit chunk=91 bytes=7 transitions=28 elapsed_us=3045
mailbox_ack chunk=91 wait_us=165187
mailbox_emit chunk=92 bytes=1 transitions=28 elapsed_us=2665
mailbox_ack chunk=92 wait_us=116179
mailbox_emit chunk=93 bytes=7 transitions=27 elapsed_us=2859
mailbox_ack chunk=93 wait_us=130197
mailbox_emit chunk=94 bytes=1 transitions=27 elapsed_us=3126
mailbox_ack chunk=94 wait_us=149204
mailbox_emit chunk=95 bytes=7 transitions=28 elapsed_us=2993
mailbox_ack chunk=95 wait_us=127253
mailbox_emit chunk=96 bytes=1 transitions=28 elapsed_us=2743
mailbox_ack chunk=96 wait_us=108842
mailbox_emit chunk=97 bytes=7 transitions=29 elapsed_us=2840
mailbox_ack chunk=97 wait_us=172818
mailbox_emit chunk=98 bytes=1 transitions=29 elapsed_us=2623
mailbox_ack chunk=98 wait_us=123135
mailbox_emit chunk=99 bytes=7 transitions=28 elapsed_us=2817
mailbox_ack chunk=99 wait_us=152379
mailbox_emit chunk=100 bytes=7 transitions=20 elapsed_us=2196
mailbox_ack chunk=100 wait_us=98940
mailbox_emit chunk=101 bytes=7 transitions=20 elapsed_us=1960
mailbox_ack chunk=101 wait_us=104576
mailbox_emit chunk=102 bytes=1 transitions=28 elapsed_us=3013
mailbox_ack chunk=102 wait_us=93031
mailbox_emit chunk=103 bytes=7 transitions=27 elapsed_us=2940
mailbox_ack chunk=103 wait_us=80025
mailbox_emit chunk=104 bytes=1 transitions=27 elapsed_us=2385
mailbox_ack chunk=104 wait_us=71890
mailbox_emit chunk=105 bytes=7 transitions=27 elapsed_us=2535
mailbox_ack chunk=105 wait_us=82173
mailbox_emit chunk=106 bytes=1 transitions=27 elapsed_us=2349
mailbox_ack chunk=106 wait_us=68443
mailbox_emit chunk=107 bytes=7 transitions=28 elapsed_us=2962
mailbox_ack chunk=107 wait_us=81198
mailbox_emit chunk=108 bytes=1 transitions=28 elapsed_us=2355
mailbox_ack chunk=108 wait_us=66180
mailbox_emit chunk=109 bytes=7 transitions=27 elapsed_us=2980
mailbox_ack chunk=109 wait_us=86659
mailbox_emit chunk=110 bytes=1 transitions=27 elapsed_us=2448
mailbox_ack chunk=110 wait_us=71687
mailbox_emit chunk=111 bytes=7 transitions=28 elapsed_us=2553
mailbox_ack chunk=111 wait_us=82467
mailbox_emit chunk=112 bytes=1 transitions=28 elapsed_us=3012
mailbox_ack chunk=112 wait_us=85612
mailbox_emit chunk=113 bytes=7 transitions=28 elapsed_us=2969
mailbox_ack chunk=113 wait_us=79062
mailbox_emit chunk=114 bytes=1 transitions=28 elapsed_us=3039
mailbox_ack chunk=114 wait_us=71475
mailbox_emit chunk=115 bytes=7 transitions=29 elapsed_us=3076
mailbox_ack chunk=115 wait_us=92532
mailbox_emit chunk=116 bytes=1 transitions=29 elapsed_us=2381
mailbox_ack chunk=116 wait_us=85400
mailbox_emit chunk=117 bytes=7 transitions=27 elapsed_us=2149
mailbox_ack chunk=117 wait_us=101211
mailbox_emit chunk=118 bytes=1 transitions=27 elapsed_us=2966
mailbox_ack chunk=118 wait_us=87384
mailbox_emit chunk=119 bytes=7 transitions=28 elapsed_us=2397
mailbox_ack chunk=119 wait_us=103390
mailbox_emit chunk=120 bytes=1 transitions=28 elapsed_us=2984
mailbox_ack chunk=120 wait_us=90811
mailbox_emit chunk=121 bytes=7 transitions=28 elapsed_us=2923
mailbox_ack chunk=121 wait_us=98939
mailbox_emit chunk=122 bytes=1 transitions=28 elapsed_us=2302
mailbox_ack chunk=122 wait_us=90647
mailbox_emit chunk=123 bytes=7 transitions=29 elapsed_us=2646
mailbox_ack chunk=123 wait_us=96988
mailbox_emit chunk=124 bytes=1 transitions=29 elapsed_us=3424
mailbox_ack chunk=124 wait_us=90888
mailbox_emit chunk=125 bytes=7 transitions=28 elapsed_us=2904
mailbox_ack chunk=125 wait_us=97588
mailbox_emit chunk=126 bytes=1 transitions=28 elapsed_us=3337
mailbox_ack chunk=126 wait_us=108995
mailbox_emit chunk=127 bytes=7 transitions=29 elapsed_us=2617
mailbox_ack chunk=127 wait_us=112116
mailbox_emit chunk=128 bytes=1 transitions=29 elapsed_us=3086
mailbox_ack chunk=128 wait_us=86730
mailbox_emit chunk=129 bytes=7 transitions=30 elapsed_us=3159
mailbox_ack chunk=129 wait_us=135804
mailbox_emit chunk=130 bytes=1 transitions=30 elapsed_us=2931
mailbox_ack chunk=130 wait_us=74878
mailbox_emit chunk=131 bytes=7 transitions=26 elapsed_us=17517
mailbox_ack chunk=131 wait_us=111435
mailbox_emit chunk=132 bytes=1 transitions=26 elapsed_us=2794
mailbox_ack chunk=132 wait_us=85422
mailbox_emit chunk=133 bytes=7 transitions=27 elapsed_us=2121
mailbox_ack chunk=133 wait_us=101607
mailbox_emit chunk=134 bytes=1 transitions=27 elapsed_us=2860
mailbox_ack chunk=134 wait_us=75854
mailbox_emit chunk=135 bytes=7 transitions=26 elapsed_us=2138
mailbox_ack chunk=135 wait_us=98397
mailbox_emit chunk=136 bytes=1 transitions=26 elapsed_us=17397
mailbox_ack chunk=136 wait_us=81655
mailbox_emit chunk=137 bytes=7 transitions=26 elapsed_us=2074
mailbox_ack chunk=137 wait_us=132423
mailbox_emit chunk=138 bytes=1 transitions=26 elapsed_us=2328
mailbox_ack chunk=138 wait_us=96383
mailbox_emit chunk=139 bytes=7 transitions=27 elapsed_us=2844
mailbox_ack chunk=139 wait_us=112180
mailbox_emit chunk=140 bytes=1 transitions=27 elapsed_us=2769
mailbox_ack chunk=140 wait_us=87578
mailbox_emit chunk=141 bytes=7 transitions=26 elapsed_us=3245
mailbox_ack chunk=141 wait_us=96506
mailbox_emit chunk=142 bytes=1 transitions=26 elapsed_us=3283
mailbox_ack chunk=142 wait_us=84518
mailbox_emit chunk=143 bytes=7 transitions=27 elapsed_us=2839
mailbox_ack chunk=143 wait_us=96955
mailbox_emit chunk=144 bytes=1 transitions=27 elapsed_us=2802
mailbox_ack chunk=144 wait_us=68280
mailbox_emit chunk=145 bytes=7 transitions=27 elapsed_us=3010
mailbox_ack chunk=145 wait_us=100543
mailbox_emit chunk=146 bytes=1 transitions=27 elapsed_us=17511
mailbox_ack chunk=146 wait_us=70651
mailbox_emit chunk=147 bytes=7 transitions=28 elapsed_us=3035
mailbox_ack chunk=147 wait_us=102900
mailbox_emit chunk=148 bytes=1 transitions=28 elapsed_us=2476
mailbox_ack chunk=148 wait_us=86711
mailbox_emit chunk=149 bytes=7 transitions=26 elapsed_us=2203
mailbox_ack chunk=149 wait_us=104341
mailbox_emit chunk=150 bytes=1 transitions=26 elapsed_us=2970
mailbox_ack chunk=150 wait_us=97738
mailbox_emit chunk=151 bytes=7 transitions=27 elapsed_us=2361
mailbox_ack chunk=151 wait_us=126171
mailbox_emit chunk=152 bytes=1 transitions=27 elapsed_us=3066
mailbox_ack chunk=152 wait_us=70757
mailbox_emit chunk=153 bytes=7 transitions=27 elapsed_us=2474
mailbox_ack chunk=153 wait_us=141506
mailbox_emit chunk=154 bytes=1 transitions=27 elapsed_us=3385
mailbox_ack chunk=154 wait_us=108204
mailbox_emit chunk=155 bytes=7 transitions=28 elapsed_us=3576
mailbox_ack chunk=155 wait_us=112080
mailbox_emit chunk=156 bytes=1 transitions=28 elapsed_us=2943
mailbox_ack chunk=156 wait_us=98454
mailbox_emit chunk=157 bytes=7 transitions=27 elapsed_us=3311
mailbox_ack chunk=157 wait_us=145575
mailbox_emit chunk=158 bytes=1 transitions=27 elapsed_us=3174
mailbox_ack chunk=158 wait_us=99222
mailbox_emit chunk=159 bytes=7 transitions=29 elapsed_us=2687
mailbox_ack chunk=159 wait_us=129133
mailbox_emit chunk=160 bytes=7 transitions=21 elapsed_us=1873
mailbox_ack chunk=160 wait_us=92115
mailbox_emit chunk=161 bytes=7 transitions=23 elapsed_us=2755
mailbox_ack chunk=161 wait_us=119688
mailbox_emit chunk=162 bytes=1 transitions=29 elapsed_us=3173
mailbox_ack chunk=162 wait_us=105710
mailbox_emit chunk=163 bytes=7 transitions=27 elapsed_us=3002
mailbox_ack chunk=163 wait_us=100395
mailbox_emit chunk=164 bytes=1 transitions=27 elapsed_us=2928
mailbox_ack chunk=164 wait_us=82653
mailbox_emit chunk=165 bytes=7 transitions=28 elapsed_us=2694
mailbox_ack chunk=165 wait_us=101700
mailbox_emit chunk=166 bytes=1 transitions=28 elapsed_us=2908
mailbox_ack chunk=166 wait_us=69852
mailbox_emit chunk=167 bytes=7 transitions=27 elapsed_us=2318
mailbox_ack chunk=167 wait_us=85581
mailbox_emit chunk=168 bytes=1 transitions=27 elapsed_us=2868
mailbox_ack chunk=168 wait_us=61938
mailbox_emit chunk=169 bytes=7 transitions=27 elapsed_us=2438
mailbox_ack chunk=169 wait_us=79012
mailbox_emit chunk=170 bytes=1 transitions=27 elapsed_us=2964
mailbox_ack chunk=170 wait_us=74180
mailbox_emit chunk=171 bytes=7 transitions=28 elapsed_us=2835
mailbox_ack chunk=171 wait_us=80041
mailbox_emit chunk=172 bytes=1 transitions=28 elapsed_us=2476
mailbox_ack chunk=172 wait_us=61902
mailbox_emit chunk=173 bytes=7 transitions=27 elapsed_us=3453
mailbox_ack chunk=173 wait_us=86846
mailbox_emit chunk=174 bytes=1 transitions=27 elapsed_us=2984
mailbox_ack chunk=174 wait_us=66558
mailbox_emit chunk=175 bytes=7 transitions=28 elapsed_us=2754
mailbox_ack chunk=175 wait_us=99224
mailbox_emit chunk=176 bytes=1 transitions=28 elapsed_us=2889
mailbox_ack chunk=176 wait_us=91765
mailbox_emit chunk=177 bytes=7 transitions=28 elapsed_us=2765
mailbox_ack chunk=177 wait_us=103561
mailbox_emit chunk=178 bytes=1 transitions=28 elapsed_us=2472
mailbox_ack chunk=178 wait_us=98510
mailbox_emit chunk=179 bytes=7 transitions=29 elapsed_us=3300
mailbox_ack chunk=179 wait_us=111421
mailbox_emit chunk=180 bytes=1 transitions=29 elapsed_us=3053
mailbox_ack chunk=180 wait_us=97393
mailbox_emit chunk=181 bytes=7 transitions=27 elapsed_us=2386
mailbox_ack chunk=181 wait_us=134698
mailbox_emit chunk=182 bytes=1 transitions=27 elapsed_us=3328
mailbox_ack chunk=182 wait_us=75080
mailbox_emit chunk=183 bytes=7 transitions=28 elapsed_us=3117
mailbox_ack chunk=183 wait_us=120631
mailbox_emit chunk=184 bytes=1 transitions=28 elapsed_us=3415
mailbox_ack chunk=184 wait_us=94038
mailbox_emit chunk=185 bytes=7 transitions=28 elapsed_us=2678
mailbox_ack chunk=185 wait_us=99480
mailbox_emit chunk=186 bytes=1 transitions=28 elapsed_us=3255
mailbox_ack chunk=186 wait_us=80348
mailbox_emit chunk=187 bytes=7 transitions=29 elapsed_us=12798
mailbox_ack chunk=187 wait_us=92130
mailbox_emit chunk=188 bytes=1 transitions=29 elapsed_us=9233
mailbox_ack chunk=188 wait_us=64479
mailbox_emit chunk=189 bytes=7 transitions=28 elapsed_us=3424
mailbox_ack chunk=189 wait_us=84923
mailbox_emit chunk=190 bytes=1 transitions=28 elapsed_us=3196
mailbox_ack chunk=190 wait_us=87968
mailbox_emit chunk=191 bytes=7 transitions=29 elapsed_us=3422
mailbox_ack chunk=191 wait_us=92698
mailbox_emit chunk=192 bytes=1 transitions=29 elapsed_us=3436
mailbox_ack chunk=192 wait_us=103076
mailbox_emit chunk=193 bytes=7 transitions=30 elapsed_us=3270
mailbox_ack chunk=193 wait_us=114040
mailbox_emit chunk=194 bytes=1 transitions=30 elapsed_us=3443
mailbox_ack chunk=194 wait_us=132893
mailbox_emit chunk=195 bytes=7 transitions=27 elapsed_us=3612
mailbox_ack chunk=195 wait_us=114936
mailbox_emit chunk=196 bytes=1 transitions=27 elapsed_us=5083
mailbox_ack chunk=196 wait_us=92369
mailbox_emit chunk=197 bytes=7 transitions=28 elapsed_us=3564
mailbox_ack chunk=197 wait_us=84311
mailbox_emit chunk=198 bytes=1 transitions=28 elapsed_us=2906
mailbox_ack chunk=198 wait_us=110094
mailbox_emit chunk=199 bytes=7 transitions=27 elapsed_us=2581
mailbox_ack chunk=199 wait_us=113507
mailbox_emit chunk=200 bytes=1 transitions=27 elapsed_us=3174
mailbox_ack chunk=200 wait_us=77974
mailbox_emit chunk=201 bytes=7 transitions=27 elapsed_us=3129
mailbox_ack chunk=201 wait_us=121779
mailbox_emit chunk=202 bytes=1 transitions=27 elapsed_us=3089
mailbox_ack chunk=202 wait_us=77781
mailbox_emit chunk=203 bytes=7 transitions=28 elapsed_us=2565
mailbox_ack chunk=203 wait_us=106802
mailbox_emit chunk=204 bytes=1 transitions=28 elapsed_us=3563
mailbox_ack chunk=204 wait_us=115586
mailbox_emit chunk=205 bytes=7 transitions=27 elapsed_us=4233
mailbox_ack chunk=205 wait_us=121971
mailbox_emit chunk=206 bytes=1 transitions=27 elapsed_us=2613
mailbox_ack chunk=206 wait_us=82173
mailbox_emit chunk=207 bytes=7 transitions=28 elapsed_us=2652
mailbox_ack chunk=207 wait_us=116301
mailbox_emit chunk=208 bytes=1 transitions=28 elapsed_us=2892
mailbox_ack chunk=208 wait_us=125180
mailbox_emit chunk=209 bytes=7 transitions=28 elapsed_us=3244
mailbox_ack chunk=209 wait_us=92786
mailbox_emit chunk=210 bytes=1 transitions=28 elapsed_us=2367
mailbox_ack chunk=210 wait_us=66231
mailbox_emit chunk=211 bytes=7 transitions=29 elapsed_us=3035
mailbox_ack chunk=211 wait_us=85458
mailbox_emit chunk=212 bytes=1 transitions=29 elapsed_us=3225
mailbox_ack chunk=212 wait_us=105127
mailbox_emit chunk=213 bytes=7 transitions=27 elapsed_us=2728
mailbox_ack chunk=213 wait_us=109981
mailbox_emit chunk=214 bytes=1 transitions=27 elapsed_us=14138
mailbox_ack chunk=214 wait_us=87898
mailbox_emit chunk=215 bytes=7 transitions=28 elapsed_us=2908
mailbox_ack chunk=215 wait_us=73818
mailbox_emit chunk=216 bytes=1 transitions=28 elapsed_us=2848
mailbox_ack chunk=216 wait_us=99562
mailbox_emit chunk=217 bytes=7 transitions=28 elapsed_us=3958
mailbox_ack chunk=217 wait_us=133935
mailbox_emit chunk=218 bytes=1 transitions=28 elapsed_us=3034
mailbox_ack chunk=218 wait_us=57841
mailbox_emit chunk=219 bytes=7 transitions=29 elapsed_us=2906
mailbox_ack chunk=219 wait_us=141307
mailbox_emit chunk=220 bytes=1 transitions=29 elapsed_us=2946
mailbox_ack chunk=220 wait_us=61223
mailbox_emit chunk=221 bytes=7 transitions=28 elapsed_us=3216
mailbox_ack chunk=221 wait_us=147743
mailbox_emit chunk=222 bytes=1 transitions=28 elapsed_us=2432
mailbox_ack chunk=222 wait_us=89062
mailbox_emit chunk=223 bytes=7 transitions=29 elapsed_us=3614
mailbox_ack chunk=223 wait_us=121027
mailbox_emit chunk=224 bytes=1 transitions=29 elapsed_us=3014
mailbox_ack chunk=224 wait_us=81400
mailbox_emit chunk=225 bytes=7 transitions=30 elapsed_us=3471
mailbox_ack chunk=225 wait_us=132090
mailbox_emit chunk=226 bytes=1 transitions=30 elapsed_us=2945
mailbox_ack chunk=226 wait_us=133785
mailbox_emit chunk=227 bytes=7 transitions=28 elapsed_us=3252
mailbox_ack chunk=227 wait_us=109543
mailbox_emit chunk=228 bytes=1 transitions=28 elapsed_us=3025
mailbox_ack chunk=228 wait_us=105014
mailbox_emit chunk=229 bytes=7 transitions=29 elapsed_us=3124
mailbox_ack chunk=229 wait_us=106717
mailbox_emit chunk=230 bytes=1 transitions=29 elapsed_us=2311
mailbox_ack chunk=230 wait_us=105799
mailbox_emit chunk=231 bytes=7 transitions=28 elapsed_us=2885
mailbox_ack chunk=231 wait_us=107849
mailbox_emit chunk=232 bytes=1 transitions=28 elapsed_us=3435
mailbox_ack chunk=232 wait_us=74218
mailbox_emit chunk=233 bytes=7 transitions=28 elapsed_us=2380
mailbox_ack chunk=233 wait_us=105843
mailbox_emit chunk=234 bytes=1 transitions=28 elapsed_us=2391
mailbox_ack chunk=234 wait_us=81333
mailbox_emit chunk=235 bytes=7 transitions=29 elapsed_us=3065
mailbox_ack chunk=235 wait_us=95393
mailbox_emit chunk=236 bytes=1 transitions=29 elapsed_us=3051
mailbox_ack chunk=236 wait_us=78081
mailbox_emit chunk=237 bytes=7 transitions=28 elapsed_us=2415
mailbox_ack chunk=237 wait_us=102704
mailbox_emit chunk=238 bytes=1 transitions=28 elapsed_us=2620
mailbox_ack chunk=238 wait_us=71969
mailbox_emit chunk=239 bytes=7 transitions=29 elapsed_us=2628
mailbox_ack chunk=239 wait_us=122164
mailbox_emit chunk=240 bytes=1 transitions=29 elapsed_us=3461
mailbox_ack chunk=240 wait_us=92589
mailbox_emit chunk=241 bytes=7 transitions=29 elapsed_us=3303
mailbox_ack chunk=241 wait_us=107447
mailbox_emit chunk=242 bytes=1 transitions=29 elapsed_us=2913
mailbox_ack chunk=242 wait_us=72751
mailbox_emit chunk=243 bytes=7 transitions=30 elapsed_us=12436
mailbox_ack chunk=243 wait_us=124549
mailbox_emit chunk=244 bytes=1 transitions=30 elapsed_us=2438
mailbox_ack chunk=244 wait_us=101351
mailbox_emit chunk=245 bytes=7 transitions=28 elapsed_us=2691
mailbox_ack chunk=245 wait_us=114777
mailbox_emit chunk=246 bytes=1 transitions=28 elapsed_us=3011
mailbox_ack chunk=246 wait_us=111488
mailbox_emit chunk=247 bytes=7 transitions=29 elapsed_us=3429
mailbox_ack chunk=247 wait_us=115564
mailbox_emit chunk=248 bytes=1 transitions=29 elapsed_us=3907
mailbox_ack chunk=248 wait_us=95086
mailbox_emit chunk=249 bytes=7 transitions=29 elapsed_us=3175
mailbox_ack chunk=249 wait_us=102808
mailbox_emit chunk=250 bytes=1 transitions=29 elapsed_us=11737
mailbox_ack chunk=250 wait_us=82811
mailbox_emit chunk=251 bytes=7 transitions=30 elapsed_us=2558
mailbox_ack chunk=251 wait_us=96206
mailbox_emit chunk=252 bytes=1 transitions=30 elapsed_us=3085
mailbox_ack chunk=252 wait_us=91991
mailbox_emit chunk=253 bytes=7 transitions=29 elapsed_us=2499
mailbox_ack chunk=253 wait_us=97442
mailbox_emit chunk=254 bytes=1 transitions=29 elapsed_us=3315
mailbox_ack chunk=254 wait_us=76142
mailbox_emit chunk=255 bytes=7 transitions=30 elapsed_us=2675
mailbox_ack chunk=255 wait_us=104965
mailbox_emit chunk=256 bytes=1 transitions=30 elapsed_us=2901
mailbox_ack chunk=256 wait_us=83413
mailbox_emit chunk=257 bytes=7 transitions=31 elapsed_us=2693
mailbox_ack chunk=257 wait_us=97762
mailbox_emit chunk=258 bytes=1 transitions=31 elapsed_us=3229
mailbox_ack chunk=258 wait_us=85708
mailbox_emit chunk=259 bytes=7 transitions=26 elapsed_us=2517
mailbox_ack chunk=259 wait_us=97171
mailbox_emit chunk=260 bytes=1 transitions=26 elapsed_us=2758
mailbox_ack chunk=260 wait_us=95579
mailbox_emit chunk=261 bytes=7 transitions=27 elapsed_us=2918
mailbox_ack chunk=261 wait_us=99767
mailbox_emit chunk=262 bytes=1 transitions=27 elapsed_us=2901
mailbox_ack chunk=262 wait_us=90594
mailbox_emit chunk=263 bytes=7 transitions=26 elapsed_us=2408
mailbox_ack chunk=263 wait_us=96464
mailbox_emit chunk=264 bytes=1 transitions=26 elapsed_us=2489
mailbox_ack chunk=264 wait_us=76089
mailbox_emit chunk=265 bytes=7 transitions=26 elapsed_us=2189
mailbox_ack chunk=265 wait_us=99594
mailbox_emit chunk=266 bytes=1 transitions=26 elapsed_us=2272
mailbox_ack chunk=266 wait_us=86589
mailbox_emit chunk=267 bytes=7 transitions=27 elapsed_us=3001
mailbox_ack chunk=267 wait_us=109148
mailbox_emit chunk=268 bytes=1 transitions=27 elapsed_us=2699
mailbox_ack chunk=268 wait_us=85283
mailbox_emit chunk=269 bytes=7 transitions=26 elapsed_us=2217
mailbox_ack chunk=269 wait_us=101494
mailbox_emit chunk=270 bytes=1 transitions=26 elapsed_us=2755
mailbox_ack chunk=270 wait_us=71670
mailbox_emit chunk=271 bytes=7 transitions=27 elapsed_us=2655
mailbox_ack chunk=271 wait_us=123962
mailbox_emit chunk=272 bytes=1 transitions=27 elapsed_us=3277
mailbox_ack chunk=272 wait_us=72837
mailbox_emit chunk=273 bytes=7 transitions=27 elapsed_us=14617
mailbox_ack chunk=273 wait_us=105140
mailbox_emit chunk=274 bytes=1 transitions=27 elapsed_us=3151
mailbox_ack chunk=274 wait_us=74989
mailbox_emit chunk=275 bytes=7 transitions=28 elapsed_us=2817
mailbox_ack chunk=275 wait_us=114415
mailbox_emit chunk=276 bytes=1 transitions=28 elapsed_us=3290
mailbox_ack chunk=276 wait_us=80454
mailbox_emit chunk=277 bytes=7 transitions=26 elapsed_us=17134
mailbox_ack chunk=277 wait_us=111030
mailbox_emit chunk=278 bytes=1 transitions=26 elapsed_us=2554
mailbox_ack chunk=278 wait_us=86965
mailbox_emit chunk=279 bytes=7 transitions=27 elapsed_us=2923
mailbox_ack chunk=279 wait_us=107744
mailbox_emit chunk=280 bytes=1 transitions=27 elapsed_us=2916
mailbox_ack chunk=280 wait_us=93582
mailbox_emit chunk=281 bytes=7 transitions=27 elapsed_us=2678
mailbox_ack chunk=281 wait_us=117112
mailbox_emit chunk=282 bytes=1 transitions=27 elapsed_us=2685
mailbox_ack chunk=282 wait_us=108719
mailbox_emit chunk=283 bytes=7 transitions=28 elapsed_us=2664
mailbox_ack chunk=283 wait_us=116780
mailbox_emit chunk=284 bytes=1 transitions=28 elapsed_us=2930
shutdown signal=SIGINT mailbox_release=begin
