{"decision":"RESERVED","reason":"RUN","class":"moderate","requestedCpus":2,"requestedMemoryMiB":2048,"leasedCpuCeilings":24,"aggregateCpuLimit":18,"leasedMemoryMiB":39168,"cpuSomeAvg10":1.98,"memoryFullAvg10":0,"memoryAvailableMiB":67050,"reclaimed":0,"lease":"935990ea-7966-49c4-8c93-4b58f47f555e","expiresAt":1791280859801}
$ bun node_modules/typescript-native/bin/tsc --build tsconfig.json tsconfig.game.json
scripts/integrity/botFiles.ts(8,88): suggestion TS377098: This Schema number API accepts `NaN`, `Infinity`, and `-Infinity`. Use `Schema.Finite` for finite domain numbers. If non-finite values are intentional, disable this diagnostic for that line. effect(schemaNumber)
scripts/integrity/botFiles.ts(8,138): suggestion TS377098: This Schema number API accepts `NaN`, `Infinity`, and `-Infinity`. Use `Schema.Finite` for finite domain numbers. If non-finite values are intentional, disable this diagnostic for that line. effect(schemaNumber)
scripts/integrity/botFiles.ts(11,33): suggestion TS377098: This Schema number API accepts `NaN`, `Infinity`, and `-Infinity`. Use `Schema.Finite` for finite domain numbers. If non-finite values are intentional, disable this diagnostic for that line. effect(schemaNumber)
scripts/integrity/botFiles.ts(12,33): suggestion TS377098: This Schema number API accepts `NaN`, `Infinity`, and `-Infinity`. Use `Schema.Finite` for finite domain numbers. If non-finite values are intentional, disable this diagnostic for that line. effect(schemaNumber)
scripts/integrity/botFiles.ts(13,31): suggestion TS377098: This Schema number API accepts `NaN`, `Infinity`, and `-Infinity`. Use `Schema.Finite` for finite domain numbers. If non-finite values are intentional, disable this diagnostic for that line. effect(schemaNumber)
scripts/integrity/botFiles.ts(14,48): suggestion TS377098: This Schema number API accepts `NaN`, `Infinity`, and `-Infinity`. Use `Schema.Finite` for finite domain numbers. If non-finite values are intentional, disable this diagnostic for that line. effect(schemaNumber)
scripts/integrity/botFiles.ts(15,50): suggestion TS377098: This Schema number API accepts `NaN`, `Infinity`, and `-Infinity`. Use `Schema.Finite` for finite domain numbers. If non-finite values are intentional, disable this diagnostic for that line. effect(schemaNumber)
scripts/integrity/botFiles.ts(16,48): suggestion TS377098: This Schema number API accepts `NaN`, `Infinity`, and `-Infinity`. Use `Schema.Finite` for finite domain numbers. If non-finite values are intentional, disable this diagnostic for that line. effect(schemaNumber)
scripts/integrity/botFiles.ts(19,105): suggestion TS377098: This Schema number API accepts `NaN`, `Infinity`, and `-Infinity`. Use `Schema.Finite` for finite domain numbers. If non-finite values are intentional, disable this diagnostic for that line. effect(schemaNumber)
scripts/integrity/botFiles.ts(23,16): suggestion TS377098: This Schema number API accepts `NaN`, `Infinity`, and `-Infinity`. Use `Schema.Finite` for finite domain numbers. If non-finite values are intentional, disable this diagnostic for that line. effect(schemaNumber)
scripts/integrity/botFiles.ts(24,16): suggestion TS377098: This Schema number API accepts `NaN`, `Infinity`, and `-Infinity`. Use `Schema.Finite` for finite domain numbers. If non-finite values are intentional, disable this diagnostic for that line. effect(schemaNumber)
scripts/integrity/botFiles.ts(25,17): suggestion TS377098: This Schema number API accepts `NaN`, `Infinity`, and `-Infinity`. Use `Schema.Finite` for finite domain numbers. If non-finite values are intentional, disable this diagnostic for that line. effect(schemaNumber)
scripts/integrity/botFiles.ts(26,42): suggestion TS377098: This Schema number API accepts `NaN`, `Infinity`, and `-Infinity`. Use `Schema.Finite` for finite domain numbers. If non-finite values are intentional, disable this diagnostic for that line. effect(schemaNumber)
scripts/wisp/commands/interactions.ts(70,37): suggestion TS377019: This `yield* Effect.fail(...)` passes a yieldable error value. `yield*` represents that value directly without wrapping it in `Effect.fail`. effect(unnecessaryFailYieldableError)
scripts/wisp/commands/interactions.ts(78,52): suggestion TS377019: This `yield* Effect.fail(...)` passes a yieldable error value. `yield*` represents that value directly without wrapping it in `Effect.fail`. effect(unnecessaryFailYieldableError)
scripts/wisp/commands/play.ts(73,48): suggestion TS377016: `Effect.void` represents the same outcome as `Effect.succeed(undefined)` or `Effect.succeed(void 0)`. effect(effectSucceedWithVoid)
bun test v1.3.13 (bf2e2cec)

test/game.test.ts:
(pass) game/sim/freezeTrapContracts > a jump chosen fifteen frames after thaw leaves before a waiting trap can refreeze any fighter [113.00ms]
(pass) game/sim/freezeTrapContracts > a thawed fighter who stays on a waiting trap can be caught again only after the escape interval [3.00ms]
(pass) game/sim/freezeTrapContracts > shieldConsumesTrapWithoutFreezingAndHitBreaksIce [4.00ms]
(pass) game/sim/freezeTrapContracts > trapConsumesOnContactButNotOwnerOrInvulnerableTarget [1.00ms]
(pass) game/sim/freezeTrapContracts > freezeExpiresAfterThreeHundredFramesIncludingHitlag [2.00ms]
(pass) game/sim/freezeTrapContracts > koRespawnAndResetClearTrapAndFrozenState [2.00ms]

 6 pass
 0 fail
Ran 6 tests across 1 file. [235.00ms]
bun test v1.3.13 (bf2e2cec)

test/game.test.ts:
(pass) game/replay/fighterState > fighter replay copies carry every mutable field into detached records [8.00ms]
(pass) game/replay/fighterState > fighter replay copies drop references to fighters the source roster doesn't seat
(pass) game/replay/fighterState > fighter replay copies carry every special hit target, absent ones included, into a fresh fighter [2.00ms]
(pass) game/replay/fighterState > every mutable fighter field participates in replay equality [42.00ms]

 4 pass
 0 fail
Ran 4 tests across 1 file. [161.00ms]
{"decision":"RELEASED","lease":"935990ea-7966-49c4-8c93-4b58f47f555e"}
