   0.031 s  a: find Warcraft window (0.014 s)
   0.042 s  b: find Warcraft window (0.009 s)
   0.081 s  script reused (compiled 199 s ago) (0.031 s)
   0.177 s  package and verify (0.083 s)
rebuilt /home/tom/.local/share/smashcraft-build-inputs/native-owner-20261005/fresh-speed/Smashcraft diagnostic fresh-speed.w3x
   0.178 s  map rebuilt (0.133 s)
   0.182 s  map installed (0.001 s)
   0.187 s  a: focus Warcraft (0.003 s)
   0.188 s  b: focus Warcraft (0.003 s)
   0.224 s  a: activate Warcraft window (0.037 s)
   0.228 s  b: activate Warcraft window (0.039 s)
   0.299 s  a: input batch (3 actions) (0.074 s)
   0.304 s  b: input batch (3 actions) (0.075 s)
   0.316 s  a: capture frame (0.015 s)
   0.328 s  b: capture frame (0.024 s)
   0.579 s  a: read text (0.262 s)
   0.666 s  a: capture frame (0.032 s)
   0.866 s  b: read text (0.537 s)
   0.874 s  b: focus Warcraft (0.007 s)
   0.911 s  b: activate Warcraft window (0.038 s)
   1.088 s  a: read text (0.422 s)
   1.092 s  a: focus Warcraft (0.003 s)
   1.128 s  a: activate Warcraft window (0.036 s)
   1.167 s  b: input batch (3 actions) (0.254 s)
   1.192 s  b: capture frame (0.024 s)
   1.374 s  a: input batch (3 actions) (0.244 s)
   1.408 s  a: capture frame (0.034 s)
   1.485 s  b: read text (0.293 s)
   1.554 s  b: capture frame (0.016 s)
   1.793 s  a: read text (0.385 s)
   1.879 s  a: capture frame (0.033 s)
   2.019 s  b: read text (0.464 s)
   2.106 s  b: capture frame (0.033 s)
   2.250 s  a: read text (0.369 s)
   2.342 s  a: capture frame (0.037 s)
   2.657 s  a: read text (0.313 s)
   2.689 s  a: focus Warcraft (0.015 s)
   2.728 s  b: read text (0.622 s)
   2.733 s  a: activate Warcraft window (0.043 s)
   2.736 s  b: focus Warcraft (0.007 s)
   2.743 s  a: read pointer (0.010 s)
   2.752 s  a: move pointer (0.008 s)
   2.759 s  a: read pointer (0.007 s)
   2.777 s  b: activate Warcraft window (0.041 s)
   2.787 s  b: read pointer (0.010 s)
   2.796 s  b: move pointer (0.008 s)
   2.807 s  b: read pointer (0.011 s)
   2.894 s  a: press button (0.011 s)
   2.941 s  b: press button (0.010 s)
   2.975 s  a: release button (0.013 s)
   3.011 s  b: release button (0.008 s)
   3.028 s  a: capture frame (0.050 s)
   3.071 s  b: capture frame (0.059 s)
   3.364 s  a: read text (0.335 s)
   3.463 s  a: capture frame (0.045 s)
   3.644 s  b: read text (0.572 s)
   3.749 s  b: capture frame (0.049 s)
   3.957 s  a: read text (0.493 s)
   4.043 s  a: capture frame (0.033 s)
   4.359 s  b: read text (0.609 s)
   4.387 s  a: read text (0.342 s)
   4.455 s  b: capture frame (0.043 s)
   4.487 s  a: capture frame (0.045 s)
   4.758 s  b: read text (0.302 s)
   4.787 s  a: read text (0.299 s)
   4.855 s  b: capture frame (0.044 s)
   4.878 s  a: capture frame (0.036 s)
   5.146 s  a: read text (0.268 s)
   5.229 s  a: capture frame (0.031 s)
   5.323 s  b: read text (0.467 s)
   5.323 s  b at Custom Games (5.138 s)
   5.716 s  a: read text (0.486 s)
   5.716 s  a at Custom Games (5.535 s)
   5.723 s  b: focus Warcraft (0.003 s)
   5.734 s  a: focus Warcraft (0.015 s)
   5.759 s  b: activate Warcraft window (0.036 s)
   5.765 s  b: read pointer (0.005 s)
   5.770 s  a: activate Warcraft window (0.036 s)
   5.778 s  a: read pointer (0.007 s)
   5.783 s  a: move pointer (0.005 s)
   5.790 s  a: read pointer (0.007 s)
   5.920 s  a: press button (0.008 s)
   5.989 s  a: release button (0.006 s)
   6.024 s  a: capture frame (0.035 s)
   6.085 s  b: input batch (3 actions) (0.319 s)
   6.085 s  b join name prepared (0.365 s)
   6.354 s  a: read text (0.330 s)
   6.440 s  a: capture frame (0.031 s)
   6.727 s  a: read text (0.287 s)
   6.800 s  a: capture frame (0.018 s)
   7.213 s  a: read text (0.413 s)
   7.297 s  a: capture frame (0.031 s)
   7.767 s  a: read text (0.470 s)
   7.854 s  a: capture frame (0.034 s)
   8.109 s  a: read text (0.255 s)
   8.116 s  a: focus Warcraft (0.007 s)
   8.151 s  a: activate Warcraft window (0.035 s)
   8.156 s  a: read pointer (0.004 s)
   8.163 s  a: move pointer (0.007 s)
   8.169 s  a: read pointer (0.006 s)
   8.298 s  a: press button (0.007 s)
   8.367 s  a: release button (0.007 s)
   8.393 s  a: capture frame (0.025 s)
   8.934 s  a: read text (0.541 s)
   8.943 s  a: focus Warcraft (0.007 s)
   8.982 s  a: activate Warcraft window (0.039 s)
   8.991 s  a: read pointer (0.008 s)
   9.534 s  a: input batch (4 actions) (0.543 s)
   9.572 s  a: capture frame (0.035 s)
   9.808 s  a: read text (0.236 s)
   9.898 s  a: capture frame (0.036 s)
  10.138 s  a: read text (0.239 s)
  10.232 s  a: capture frame (0.041 s)
  10.494 s  a: read text (0.262 s)
  10.583 s  a: capture frame (0.035 s)
  10.876 s  a: read text (0.292 s)
  10.963 s  a: capture frame (0.034 s)
  11.268 s  a: read text (0.305 s)
  11.354 s  a: capture frame (0.033 s)
  11.635 s  a: read text (0.280 s)
  11.721 s  a: capture frame (0.033 s)
  11.954 s  a: read text (0.233 s)
  12.024 s  a: capture frame (0.017 s)
  12.339 s  a: read text (0.315 s)
  12.412 s  a: capture frame (0.019 s)
  12.625 s  a: read text (0.213 s)
  12.696 s  a: capture frame (0.018 s)
  12.926 s  a: read text (0.229 s)
  12.997 s  a: capture frame (0.018 s)
  13.223 s  a: read text (0.226 s)
  13.316 s  a: capture frame (0.041 s)
  13.558 s  a: read text (0.241 s)
  13.559 s  a hosting "scdev muvesuml" (7.841 s)
  13.564 s  b: focus Warcraft (0.004 s)
  13.601 s  b: activate Warcraft window (0.037 s)
  13.611 s  b: read pointer (0.009 s)
  13.620 s  b: move pointer (0.008 s)
  13.628 s  b: read pointer (0.008 s)
  13.756 s  b: press button (0.006 s)
  13.830 s  b: release button (0.009 s)
  13.868 s  b: capture frame (0.037 s)
  14.171 s  b: read text (0.303 s)
  14.235 s  b: capture frame (0.012 s)
  14.539 s  b: read text (0.304 s)
  14.604 s  b: capture frame (0.014 s)
  14.801 s  b: read text (0.196 s)
  14.866 s  b: capture frame (0.014 s)
  15.063 s  b: read text (0.196 s)
  15.127 s  b: capture frame (0.013 s)
  15.329 s  b: read text (0.202 s)
  15.423 s  b: capture frame (0.042 s)
  15.626 s  b: read text (0.203 s)
  15.703 s  b: capture frame (0.025 s)
  15.929 s  b: read text (0.226 s)
  16.006 s  b: capture frame (0.024 s)
  16.230 s  b: read text (0.223 s)
  16.302 s  b: capture frame (0.020 s)
  16.590 s  b: read text (0.287 s)
  16.669 s  b: capture frame (0.026 s)
  16.924 s  b: read text (0.254 s)
  16.997 s  b: capture frame (0.022 s)
  17.201 s  b: read text (0.203 s)
  17.292 s  b: capture frame (0.039 s)
  17.585 s  b: read text (0.292 s)
  17.657 s  b: capture frame (0.020 s)
  17.890 s  b: read text (0.233 s)
  17.969 s  b: capture frame (0.027 s)
  18.431 s  b: read text (0.462 s)
  18.531 s  b: capture frame (0.039 s)
  18.874 s  b: read text (0.342 s)
  18.954 s  b: capture frame (0.028 s)
  19.290 s  b: read text (0.336 s)
  19.364 s  b: capture frame (0.023 s)
  19.785 s  b: read text (0.421 s)
  19.867 s  b: capture frame (0.029 s)
  20.163 s  b: read text (0.295 s)
  20.163 s  b asked to join (6.604 s)
  20.192 s  a: capture frame (0.028 s)
  20.501 s  a: read text (0.309 s)
  20.502 s  everyone in the lobby (0.338 s)
  20.506 s  a: focus Warcraft (0.003 s)
  20.543 s  a: activate Warcraft window (0.037 s)
  20.548 s  a: read pointer (0.004 s)
  20.554 s  a: move pointer (0.006 s)
  20.560 s  a: read pointer (0.006 s)
  20.688 s  a: press button (0.006 s)
  20.756 s  a: release button (0.006 s)
  32.206 s  every client at character selection (11.450 s)
  32.211 s  clear old quick-match receipts (0.002 s)
  32.216 s  a: focus Warcraft (0.004 s)
  32.253 s  a: activate Warcraft window (0.036 s)
  32.362 s  a: input batch (3 actions) (0.108 s)
  32.362 s  send -dev quick (0.150 s)
  32.521 s  b quick-match receipt (0.158 s)
  32.571 s  a quick-match receipt (0.209 s)
-dev quick acknowledged by 2 client(s)
  32.572 s  quick match and client receipts (0.365 s)
  32.574 s  fresh (32.574 s)
