source=/dev/input/event2 name=Some("Smashcraft Event Retention Virtual Gamepad") clock=CLOCK_MONOTONIC epoch_ns=0 frame_rule=segment_frame+floor((t-segment_epoch)*60/1e9) first=1 delay=0 pause_policy=sequenced-map-control
waiting_for_match build=controller-menus-20261005 slot=0 start_before=final-match-confirmation
input_armed=true gameplay_armed=false mono_ns=562682439741489
menu_emit epoch=0 phase=Some(Character) key=r mono_ns=562684762769000
menu_emit epoch=0 phase=Some(Character) key=w mono_ns=562685033279000
menu_emit epoch=0 phase=Some(Character) key=n mono_ns=562685303686000
menu_emit epoch=0 phase=Some(Character) key=y mono_ns=562687226839000
menu_emit epoch=0 phase=Some(Stage) key=r mono_ns=562689612156000
menu_emit epoch=0 phase=Some(Stage) key=w mono_ns=562689882526000
menu_emit epoch=0 phase=Some(Stage) key=u mono_ns=562690152889000
menu_emit epoch=0 phase=Some(Character) key=y mono_ns=562692566903000
menu_emit epoch=0 phase=Some(Stage) key=y mono_ns=562695057646000
match_ready epoch=1 neutral_rearm=required
input_armed=true gameplay_armed=false mono_ns=562695360243035
editbox_receipt monotonic_ns=562695360330930 received=0 consumed=0 revision=1
editbox_emit sequence=1 bytes=34 elapsed_us=1872 envelope=@J10000000001000000000130780|JR11;
editbox_receipt monotonic_ns=562695520980410 received=1 consumed=1 revision=2
editbox_receipt monotonic_ns=562695532178043 received=1 consumed=1 revision=4
editbox_receipt monotonic_ns=562695543258937 received=1 consumed=1 revision=5
match_start epoch=1 epoch_ns=562695659654692 read_ns=562695661176244 uncertainty_ns=1100255
input_armed=true gameplay_armed=true mono_ns=562695661116002
published_frame=1
published_frame=2
editbox_emit sequence=2 bytes=37 elapsed_us=2117 envelope=@J10000000001000000000252069|I421100;
published_frame=3
editbox_receipt monotonic_ns=562695718345964 received=1 consumed=1 revision=6
published_frame=4
editbox_emit sequence=3 bytes=37 elapsed_us=2485 envelope=@J10000000001000000000330835|I421300;
published_frame=5
published_frame=6
editbox_emit sequence=4 bytes=37 elapsed_us=2483 envelope=@J10000000001000000000409601|I421500;
published_frame=7
published_frame=8
editbox_emit sequence=5 bytes=37 elapsed_us=2258 envelope=@J10000000001000000000553888|I421700;
published_frame=9
editbox_receipt monotonic_ns=562695819712222 received=2 consumed=2 revision=7
published_frame=10
editbox_emit sequence=6 bytes=37 elapsed_us=1911 envelope=@J10000000001000000000632654|I421900;
published_frame=11
published_frame=12
editbox_emit sequence=7 bytes=37 elapsed_us=2041 envelope=@J10000000001000000000711420|I421B00;
editbox_receipt monotonic_ns=562695874855002 received=6 consumed=6 revision=8
published_frame=13
published_frame=14
editbox_emit sequence=8 bytes=37 elapsed_us=2088 envelope=@J10000000001000000000855707|I421D00;
published_frame=15
editbox_receipt monotonic_ns=562695924530562 received=7 consumed=7 revision=9
published_frame=16
editbox_emit sequence=9 bytes=37 elapsed_us=3455 envelope=@J10000000001000000000934473|I421F00;
published_frame=17
published_frame=18
editbox_emit sequence=10 bytes=37 elapsed_us=2038 envelope=@J10000000001000000001041745|I421H00;
event mono_ns=562695965026000 frame=19 held=32 pressed=32 released=0
event mono_ns=562695970195000 frame=19 held=0 pressed=0 released=32
published_frame=19
published_frame=20
editbox_emit sequence=11 bytes=43 elapsed_us=2595 envelope=@J10000000001000000001145108|I421J200W00W0;
published_frame=21
published_frame=22
editbox_emit sequence=12 bytes=37 elapsed_us=2109 envelope=@J10000000001000000001264798|I421L00;
editbox_receipt monotonic_ns=562696035959164 received=11 consumed=11 revision=10
published_frame=23
published_frame=24
editbox_emit sequence=13 bytes=37 elapsed_us=4097 envelope=@J10000000001000000001343564|I421N00;
published_frame=25
published_frame=26
editbox_emit sequence=14 bytes=37 elapsed_us=2503 envelope=@J10000000001000000001422330|I421P00;
published_frame=27
editbox_receipt monotonic_ns=562696121025133 received=13 consumed=13 revision=11
published_frame=28
editbox_emit sequence=15 bytes=37 elapsed_us=2198 envelope=@J10000000001000000001501096|I421R00;
published_frame=29
published_frame=30
editbox_emit sequence=16 bytes=37 elapsed_us=2885 envelope=@J10000000001000000001645383|I421T00;
published_frame=31
published_frame=32
editbox_emit sequence=17 bytes=37 elapsed_us=2365 envelope=@J10000000001000000001724149|I421V00;
published_frame=33
published_frame=34
editbox_emit sequence=18 bytes=38 elapsed_us=2174 envelope=@J10000000001000000001808415|I421X100;
editbox_receipt monotonic_ns=562696230453255 received=16 consumed=16 revision=12
published_frame=35
published_frame=36
editbox_emit sequence=19 bytes=38 elapsed_us=2526 envelope=@J10000000001000000001951403|I421Z100;
published_frame=37
published_frame=38
editbox_emit sequence=20 bytes=38 elapsed_us=2188 envelope=@J10000000001000000002042087|I421b100;
published_frame=39
editbox_receipt monotonic_ns=562696318629965 received=19 consumed=19 revision=13
published_frame=40
editbox_emit sequence=21 bytes=38 elapsed_us=2358 envelope=@J10000000001000000002119554|I421d100;
published_frame=41
published_frame=42
editbox_emit sequence=22 bytes=38 elapsed_us=3403 envelope=@J10000000001000000002262542|I421f100;
published_frame=43
published_frame=44
editbox_emit sequence=23 bytes=38 elapsed_us=2204 envelope=@J10000000001000000002340009|I421h100;
published_frame=45
editbox_receipt monotonic_ns=562696421569122 received=22 consumed=22 revision=14
published_frame=46
editbox_emit sequence=24 bytes=38 elapsed_us=2333 envelope=@J10000000001000000002417476|I421j100;
published_frame=47
published_frame=48
editbox_emit sequence=25 bytes=38 elapsed_us=2011 envelope=@J10000000001000000002560464|I421l100;
published_frame=49
published_frame=50
editbox_emit sequence=26 bytes=38 elapsed_us=2200 envelope=@J10000000001000000002637931|I421n100;
published_frame=51
editbox_receipt monotonic_ns=562696529180448 received=26 consumed=26 revision=15
published_frame=52
editbox_emit sequence=27 bytes=38 elapsed_us=1915 envelope=@J10000000001000000002715398|I421p100;
published_frame=53
published_frame=54
editbox_emit sequence=28 bytes=38 elapsed_us=2339 envelope=@J10000000001000000002858386|I421r100;
published_frame=55
published_frame=56
editbox_emit sequence=29 bytes=38 elapsed_us=2283 envelope=@J10000000001000000002935853|I421t100;
published_frame=57
editbox_receipt monotonic_ns=562696613639308 received=28 consumed=28 revision=16
published_frame=58
editbox_emit sequence=30 bytes=38 elapsed_us=2653 envelope=@J10000000001000000003026537|I421v100;
published_frame=59
published_frame=60
editbox_emit sequence=31 bytes=38 elapsed_us=2031 envelope=@J10000000001000000003104004|I421x100;
event mono_ns=562696675641000 frame=61 held=1 pressed=1 released=0
published_frame=61
published_frame=62
editbox_emit sequence=32 bytes=61 elapsed_us=3632 envelope=@J10000000001000000003232122|I421z1t001001000Fm31H03_5001Fm3;
published_frame=63
published_frame=64
editbox_emit sequence=33 bytes=50 elapsed_us=2992 envelope=@J10000000001000000003337741|I421_15001Fm35001Fm3;
published_frame=65
published_frame=66
editbox_emit sequence=34 bytes=50 elapsed_us=2950 envelope=@J10000000001000000003423210|I421X25001Fm35001Fm3;
published_frame=67
editbox_receipt monotonic_ns=562696787074879 received=33 consumed=33 revision=17
published_frame=68
editbox_emit sequence=35 bytes=50 elapsed_us=3311 envelope=@J10000000001000000003552985|I421Z25001Fm35001Fm3;
published_frame=69
published_frame=70
editbox_emit sequence=36 bytes=50 elapsed_us=2797 envelope=@J10000000001000000003617239|I421b25001Fm35001Fm3;
published_frame=71
editbox_receipt monotonic_ns=562696843403502 received=35 consumed=35 revision=18
published_frame=72
editbox_emit sequence=37 bytes=50 elapsed_us=2954 envelope=@J10000000001000000003747014|I421d25001Fm35001Fm3;
published_frame=73
published_frame=74
editbox_emit sequence=38 bytes=50 elapsed_us=2893 envelope=@J10000000001000000003811268|I421f25001Fm35001Fm3;
published_frame=75
published_frame=76
editbox_emit sequence=39 bytes=50 elapsed_us=2639 envelope=@J10000000001000000003941043|I421h25001Fm35001Fm3;
published_frame=77
editbox_receipt monotonic_ns=562696943997102 received=38 consumed=38 revision=19
published_frame=78
editbox_emit sequence=40 bytes=50 elapsed_us=3317 envelope=@J10000000001000000004060672|I421j25001Fm35001Fm3;
published_frame=79
published_frame=80
editbox_emit sequence=41 bytes=50 elapsed_us=2581 envelope=@J10000000001000000004124926|I421l25001Fm35001Fm3;
published_frame=81
published_frame=82
editbox_emit sequence=42 bytes=50 elapsed_us=2544 envelope=@J10000000001000000004254701|I421n25001Fm35001Fm3;
editbox_receipt monotonic_ns=562697031974529 received=41 consumed=41 revision=20
published_frame=83
published_frame=84
editbox_emit sequence=43 bytes=50 elapsed_us=2827 envelope=@J10000000001000000004318955|I421p25001Fm35001Fm3;
published_frame=85
published_frame=86
editbox_emit sequence=44 bytes=50 elapsed_us=2777 envelope=@J10000000001000000004448730|I421r25001Fm35001Fm3;
published_frame=87
published_frame=88
editbox_emit sequence=45 bytes=50 elapsed_us=2894 envelope=@J10000000001000000004512984|I421t25001Fm35001Fm3;
editbox_receipt monotonic_ns=562697131790259 received=43 consumed=43 revision=21
published_frame=89
published_frame=90
editbox_emit sequence=46 bytes=50 elapsed_us=2699 envelope=@J10000000001000000004642759|I421v25001Fm35001Fm3;
published_frame=91
published_frame=92
editbox_emit sequence=47 bytes=50 elapsed_us=2572 envelope=@J10000000001000000004707013|I421x25001Fm35001Fm3;
published_frame=93
editbox_receipt monotonic_ns=562697219779649 received=46 consumed=46 revision=22
published_frame=94
editbox_emit sequence=48 bytes=50 elapsed_us=2823 envelope=@J10000000001000000004836788|I421z25001Fm35001Fm3;
published_frame=95
published_frame=96
editbox_emit sequence=49 bytes=50 elapsed_us=3262 envelope=@J10000000001000000004901042|I421_25001Fm35001Fm3;
published_frame=97
published_frame=98
editbox_emit sequence=50 bytes=50 elapsed_us=2641 envelope=@J10000000001000000005041886|I421X35001Fm35001Fm3;
published_frame=99
editbox_receipt monotonic_ns=562697318443961 received=49 consumed=49 revision=23
published_frame=100
editbox_emit sequence=51 bytes=50 elapsed_us=3111 envelope=@J10000000001000000005106140|I421Z35001Fm35001Fm3;
published_frame=101
published_frame=102
editbox_emit sequence=52 bytes=50 elapsed_us=2736 envelope=@J10000000001000000005235915|I421b35001Fm35001Fm3;
published_frame=103
published_frame=104
editbox_emit sequence=53 bytes=50 elapsed_us=2815 envelope=@J10000000001000000005300169|I421d35001Fm35001Fm3;
published_frame=105
published_frame=106
editbox_emit sequence=54 bytes=50 elapsed_us=2842 envelope=@J10000000001000000005429944|I421f35001Fm35001Fm3;
editbox_receipt monotonic_ns=562697431525993 received=53 consumed=53 revision=24
published_frame=107
published_frame=108
editbox_emit sequence=55 bytes=50 elapsed_us=2478 envelope=@J10000000001000000005559719|I421h35001Fm35001Fm3;
published_frame=109
published_frame=110
editbox_emit sequence=56 bytes=50 elapsed_us=2780 envelope=@J10000000001000000005623973|I421j35001Fm35001Fm3;
published_frame=111
editbox_receipt monotonic_ns=562697520477717 received=55 consumed=55 revision=25
published_frame=112
editbox_emit sequence=57 bytes=50 elapsed_us=2589 envelope=@J10000000001000000005753748|I421l35001Fm35001Fm3;
published_frame=113
published_frame=114
editbox_emit sequence=58 bytes=50 elapsed_us=3065 envelope=@J10000000001000000005818002|I421n35001Fm35001Fm3;
published_frame=115
published_frame=116
editbox_emit sequence=59 bytes=50 elapsed_us=2850 envelope=@J10000000001000000005947777|I421p35001Fm35001Fm3;
published_frame=117
editbox_receipt monotonic_ns=562697620599301 received=58 consumed=58 revision=26
published_frame=118
editbox_emit sequence=60 bytes=50 elapsed_us=2657 envelope=@J10000000001000000006001885|I421r35001Fm35001Fm3;
published_frame=119
published_frame=120
editbox_emit sequence=61 bytes=50 elapsed_us=2898 envelope=@J10000000001000000006131660|I421t35001Fm35001Fm3;
published_frame=121
published_frame=122
editbox_emit sequence=62 bytes=50 elapsed_us=2660 envelope=@J10000000001000000006261435|I421v35001Fm35001Fm3;
published_frame=123
published_frame=124
editbox_emit sequence=63 bytes=50 elapsed_us=2831 envelope=@J10000000001000000006325689|I421x35001Fm35001Fm3;
published_frame=125
published_frame=126
editbox_emit sequence=64 bytes=50 elapsed_us=3047 envelope=@J10000000001000000006455464|I421z35001Fm35001Fm3;
published_frame=127
published_frame=128
editbox_emit sequence=65 bytes=50 elapsed_us=2761 envelope=@J10000000001000000006519718|I421_35001Fm35001Fm3;
published_frame=129
editbox_receipt monotonic_ns=562697809937265 received=64 consumed=63 revision=27
published_frame=130
editbox_emit sequence=66 bytes=50 elapsed_us=2953 envelope=@J10000000001000000006605187|I421X45001Fm35001Fm3;
published_frame=131
published_frame=132
editbox_emit sequence=67 bytes=50 elapsed_us=2620 envelope=@J10000000001000000006734962|I421Z45001Fm35001Fm3;
editbox_receipt monotonic_ns=562697865676984 received=66 consumed=66 revision=28
published_frame=133
published_frame=134
editbox_emit sequence=68 bytes=50 elapsed_us=2759 envelope=@J10000000001000000006864737|I421b45001Fm35001Fm3;
published_frame=135
published_frame=136
editbox_emit sequence=69 bytes=50 elapsed_us=2634 envelope=@J10000000001000000006928991|I421d45001Fm35001Fm3;
editbox_receipt monotonic_ns=562697941949947 received=68 consumed=68 revision=29
published_frame=137
published_frame=138
editbox_emit sequence=70 bytes=50 elapsed_us=2884 envelope=@J10000000001000000007048620|I421f45001Fm35001Fm3;
published_frame=139
published_frame=140
editbox_emit sequence=71 bytes=50 elapsed_us=2798 envelope=@J10000000001000000007112874|I421h45001Fm35001Fm3;
published_frame=141
published_frame=142
editbox_emit sequence=72 bytes=50 elapsed_us=2506 envelope=@J10000000001000000007242649|I421j45001Fm35001Fm3;
editbox_receipt monotonic_ns=562698031086638 received=71 consumed=71 revision=30
published_frame=143
published_frame=144
editbox_emit sequence=73 bytes=50 elapsed_us=2617 envelope=@J10000000001000000007306903|I421l45001Fm35001Fm3;
published_frame=145
published_frame=146
editbox_emit sequence=74 bytes=50 elapsed_us=2820 envelope=@J10000000001000000007436678|I421n45001Fm35001Fm3;
published_frame=147
editbox_receipt monotonic_ns=562698119668838 received=73 consumed=73 revision=31
published_frame=148
editbox_emit sequence=75 bytes=50 elapsed_us=2858 envelope=@J10000000001000000007500932|I421p45001Fm35001Fm3;
published_frame=149
published_frame=150
editbox_emit sequence=76 bytes=50 elapsed_us=2672 envelope=@J10000000001000000007630707|I421r45001Fm35001Fm3;
published_frame=151
published_frame=152
editbox_emit sequence=77 bytes=50 elapsed_us=2863 envelope=@J10000000001000000007760482|I421t45001Fm35001Fm3;
published_frame=153
editbox_receipt monotonic_ns=562698221153899 received=76 consumed=76 revision=32
published_frame=154
editbox_emit sequence=78 bytes=50 elapsed_us=2552 envelope=@J10000000001000000007824736|I421v45001Fm35001Fm3;
published_frame=155
published_frame=156
editbox_emit sequence=79 bytes=50 elapsed_us=2786 envelope=@J10000000001000000007954511|I421x45001Fm35001Fm3;
published_frame=157
published_frame=158
editbox_emit sequence=80 bytes=50 elapsed_us=2893 envelope=@J10000000001000000008008619|I421z45001Fm35001Fm3;
published_frame=159
editbox_receipt monotonic_ns=562698321893381 received=79 consumed=79 revision=33
published_frame=160
editbox_emit sequence=81 bytes=50 elapsed_us=2680 envelope=@J10000000001000000008138394|I421_45001Fm35001Fm3;
published_frame=161
published_frame=162
editbox_emit sequence=82 bytes=50 elapsed_us=2923 envelope=@J10000000001000000008223863|I421X55001Fm35001Fm3;
published_frame=163
published_frame=164
editbox_emit sequence=83 bytes=50 elapsed_us=2877 envelope=@J10000000001000000008353638|I421Z55001Fm35001Fm3;
published_frame=165
published_frame=166
editbox_emit sequence=84 bytes=50 elapsed_us=2571 envelope=@J10000000001000000008417892|I421b55001Fm35001Fm3;
editbox_receipt monotonic_ns=562698431134984 received=82 consumed=82 revision=34
published_frame=167
published_frame=168
editbox_emit sequence=85 bytes=50 elapsed_us=2538 envelope=@J10000000001000000008547667|I421d55001Fm35001Fm3;
published_frame=169
published_frame=170
editbox_emit sequence=86 bytes=50 elapsed_us=2664 envelope=@J10000000001000000008611921|I421f55001Fm35001Fm3;
published_frame=171
editbox_receipt monotonic_ns=562698518684658 received=85 consumed=85 revision=35
published_frame=172
editbox_emit sequence=87 bytes=50 elapsed_us=3212 envelope=@J10000000001000000008741696|I421h55001Fm35001Fm3;
published_frame=173
published_frame=174
editbox_emit sequence=88 bytes=50 elapsed_us=2958 envelope=@J10000000001000000008805950|I421j55001Fm35001Fm3;
published_frame=175
published_frame=176
editbox_emit sequence=89 bytes=50 elapsed_us=2884 envelope=@J10000000001000000008935725|I421l55001Fm35001Fm3;
published_frame=177
editbox_receipt monotonic_ns=562698621582227 received=88 consumed=88 revision=36
published_frame=178
editbox_emit sequence=90 bytes=50 elapsed_us=2586 envelope=@J10000000001000000009055354|I421n55001Fm35001Fm3;
published_frame=179
published_frame=180
editbox_emit sequence=91 bytes=50 elapsed_us=2893 envelope=@J10000000001000000009119608|I421p55001Fm35001Fm3;
published_frame=181
published_frame=182
editbox_emit sequence=92 bytes=50 elapsed_us=2732 envelope=@J10000000001000000009249383|I421r55001Fm35001Fm3;
published_frame=183
published_frame=184
editbox_emit sequence=93 bytes=50 elapsed_us=2552 envelope=@J10000000001000000009313637|I421t55001Fm35001Fm3;
published_frame=185
published_frame=186
editbox_emit sequence=94 bytes=50 elapsed_us=2903 envelope=@J10000000001000000009443412|I421v55001Fm35001Fm3;
published_frame=187
published_frame=188
editbox_emit sequence=95 bytes=50 elapsed_us=2979 envelope=@J10000000001000000009507666|I421x55001Fm35001Fm3;
editbox_receipt monotonic_ns=562698798743933 received=93 consumed=93 revision=37
published_frame=189
published_frame=190
editbox_emit sequence=96 bytes=50 elapsed_us=2829 envelope=@J10000000001000000009637441|I421z55001Fm35001Fm3;
published_frame=191
editbox_receipt monotonic_ns=562698852933726 received=95 consumed=95 revision=38
published_frame=192
editbox_emit sequence=97 bytes=50 elapsed_us=3326 envelope=@J10000000001000000009701695|I421_55001Fm35001Fm3;
published_frame=193
published_frame=194
editbox_emit sequence=98 bytes=50 elapsed_us=2854 envelope=@J10000000001000000009852685|I421X65001Fm35001Fm3;
published_frame=195
published_frame=196
editbox_emit sequence=99 bytes=50 elapsed_us=2845 envelope=@J10000000001000000009916939|I421Z65001Fm35001Fm3;
editbox_receipt monotonic_ns=562698941641432 received=98 consumed=98 revision=39
published_frame=197
published_frame=198
editbox_emit sequence=100 bytes=50 elapsed_us=2572 envelope=@J10000000001000000010045241|I421b65001Fm35001Fm3;
published_frame=199
published_frame=200
editbox_emit sequence=101 bytes=50 elapsed_us=2826 envelope=@J10000000001000000010109495|I421d65001Fm35001Fm3;
published_frame=201
published_frame=202
editbox_emit sequence=102 bytes=50 elapsed_us=2683 envelope=@J10000000001000000010239270|I421f65001Fm35001Fm3;
editbox_receipt monotonic_ns=562699035457084 received=100 consumed=100 revision=40
published_frame=203
published_frame=204
editbox_emit sequence=103 bytes=50 elapsed_us=2835 envelope=@J10000000001000000010303524|I421h65001Fm35001Fm3;
published_frame=205
published_frame=206
editbox_emit sequence=104 bytes=50 elapsed_us=2607 envelope=@J10000000001000000010433299|I421j65001Fm35001Fm3;
published_frame=207
published_frame=208
editbox_emit sequence=105 bytes=50 elapsed_us=2649 envelope=@J10000000001000000010563074|I421l65001Fm35001Fm3;
published_frame=209
editbox_receipt monotonic_ns=562699145975450 received=104 consumed=104 revision=41
published_frame=210
editbox_emit sequence=106 bytes=50 elapsed_us=2660 envelope=@J10000000001000000010627328|I421n65001Fm35001Fm3;
published_frame=211
published_frame=212
editbox_emit sequence=107 bytes=50 elapsed_us=2826 envelope=@J10000000001000000010757103|I421p65001Fm35001Fm3;
published_frame=213
editbox_receipt monotonic_ns=562699222620070 received=106 consumed=106 revision=42
published_frame=214
editbox_emit sequence=108 bytes=50 elapsed_us=2632 envelope=@J10000000001000000010821357|I421r65001Fm35001Fm3;
published_frame=215
published_frame=216
editbox_emit sequence=109 bytes=50 elapsed_us=2713 envelope=@J10000000001000000010951132|I421t65001Fm35001Fm3;
published_frame=217
published_frame=218
editbox_emit sequence=110 bytes=50 elapsed_us=2905 envelope=@J10000000001000000011005240|I421v65001Fm35001Fm3;
published_frame=219
published_frame=220
editbox_emit sequence=111 bytes=50 elapsed_us=2622 envelope=@J10000000001000000011135015|I421x65001Fm35001Fm3;
editbox_receipt monotonic_ns=562699331392864 received=109 consumed=109 revision=43
published_frame=221
published_frame=222
editbox_emit sequence=112 bytes=50 elapsed_us=3835 envelope=@J10000000001000000011264790|I421z65001Fm35001Fm3;
published_frame=223
published_frame=224
editbox_emit sequence=113 bytes=50 elapsed_us=3299 envelope=@J10000000001000000011329044|I421_65001Fm35001Fm3;
published_frame=225
published_frame=226
editbox_emit sequence=114 bytes=50 elapsed_us=2662 envelope=@J10000000001000000011414513|I421X75001Fm35001Fm3;
editbox_receipt monotonic_ns=562699432619740 received=113 consumed=113 revision=44
published_frame=227
published_frame=228
editbox_emit sequence=115 bytes=50 elapsed_us=2636 envelope=@J10000000001000000011544288|I421Z75001Fm35001Fm3;
published_frame=229
published_frame=230
editbox_emit sequence=116 bytes=50 elapsed_us=3090 envelope=@J10000000001000000011608542|I421b75001Fm35001Fm3;
published_frame=231
published_frame=232
editbox_emit sequence=117 bytes=50 elapsed_us=2635 envelope=@J10000000001000000011738317|I421d75001Fm35001Fm3;
editbox_receipt monotonic_ns=562699534125259 received=115 consumed=115 revision=45
published_frame=233
published_frame=234
editbox_emit sequence=118 bytes=50 elapsed_us=2686 envelope=@J10000000001000000011802571|I421f75001Fm35001Fm3;
published_frame=235
published_frame=236
editbox_emit sequence=119 bytes=50 elapsed_us=3495 envelope=@J10000000001000000011932346|I421h75001Fm35001Fm3;
published_frame=237
published_frame=238
editbox_emit sequence=120 bytes=50 elapsed_us=2681 envelope=@J10000000001000000012051975|I421j75001Fm35001Fm3;
editbox_receipt monotonic_ns=562699633534077 received=118 consumed=118 revision=46
published_frame=239
published_frame=240
editbox_emit sequence=121 bytes=50 elapsed_us=3400 envelope=@J10000000001000000012116229|I421l75001Fm35001Fm3;
published_frame=241
published_frame=242
editbox_emit sequence=122 bytes=50 elapsed_us=2824 envelope=@J10000000001000000012246004|I421n75001Fm35001Fm3;
published_frame=243
published_frame=244
editbox_emit sequence=123 bytes=50 elapsed_us=2617 envelope=@J10000000001000000012310258|I421p75001Fm35001Fm3;
published_frame=245
published_frame=246
editbox_emit sequence=124 bytes=50 elapsed_us=2514 envelope=@J10000000001000000012440033|I421r75001Fm35001Fm3;
published_frame=247
published_frame=248
editbox_emit sequence=125 bytes=50 elapsed_us=2637 envelope=@J10000000001000000012504287|I421t75001Fm35001Fm3;
published_frame=249
editbox_receipt monotonic_ns=562699819158829 received=124 consumed=123 revision=47
published_frame=250
editbox_emit sequence=126 bytes=50 elapsed_us=2679 envelope=@J10000000001000000012634062|I421v75001Fm35001Fm3;
published_frame=251
published_frame=252
editbox_emit sequence=127 bytes=50 elapsed_us=2728 envelope=@J10000000001000000012763837|I421x75001Fm35001Fm3;
editbox_receipt monotonic_ns=562699875137035 received=126 consumed=126 revision=48
published_frame=253
published_frame=254
editbox_emit sequence=128 bytes=50 elapsed_us=2674 envelope=@J10000000001000000012828091|I421z75001Fm35001Fm3;
published_frame=255
published_frame=256
editbox_emit sequence=129 bytes=50 elapsed_us=2643 envelope=@J10000000001000000012957866|I421_75001Fm35001Fm3;
published_frame=257
published_frame=258
editbox_emit sequence=130 bytes=50 elapsed_us=2714 envelope=@J10000000001000000013033189|I421X85001Fm35001Fm3;
editbox_receipt monotonic_ns=562699965029101 received=129 consumed=128 revision=49
published_frame=259
published_frame=260
editbox_emit sequence=131 bytes=50 elapsed_us=2710 envelope=@J10000000001000000013162964|I421Z85001Fm35001Fm3;
published_frame=261
published_frame=262
editbox_emit sequence=132 bytes=50 elapsed_us=3010 envelope=@J10000000001000000013227218|I421b85001Fm35001Fm3;
editbox_receipt monotonic_ns=562700033147076 received=131 consumed=131 revision=50
published_frame=263
published_frame=264
editbox_emit sequence=133 bytes=50 elapsed_us=2797 envelope=@J10000000001000000013356993|I421d85001Fm35001Fm3;
published_frame=265
published_frame=266
editbox_emit sequence=134 bytes=50 elapsed_us=2571 envelope=@J10000000001000000013421247|I421f85001Fm35001Fm3;
published_frame=267
published_frame=268
editbox_emit sequence=135 bytes=50 elapsed_us=2574 envelope=@J10000000001000000013551022|I421h85001Fm35001Fm3;
editbox_receipt monotonic_ns=562700135547663 received=134 consumed=134 revision=51
published_frame=269
published_frame=270
editbox_emit sequence=136 bytes=50 elapsed_us=2713 envelope=@J10000000001000000013615276|I421j85001Fm35001Fm3;
published_frame=271
published_frame=272
editbox_emit sequence=137 bytes=50 elapsed_us=2716 envelope=@J10000000001000000013745051|I421l85001Fm35001Fm3;
published_frame=273
published_frame=274
editbox_emit sequence=138 bytes=50 elapsed_us=2919 envelope=@J10000000001000000013809305|I421n85001Fm35001Fm3;
editbox_receipt monotonic_ns=562700242761623 received=137 consumed=137 revision=52
published_frame=275
published_frame=276
editbox_emit sequence=139 bytes=50 elapsed_us=2999 envelope=@J10000000001000000013939080|I421p85001Fm35001Fm3;
published_frame=277
published_frame=278
editbox_emit sequence=140 bytes=50 elapsed_us=2874 envelope=@J10000000001000000014058709|I421r85001Fm35001Fm3;
published_frame=279
published_frame=280
editbox_emit sequence=141 bytes=50 elapsed_us=2904 envelope=@J10000000001000000014122963|I421t85001Fm35001Fm3;
editbox_receipt monotonic_ns=562700339485628 received=140 consumed=140 revision=53
published_frame=281
published_frame=282
editbox_emit sequence=142 bytes=50 elapsed_us=3213 envelope=@J10000000001000000014252738|I421v85001Fm35001Fm3;
published_frame=283
published_frame=284
editbox_emit sequence=143 bytes=50 elapsed_us=3035 envelope=@J10000000001000000014316992|I421x85001Fm35001Fm3;
published_frame=285
published_frame=286
editbox_emit sequence=144 bytes=50 elapsed_us=3278 envelope=@J10000000001000000014446767|I421z85001Fm35001Fm3;
editbox_receipt monotonic_ns=562700437239243 received=143 consumed=143 revision=54
published_frame=287
published_frame=288
editbox_emit sequence=145 bytes=50 elapsed_us=2871 envelope=@J10000000001000000014511021|I421_85001Fm35001Fm3;
published_frame=289
published_frame=290
editbox_emit sequence=146 bytes=50 elapsed_us=3145 envelope=@J10000000001000000014662011|I421X95001Fm35001Fm3;
published_frame=291
published_frame=292
editbox_emit sequence=147 bytes=50 elapsed_us=2722 envelope=@J10000000001000000014726265|I421Z95001Fm35001Fm3;
editbox_receipt monotonic_ns=562700533267162 received=146 consumed=146 revision=55
published_frame=293
published_frame=294
editbox_emit sequence=148 bytes=50 elapsed_us=3014 envelope=@J10000000001000000014856040|I421b95001Fm35001Fm3;
published_frame=295
published_frame=296
editbox_emit sequence=149 bytes=50 elapsed_us=3440 envelope=@J10000000001000000014920294|I421d95001Fm35001Fm3;
published_frame=297
published_frame=298
editbox_emit sequence=150 bytes=50 elapsed_us=2589 envelope=@J10000000001000000015039923|I421f95001Fm35001Fm3;
editbox_receipt monotonic_ns=562700634264809 received=149 consumed=149 revision=56
published_frame=299
published_frame=300
editbox_emit sequence=151 bytes=50 elapsed_us=2820 envelope=@J10000000001000000015104177|I421h95001Fm35001Fm3;
published_frame=301
published_frame=302
editbox_emit sequence=152 bytes=50 elapsed_us=2628 envelope=@J10000000001000000015233952|I421j95001Fm35001Fm3;
published_frame=303
published_frame=304
editbox_emit sequence=153 bytes=50 elapsed_us=2923 envelope=@J10000000001000000015363727|I421l95001Fm35001Fm3;
published_frame=305
published_frame=306
editbox_emit sequence=154 bytes=50 elapsed_us=2763 envelope=@J10000000001000000015427981|I421n95001Fm35001Fm3;
published_frame=307
published_frame=308
editbox_emit sequence=155 bytes=50 elapsed_us=2678 envelope=@J10000000001000000015557756|I421p95001Fm35001Fm3;
editbox_receipt monotonic_ns=562700798553371 received=153 consumed=153 revision=57
published_frame=309
published_frame=310
editbox_emit sequence=156 bytes=50 elapsed_us=2602 envelope=@J10000000001000000015622010|I421r95001Fm35001Fm3;
published_frame=311
editbox_receipt monotonic_ns=562700852666270 received=155 consumed=155 revision=58
published_frame=312
editbox_emit sequence=157 bytes=50 elapsed_us=2968 envelope=@J10000000001000000015751785|I421t95001Fm35001Fm3;
published_frame=313
published_frame=314
editbox_emit sequence=158 bytes=50 elapsed_us=2972 envelope=@J10000000001000000015816039|I421v95001Fm35001Fm3;
published_frame=315
published_frame=316
editbox_emit sequence=159 bytes=50 elapsed_us=2759 envelope=@J10000000001000000015945814|I421x95001Fm35001Fm3;
published_frame=317
editbox_receipt monotonic_ns=562700943607723 received=158 consumed=158 revision=59
published_frame=318
editbox_emit sequence=160 bytes=50 elapsed_us=2770 envelope=@J10000000001000000016065443|I421z95001Fm35001Fm3;
published_frame=319
published_frame=320
editbox_emit sequence=161 bytes=50 elapsed_us=2751 envelope=@J10000000001000000016129697|I421_95001Fm35001Fm3;
published_frame=321
published_frame=322
editbox_emit sequence=162 bytes=50 elapsed_us=2744 envelope=@J10000000001000000016215166|I421XA5001Fm35001Fm3;
editbox_receipt monotonic_ns=562701041647364 received=161 consumed=161 revision=60
published_frame=323
published_frame=324
editbox_emit sequence=163 bytes=50 elapsed_us=2783 envelope=@J10000000001000000016344941|I421ZA5001Fm35001Fm3;
published_frame=325
published_frame=326
editbox_emit sequence=164 bytes=50 elapsed_us=2737 envelope=@J10000000001000000016409195|I421bA5001Fm35001Fm3;
published_frame=327
published_frame=328
editbox_emit sequence=165 bytes=50 elapsed_us=3167 envelope=@J10000000001000000016538970|I421dA5001Fm35001Fm3;
editbox_receipt monotonic_ns=562701135405368 received=164 consumed=164 revision=61
published_frame=329
published_frame=330
editbox_emit sequence=166 bytes=50 elapsed_us=2615 envelope=@J10000000001000000016603224|I421fA5001Fm35001Fm3;
published_frame=331
published_frame=332
editbox_emit sequence=167 bytes=50 elapsed_us=3129 envelope=@J10000000001000000016732999|I421hA5001Fm35001Fm3;
published_frame=333
published_frame=334
editbox_emit sequence=168 bytes=50 elapsed_us=3022 envelope=@J10000000001000000016862774|I421jA5001Fm35001Fm3;
editbox_receipt monotonic_ns=562701233545547 received=167 consumed=167 revision=62
published_frame=335
published_frame=336
editbox_emit sequence=169 bytes=50 elapsed_us=2879 envelope=@J10000000001000000016927028|I421lA5001Fm35001Fm3;
published_frame=337
published_frame=338
editbox_emit sequence=170 bytes=50 elapsed_us=2795 envelope=@J10000000001000000017046657|I421nA5001Fm35001Fm3;
published_frame=339
published_frame=340
editbox_emit sequence=171 bytes=50 elapsed_us=2703 envelope=@J10000000001000000017110911|I421pA5001Fm35001Fm3;
editbox_receipt monotonic_ns=562701331803838 received=170 consumed=170 revision=63
published_frame=341
published_frame=342
editbox_emit sequence=172 bytes=50 elapsed_us=2677 envelope=@J10000000001000000017240686|I421rA5001Fm35001Fm3;
published_frame=343
published_frame=344
editbox_emit sequence=173 bytes=50 elapsed_us=2763 envelope=@J10000000001000000017304940|I421tA5001Fm35001Fm3;
published_frame=345
published_frame=346
editbox_emit sequence=174 bytes=50 elapsed_us=2824 envelope=@J10000000001000000017434715|I421vA5001Fm35001Fm3;
editbox_receipt monotonic_ns=562701441789335 received=173 consumed=173 revision=64
published_frame=347
published_frame=348
editbox_emit sequence=175 bytes=50 elapsed_us=2816 envelope=@J10000000001000000017564490|I421xA5001Fm35001Fm3;
published_frame=349
published_frame=350
editbox_emit sequence=176 bytes=50 elapsed_us=2964 envelope=@J10000000001000000017628744|I421zA5001Fm35001Fm3;
published_frame=351
published_frame=352
editbox_emit sequence=177 bytes=50 elapsed_us=3064 envelope=@J10000000001000000017758519|I421_A5001Fm35001Fm3;
editbox_receipt monotonic_ns=562701542824752 received=176 consumed=176 revision=65
published_frame=353
published_frame=354
editbox_emit sequence=178 bytes=50 elapsed_us=2683 envelope=@J10000000001000000017843988|I421XB5001Fm35001Fm3;
published_frame=355
published_frame=356
editbox_emit sequence=179 bytes=50 elapsed_us=3040 envelope=@J10000000001000000017908242|I421ZB5001Fm35001Fm3;
published_frame=357
published_frame=358
editbox_emit sequence=180 bytes=50 elapsed_us=2761 envelope=@J10000000001000000018027871|I421bB5001Fm35001Fm3;
published_frame=359
editbox_receipt monotonic_ns=562701643197948 received=179 consumed=179 revision=66
published_frame=360
editbox_emit sequence=181 bytes=50 elapsed_us=2591 envelope=@J10000000001000000018157646|I421dB5001Fm35001Fm3;
published_frame=361
published_frame=362
editbox_emit sequence=182 bytes=50 elapsed_us=2561 envelope=@J10000000001000000018221900|I421fB5001Fm35001Fm3;
published_frame=363
published_frame=364
editbox_emit sequence=183 bytes=50 elapsed_us=3040 envelope=@J10000000001000000018351675|I421hB5001Fm35001Fm3;
published_frame=365
published_frame=366
editbox_emit sequence=184 bytes=50 elapsed_us=2644 envelope=@J10000000001000000018415929|I421jB5001Fm35001Fm3;
published_frame=367
published_frame=368
editbox_emit sequence=185 bytes=50 elapsed_us=2933 envelope=@J10000000001000000018545704|I421lB5001Fm35001Fm3;
published_frame=369
published_frame=370
editbox_emit sequence=186 bytes=50 elapsed_us=2989 envelope=@J10000000001000000018609958|I421nB5001Fm35001Fm3;
editbox_receipt monotonic_ns=562701832304748 received=184 consumed=184 revision=67
published_frame=371
published_frame=372
editbox_emit sequence=187 bytes=50 elapsed_us=3776 envelope=@J10000000001000000018739733|I421pB5001Fm35001Fm3;
published_frame=373
editbox_receipt monotonic_ns=562701887417782 received=186 consumed=186 revision=68
published_frame=374
editbox_emit sequence=188 bytes=50 elapsed_us=2734 envelope=@J10000000001000000018803987|I421rB5001Fm35001Fm3;
published_frame=375
published_frame=376
editbox_emit sequence=189 bytes=50 elapsed_us=3242 envelope=@J10000000001000000018933762|I421tB5001Fm35001Fm3;
editbox_receipt monotonic_ns=562701943162380 received=188 consumed=188 revision=69
published_frame=377
published_frame=378
editbox_emit sequence=190 bytes=50 elapsed_us=3396 envelope=@J10000000001000000019053391|I421vB5001Fm35001Fm3;
published_frame=379
published_frame=380
editbox_emit sequence=191 bytes=50 elapsed_us=2911 envelope=@J10000000001000000019117645|I421xB5001Fm35001Fm3;
published_frame=381
published_frame=382
editbox_emit sequence=192 bytes=50 elapsed_us=2814 envelope=@J10000000001000000019247420|I421zB5001Fm35001Fm3;
editbox_receipt monotonic_ns=562702042201604 received=191 consumed=191 revision=70
published_frame=383
published_frame=384
editbox_emit sequence=193 bytes=50 elapsed_us=2824 envelope=@J10000000001000000019311674|I421_B5001Fm35001Fm3;
published_frame=385
published_frame=386
editbox_emit sequence=194 bytes=50 elapsed_us=2595 envelope=@J10000000001000000019462664|I421XC5001Fm35001Fm3;
published_frame=387
published_frame=388
editbox_emit sequence=195 bytes=50 elapsed_us=3870 envelope=@J10000000001000000019526918|I421ZC5001Fm35001Fm3;
published_frame=389
editbox_receipt monotonic_ns=562702147450591 received=195 consumed=194 revision=71
published_frame=390
editbox_emit sequence=196 bytes=50 elapsed_us=2636 envelope=@J10000000001000000019656693|I421bC5001Fm35001Fm3;
published_frame=391
published_frame=392
editbox_emit sequence=197 bytes=50 elapsed_us=2735 envelope=@J10000000001000000019720947|I421dC5001Fm35001Fm3;
published_frame=393
published_frame=394
editbox_emit sequence=198 bytes=50 elapsed_us=2872 envelope=@J10000000001000000019850722|I421fC5001Fm35001Fm3;
editbox_receipt monotonic_ns=562702237146479 received=197 consumed=197 revision=72
published_frame=395
published_frame=396
editbox_emit sequence=199 bytes=50 elapsed_us=2885 envelope=@J10000000001000000019914976|I421hC5001Fm35001Fm3;
published_frame=397
published_frame=398
editbox_emit sequence=200 bytes=50 elapsed_us=2568 envelope=@J10000000001000000020043278|I421jC5001Fm35001Fm3;
published_frame=399
published_frame=400
editbox_emit sequence=201 bytes=50 elapsed_us=2842 envelope=@J10000000001000000020107532|I421lC5001Fm35001Fm3;
match_end epoch=1 frontier=401 old_rows=drain terminal_rows=discard
input_armed=true gameplay_armed=false mono_ns=562702337988184
editbox_emit sequence=202 bytes=34 elapsed_us=2064 envelope=@J10000000001000000020225710|JE11;
suppressed mono_ns=562702356405000 reason=focus-pause-or-neutral
editbox_receipt monotonic_ns=562702391598600 received=202 consumed=202 revision=73
match_quiescent epoch=1
waiting_for_match build=controller-menus-20261005 slot=0 after_epoch=1
menu_emit epoch=1 phase=Some(Result) key=n mono_ns=562715980066000
menu_emit epoch=1 phase=Some(Character) key=r mono_ns=562718402192000
menu_emit epoch=1 phase=Some(Character) key=w mono_ns=562718672677000
menu_emit epoch=1 phase=Some(Character) key=n mono_ns=562718943151000
menu_emit epoch=1 phase=Some(Character) key=y mono_ns=562720865639000
menu_emit epoch=1 phase=Some(Stage) key=r mono_ns=562723249404000
menu_emit epoch=1 phase=Some(Stage) key=w mono_ns=562723519861000
menu_emit epoch=1 phase=Some(Stage) key=u mono_ns=562723790292000
menu_emit epoch=1 phase=Some(Character) key=y mono_ns=562726181274000
menu_emit epoch=1 phase=Some(Stage) key=y mono_ns=562728657666000
match_ready epoch=2 neutral_rearm=required
input_armed=true gameplay_armed=false mono_ns=562729027111317
editbox_receipt monotonic_ns=562729027204572 received=0 consumed=0 revision=2
editbox_emit sequence=1 bytes=34 elapsed_us=2136 envelope=@J10000000002000000000144738|JR12;
editbox_receipt monotonic_ns=562729038087524 received=0 consumed=0 revision=3
editbox_receipt monotonic_ns=562729059829355 received=1 consumed=1 revision=4
editbox_receipt monotonic_ns=562729123164442 received=1 consumed=1 revision=5
match_start epoch=2 epoch_ns=562729190026461 read_ns=562729191427548 uncertainty_ns=1100261
input_armed=true gameplay_armed=true mono_ns=562729191388264
published_frame=1
published_frame=2
editbox_emit sequence=2 bytes=37 elapsed_us=2628 envelope=@J10000000002000000000230575|I422100;
published_frame=3
published_frame=4
editbox_emit sequence=3 bytes=37 elapsed_us=1900 envelope=@J10000000002000000000309341|I422300;
published_frame=5
published_frame=6
editbox_emit sequence=4 bytes=37 elapsed_us=1901 envelope=@J10000000002000000000453628|I422500;
published_frame=7
published_frame=8
editbox_emit sequence=5 bytes=37 elapsed_us=2620 envelope=@J10000000002000000000532394|I422700;
editbox_receipt monotonic_ns=562729339907380 received=2 consumed=2 revision=6
published_frame=9
published_frame=10
editbox_emit sequence=6 bytes=37 elapsed_us=1902 envelope=@J10000000002000000000611160|I422900;
published_frame=11
editbox_receipt monotonic_ns=562729384789993 received=6 consumed=4 revision=7
published_frame=12
editbox_emit sequence=7 bytes=37 elapsed_us=2096 envelope=@J10000000002000000000755447|I422B00;
published_frame=13
editbox_receipt monotonic_ns=562729420201310 received=7 consumed=7 revision=8
published_frame=14
editbox_emit sequence=8 bytes=37 elapsed_us=2680 envelope=@J10000000002000000000834213|I422D00;
published_frame=15
published_frame=16
editbox_emit sequence=9 bytes=37 elapsed_us=2298 envelope=@J10000000002000000000912979|I422F00;
published_frame=17
published_frame=18
editbox_emit sequence=10 bytes=37 elapsed_us=2391 envelope=@J10000000002000000001020251|I422H00;
event mono_ns=562729493398000 frame=19 held=32 pressed=32 released=0
event mono_ns=562729498532000 frame=19 held=0 pressed=0 released=32
published_frame=19
published_frame=20
editbox_emit sequence=11 bytes=43 elapsed_us=2871 envelope=@J10000000002000000001107761|I422J200W00W0;
editbox_receipt monotonic_ns=562729529844183 received=9 consumed=9 revision=9
published_frame=21
published_frame=22
editbox_emit sequence=12 bytes=37 elapsed_us=2656 envelope=@J10000000002000000001243304|I422L00;
published_frame=23
published_frame=24
editbox_emit sequence=13 bytes=37 elapsed_us=2801 envelope=@J10000000002000000001322070|I422N00;
published_frame=25
published_frame=26
editbox_emit sequence=14 bytes=37 elapsed_us=2020 envelope=@J10000000002000000001400836|I422P00;
editbox_receipt monotonic_ns=562729629340864 received=13 consumed=13 revision=10
published_frame=27
published_frame=28
editbox_emit sequence=15 bytes=37 elapsed_us=2198 envelope=@J10000000002000000001545123|I422R00;
published_frame=29
published_frame=30
editbox_emit sequence=16 bytes=37 elapsed_us=2151 envelope=@J10000000002000000001623889|I422T00;
published_frame=31
published_frame=32
editbox_emit sequence=17 bytes=37 elapsed_us=2075 envelope=@J10000000002000000001702655|I422V00;
editbox_receipt monotonic_ns=562729728877069 received=15 consumed=15 revision=11
published_frame=33
published_frame=34
editbox_emit sequence=18 bytes=38 elapsed_us=2157 envelope=@J10000000002000000001851664|I422X100;
published_frame=35
published_frame=36
editbox_emit sequence=19 bytes=38 elapsed_us=2204 envelope=@J10000000002000000001929131|I422Z100;
published_frame=37
published_frame=38
editbox_emit sequence=20 bytes=38 elapsed_us=2397 envelope=@J10000000002000000002019815|I422b100;
editbox_receipt monotonic_ns=562729828294481 received=18 consumed=18 revision=12
published_frame=39
published_frame=40
editbox_emit sequence=21 bytes=38 elapsed_us=2041 envelope=@J10000000002000000002162803|I422d100;
published_frame=41
published_frame=42
editbox_emit sequence=22 bytes=38 elapsed_us=2119 envelope=@J10000000002000000002240270|I422f100;
published_frame=43
published_frame=44
editbox_emit sequence=23 bytes=38 elapsed_us=2320 envelope=@J10000000002000000002317737|I422h100;
editbox_receipt monotonic_ns=562729927877834 received=22 consumed=22 revision=13
published_frame=45
published_frame=46
editbox_emit sequence=24 bytes=38 elapsed_us=1922 envelope=@J10000000002000000002460725|I422j100;
published_frame=47
published_frame=48
editbox_emit sequence=25 bytes=38 elapsed_us=2057 envelope=@J10000000002000000002538192|I422l100;
published_frame=49
published_frame=50
editbox_emit sequence=26 bytes=38 elapsed_us=2058 envelope=@J10000000002000000002615659|I422n100;
editbox_receipt monotonic_ns=562730028089456 received=24 consumed=24 revision=14
published_frame=51
published_frame=52
editbox_emit sequence=27 bytes=38 elapsed_us=2068 envelope=@J10000000002000000002758647|I422p100;
published_frame=53
published_frame=54
editbox_emit sequence=28 bytes=38 elapsed_us=2166 envelope=@J10000000002000000002836114|I422r100;
published_frame=55
editbox_receipt monotonic_ns=562730118778274 received=28 consumed=28 revision=15
published_frame=56
editbox_emit sequence=29 bytes=38 elapsed_us=2810 envelope=@J10000000002000000002913581|I422t100;
published_frame=57
published_frame=58
editbox_emit sequence=30 bytes=38 elapsed_us=2160 envelope=@J10000000002000000003004265|I422v100;
published_frame=59
published_frame=60
editbox_emit sequence=31 bytes=38 elapsed_us=2297 envelope=@J10000000002000000003147253|I422x100;
event mono_ns=562730203896000 frame=61 held=1 pressed=1 released=0
published_frame=61
published_frame=62
editbox_emit sequence=32 bytes=61 elapsed_us=3643 envelope=@J10000000002000000003225585|I422z1t001001000Fm31H03_5001Fm3;
published_frame=63
published_frame=64
editbox_emit sequence=33 bytes=50 elapsed_us=2854 envelope=@J10000000002000000003302915|I422_15001Fm35001Fm3;
published_frame=65
published_frame=66
editbox_emit sequence=34 bytes=50 elapsed_us=3024 envelope=@J10000000002000000003453905|I422X25001Fm35001Fm3;
published_frame=67
editbox_receipt monotonic_ns=562730307346732 received=33 consumed=32 revision=16
published_frame=68
editbox_emit sequence=35 bytes=50 elapsed_us=2683 envelope=@J10000000002000000003518159|I422Z25001Fm35001Fm3;
published_frame=69
published_frame=70
editbox_emit sequence=36 bytes=50 elapsed_us=2920 envelope=@J10000000002000000003647934|I422b25001Fm35001Fm3;
editbox_receipt monotonic_ns=562730361562322 received=33 consumed=33 revision=17
published_frame=71
published_frame=72
editbox_emit sequence=37 bytes=50 elapsed_us=2749 envelope=@J10000000002000000003712188|I422d25001Fm35001Fm3;
published_frame=73
published_frame=74
editbox_emit sequence=38 bytes=50 elapsed_us=2703 envelope=@J10000000002000000003841963|I422f25001Fm35001Fm3;
editbox_receipt monotonic_ns=562730429160702 received=36 consumed=36 revision=18
published_frame=75
published_frame=76
editbox_emit sequence=39 bytes=50 elapsed_us=2629 envelope=@J10000000002000000003906217|I422h25001Fm35001Fm3;
published_frame=77
published_frame=78
editbox_emit sequence=40 bytes=50 elapsed_us=3358 envelope=@J10000000002000000004025846|I422j25001Fm35001Fm3;
published_frame=79
published_frame=80
editbox_emit sequence=41 bytes=50 elapsed_us=2570 envelope=@J10000000002000000004155621|I422l25001Fm35001Fm3;
editbox_receipt monotonic_ns=562730539838374 received=40 consumed=40 revision=19
published_frame=81
published_frame=82
editbox_emit sequence=42 bytes=50 elapsed_us=2641 envelope=@J10000000002000000004219875|I422n25001Fm35001Fm3;
published_frame=83
published_frame=84
editbox_emit sequence=43 bytes=50 elapsed_us=2921 envelope=@J10000000002000000004349650|I422p25001Fm35001Fm3;
published_frame=85
published_frame=86
editbox_emit sequence=44 bytes=50 elapsed_us=2510 envelope=@J10000000002000000004413904|I422r25001Fm35001Fm3;
editbox_receipt monotonic_ns=562730627641042 received=42 consumed=42 revision=20
published_frame=87
published_frame=88
editbox_emit sequence=45 bytes=50 elapsed_us=2539 envelope=@J10000000002000000004543679|I422t25001Fm35001Fm3;
published_frame=89
published_frame=90
editbox_emit sequence=46 bytes=50 elapsed_us=2981 envelope=@J10000000002000000004607933|I422v25001Fm35001Fm3;
published_frame=91
editbox_receipt monotonic_ns=562730717794496 received=45 consumed=45 revision=21
published_frame=92
editbox_emit sequence=47 bytes=50 elapsed_us=2960 envelope=@J10000000002000000004737708|I422x25001Fm35001Fm3;
published_frame=93
published_frame=94
editbox_emit sequence=48 bytes=50 elapsed_us=2830 envelope=@J10000000002000000004801962|I422z25001Fm35001Fm3;
published_frame=95
published_frame=96
editbox_emit sequence=49 bytes=50 elapsed_us=2796 envelope=@J10000000002000000004931737|I422_25001Fm35001Fm3;
published_frame=97
published_frame=98
editbox_emit sequence=50 bytes=50 elapsed_us=3036 envelope=@J10000000002000000005007060|I422X35001Fm35001Fm3;
editbox_receipt monotonic_ns=562730831190355 received=49 consumed=49 revision=22
published_frame=99
published_frame=100
editbox_emit sequence=51 bytes=50 elapsed_us=2815 envelope=@J10000000002000000005136835|I422Z35001Fm35001Fm3;
published_frame=101
published_frame=102
editbox_emit sequence=52 bytes=50 elapsed_us=2784 envelope=@J10000000002000000005201089|I422b35001Fm35001Fm3;
published_frame=103
published_frame=104
editbox_emit sequence=53 bytes=50 elapsed_us=2893 envelope=@J10000000002000000005330864|I422d35001Fm35001Fm3;
editbox_receipt monotonic_ns=562730929762302 received=52 consumed=52 revision=23
published_frame=105
published_frame=106
editbox_emit sequence=54 bytes=50 elapsed_us=2610 envelope=@J10000000002000000005460639|I422f35001Fm35001Fm3;
published_frame=107
published_frame=108
editbox_emit sequence=55 bytes=50 elapsed_us=2832 envelope=@J10000000002000000005524893|I422h35001Fm35001Fm3;
published_frame=109
editbox_receipt monotonic_ns=562731025139369 received=55 consumed=55 revision=24
published_frame=110
editbox_emit sequence=56 bytes=50 elapsed_us=2842 envelope=@J10000000002000000005654668|I422j35001Fm35001Fm3;
published_frame=111
published_frame=112
editbox_emit sequence=57 bytes=50 elapsed_us=2576 envelope=@J10000000002000000005718922|I422l35001Fm35001Fm3;
published_frame=113
published_frame=114
editbox_emit sequence=58 bytes=50 elapsed_us=2529 envelope=@J10000000002000000005848697|I422n35001Fm35001Fm3;
published_frame=115
editbox_receipt monotonic_ns=562731123449125 received=57 consumed=57 revision=25
published_frame=116
editbox_emit sequence=59 bytes=50 elapsed_us=2762 envelope=@J10000000002000000005912951|I422p35001Fm35001Fm3;
published_frame=117
published_frame=118
editbox_emit sequence=60 bytes=50 elapsed_us=2519 envelope=@J10000000002000000006032580|I422r35001Fm35001Fm3;
published_frame=119
published_frame=120
editbox_emit sequence=61 bytes=50 elapsed_us=2716 envelope=@J10000000002000000006162355|I422t35001Fm35001Fm3;
published_frame=121
published_frame=122
editbox_emit sequence=62 bytes=50 elapsed_us=2590 envelope=@J10000000002000000006226609|I422v35001Fm35001Fm3;
published_frame=123
published_frame=124
editbox_emit sequence=63 bytes=50 elapsed_us=2815 envelope=@J10000000002000000006356384|I422x35001Fm35001Fm3;
published_frame=125
published_frame=126
editbox_emit sequence=64 bytes=50 elapsed_us=3095 envelope=@J10000000002000000006420638|I422z35001Fm35001Fm3;
published_frame=127
editbox_receipt monotonic_ns=562731316253404 received=63 consumed=62 revision=26
published_frame=128
editbox_emit sequence=65 bytes=50 elapsed_us=2944 envelope=@J10000000002000000006550413|I422_35001Fm35001Fm3;
published_frame=129
published_frame=130
editbox_emit sequence=66 bytes=50 elapsed_us=2846 envelope=@J10000000002000000006635882|I422X45001Fm35001Fm3;
published_frame=131
editbox_receipt monotonic_ns=562731382592282 received=63 consumed=63 revision=27
published_frame=132
editbox_emit sequence=67 bytes=50 elapsed_us=3015 envelope=@J10000000002000000006700136|I422Z45001Fm35001Fm3;
published_frame=133
published_frame=134
editbox_emit sequence=68 bytes=50 elapsed_us=2667 envelope=@J10000000002000000006829911|I422b45001Fm35001Fm3;
editbox_receipt monotonic_ns=562731438702194 received=67 consumed=67 revision=28
published_frame=135
published_frame=136
editbox_emit sequence=69 bytes=50 elapsed_us=2591 envelope=@J10000000002000000006959686|I422d45001Fm35001Fm3;
published_frame=137
published_frame=138
editbox_emit sequence=70 bytes=50 elapsed_us=2643 envelope=@J10000000002000000007013794|I422f45001Fm35001Fm3;
published_frame=139
published_frame=140
editbox_emit sequence=71 bytes=50 elapsed_us=2684 envelope=@J10000000002000000007143569|I422h45001Fm35001Fm3;
editbox_receipt monotonic_ns=562731529682478 received=69 consumed=69 revision=29
published_frame=141
published_frame=142
editbox_emit sequence=72 bytes=50 elapsed_us=3103 envelope=@J10000000002000000007207823|I422j45001Fm35001Fm3;
published_frame=143
published_frame=144
editbox_emit sequence=73 bytes=50 elapsed_us=2869 envelope=@J10000000002000000007337598|I422l45001Fm35001Fm3;
published_frame=145
published_frame=146
editbox_emit sequence=74 bytes=50 elapsed_us=2805 envelope=@J10000000002000000007401852|I422n45001Fm35001Fm3;
editbox_receipt monotonic_ns=562731629592865 received=73 consumed=73 revision=30
published_frame=147
published_frame=148
editbox_emit sequence=75 bytes=50 elapsed_us=3566 envelope=@J10000000002000000007531627|I422p45001Fm35001Fm3;
published_frame=149
published_frame=150
editbox_emit sequence=76 bytes=50 elapsed_us=2704 envelope=@J10000000002000000007661402|I422r45001Fm35001Fm3;
published_frame=151
published_frame=152
editbox_emit sequence=77 bytes=50 elapsed_us=3139 envelope=@J10000000002000000007725656|I422t45001Fm35001Fm3;
editbox_receipt monotonic_ns=562731732143431 received=76 consumed=76 revision=31
published_frame=153
published_frame=154
editbox_emit sequence=78 bytes=50 elapsed_us=2715 envelope=@J10000000002000000007855431|I422v45001Fm35001Fm3;
published_frame=155
published_frame=156
editbox_emit sequence=79 bytes=50 elapsed_us=3087 envelope=@J10000000002000000007919685|I422x45001Fm35001Fm3;
published_frame=157
published_frame=158
editbox_emit sequence=80 bytes=50 elapsed_us=2954 envelope=@J10000000002000000008039314|I422z45001Fm35001Fm3;
editbox_receipt monotonic_ns=562731831778261 received=79 consumed=79 revision=32
published_frame=159
published_frame=160
editbox_emit sequence=81 bytes=50 elapsed_us=3002 envelope=@J10000000002000000008103568|I422_45001Fm35001Fm3;
published_frame=161
published_frame=162
editbox_emit sequence=82 bytes=50 elapsed_us=2789 envelope=@J10000000002000000008254558|I422X55001Fm35001Fm3;
published_frame=163
published_frame=164
editbox_emit sequence=83 bytes=50 elapsed_us=3100 envelope=@J10000000002000000008318812|I422Z55001Fm35001Fm3;
editbox_receipt monotonic_ns=562731929750634 received=82 consumed=82 revision=33
published_frame=165
published_frame=166
editbox_emit sequence=84 bytes=50 elapsed_us=2707 envelope=@J10000000002000000008448587|I422b55001Fm35001Fm3;
published_frame=167
published_frame=168
editbox_emit sequence=85 bytes=50 elapsed_us=2763 envelope=@J10000000002000000008512841|I422d55001Fm35001Fm3;
published_frame=169
published_frame=170
editbox_emit sequence=86 bytes=50 elapsed_us=2775 envelope=@J10000000002000000008642616|I422f55001Fm35001Fm3;
editbox_receipt monotonic_ns=562732029053571 received=85 consumed=85 revision=34
published_frame=171
published_frame=172
editbox_emit sequence=87 bytes=50 elapsed_us=2787 envelope=@J10000000002000000008706870|I422h55001Fm35001Fm3;
published_frame=173
published_frame=174
editbox_emit sequence=88 bytes=50 elapsed_us=2842 envelope=@J10000000002000000008836645|I422j55001Fm35001Fm3;
published_frame=175
published_frame=176
editbox_emit sequence=89 bytes=50 elapsed_us=2859 envelope=@J10000000002000000008900899|I422l55001Fm35001Fm3;
editbox_receipt monotonic_ns=562732128667382 received=87 consumed=87 revision=35
published_frame=177
published_frame=178
editbox_emit sequence=90 bytes=50 elapsed_us=2905 envelope=@J10000000002000000009020528|I422n55001Fm35001Fm3;
published_frame=179
published_frame=180
editbox_emit sequence=91 bytes=50 elapsed_us=2499 envelope=@J10000000002000000009150303|I422p55001Fm35001Fm3;
published_frame=181
published_frame=182
editbox_emit sequence=92 bytes=50 elapsed_us=2772 envelope=@J10000000002000000009214557|I422r55001Fm35001Fm3;
published_frame=183
published_frame=184
editbox_emit sequence=93 bytes=50 elapsed_us=3126 envelope=@J10000000002000000009344332|I422t55001Fm35001Fm3;
published_frame=185
published_frame=186
editbox_emit sequence=94 bytes=50 elapsed_us=3039 envelope=@J10000000002000000009408586|I422v55001Fm35001Fm3;
editbox_receipt monotonic_ns=562732295947258 received=93 consumed=91 revision=36
published_frame=187
published_frame=188
editbox_emit sequence=95 bytes=50 elapsed_us=2677 envelope=@J10000000002000000009538361|I422x55001Fm35001Fm3;
published_frame=189
published_frame=190
editbox_emit sequence=96 bytes=50 elapsed_us=2525 envelope=@J10000000002000000009602615|I422z55001Fm35001Fm3;
editbox_receipt monotonic_ns=562732361839620 received=95 consumed=95 revision=37
published_frame=191
published_frame=192
editbox_emit sequence=97 bytes=50 elapsed_us=2921 envelope=@J10000000002000000009732390|I422_55001Fm35001Fm3;
published_frame=193
published_frame=194
editbox_emit sequence=98 bytes=50 elapsed_us=3313 envelope=@J10000000002000000009817859|I422X65001Fm35001Fm3;
editbox_receipt monotonic_ns=562732430469694 received=97 consumed=97 revision=38
published_frame=195
published_frame=196
editbox_emit sequence=99 bytes=50 elapsed_us=2850 envelope=@J10000000002000000009947634|I422Z65001Fm35001Fm3;
published_frame=197
published_frame=198
editbox_emit sequence=100 bytes=50 elapsed_us=2806 envelope=@J10000000002000000010010415|I422b65001Fm35001Fm3;
published_frame=199
published_frame=200
editbox_emit sequence=101 bytes=50 elapsed_us=2837 envelope=@J10000000002000000010140190|I422d65001Fm35001Fm3;
editbox_receipt monotonic_ns=562732528990194 received=99 consumed=99 revision=39
published_frame=201
published_frame=202
editbox_emit sequence=102 bytes=50 elapsed_us=2734 envelope=@J10000000002000000010204444|I422f65001Fm35001Fm3;
published_frame=203
published_frame=204
editbox_emit sequence=103 bytes=50 elapsed_us=3767 envelope=@J10000000002000000010334219|I422h65001Fm35001Fm3;
published_frame=205
published_frame=206
editbox_emit sequence=104 bytes=50 elapsed_us=2858 envelope=@J10000000002000000010463994|I422j65001Fm35001Fm3;
editbox_receipt monotonic_ns=562732631185915 received=103 consumed=103 revision=40
published_frame=207
published_frame=208
editbox_emit sequence=105 bytes=50 elapsed_us=2582 envelope=@J10000000002000000010528248|I422l65001Fm35001Fm3;
published_frame=209
published_frame=210
editbox_emit sequence=106 bytes=50 elapsed_us=3555 envelope=@J10000000002000000010658023|I422n65001Fm35001Fm3;
published_frame=211
published_frame=212
editbox_emit sequence=107 bytes=50 elapsed_us=3047 envelope=@J10000000002000000010722277|I422p65001Fm35001Fm3;
editbox_receipt monotonic_ns=562732731265599 received=106 consumed=106 revision=41
published_frame=213
published_frame=214
editbox_emit sequence=108 bytes=50 elapsed_us=2840 envelope=@J10000000002000000010852052|I422r65001Fm35001Fm3;
published_frame=215
published_frame=216
editbox_emit sequence=109 bytes=50 elapsed_us=2959 envelope=@J10000000002000000010916306|I422t65001Fm35001Fm3;
published_frame=217
published_frame=218
editbox_emit sequence=110 bytes=50 elapsed_us=2738 envelope=@J10000000002000000011035935|I422v65001Fm35001Fm3;
published_frame=219
editbox_receipt monotonic_ns=562732840803163 received=109 consumed=109 revision=42
published_frame=220
editbox_emit sequence=111 bytes=50 elapsed_us=2584 envelope=@J10000000002000000011100189|I422x65001Fm35001Fm3;
published_frame=221
published_frame=222
editbox_emit sequence=112 bytes=50 elapsed_us=3027 envelope=@J10000000002000000011229964|I422z65001Fm35001Fm3;
published_frame=223
published_frame=224
editbox_emit sequence=113 bytes=50 elapsed_us=2882 envelope=@J10000000002000000011359739|I422_65001Fm35001Fm3;
editbox_receipt monotonic_ns=562732928651637 received=111 consumed=111 revision=43
published_frame=225
published_frame=226
editbox_emit sequence=114 bytes=50 elapsed_us=2914 envelope=@J10000000002000000011445208|I422X75001Fm35001Fm3;
published_frame=227
published_frame=228
editbox_emit sequence=115 bytes=50 elapsed_us=2784 envelope=@J10000000002000000011509462|I422Z75001Fm35001Fm3;
published_frame=229
published_frame=230
editbox_emit sequence=116 bytes=50 elapsed_us=2567 envelope=@J10000000002000000011639237|I422b75001Fm35001Fm3;
editbox_receipt monotonic_ns=562733039707929 received=115 consumed=115 revision=44
published_frame=231
published_frame=232
editbox_emit sequence=117 bytes=50 elapsed_us=2687 envelope=@J10000000002000000011703491|I422d75001Fm35001Fm3;
published_frame=233
published_frame=234
editbox_emit sequence=118 bytes=50 elapsed_us=3104 envelope=@J10000000002000000011833266|I422f75001Fm35001Fm3;
published_frame=235
published_frame=236
editbox_emit sequence=119 bytes=50 elapsed_us=3596 envelope=@J10000000002000000011963041|I422h75001Fm35001Fm3;
editbox_receipt monotonic_ns=562733129324897 received=118 consumed=118 revision=45
published_frame=237
published_frame=238
editbox_emit sequence=120 bytes=50 elapsed_us=2591 envelope=@J10000000002000000012017149|I422j75001Fm35001Fm3;
published_frame=239
published_frame=240
editbox_emit sequence=121 bytes=50 elapsed_us=3356 envelope=@J10000000002000000012146924|I422l75001Fm35001Fm3;
published_frame=241
published_frame=242
editbox_emit sequence=122 bytes=50 elapsed_us=2592 envelope=@J10000000002000000012211178|I422n75001Fm35001Fm3;
published_frame=243
published_frame=244
editbox_emit sequence=123 bytes=50 elapsed_us=2922 envelope=@J10000000002000000012340953|I422p75001Fm35001Fm3;
published_frame=245
published_frame=246
editbox_emit sequence=124 bytes=50 elapsed_us=2792 envelope=@J10000000002000000012405207|I422r75001Fm35001Fm3;
published_frame=247
editbox_receipt monotonic_ns=562733316511053 received=123 consumed=122 revision=46
published_frame=248
editbox_emit sequence=125 bytes=50 elapsed_us=2836 envelope=@J10000000002000000012534982|I422t75001Fm35001Fm3;
published_frame=249
published_frame=250
editbox_emit sequence=126 bytes=50 elapsed_us=4610 envelope=@J10000000002000000012664757|I422v75001Fm35001Fm3;
published_frame=251
editbox_receipt monotonic_ns=562733384260306 received=123 consumed=123 revision=47
published_frame=252
editbox_emit sequence=127 bytes=50 elapsed_us=2540 envelope=@J10000000002000000012729011|I422x75001Fm35001Fm3;
published_frame=253
published_frame=254
editbox_emit sequence=128 bytes=50 elapsed_us=2820 envelope=@J10000000002000000012858786|I422z75001Fm35001Fm3;
editbox_receipt monotonic_ns=562733439994653 received=127 consumed=127 revision=48
published_frame=255
published_frame=256
editbox_emit sequence=129 bytes=50 elapsed_us=2951 envelope=@J10000000002000000012923040|I422_75001Fm35001Fm3;
published_frame=257
published_frame=258
editbox_emit sequence=130 bytes=50 elapsed_us=2844 envelope=@J10000000002000000013063884|I422X85001Fm35001Fm3;
published_frame=259
published_frame=260
editbox_emit sequence=131 bytes=50 elapsed_us=2753 envelope=@J10000000002000000013128138|I422Z85001Fm35001Fm3;
editbox_receipt monotonic_ns=562733539324812 received=130 consumed=130 revision=49
published_frame=261
published_frame=262
editbox_emit sequence=132 bytes=50 elapsed_us=2525 envelope=@J10000000002000000013257913|I422b85001Fm35001Fm3;
published_frame=263
published_frame=264
editbox_emit sequence=133 bytes=50 elapsed_us=2842 envelope=@J10000000002000000013322167|I422d85001Fm35001Fm3;
published_frame=265
published_frame=266
editbox_emit sequence=134 bytes=50 elapsed_us=2816 envelope=@J10000000002000000013451942|I422f85001Fm35001Fm3;
editbox_receipt monotonic_ns=562733628834560 received=132 consumed=132 revision=50
published_frame=267
published_frame=268
editbox_emit sequence=135 bytes=50 elapsed_us=7283 envelope=@J10000000002000000013516196|I422h85001Fm35001Fm3;
published_frame=269
published_frame=270
editbox_emit sequence=136 bytes=50 elapsed_us=2739 envelope=@J10000000002000000013645971|I422j85001Fm35001Fm3;
published_frame=271
published_frame=272
editbox_emit sequence=137 bytes=50 elapsed_us=4221 envelope=@J10000000002000000013710225|I422l85001Fm35001Fm3;
published_frame=273
editbox_receipt monotonic_ns=562733745241914 received=136 consumed=136 revision=51
published_frame=274
editbox_emit sequence=138 bytes=50 elapsed_us=2612 envelope=@J10000000002000000013840000|I422n85001Fm35001Fm3;
published_frame=275
published_frame=276
editbox_emit sequence=139 bytes=50 elapsed_us=4175 envelope=@J10000000002000000013904254|I422p85001Fm35001Fm3;
published_frame=277
editbox_receipt monotonic_ns=562733823293300 received=138 consumed=138 revision=52
published_frame=278
editbox_emit sequence=140 bytes=50 elapsed_us=3811 envelope=@J10000000002000000014023883|I422r85001Fm35001Fm3;
published_frame=279
published_frame=280
editbox_emit sequence=141 bytes=50 elapsed_us=2956 envelope=@J10000000002000000014153658|I422t85001Fm35001Fm3;
published_frame=281
published_frame=282
editbox_emit sequence=142 bytes=50 elapsed_us=3152 envelope=@J10000000002000000014217912|I422v85001Fm35001Fm3;
published_frame=283
published_frame=284
editbox_emit sequence=143 bytes=50 elapsed_us=2670 envelope=@J10000000002000000014347687|I422x85001Fm35001Fm3;
editbox_receipt monotonic_ns=562733931149823 received=142 consumed=142 revision=53
published_frame=285
published_frame=286
editbox_emit sequence=144 bytes=50 elapsed_us=2876 envelope=@J10000000002000000014411941|I422z85001Fm35001Fm3;
published_frame=287
published_frame=288
editbox_emit sequence=145 bytes=50 elapsed_us=2856 envelope=@J10000000002000000014541716|I422_85001Fm35001Fm3;
published_frame=289
published_frame=290
editbox_emit sequence=146 bytes=50 elapsed_us=2957 envelope=@J10000000002000000014627185|I422X95001Fm35001Fm3;
published_frame=291
editbox_receipt monotonic_ns=562734040893895 received=145 consumed=145 revision=54
published_frame=292
editbox_emit sequence=147 bytes=50 elapsed_us=3023 envelope=@J10000000002000000014756960|I422Z95001Fm35001Fm3;
published_frame=293
published_frame=294
editbox_emit sequence=148 bytes=50 elapsed_us=2626 envelope=@J10000000002000000014821214|I422b95001Fm35001Fm3;
published_frame=295
published_frame=296
editbox_emit sequence=149 bytes=50 elapsed_us=2828 envelope=@J10000000002000000014950989|I422d95001Fm35001Fm3;
editbox_receipt monotonic_ns=562734129208482 received=147 consumed=147 revision=55
published_frame=297
published_frame=298
editbox_emit sequence=150 bytes=50 elapsed_us=2895 envelope=@J10000000002000000015005097|I422f95001Fm35001Fm3;
published_frame=299
published_frame=300
editbox_emit sequence=151 bytes=50 elapsed_us=3407 envelope=@J10000000002000000015134872|I422h95001Fm35001Fm3;
published_frame=301
published_frame=302
editbox_emit sequence=152 bytes=50 elapsed_us=2697 envelope=@J10000000002000000015264647|I422j95001Fm35001Fm3;
published_frame=303
published_frame=304
editbox_emit sequence=153 bytes=50 elapsed_us=4549 envelope=@J10000000002000000015328901|I422l95001Fm35001Fm3;
published_frame=305
published_frame=306
editbox_emit sequence=154 bytes=50 elapsed_us=2611 envelope=@J10000000002000000015458676|I422n95001Fm35001Fm3;
editbox_receipt monotonic_ns=562734306027292 received=153 consumed=152 revision=56
published_frame=307
published_frame=308
editbox_emit sequence=155 bytes=50 elapsed_us=3044 envelope=@J10000000002000000015522930|I422p95001Fm35001Fm3;
published_frame=309
published_frame=310
editbox_emit sequence=156 bytes=50 elapsed_us=3883 envelope=@J10000000002000000015652705|I422r95001Fm35001Fm3;
published_frame=311
editbox_receipt monotonic_ns=562734373977390 received=155 consumed=155 revision=57
published_frame=312
editbox_emit sequence=157 bytes=50 elapsed_us=3464 envelope=@J10000000002000000015716959|I422t95001Fm35001Fm3;
published_frame=313
published_frame=314
editbox_emit sequence=158 bytes=50 elapsed_us=2543 envelope=@J10000000002000000015846734|I422v95001Fm35001Fm3;
published_frame=315
editbox_receipt monotonic_ns=562734440585814 received=157 consumed=157 revision=58
published_frame=316
editbox_emit sequence=159 bytes=50 elapsed_us=3140 envelope=@J10000000002000000015910988|I422x95001Fm35001Fm3;
published_frame=317
published_frame=318
editbox_emit sequence=160 bytes=50 elapsed_us=3248 envelope=@J10000000002000000016030617|I422z95001Fm35001Fm3;
published_frame=319
published_frame=320
editbox_emit sequence=161 bytes=50 elapsed_us=3427 envelope=@J10000000002000000016160392|I422_95001Fm35001Fm3;
editbox_receipt monotonic_ns=562734530481255 received=159 consumed=159 revision=59
published_frame=321
published_frame=322
editbox_emit sequence=162 bytes=50 elapsed_us=2728 envelope=@J10000000002000000016245861|I422XA5001Fm35001Fm3;
published_frame=323
published_frame=324
editbox_emit sequence=163 bytes=50 elapsed_us=2974 envelope=@J10000000002000000016310115|I422ZA5001Fm35001Fm3;
published_frame=325
published_frame=326
editbox_emit sequence=164 bytes=50 elapsed_us=2902 envelope=@J10000000002000000016439890|I422bA5001Fm35001Fm3;
editbox_receipt monotonic_ns=562734629175561 received=163 consumed=163 revision=60
published_frame=327
published_frame=328
editbox_emit sequence=165 bytes=50 elapsed_us=2688 envelope=@J10000000002000000016504144|I422dA5001Fm35001Fm3;
published_frame=329
published_frame=330
editbox_emit sequence=166 bytes=50 elapsed_us=3123 envelope=@J10000000002000000016633919|I422fA5001Fm35001Fm3;
published_frame=331
published_frame=332
editbox_emit sequence=167 bytes=50 elapsed_us=2833 envelope=@J10000000002000000016763694|I422hA5001Fm35001Fm3;
editbox_receipt monotonic_ns=562734729126754 received=166 consumed=166 revision=61
published_frame=333
published_frame=334
editbox_emit sequence=168 bytes=50 elapsed_us=2904 envelope=@J10000000002000000016827948|I422jA5001Fm35001Fm3;
published_frame=335
published_frame=336
editbox_emit sequence=169 bytes=50 elapsed_us=2779 envelope=@J10000000002000000016957723|I422lA5001Fm35001Fm3;
published_frame=337
published_frame=338
editbox_emit sequence=170 bytes=50 elapsed_us=2843 envelope=@J10000000002000000017011831|I422nA5001Fm35001Fm3;
published_frame=339
editbox_receipt monotonic_ns=562734840538412 received=169 consumed=169 revision=62
published_frame=340
editbox_emit sequence=171 bytes=50 elapsed_us=2956 envelope=@J10000000002000000017141606|I422pA5001Fm35001Fm3;
published_frame=341
published_frame=342
editbox_emit sequence=172 bytes=50 elapsed_us=2920 envelope=@J10000000002000000017205860|I422rA5001Fm35001Fm3;
published_frame=343
editbox_receipt monotonic_ns=562734916116231 received=171 consumed=171 revision=63
published_frame=344
editbox_emit sequence=173 bytes=50 elapsed_us=2591 envelope=@J10000000002000000017335635|I422tA5001Fm35001Fm3;
published_frame=345
published_frame=346
editbox_emit sequence=174 bytes=50 elapsed_us=2774 envelope=@J10000000002000000017465410|I422vA5001Fm35001Fm3;
published_frame=347
published_frame=348
editbox_emit sequence=175 bytes=50 elapsed_us=3109 envelope=@J10000000002000000017529664|I422xA5001Fm35001Fm3;
published_frame=349
published_frame=350
editbox_emit sequence=176 bytes=50 elapsed_us=3245 envelope=@J10000000002000000017659439|I422zA5001Fm35001Fm3;
editbox_receipt monotonic_ns=562735029206656 received=175 consumed=175 revision=64
published_frame=351
published_frame=352
editbox_emit sequence=177 bytes=50 elapsed_us=2869 envelope=@J10000000002000000017723693|I422_A5001Fm35001Fm3;
published_frame=353
published_frame=354
editbox_emit sequence=178 bytes=50 elapsed_us=2994 envelope=@J10000000002000000017809162|I422XB5001Fm35001Fm3;
published_frame=355
published_frame=356
editbox_emit sequence=179 bytes=50 elapsed_us=3604 envelope=@J10000000002000000017938937|I422ZB5001Fm35001Fm3;
published_frame=357
editbox_receipt monotonic_ns=562735140744501 received=178 consumed=178 revision=65
published_frame=358
editbox_emit sequence=180 bytes=50 elapsed_us=2662 envelope=@J10000000002000000018058566|I422bB5001Fm35001Fm3;
published_frame=359
published_frame=360
editbox_emit sequence=181 bytes=50 elapsed_us=3458 envelope=@J10000000002000000018122820|I422dB5001Fm35001Fm3;
published_frame=361
published_frame=362
editbox_emit sequence=182 bytes=50 elapsed_us=2586 envelope=@J10000000002000000018252595|I422fB5001Fm35001Fm3;
published_frame=363
published_frame=364
editbox_emit sequence=183 bytes=50 elapsed_us=3422 envelope=@J10000000002000000018316849|I422hB5001Fm35001Fm3;
published_frame=365
published_frame=366
editbox_emit sequence=184 bytes=50 elapsed_us=3568 envelope=@J10000000002000000018446624|I422jB5001Fm35001Fm3;
editbox_receipt monotonic_ns=562735306839116 received=183 consumed=182 revision=66
published_frame=367
published_frame=368
editbox_emit sequence=185 bytes=50 elapsed_us=3367 envelope=@J10000000002000000018510878|I422lB5001Fm35001Fm3;
published_frame=369
published_frame=370
editbox_emit sequence=186 bytes=50 elapsed_us=3012 envelope=@J10000000002000000018640653|I422nB5001Fm35001Fm3;
editbox_receipt monotonic_ns=562735362415397 received=185 consumed=185 revision=67
published_frame=371
published_frame=372
editbox_emit sequence=187 bytes=50 elapsed_us=2773 envelope=@J10000000002000000018704907|I422pB5001Fm35001Fm3;
published_frame=373
published_frame=374
editbox_emit sequence=188 bytes=50 elapsed_us=3158 envelope=@J10000000002000000018834682|I422rB5001Fm35001Fm3;
editbox_receipt monotonic_ns=562735428884990 received=186 consumed=186 revision=68
published_frame=375
published_frame=376
editbox_emit sequence=189 bytes=50 elapsed_us=2603 envelope=@J10000000002000000018964457|I422tB5001Fm35001Fm3;
published_frame=377
published_frame=378
editbox_emit sequence=190 bytes=50 elapsed_us=2723 envelope=@J10000000002000000019018565|I422vB5001Fm35001Fm3;
published_frame=379
published_frame=380
editbox_emit sequence=191 bytes=50 elapsed_us=2939 envelope=@J10000000002000000019148340|I422xB5001Fm35001Fm3;
editbox_receipt monotonic_ns=562735530486887 received=190 consumed=190 revision=69
published_frame=381
published_frame=382
editbox_emit sequence=192 bytes=50 elapsed_us=2685 envelope=@J10000000002000000019212594|I422zB5001Fm35001Fm3;
published_frame=383
published_frame=384
editbox_emit sequence=193 bytes=50 elapsed_us=2714 envelope=@J10000000002000000019342369|I422_B5001Fm35001Fm3;
published_frame=385
published_frame=386
editbox_emit sequence=194 bytes=50 elapsed_us=2978 envelope=@J10000000002000000019427838|I422XC5001Fm35001Fm3;
editbox_receipt monotonic_ns=562735628873727 received=193 consumed=193 revision=70
published_frame=387
published_frame=388
editbox_emit sequence=195 bytes=50 elapsed_us=2915 envelope=@J10000000002000000019557613|I422ZC5001Fm35001Fm3;
published_frame=389
published_frame=390
editbox_emit sequence=196 bytes=50 elapsed_us=3477 envelope=@J10000000002000000019621867|I422bC5001Fm35001Fm3;
published_frame=391
published_frame=392
editbox_emit sequence=197 bytes=50 elapsed_us=3108 envelope=@J10000000002000000019751642|I422dC5001Fm35001Fm3;
editbox_receipt monotonic_ns=562735729684071 received=195 consumed=195 revision=71
published_frame=393
published_frame=394
editbox_emit sequence=198 bytes=50 elapsed_us=2705 envelope=@J10000000002000000019815896|I422fC5001Fm35001Fm3;
published_frame=395
published_frame=396
editbox_emit sequence=199 bytes=50 elapsed_us=2831 envelope=@J10000000002000000019945671|I422hC5001Fm35001Fm3;
published_frame=397
match_end epoch=2 frontier=398 old_rows=drain terminal_rows=discard
input_armed=true gameplay_armed=false mono_ns=562735818938429
editbox_emit sequence=200 bytes=34 elapsed_us=2125 envelope=@J10000000002000000020063123|JE12;
suppressed mono_ns=562735826026000 reason=focus-pause-or-neutral
editbox_receipt monotonic_ns=562735857778314 received=200 consumed=200 revision=72
match_quiescent epoch=2
waiting_for_match build=controller-menus-20261005 slot=0 after_epoch=2
shutdown signal=SIGINT mailbox_release=begin
