combos: 1/126 Archer on Cairne Bloodhoof at centre, 95 s
combos: 2/126 Archer on Rifleman at centre, 130 s
combos: 3/126 Archer on Archer at centre, 137 s
combos: 4/126 Archer on Rifleman at ledge, 153 s
combos: 5/126 Archer on Cairne Bloodhoof at ledge, 162 s
combos: 6/126 Archer on Archer at ledge, 203 s
combos: 7/126 Rifleman on Archer at centre, 221 s
combos: 8/126 Rifleman on Rifleman at centre, 242 s
combos: 9/126 Rifleman on Cairne Bloodhoof at centre, 253 s
combos: 10/126 Rifleman on Rifleman at ledge, 280 s
combos: 11/126 Rifleman on Archer at ledge, 295 s
combos: 12/126 Rifleman on Cairne Bloodhoof at ledge, 336 s
combos: 13/126 Illidan on Archer at centre, 352 s
combos: 14/126 Illidan on Rifleman at centre, 362 s
combos: 15/126 Illidan on Cairne Bloodhoof at centre, 379 s
combos: 16/126 Illidan on Archer at ledge, 393 s
combos: 17/126 Illidan on Rifleman at ledge, 395 s
combos: 18/126 Blademaster on Archer at centre, 437 s
combos: 19/126 Illidan on Cairne Bloodhoof at ledge, 439 s
combos: 20/126 Blademaster on Cairne Bloodhoof at centre, 456 s
combos: 21/126 Blademaster on Rifleman at centre, 462 s
combos: 22/126 Blademaster on Rifleman at ledge, 500 s
combos: 23/126 Blademaster on Archer at ledge, 504 s
combos: 24/126 Blademaster on Cairne Bloodhoof at ledge, 536 s
combos: 25/126 Mountain King on Archer at centre, 580 s
combos: 26/126 Mountain King on Rifleman at centre, 587 s
combos: 27/126 Mountain King on Cairne Bloodhoof at centre, 602 s
combos: 28/126 Mountain King on Archer at ledge, 618 s
combos: 29/126 Mountain King on Rifleman at ledge, 630 s
combos: 30/126 Mountain King on Cairne Bloodhoof at ledge, 664 s
combos: 31/126 Warden on Archer at centre, 675 s
combos: 32/126 Warden on Rifleman at centre, 692 s
combos: 33/126 Warden on Cairne Bloodhoof at centre, 708 s
combos: 34/126 Warden on Rifleman at ledge, 715 s
combos: 35/126 Warden on Archer at ledge, 728 s
combos: 36/126 Warden on Cairne Bloodhoof at ledge, 786 s
combos: 37/126 Lich on Archer at centre, 798 s
combos: 38/126 Lich on Cairne Bloodhoof at centre, 802 s
combos: 39/126 Lich on Rifleman at centre, 822 s
combos: 40/126 Lich on Archer at ledge, 835 s
combos: 41/126 Lich on Rifleman at ledge, 841 s
combos: 42/126 Lich on Cairne Bloodhoof at ledge, 872 s
combos: 43/126 Forsaken Paladin on Cairne Bloodhoof at centre, 909 s
combos: 44/126 Forsaken Paladin on Archer at centre, 916 s
combos: 45/126 Forsaken Paladin on Rifleman at centre, 927 s
combos: 46/126 Forsaken Paladin on Archer at ledge, 936 s
combos: 47/126 Forsaken Paladin on Rifleman at ledge, 953 s
combos: 48/126 Forsaken Paladin on Cairne Bloodhoof at ledge, 969 s
combos: 49/126 Dreadlord on Rifleman at centre, 1014 s
combos: 50/126 Dreadlord on Cairne Bloodhoof at centre, 1022 s
combos: 51/126 Dreadlord on Rifleman at ledge, 1024 s
combos: 52/126 Dreadlord on Archer at centre, 1035 s
combos: 53/126 Dreadlord on Archer at ledge, 1045 s
combos: 54/126 Dreadlord on Cairne Bloodhoof at ledge, 1060 s
combos: 55/126 Shadow Hunter on Cairne Bloodhoof at centre, 1114 s
combos: 56/126 Shadow Hunter on Rifleman at centre, 1116 s
combos: 57/126 Shadow Hunter on Archer at centre, 1128 s
combos: 58/126 Shadow Hunter on Rifleman at ledge, 1143 s
combos: 59/126 Shadow Hunter on Cairne Bloodhoof at ledge, 1148 s
combos: 60/126 Shadow Hunter on Archer at ledge, 1178 s
combos: 61/126 Pit Lord on Rifleman at centre, 1186 s
combos: 62/126 Pit Lord on Archer at centre, 1193 s
combos: 63/126 Pit Lord on Rifleman at ledge, 1208 s
combos: 64/126 Pit Lord on Archer at ledge, 1208 s
combos: 65/126 Pit Lord on Cairne Bloodhoof at centre, 1222 s
combos: 66/126 Pit Lord on Cairne Bloodhoof at ledge, 1260 s
combos: 67/126 Beastmaster on Cairne Bloodhoof at centre, 1298 s
combos: 68/126 Beastmaster on Rifleman at centre, 1309 s
combos: 69/126 Beastmaster on Archer at centre, 1310 s
combos: 70/126 Beastmaster on Rifleman at ledge, 1315 s
combos: 71/126 Beastmaster on Archer at ledge, 1338 s
combos: 72/126 Beastmaster on Cairne Bloodhoof at ledge, 1351 s
combos: 73/126 Lich King on Rifleman at centre, 1366 s
combos: 74/126 Lich King on Rifleman at ledge, 1370 s
combos: 75/126 Lich King on Archer at centre, 1381 s
combos: 76/126 Lich King on Archer at ledge, 1401 s
combos: 77/126 Lich King on Cairne Bloodhoof at centre, 1409 s
combos: 78/126 Lich King on Cairne Bloodhoof at ledge, 1434 s
combos: 79/126 Thrall on Rifleman at centre, 1439 s
combos: 80/126 Thrall on Archer at centre, 1447 s
combos: 81/126 Thrall on Archer at ledge, 1461 s
combos: 82/126 Thrall on Rifleman at ledge, 1467 s
combos: 83/126 Thrall on Cairne Bloodhoof at centre, 1470 s
combos: 84/126 Thrall on Cairne Bloodhoof at ledge, 1511 s
combos: 85/126 Jaina Proudmoore on Archer at centre, 1556 s
combos: 86/126 Jaina Proudmoore on Cairne Bloodhoof at centre, 1556 s
combos: 87/126 Jaina Proudmoore on Rifleman at centre, 1566 s
combos: 88/126 Jaina Proudmoore on Rifleman at ledge, 1591 s
combos: 89/126 Jaina Proudmoore on Archer at ledge, 1594 s
combos: 90/126 Jaina Proudmoore on Cairne Bloodhoof at ledge, 1615 s
combos: 91/126 Sylvanas Windrunner on Cairne Bloodhoof at centre, 1653 s
combos: 92/126 Sylvanas Windrunner on Rifleman at centre, 1655 s
combos: 93/126 Sylvanas Windrunner on Archer at centre, 1670 s
combos: 94/126 Sylvanas Windrunner on Archer at ledge, 1685 s
combos: 95/126 Sylvanas Windrunner on Rifleman at ledge, 1688 s
combos: 96/126 Sylvanas Windrunner on Cairne Bloodhoof at ledge, 1700 s
combos: 97/126 Cairne Bloodhoof on Rifleman at centre, 1733 s
combos: 98/126 Cairne Bloodhoof on Rifleman at ledge, 1736 s
combos: 99/126 Cairne Bloodhoof on Archer at ledge, 1742 s
combos: 100/126 Cairne Bloodhoof on Archer at centre, 1743 s
combos: 101/126 Cairne Bloodhoof on Cairne Bloodhoof at centre, 1748 s
combos: 102/126 Cairne Bloodhoof on Cairne Bloodhoof at ledge, 1761 s
combos: 103/126 Chen Stormstout on Cairne Bloodhoof at centre, 1811 s
combos: 104/126 Chen Stormstout on Rifleman at ledge, 1829 s
combos: 105/126 Chen Stormstout on Rifleman at centre, 1829 s
combos: 106/126 Chen Stormstout on Cairne Bloodhoof at ledge, 1833 s
combos: 107/126 Chen Stormstout on Archer at centre, 1836 s
combos: 108/126 Chen Stormstout on Archer at ledge, 1857 s
combos: 109/126 Peon on Cairne Bloodhoof at centre, 1928 s
combos: 110/126 Peon on Archer at centre, 1929 s
combos: 111/126 Peon on Rifleman at centre, 1930 s
combos: 112/126 Peon on Cairne Bloodhoof at ledge, 1952 s
combos: 113/126 Peon on Rifleman at ledge, 1958 s
combos: 114/126 Peon on Archer at ledge, 1979 s
combos: 115/126 Goblin Tinker on Rifleman at centre, 2003 s
combos: 116/126 Goblin Tinker on Cairne Bloodhoof at centre, 2011 s
combos: 117/126 Goblin Tinker on Archer at centre, 2024 s
combos: 118/126 Goblin Tinker on Rifleman at ledge, 2033 s
combos: 119/126 Goblin Tinker on Cairne Bloodhoof at ledge, 2047 s
combos: 120/126 Goblin Tinker on Archer at ledge, 2054 s
combos: 121/126 Kael'thas Sunstrider on Archer at centre, 2114 s
combos: 122/126 Kael'thas Sunstrider on Rifleman at centre, 2128 s
combos: 123/126 Kael'thas Sunstrider on Archer at ledge, 2135 s
combos: 124/126 Kael'thas Sunstrider on Cairne Bloodhoof at centre, 2135 s
combos: 125/126 Kael'thas Sunstrider on Rifleman at ledge, 2142 s
combos: 126/126 Kael'thas Sunstrider on Cairne Bloodhoof at ledge, 2147 s
2146.562 s  126 fighter, opponent and position cells on 6 threads (2146.559 s)
2149.419 s  replaying 2282 routes from their setups (2.801 s)
2149.488 s  writing tools/move-data/combo-potential.json and .md (0.069 s)
| Fighter | Max true combo | Typical punish | Kill confirm | Openings per kill | Multi-hit openings | With reads as openings | Damage per opening | Best route |
| --- | --- | --- | --- | --- | --- | --- | --- | --- |
| Archer | 27% | 24% | 95% | 5.7 | 5.7 | 5.7 | 24.7% | down air → forward smash (27% at 10%) |
| Rifleman | 33% | 25.4% | 95% | 5.2 | 5.2 | 5.8 | 26.2% | down air → grab, up throw → forward smash (33% at 10%) |
| Illidan | 25% | 21% | 140% | 8.5+ | 6.8+ | 8.5+ | 19.6% | down air → grab, forward throw → forward smash (25% at 10%) |
| Blademaster | 24.8% | 20.1% | 110% | 6 | 5.8 | 6.8 | 22.4% | forward throw → dash, dash attack (24.8% at 130%) |
| Mountain King | 33.2% | 23.2% | 75% | 4.8 | 4.8 | 5 | 25% | up throw → up tilt → forward tilt (33.2% at 50%) |
| Warden | 35% | 17% | 115% | 6.7 | 6.7 | 7.5 | 21.3% | down tilt → up tilt → jab → jab → jab → dash, dash attack (35% at 160%) |
| Lich | 27% | 18% | 75% | 5.8 | 1.3 | 5.8 | 19.3% | up air → dash, dash attack (27% at 70%) |
| Forsaken Paladin | 28% | 17.6% | 110% | 7 | 6 | 7.3 | 18.8% | up throw → neutral special → down smash (28% at 90%) |
| Dreadlord | 24.4% | 21.7% | 90% | 5.5 | 5.2 | 5.8 | 21.4% | up throw → dash, dash attack (24.4% at 80%) |
| Shadow Hunter | 24% | 19% | 90% | 6.3 | 3.5 | 6.3 | 19.6% | up throw → dash, dash attack (24% at 90%) |
| Pit Lord | 35% | 25% | 90% | 5.3 | 2.8 | 5.5 | 24.7% | up throw → dash, dash attack (35% at 80%) |
| Beastmaster | 27.7% | 21% | 80% | 6 | 2.5 | 6 | 20.9% | up air → dash, dash attack (27.7% at 80%) |
| Lich King | 31% | 20% | 105% | 6.3 | 3.8 | 6.7 | 20.5% | up throw → dash, dash attack (29% at 100%) |
| Thrall | 36% | 18% | 115% | 6.8 | 2.2 | 7.2 | 19.9% | up throw → down special → forward smash (36% at 90%) |
| Jaina Proudmoore | 29% | 23% | 70% | 5.2 | 2.8 | 5.3 | 20.3% | up throw → forward smash (24% at 60%) |
| Sylvanas Windrunner | 21% | 18% | 115% | 7.8 | 5.5 | 8.2 | 18.5% | up throw → forward smash (21% at 100%) |
| Cairne Bloodhoof | 52% | 23% | 85% | 5.2 | 2.2 | 5.3 | 25.8% | up throw → side special → grab, up throw → down smash (52% at 70%) |
| Chen Stormstout | 32.5% | 27.5% | 70% | 4.5 | 2.7 | 4.5 | 25.8% | up air → dash, dash attack (32.5% at 70%) |
| Peon | 25% | 19% | 100% | 6.8 | 1.7 | 6.8 | 19.9% | up throw → dash, dash attack (25% at 90%) |
| Goblin Tinker | 24% | 20% | 130% | 8.2 | 7.8 | 8.2 | 21.3% | up throw → dash, dash attack (24% at 120%) |
| Kael'thas Sunstrider | 43% | 19% | 90% | 6.2 | 2.5 | 6.3 | 20.1% | up throw → neutral special → dash, dash attack (35% at 100%) |

route replay: 2282 of 2282 routes reproduce their damage from a new match
2149.489 s  combos (2149.489 s)
{"decision":"RELEASED","lease":"270bbd86-bcec-4ea3-9580-56843c5346e4"}
2150.071 s  combos (2150.071 s)
