source=/dev/input/event2 name=Some("Smashcraft Event Retention Virtual Gamepad") clock=CLOCK_MONOTONIC epoch_ns=0 frame_rule=segment_frame+floor((t-segment_epoch)*60/1e9) first=1 delay=0 pause_policy=sequenced-map-control
controller_identity=DeviceIdentity { id: InputId { bus_type: BUS_USB, vendor: 0x45e, product: 0x28e, version: 0x114 }, name: Some("Smashcraft Event Retention Virtual Gamepad"), phys: Some("smashcraft-reconnect/native-controller-reconnect-20261005/pad-0"), uniq: None } automatic_reconnect=true
waiting_for_match build=playable-0041 slot=0 start_before=final-match-confirmation
input_armed=true gameplay_armed=false mono_ns=565644644232954
menu_emit epoch=0 phase=Some(Character) key=r mono_ns=565646738555000
menu_emit epoch=0 phase=Some(Character) key=w mono_ns=565647008965000
menu_emit epoch=0 phase=Some(Character) key=n mono_ns=565647279323000
menu_emit epoch=0 phase=Some(Character) key=y mono_ns=565649201852000
menu_emit epoch=0 phase=Some(Stage) key=r mono_ns=565651567872000
menu_emit epoch=0 phase=Some(Stage) key=w mono_ns=565651838291000
menu_emit epoch=0 phase=Some(Stage) key=u mono_ns=565652108700000
menu_emit epoch=0 phase=Some(Character) key=y mono_ns=565654538154000
menu_emit epoch=0 phase=Some(Stage) key=y mono_ns=565656984712000
match_ready epoch=1 neutral_rearm=required
input_armed=true gameplay_armed=false mono_ns=565657341788190
editbox_receipt monotonic_ns=565657341881975 received=0 consumed=0 revision=1
editbox_emit sequence=1 bytes=34 elapsed_us=2189 envelope=@J10000000001000000000130780|JR11;
editbox_receipt monotonic_ns=565657428273932 received=1 consumed=1 revision=3
editbox_receipt monotonic_ns=565657439398318 received=1 consumed=1 revision=4
editbox_receipt monotonic_ns=565657483981907 received=1 consumed=1 revision=5
match_start epoch=1 epoch_ns=565657569224629 read_ns=565657570526419 uncertainty_ns=1100306
input_armed=true gameplay_armed=true mono_ns=565657570504568
published_frame=1
published_frame=2
editbox_emit sequence=2 bytes=37 elapsed_us=1895 envelope=@J10000000001000000000252069|I421100;
published_frame=3
published_frame=4
editbox_emit sequence=3 bytes=37 elapsed_us=2314 envelope=@J10000000001000000000330835|I421300;
published_frame=5
published_frame=6
editbox_emit sequence=4 bytes=37 elapsed_us=2547 envelope=@J10000000001000000000409601|I421500;
published_frame=7
published_frame=8
editbox_emit sequence=5 bytes=37 elapsed_us=2026 envelope=@J10000000001000000000553888|I421700;
editbox_receipt monotonic_ns=565657710819624 received=2 consumed=2 revision=6
published_frame=9
published_frame=10
editbox_emit sequence=6 bytes=37 elapsed_us=2380 envelope=@J10000000001000000000632654|I421900;
published_frame=11
editbox_receipt monotonic_ns=565657762835040 received=6 consumed=4 revision=7
published_frame=12
editbox_emit sequence=7 bytes=37 elapsed_us=2235 envelope=@J10000000001000000000711420|I421B00;
published_frame=13
published_frame=14
editbox_emit sequence=8 bytes=37 elapsed_us=2086 envelope=@J10000000001000000000855707|I421D00;
editbox_receipt monotonic_ns=565657807346673 received=7 consumed=7 revision=8
published_frame=15
published_frame=16
editbox_emit sequence=9 bytes=37 elapsed_us=2396 envelope=@J10000000001000000000934473|I421F00;
published_frame=17
published_frame=18
editbox_emit sequence=10 bytes=37 elapsed_us=3533 envelope=@J10000000001000000001041745|I421H00;
event mono_ns=565657876055000 frame=19 held=32 pressed=32 released=0
event mono_ns=565657881141000 frame=19 held=0 pressed=0 released=32
published_frame=19
published_frame=20
editbox_emit sequence=11 bytes=43 elapsed_us=3040 envelope=@J10000000001000000001145108|I421J200W00W0;
editbox_receipt monotonic_ns=565657908413540 received=10 consumed=10 revision=9
published_frame=21
published_frame=22
editbox_emit sequence=12 bytes=37 elapsed_us=2521 envelope=@J10000000001000000001264798|I421L00;
published_frame=23
published_frame=24
editbox_emit sequence=13 bytes=37 elapsed_us=2086 envelope=@J10000000001000000001343564|I421N00;
published_frame=25
published_frame=26
editbox_emit sequence=14 bytes=37 elapsed_us=2800 envelope=@J10000000001000000001422330|I421P00;
editbox_receipt monotonic_ns=565658018519986 received=13 consumed=13 revision=10
published_frame=27
published_frame=28
editbox_emit sequence=15 bytes=37 elapsed_us=1930 envelope=@J10000000001000000001501096|I421R00;
published_frame=29
published_frame=30
editbox_emit sequence=16 bytes=37 elapsed_us=2999 envelope=@J10000000001000000001645383|I421T00;
published_frame=31
published_frame=32
editbox_emit sequence=17 bytes=37 elapsed_us=3110 envelope=@J10000000001000000001724149|I421V00;
editbox_receipt monotonic_ns=565658109172096 received=16 consumed=16 revision=11
published_frame=33
published_frame=34
editbox_emit sequence=18 bytes=38 elapsed_us=1947 envelope=@J10000000001000000001808415|I421X100;
published_frame=35
published_frame=36
editbox_emit sequence=19 bytes=38 elapsed_us=2713 envelope=@J10000000001000000001951403|I421Z100;
published_frame=37
published_frame=38
editbox_emit sequence=20 bytes=38 elapsed_us=2587 envelope=@J10000000001000000002042087|I421b100;
editbox_receipt monotonic_ns=565658208247581 received=19 consumed=19 revision=12
published_frame=39
published_frame=40
editbox_emit sequence=21 bytes=38 elapsed_us=1999 envelope=@J10000000001000000002119554|I421d100;
published_frame=41
published_frame=42
editbox_emit sequence=22 bytes=38 elapsed_us=2520 envelope=@J10000000001000000002262542|I421f100;
published_frame=43
published_frame=44
editbox_emit sequence=23 bytes=38 elapsed_us=1991 envelope=@J10000000001000000002340009|I421h100;
editbox_receipt monotonic_ns=565658317460603 received=22 consumed=22 revision=13
published_frame=45
published_frame=46
editbox_emit sequence=24 bytes=38 elapsed_us=1898 envelope=@J10000000001000000002417476|I421j100;
published_frame=47
published_frame=48
editbox_emit sequence=25 bytes=38 elapsed_us=1974 envelope=@J10000000001000000002560464|I421l100;
published_frame=49
editbox_receipt monotonic_ns=565658402311832 received=25 consumed=25 revision=14
published_frame=50
editbox_emit sequence=26 bytes=38 elapsed_us=2533 envelope=@J10000000001000000002637931|I421n100;
published_frame=51
published_frame=52
editbox_emit sequence=27 bytes=38 elapsed_us=1975 envelope=@J10000000001000000002715398|I421p100;
published_frame=53
published_frame=54
editbox_emit sequence=28 bytes=38 elapsed_us=2046 envelope=@J10000000001000000002858386|I421r100;
published_frame=55
published_frame=56
editbox_emit sequence=29 bytes=38 elapsed_us=2246 envelope=@J10000000001000000002935853|I421t100;
editbox_receipt monotonic_ns=565658508852717 received=28 consumed=28 revision=15
published_frame=57
published_frame=58
editbox_emit sequence=30 bytes=38 elapsed_us=2058 envelope=@J10000000001000000003026537|I421v100;
published_frame=59
published_frame=60
editbox_emit sequence=31 bytes=38 elapsed_us=1969 envelope=@J10000000001000000003104004|I421x100;
published_frame=61
event mono_ns=565658586650000 frame=62 held=256 pressed=256 released=0
published_frame=62
editbox_emit sequence=32 bytes=50 elapsed_us=2836 envelope=@J10000000001000000003223243|I421z10B040040000Fy0;
published_frame=63
published_frame=64
editbox_emit sequence=33 bytes=50 elapsed_us=2793 envelope=@J10000000001000000003329531|I421_19040Fy09040Fy0;
published_frame=65
published_frame=66
editbox_emit sequence=34 bytes=50 elapsed_us=2833 envelope=@J10000000001000000003415000|I421X29040Fy09040Fy0;
editbox_receipt monotonic_ns=565658674195184 received=33 consumed=31 revision=16
published_frame=67
published_frame=68
editbox_emit sequence=35 bytes=50 elapsed_us=2872 envelope=@J10000000001000000003544775|I421Z29040Fy09040Fy0;
published_frame=69
published_frame=70
editbox_emit sequence=36 bytes=50 elapsed_us=2890 envelope=@J10000000001000000003609029|I421b29040Fy09040Fy0;
editbox_receipt monotonic_ns=565658740662963 received=35 consumed=34 revision=17
published_frame=71
published_frame=72
editbox_emit sequence=37 bytes=50 elapsed_us=3048 envelope=@J10000000001000000003738804|I421d29040Fy09040Fy0;
published_frame=73
published_frame=74
editbox_emit sequence=38 bytes=50 elapsed_us=3016 envelope=@J10000000001000000003803058|I421f29040Fy09040Fy0;
published_frame=75
editbox_receipt monotonic_ns=565658819938904 received=37 consumed=37 revision=18
published_frame=76
editbox_emit sequence=39 bytes=50 elapsed_us=3062 envelope=@J10000000001000000003932833|I421h29040Fy09040Fy0;
published_frame=77
published_frame=78
editbox_emit sequence=40 bytes=50 elapsed_us=2559 envelope=@J10000000001000000004052462|I421j29040Fy09040Fy0;
published_frame=79
published_frame=80
editbox_emit sequence=41 bytes=50 elapsed_us=3278 envelope=@J10000000001000000004116716|I421l29040Fy09040Fy0;
published_frame=81
editbox_receipt monotonic_ns=565658929542248 received=40 consumed=40 revision=19
published_frame=82
editbox_emit sequence=42 bytes=50 elapsed_us=2678 envelope=@J10000000001000000004246491|I421n29040Fy09040Fy0;
published_frame=83
published_frame=84
editbox_emit sequence=43 bytes=50 elapsed_us=2775 envelope=@J10000000001000000004310745|I421p29040Fy09040Fy0;
published_frame=85
published_frame=86
editbox_emit sequence=44 bytes=50 elapsed_us=3129 envelope=@J10000000001000000004440520|I421r29040Fy09040Fy0;
editbox_receipt monotonic_ns=565659008257317 received=43 consumed=43 revision=20
published_frame=87
published_frame=88
editbox_emit sequence=45 bytes=50 elapsed_us=2727 envelope=@J10000000001000000004504774|I421t29040Fy09040Fy0;
published_frame=89
published_frame=90
editbox_emit sequence=46 bytes=50 elapsed_us=2906 envelope=@J10000000001000000004634549|I421v29040Fy09040Fy0;
published_frame=91
published_frame=92
editbox_emit sequence=47 bytes=50 elapsed_us=3032 envelope=@J10000000001000000004764324|I421x29040Fy09040Fy0;
controller_disconnected mono_ns=565659115714950 frontier=93 automatic_reconnect=true release_policy=first-unassigned-frame-at-detection
controller_release mono_ns=565659115714950 frame=93
input_armed=false gameplay_armed=false mono_ns=565659115710191
published_frame=93
editbox_receipt monotonic_ns=565659338314736 received=47 consumed=47 revision=23
published_frame=94
published_frame=95
published_frame=96
published_frame=97
published_frame=98
published_frame=99
published_frame=100
published_frame=101
published_frame=102
published_frame=103
published_frame=104
published_frame=105
published_frame=106
editbox_receipt monotonic_ns=565659610259674 received=47 consumed=47 revision=25
editbox_emit sequence=48 bytes=44 elapsed_us=2586 envelope=@J10000000001000000004804323|I421z220000400;
published_frame=107
published_frame=108
published_frame=109
published_frame=110
published_frame=111
published_frame=112
published_frame=113
published_frame=114
published_frame=115
published_frame=116
published_frame=117
published_frame=118
published_frame=119
published_frame=120
published_frame=121
published_frame=122
editbox_receipt monotonic_ns=565660121285814 received=48 consumed=48 revision=31
editbox_emit sequence=49 bytes=38 elapsed_us=2495 envelope=@J10000000001000000004962405|I421_200;
controller_reconnected source=/dev/input/event4 mono_ns=565660396105899 frontier=123 identity=DeviceIdentity { id: InputId { bus_type: BUS_USB, vendor: 0x45e, product: 0x28e, version: 0x114 }, name: Some("Smashcraft Event Retention Virtual Gamepad"), phys: Some("smashcraft-reconnect/native-controller-reconnect-20261005/pad-0"), uniq: None } neutral_rearm=required
published_frame=123
published_frame=124
published_frame=125
published_frame=126
published_frame=127
published_frame=128
published_frame=129
published_frame=130
published_frame=131
published_frame=132
published_frame=133
published_frame=134
published_frame=135
published_frame=136
published_frame=137
published_frame=138
published_frame=139
published_frame=140
published_frame=141
published_frame=142
published_frame=143
published_frame=144
published_frame=145
published_frame=146
published_frame=147
published_frame=148
published_frame=149
published_frame=150
published_frame=151
published_frame=152
published_frame=153
editbox_receipt monotonic_ns=565660396690525 received=49 consumed=49 revision=33
editbox_emit sequence=50 bytes=38 elapsed_us=2750 envelope=@J10000000001000000005045220|I421X300;
published_frame=154
published_frame=155
published_frame=156
published_frame=157
published_frame=158
published_frame=159
published_frame=160
published_frame=161
published_frame=162
published_frame=163
published_frame=164
published_frame=165
published_frame=166
published_frame=167
published_frame=168
published_frame=169
editbox_emit sequence=51 bytes=38 elapsed_us=3262 envelope=@J10000000001000000005122687|I421Z300;
published_frame=170
editbox_emit sequence=52 bytes=38 elapsed_us=2447 envelope=@J10000000001000000005200154|I421b300;
editbox_emit sequence=53 bytes=38 elapsed_us=2448 envelope=@J10000000001000000005343142|I421d300;
editbox_emit sequence=54 bytes=38 elapsed_us=2322 envelope=@J10000000001000000005420609|I421f300;
editbox_emit sequence=55 bytes=38 elapsed_us=2357 envelope=@J10000000001000000005563597|I421h300;
published_frame=171
editbox_emit sequence=56 bytes=38 elapsed_us=2457 envelope=@J10000000001000000005641064|I421j300;
editbox_emit sequence=57 bytes=38 elapsed_us=2371 envelope=@J10000000001000000005718531|I421l300;
editbox_emit sequence=58 bytes=38 elapsed_us=2298 envelope=@J10000000001000000005861519|I421n300;
editbox_emit sequence=59 bytes=38 elapsed_us=2386 envelope=@J10000000001000000005938986|I421p300;
published_frame=172
editbox_emit sequence=60 bytes=38 elapsed_us=2405 envelope=@J10000000001000000006029670|I421r300;
editbox_emit sequence=61 bytes=38 elapsed_us=2976 envelope=@J10000000001000000006107137|I421t300;
editbox_emit sequence=62 bytes=38 elapsed_us=1890 envelope=@J10000000001000000006250125|I421v300;
editbox_emit sequence=63 bytes=38 elapsed_us=2034 envelope=@J10000000001000000006327592|I421x300;
published_frame=173
editbox_emit sequence=64 bytes=38 elapsed_us=2286 envelope=@J10000000001000000006405059|I421z300;
editbox_emit sequence=65 bytes=38 elapsed_us=1993 envelope=@J10000000001000000006548047|I421_300;
published_frame=174
published_frame=175
published_frame=176
published_frame=177
published_frame=178
published_frame=179
published_frame=180
published_frame=181
published_frame=182
editbox_receipt monotonic_ns=565660603211981 received=49 consumed=49 revision=34
published_frame=183
published_frame=184
editbox_emit sequence=50 bytes=38 elapsed_us=1991 envelope=@J10000000001000000005045220|I421X300;
published_frame=185
editbox_receipt monotonic_ns=565660666929335 received=65 consumed=55 revision=35
editbox_emit sequence=66 bytes=38 elapsed_us=2143 envelope=@J10000000001000000006617645|I421X400;
published_frame=186
editbox_emit sequence=67 bytes=38 elapsed_us=1899 envelope=@J10000000001000000006760633|I421Z400;
editbox_emit sequence=68 bytes=38 elapsed_us=1779 envelope=@J10000000001000000006838100|I421b400;
editbox_emit sequence=69 bytes=38 elapsed_us=1709 envelope=@J10000000001000000006915567|I421d400;
editbox_emit sequence=70 bytes=38 elapsed_us=1672 envelope=@J10000000001000000007006251|I421f400;
editbox_emit sequence=71 bytes=38 elapsed_us=1825 envelope=@J10000000001000000007149239|I421h400;
published_frame=187
published_frame=188
published_frame=189
published_frame=190
suppressed mono_ns=565660752941000 reason=focus-pause-or-neutral
suppressed mono_ns=565660752987000 reason=focus-pause-or-neutral
input_armed=true gameplay_armed=true mono_ns=565660753921877
published_frame=191
published_frame=192
editbox_receipt monotonic_ns=565660772127373 received=65 consumed=61 revision=36
editbox_emit sequence=72 bytes=38 elapsed_us=2792 envelope=@J10000000001000000007226706|I421j400;
editbox_emit sequence=73 bytes=38 elapsed_us=2403 envelope=@J10000000001000000007304173|I421l400;
editbox_emit sequence=74 bytes=38 elapsed_us=2330 envelope=@J10000000001000000007447161|I421n400;
editbox_emit sequence=75 bytes=38 elapsed_us=2217 envelope=@J10000000001000000007524628|I421p400;
published_frame=193
editbox_emit sequence=76 bytes=38 elapsed_us=1965 envelope=@J10000000001000000007602095|I421r400;
editbox_emit sequence=77 bytes=38 elapsed_us=2245 envelope=@J10000000001000000007745083|I421t400;
published_frame=194
published_frame=195
published_frame=196
published_frame=197
published_frame=198
published_frame=199
published_frame=200
editbox_emit sequence=66 bytes=38 elapsed_us=2750 envelope=@J10000000001000000006617645|I421X400;
published_frame=201
published_frame=202
published_frame=203
event mono_ns=565660953262000 frame=204 held=32 pressed=32 released=0
event mono_ns=565660958397000 frame=204 held=0 pressed=0 released=32
published_frame=204
published_frame=205
editbox_receipt monotonic_ns=565661000110308 received=77 consumed=67 revision=37
editbox_emit sequence=78 bytes=38 elapsed_us=2290 envelope=@J10000000001000000007822550|I421v400;
published_frame=206
editbox_emit sequence=79 bytes=38 elapsed_us=2178 envelope=@J10000000001000000007900017|I421x400;
editbox_emit sequence=80 bytes=38 elapsed_us=1947 envelope=@J10000000001000000008056222|I421z400;
editbox_emit sequence=81 bytes=38 elapsed_us=1891 envelope=@J10000000001000000008133689|I421_400;
editbox_emit sequence=82 bytes=38 elapsed_us=1938 envelope=@J10000000001000000008203287|I421X500;
editbox_emit sequence=83 bytes=38 elapsed_us=1998 envelope=@J10000000001000000008346275|I421Z500;
published_frame=207
editbox_receipt monotonic_ns=565661031724261 received=77 consumed=73 revision=38
editbox_emit sequence=84 bytes=38 elapsed_us=2137 envelope=@J10000000001000000008423742|I421b500;
editbox_emit sequence=85 bytes=38 elapsed_us=1952 envelope=@J10000000001000000008501209|I421d500;
published_frame=208
editbox_emit sequence=86 bytes=38 elapsed_us=2763 envelope=@J10000000001000000008644197|I421f500;
editbox_emit sequence=87 bytes=38 elapsed_us=1889 envelope=@J10000000001000000008721664|I421h500;
editbox_emit sequence=88 bytes=38 elapsed_us=1685 envelope=@J10000000001000000008864652|I421j500;
editbox_emit sequence=89 bytes=38 elapsed_us=2312 envelope=@J10000000001000000008942119|I421l500;
published_frame=209
editbox_receipt monotonic_ns=565661064714494 received=77 consumed=77 revision=39
editbox_emit sequence=90 bytes=38 elapsed_us=2040 envelope=@J10000000001000000009032803|I421n500;
editbox_emit sequence=91 bytes=38 elapsed_us=1887 envelope=@J10000000001000000009110270|I421p500;
published_frame=210
editbox_emit sequence=92 bytes=38 elapsed_us=1889 envelope=@J10000000001000000009253258|I421r500;
editbox_emit sequence=93 bytes=38 elapsed_us=1802 envelope=@J10000000001000000009330725|I421t500;
published_frame=211
published_frame=212
published_frame=213
published_frame=214
published_frame=215
published_frame=216
published_frame=217
published_frame=218
published_frame=219
published_frame=220
editbox_emit sequence=78 bytes=38 elapsed_us=2506 envelope=@J10000000001000000007822550|I421v400;
published_frame=221
published_frame=222
published_frame=223
published_frame=224
published_frame=225
published_frame=226
editbox_receipt monotonic_ns=565661349486199 received=93 consumed=78 revision=40
editbox_emit sequence=94 bytes=38 elapsed_us=1952 envelope=@J10000000001000000009408192|I421v500;
published_frame=227
published_frame=228
published_frame=229
published_frame=230
editbox_receipt monotonic_ns=565661414865348 received=93 consumed=84 revision=41
editbox_emit sequence=95 bytes=38 elapsed_us=1922 envelope=@J10000000001000000009551180|I421x500;
editbox_emit sequence=96 bytes=38 elapsed_us=2051 envelope=@J10000000001000000009628647|I421z500;
published_frame=231
editbox_emit sequence=97 bytes=38 elapsed_us=2150 envelope=@J10000000001000000009706114|I421_500;
editbox_emit sequence=98 bytes=38 elapsed_us=1880 envelope=@J10000000001000000009841233|I421X600;
editbox_emit sequence=99 bytes=38 elapsed_us=1777 envelope=@J10000000001000000009918700|I421Z600;
editbox_emit sequence=100 bytes=38 elapsed_us=1641 envelope=@J10000000001000000010050801|I421b600;
published_frame=232
editbox_receipt monotonic_ns=565661446869863 received=93 consumed=90 revision=42
editbox_emit sequence=101 bytes=38 elapsed_us=2196 envelope=@J10000000001000000010128268|I421d600;
editbox_emit sequence=102 bytes=38 elapsed_us=1772 envelope=@J10000000001000000010205735|I421f600;
published_frame=233
editbox_emit sequence=103 bytes=44 elapsed_us=2815 envelope=@J10000000001000000010318630|I421h60200W00W;
editbox_emit sequence=104 bytes=38 elapsed_us=1761 envelope=@J10000000001000000010426190|I421j600;
editbox_emit sequence=105 bytes=38 elapsed_us=1776 envelope=@J10000000001000000010503657|I421l600;
editbox_emit sequence=106 bytes=38 elapsed_us=2411 envelope=@J10000000001000000010646645|I421n600;
published_frame=234
editbox_receipt monotonic_ns=565661479135999 received=93 consumed=93 revision=43
editbox_emit sequence=107 bytes=38 elapsed_us=1824 envelope=@J10000000001000000010724112|I421p600;
editbox_emit sequence=108 bytes=38 elapsed_us=1680 envelope=@J10000000001000000010801579|I421r600;
editbox_emit sequence=109 bytes=38 elapsed_us=2398 envelope=@J10000000001000000010944567|I421t600;
published_frame=235
published_frame=236
published_frame=237
published_frame=238
published_frame=239
published_frame=240
published_frame=241
editbox_emit sequence=94 bytes=38 elapsed_us=2205 envelope=@J10000000001000000009408192|I421v500;
published_frame=242
published_frame=243
published_frame=244
published_frame=245
event mono_ns=565661658611000 frame=246 held=1 pressed=1 released=0
published_frame=246
published_frame=247
published_frame=248
published_frame=249
published_frame=250
published_frame=251
published_frame=252
editbox_receipt monotonic_ns=565661772150651 received=109 consumed=95 revision=44
editbox_emit sequence=110 bytes=38 elapsed_us=1922 envelope=@J10000000001000000011035251|I421v600;
editbox_emit sequence=111 bytes=38 elapsed_us=2010 envelope=@J10000000001000000011112718|I421x600;
published_frame=253
published_frame=254
published_frame=255
editbox_receipt monotonic_ns=565661835345036 received=109 consumed=100 revision=45
editbox_emit sequence=112 bytes=38 elapsed_us=2390 envelope=@J10000000001000000011255706|I421z600;
published_frame=256
editbox_emit sequence=113 bytes=38 elapsed_us=2493 envelope=@J10000000001000000011333173|I421_600;
editbox_emit sequence=114 bytes=38 elapsed_us=2192 envelope=@J10000000001000000011402771|I421X700;
editbox_emit sequence=115 bytes=38 elapsed_us=2211 envelope=@J10000000001000000011545759|I421Z700;
editbox_emit sequence=116 bytes=38 elapsed_us=2212 envelope=@J10000000001000000011623226|I421b700;
published_frame=257
published_frame=258
published_frame=259
published_frame=260
published_frame=261
editbox_receipt monotonic_ns=565661933233536 received=109 consumed=106 revision=46
editbox_emit sequence=117 bytes=38 elapsed_us=1987 envelope=@J10000000001000000011700693|I421d700;
published_frame=262
editbox_emit sequence=118 bytes=38 elapsed_us=2003 envelope=@J10000000001000000011843681|I421f700;
editbox_emit sequence=119 bytes=38 elapsed_us=1949 envelope=@J10000000001000000011921148|I421h700;
editbox_emit sequence=120 bytes=38 elapsed_us=2516 envelope=@J10000000001000000012011832|I421j700;
editbox_emit sequence=121 bytes=38 elapsed_us=2260 envelope=@J10000000001000000012154820|I421l700;
editbox_emit sequence=122 bytes=38 elapsed_us=1960 envelope=@J10000000001000000012232287|I421n700;
published_frame=263
published_frame=264
editbox_receipt monotonic_ns=565661975650895 received=109 consumed=109 revision=47
editbox_emit sequence=123 bytes=38 elapsed_us=2274 envelope=@J10000000001000000012309754|I421p700;
editbox_emit sequence=124 bytes=55 elapsed_us=3014 envelope=@J10000000001000000012452411|I421r70t001001000Fm31H03_;
editbox_emit sequence=125 bytes=50 elapsed_us=4309 envelope=@J10000000001000000012504287|I421t75001Fm35001Fm3;
published_frame=265
published_frame=266
published_frame=267
editbox_emit sequence=110 bytes=38 elapsed_us=2011 envelope=@J10000000001000000011035251|I421v600;
published_frame=268
published_frame=269
published_frame=270
published_frame=271
published_frame=272
published_frame=273
published_frame=274
published_frame=275
published_frame=276
published_frame=277
published_frame=278
published_frame=279
published_frame=280
published_frame=281
published_frame=282
published_frame=283
editbox_receipt monotonic_ns=565662297723521 received=125 consumed=109 revision=48
published_frame=284
published_frame=285
published_frame=286
published_frame=287
published_frame=288
published_frame=289
editbox_receipt monotonic_ns=565662396931424 received=125 consumed=114 revision=49
editbox_emit sequence=126 bytes=50 elapsed_us=3569 envelope=@J10000000001000000012634062|I421v75001Fm35001Fm3;
editbox_emit sequence=127 bytes=50 elapsed_us=3563 envelope=@J10000000001000000012763837|I421x75001Fm35001Fm3;
published_frame=290
editbox_emit sequence=128 bytes=50 elapsed_us=3274 envelope=@J10000000001000000012828091|I421z75001Fm35001Fm3;
editbox_emit sequence=129 bytes=50 elapsed_us=3023 envelope=@J10000000001000000012957866|I421_75001Fm35001Fm3;
editbox_emit sequence=130 bytes=50 elapsed_us=2981 envelope=@J10000000001000000013033189|I421X85001Fm35001Fm3;
published_frame=291
editbox_receipt monotonic_ns=565662433575805 received=125 consumed=120 revision=50
editbox_emit sequence=131 bytes=50 elapsed_us=2798 envelope=@J10000000001000000013162964|I421Z85001Fm35001Fm3;
published_frame=292
editbox_emit sequence=132 bytes=50 elapsed_us=3110 envelope=@J10000000001000000013227218|I421b85001Fm35001Fm3;
editbox_emit sequence=133 bytes=50 elapsed_us=2417 envelope=@J10000000001000000013356993|I421d85001Fm35001Fm3;
editbox_emit sequence=134 bytes=50 elapsed_us=2484 envelope=@J10000000001000000013421247|I421f85001Fm35001Fm3;
editbox_emit sequence=135 bytes=50 elapsed_us=2485 envelope=@J10000000001000000013551022|I421h85001Fm35001Fm3;
published_frame=293
editbox_emit sequence=136 bytes=50 elapsed_us=3019 envelope=@J10000000001000000013615276|I421j85001Fm35001Fm3;
published_frame=294
editbox_receipt monotonic_ns=565662480422384 received=125 consumed=125 revision=51
editbox_emit sequence=137 bytes=50 elapsed_us=3286 envelope=@J10000000001000000013745051|I421l85001Fm35001Fm3;
editbox_emit sequence=138 bytes=50 elapsed_us=3757 envelope=@J10000000001000000013809305|I421n85001Fm35001Fm3;
published_frame=295
editbox_emit sequence=139 bytes=50 elapsed_us=3334 envelope=@J10000000001000000013939080|I421p85001Fm35001Fm3;
editbox_emit sequence=140 bytes=50 elapsed_us=3125 envelope=@J10000000001000000014058709|I421r85001Fm35001Fm3;
editbox_emit sequence=141 bytes=50 elapsed_us=3355 envelope=@J10000000001000000014122963|I421t85001Fm35001Fm3;
published_frame=296
editbox_receipt monotonic_ns=565662516017428 received=125 consumed=125 revision=52
published_frame=297
published_frame=298
published_frame=299
published_frame=300
published_frame=301
published_frame=302
published_frame=303
published_frame=304
editbox_emit sequence=126 bytes=50 elapsed_us=3561 envelope=@J10000000001000000012634062|I421v75001Fm35001Fm3;
published_frame=305
published_frame=306
published_frame=307
published_frame=308
published_frame=309
published_frame=310
published_frame=311
published_frame=312
published_frame=313
published_frame=314
published_frame=315
published_frame=316
published_frame=317
published_frame=318
published_frame=319
published_frame=320
published_frame=321
published_frame=322
published_frame=323
published_frame=324
editbox_receipt monotonic_ns=565662972409025 received=141 consumed=125 revision=53
published_frame=325
published_frame=326
published_frame=327
published_frame=328
editbox_receipt monotonic_ns=565663036682772 received=141 consumed=128 revision=54
editbox_emit sequence=142 bytes=50 elapsed_us=2985 envelope=@J10000000001000000014252738|I421v85001Fm35001Fm3;
editbox_emit sequence=143 bytes=50 elapsed_us=2583 envelope=@J10000000001000000014316992|I421x85001Fm35001Fm3;
editbox_emit sequence=144 bytes=50 elapsed_us=2322 envelope=@J10000000001000000014446767|I421z85001Fm35001Fm3;
published_frame=329
published_frame=330
editbox_receipt monotonic_ns=565663080714386 received=141 consumed=134 revision=55
editbox_emit sequence=145 bytes=50 elapsed_us=2734 envelope=@J10000000001000000014511021|I421_85001Fm35001Fm3;
editbox_emit sequence=146 bytes=50 elapsed_us=2698 envelope=@J10000000001000000014662011|I421X95001Fm35001Fm3;
published_frame=331
editbox_emit sequence=147 bytes=50 elapsed_us=3309 envelope=@J10000000001000000014726265|I421Z95001Fm35001Fm3;
editbox_emit sequence=148 bytes=50 elapsed_us=2428 envelope=@J10000000001000000014856040|I421b95001Fm35001Fm3;
editbox_emit sequence=149 bytes=50 elapsed_us=2494 envelope=@J10000000001000000014920294|I421d95001Fm35001Fm3;
editbox_emit sequence=150 bytes=50 elapsed_us=3254 envelope=@J10000000001000000015039923|I421f95001Fm35001Fm3;
published_frame=332
published_frame=333
published_frame=334
published_frame=335
published_frame=336
editbox_receipt monotonic_ns=565663180912525 received=141 consumed=140 revision=56
editbox_emit sequence=151 bytes=50 elapsed_us=2455 envelope=@J10000000001000000015104177|I421h95001Fm35001Fm3;
editbox_emit sequence=152 bytes=50 elapsed_us=2675 envelope=@J10000000001000000015233952|I421j95001Fm35001Fm3;
published_frame=337
editbox_emit sequence=153 bytes=50 elapsed_us=2594 envelope=@J10000000001000000015363727|I421l95001Fm35001Fm3;
editbox_emit sequence=154 bytes=50 elapsed_us=2738 envelope=@J10000000001000000015427981|I421n95001Fm35001Fm3;
editbox_emit sequence=155 bytes=50 elapsed_us=2419 envelope=@J10000000001000000015557756|I421p95001Fm35001Fm3;
editbox_emit sequence=156 bytes=50 elapsed_us=3455 envelope=@J10000000001000000015622010|I421r95001Fm35001Fm3;
published_frame=338
editbox_receipt monotonic_ns=565663217385825 received=141 consumed=141 revision=57
editbox_emit sequence=157 bytes=50 elapsed_us=3293 envelope=@J10000000001000000015751785|I421t95001Fm35001Fm3;
published_frame=339
published_frame=340
editbox_receipt monotonic_ns=565663248376761 received=141 consumed=141 revision=58
published_frame=341
editbox_receipt monotonic_ns=565663268902626 received=141 consumed=141 revision=59
published_frame=342
published_frame=343
editbox_emit sequence=142 bytes=50 elapsed_us=3376 envelope=@J10000000001000000014252738|I421v85001Fm35001Fm3;
published_frame=344
published_frame=345
published_frame=346
published_frame=347
published_frame=348
published_frame=349
published_frame=350
published_frame=351
published_frame=352
published_frame=353
published_frame=354
published_frame=355
published_frame=356
published_frame=357
published_frame=358
published_frame=359
published_frame=360
published_frame=361
published_frame=362
published_frame=363
published_frame=364
published_frame=365
published_frame=366
published_frame=367
published_frame=368
published_frame=369
editbox_receipt monotonic_ns=565663725169859 received=157 consumed=141 revision=60
published_frame=370
published_frame=371
published_frame=372
published_frame=373
editbox_receipt monotonic_ns=565663800310671 received=157 consumed=146 revision=61
editbox_emit sequence=158 bytes=50 elapsed_us=2696 envelope=@J10000000001000000015816039|I421v95001Fm35001Fm3;
published_frame=374
editbox_emit sequence=159 bytes=50 elapsed_us=3315 envelope=@J10000000001000000015945814|I421x95001Fm35001Fm3;
editbox_emit sequence=160 bytes=50 elapsed_us=2799 envelope=@J10000000001000000016065443|I421z95001Fm35001Fm3;
editbox_emit sequence=161 bytes=50 elapsed_us=2918 envelope=@J10000000001000000016129697|I421_95001Fm35001Fm3;
editbox_emit sequence=162 bytes=50 elapsed_us=3214 envelope=@J10000000001000000016215166|I421XA5001Fm35001Fm3;
published_frame=375
published_frame=376
editbox_receipt monotonic_ns=565663846122521 received=157 consumed=152 revision=62
editbox_emit sequence=163 bytes=50 elapsed_us=2629 envelope=@J10000000001000000016344941|I421ZA5001Fm35001Fm3;
editbox_emit sequence=164 bytes=50 elapsed_us=2744 envelope=@J10000000001000000016409195|I421bA5001Fm35001Fm3;
published_frame=377
editbox_emit sequence=165 bytes=50 elapsed_us=3681 envelope=@J10000000001000000016538970|I421dA5001Fm35001Fm3;
editbox_emit sequence=166 bytes=50 elapsed_us=2669 envelope=@J10000000001000000016603224|I421fA5001Fm35001Fm3;
editbox_emit sequence=167 bytes=50 elapsed_us=4570 envelope=@J10000000001000000016732999|I421hA5001Fm35001Fm3;
published_frame=378
editbox_emit sequence=168 bytes=50 elapsed_us=3808 envelope=@J10000000001000000016862774|I421jA5001Fm35001Fm3;
editbox_receipt monotonic_ns=565663881425849 received=157 consumed=157 revision=63
editbox_emit sequence=169 bytes=50 elapsed_us=3203 envelope=@J10000000001000000016927028|I421lA5001Fm35001Fm3;
published_frame=379
editbox_emit sequence=170 bytes=50 elapsed_us=2720 envelope=@J10000000001000000017046657|I421nA5001Fm35001Fm3;
editbox_emit sequence=171 bytes=50 elapsed_us=2766 envelope=@J10000000001000000017110911|I421pA5001Fm35001Fm3;
editbox_emit sequence=172 bytes=50 elapsed_us=6250 envelope=@J10000000001000000017240686|I421rA5001Fm35001Fm3;
editbox_emit sequence=173 bytes=50 elapsed_us=2699 envelope=@J10000000001000000017304940|I421tA5001Fm35001Fm3;
published_frame=380
editbox_receipt monotonic_ns=565663906469370 received=157 consumed=157 revision=64
published_frame=381
published_frame=382
editbox_receipt monotonic_ns=565663938692265 received=157 consumed=157 revision=65
published_frame=383
published_frame=384
published_frame=385
published_frame=386
published_frame=387
editbox_receipt monotonic_ns=565664035717918 received=157 consumed=157 revision=66
published_frame=388
editbox_emit sequence=158 bytes=50 elapsed_us=3069 envelope=@J10000000001000000015816039|I421v95001Fm35001Fm3;
published_frame=389
published_frame=390
published_frame=391
published_frame=392
published_frame=393
published_frame=394
published_frame=395
published_frame=396
published_frame=397
published_frame=398
published_frame=399
published_frame=400
published_frame=401
published_frame=402
published_frame=403
published_frame=404
published_frame=405
published_frame=406
published_frame=407
published_frame=408
published_frame=409
published_frame=410
published_frame=411
published_frame=412
published_frame=413
published_frame=414
published_frame=415
published_frame=416
editbox_receipt monotonic_ns=565664504282978 received=173 consumed=157 revision=67
published_frame=417
published_frame=418
published_frame=419
published_frame=420
published_frame=421
editbox_receipt monotonic_ns=565664590495228 received=173 consumed=161 revision=68
editbox_emit sequence=174 bytes=50 elapsed_us=3360 envelope=@J10000000001000000017434715|I421vA5001Fm35001Fm3;
editbox_emit sequence=175 bytes=50 elapsed_us=3186 envelope=@J10000000001000000017564490|I421xA5001Fm35001Fm3;
editbox_emit sequence=176 bytes=50 elapsed_us=3068 envelope=@J10000000001000000017628744|I421zA5001Fm35001Fm3;
published_frame=422
editbox_emit sequence=177 bytes=50 elapsed_us=3823 envelope=@J10000000001000000017758519|I421_A5001Fm35001Fm3;
published_frame=423
editbox_receipt monotonic_ns=565664626802807 received=173 consumed=167 revision=69
editbox_emit sequence=178 bytes=50 elapsed_us=3136 envelope=@J10000000001000000017843988|I421XB5001Fm35001Fm3;
editbox_emit sequence=179 bytes=50 elapsed_us=3020 envelope=@J10000000001000000017908242|I421ZB5001Fm35001Fm3;
editbox_emit sequence=180 bytes=50 elapsed_us=3503 envelope=@J10000000001000000018027871|I421bB5001Fm35001Fm3;
published_frame=424
editbox_emit sequence=181 bytes=50 elapsed_us=2491 envelope=@J10000000001000000018157646|I421dB5001Fm35001Fm3;
editbox_emit sequence=182 bytes=50 elapsed_us=2818 envelope=@J10000000001000000018221900|I421fB5001Fm35001Fm3;
editbox_emit sequence=183 bytes=50 elapsed_us=2995 envelope=@J10000000001000000018351675|I421hB5001Fm35001Fm3;
published_frame=425
editbox_receipt monotonic_ns=565664665319987 received=173 consumed=173 revision=70
editbox_emit sequence=184 bytes=50 elapsed_us=3452 envelope=@J10000000001000000018415929|I421jB5001Fm35001Fm3;
published_frame=426
editbox_emit sequence=185 bytes=50 elapsed_us=3061 envelope=@J10000000001000000018545704|I421lB5001Fm35001Fm3;
editbox_emit sequence=186 bytes=50 elapsed_us=2443 envelope=@J10000000001000000018609958|I421nB5001Fm35001Fm3;
editbox_emit sequence=187 bytes=50 elapsed_us=2348 envelope=@J10000000001000000018739733|I421pB5001Fm35001Fm3;
editbox_emit sequence=188 bytes=50 elapsed_us=2416 envelope=@J10000000001000000018803987|I421rB5001Fm35001Fm3;
published_frame=427
editbox_emit sequence=189 bytes=50 elapsed_us=2641 envelope=@J10000000001000000018933762|I421tB5001Fm35001Fm3;
editbox_receipt monotonic_ns=565664701677611 received=173 consumed=173 revision=71
published_frame=428
published_frame=429
editbox_receipt monotonic_ns=565664723130743 received=173 consumed=173 revision=72
published_frame=430
published_frame=431
editbox_receipt monotonic_ns=565664754447690 received=173 consumed=173 revision=73
published_frame=432
editbox_receipt monotonic_ns=565664776269895 received=173 consumed=173 revision=74
published_frame=433
published_frame=434
published_frame=435
published_frame=436
editbox_emit sequence=174 bytes=50 elapsed_us=3162 envelope=@J10000000001000000017434715|I421vA5001Fm35001Fm3;
published_frame=437
published_frame=438
published_frame=439
published_frame=440
published_frame=441
published_frame=442
published_frame=443
published_frame=444
published_frame=445
published_frame=446
published_frame=447
published_frame=448
published_frame=449
published_frame=450
published_frame=451
published_frame=452
published_frame=453
published_frame=454
published_frame=455
published_frame=456
published_frame=457
published_frame=458
published_frame=459
published_frame=460
editbox_receipt monotonic_ns=565665246964204 received=189 consumed=173 revision=75
published_frame=461
published_frame=462
published_frame=463
published_frame=464
published_frame=465
published_frame=466
published_frame=467
published_frame=468
published_frame=469
editbox_receipt monotonic_ns=565665399205090 received=189 consumed=177 revision=76
editbox_emit sequence=190 bytes=50 elapsed_us=3452 envelope=@J10000000001000000019053391|I421vB5001Fm35001Fm3;
published_frame=470
editbox_emit sequence=191 bytes=50 elapsed_us=3976 envelope=@J10000000001000000019117645|I421xB5001Fm35001Fm3;
editbox_emit sequence=192 bytes=50 elapsed_us=3564 envelope=@J10000000001000000019247420|I421zB5001Fm35001Fm3;
editbox_emit sequence=193 bytes=50 elapsed_us=3485 envelope=@J10000000001000000019311674|I421_B5001Fm35001Fm3;
published_frame=471
editbox_receipt monotonic_ns=565665431645843 received=189 consumed=183 revision=77
editbox_emit sequence=194 bytes=50 elapsed_us=3397 envelope=@J10000000001000000019462664|I421XC5001Fm35001Fm3;
published_frame=472
editbox_emit sequence=195 bytes=50 elapsed_us=3007 envelope=@J10000000001000000019526918|I421ZC5001Fm35001Fm3;
editbox_emit sequence=196 bytes=50 elapsed_us=2468 envelope=@J10000000001000000019656693|I421bC5001Fm35001Fm3;
editbox_emit sequence=197 bytes=50 elapsed_us=2408 envelope=@J10000000001000000019720947|I421dC5001Fm35001Fm3;
editbox_emit sequence=198 bytes=50 elapsed_us=2675 envelope=@J10000000001000000019850722|I421fC5001Fm35001Fm3;
published_frame=473
editbox_emit sequence=199 bytes=50 elapsed_us=2613 envelope=@J10000000001000000019914976|I421hC5001Fm35001Fm3;
editbox_receipt monotonic_ns=565665467576787 received=189 consumed=189 revision=78
editbox_emit sequence=200 bytes=50 elapsed_us=3189 envelope=@J10000000001000000020043278|I421jC5001Fm35001Fm3;
published_frame=474
editbox_emit sequence=201 bytes=50 elapsed_us=2996 envelope=@J10000000001000000020107532|I421lC5001Fm35001Fm3;
editbox_emit sequence=202 bytes=50 elapsed_us=2996 envelope=@J10000000001000000020237307|I421nC5001Fm35001Fm3;
editbox_emit sequence=203 bytes=50 elapsed_us=2939 envelope=@J10000000001000000020301561|I421pC5001Fm35001Fm3;
editbox_emit sequence=204 bytes=50 elapsed_us=2721 envelope=@J10000000001000000020431336|I421rC5001Fm35001Fm3;
published_frame=475
editbox_emit sequence=205 bytes=50 elapsed_us=2492 envelope=@J10000000001000000020561111|I421tC5001Fm35001Fm3;
editbox_receipt monotonic_ns=565665494163339 received=189 consumed=189 revision=79
published_frame=476
editbox_receipt monotonic_ns=565665514820971 received=189 consumed=189 revision=80
published_frame=477
published_frame=478
editbox_receipt monotonic_ns=565665546990707 received=189 consumed=189 revision=81
published_frame=479
published_frame=480
published_frame=481
published_frame=482
published_frame=483
published_frame=484
editbox_emit sequence=190 bytes=50 elapsed_us=2794 envelope=@J10000000001000000019053391|I421vB5001Fm35001Fm3;
published_frame=485
published_frame=486
published_frame=487
published_frame=488
published_frame=489
published_frame=490
published_frame=491
published_frame=492
published_frame=493
published_frame=494
published_frame=495
published_frame=496
published_frame=497
published_frame=498
published_frame=499
published_frame=500
published_frame=501
published_frame=502
editbox_receipt monotonic_ns=565665949734158 received=189 consumed=189 revision=82
editbox_emit sequence=190 bytes=50 elapsed_us=4488 envelope=@J10000000001000000019053391|I421vB5001Fm35001Fm3;
published_frame=503
published_frame=504
published_frame=505
published_frame=506
published_frame=507
published_frame=508
editbox_receipt monotonic_ns=565666036200604 received=205 consumed=190 revision=83
editbox_emit sequence=206 bytes=50 elapsed_us=3228 envelope=@J10000000001000000020625365|I421vC5001Fm35001Fm3;
published_frame=509
published_frame=510
published_frame=511
editbox_receipt monotonic_ns=565666089579024 received=205 consumed=196 revision=84
editbox_emit sequence=207 bytes=50 elapsed_us=3459 envelope=@J10000000001000000020755140|I421xC5001Fm35001Fm3;
editbox_emit sequence=208 bytes=50 elapsed_us=3179 envelope=@J10000000001000000020819394|I421zC5001Fm35001Fm3;
editbox_emit sequence=209 bytes=50 elapsed_us=3473 envelope=@J10000000001000000020949169|I421_C5001Fm35001Fm3;
published_frame=512
editbox_emit sequence=210 bytes=50 elapsed_us=3381 envelope=@J10000000001000000021024492|I421XD5001Fm35001Fm3;
editbox_emit sequence=211 bytes=50 elapsed_us=3168 envelope=@J10000000001000000021154267|I421ZD5001Fm35001Fm3;
editbox_emit sequence=212 bytes=50 elapsed_us=3387 envelope=@J10000000001000000021218521|I421bD5001Fm35001Fm3;
published_frame=513
editbox_receipt monotonic_ns=565666129443780 received=205 consumed=202 revision=85
editbox_emit sequence=213 bytes=50 elapsed_us=3488 envelope=@J10000000001000000021348296|I421dD5001Fm35001Fm3;
editbox_emit sequence=214 bytes=50 elapsed_us=3093 envelope=@J10000000001000000021412550|I421fD5001Fm35001Fm3;
published_frame=514
editbox_emit sequence=215 bytes=50 elapsed_us=2612 envelope=@J10000000001000000021542325|I421hD5001Fm35001Fm3;
editbox_emit sequence=216 bytes=50 elapsed_us=2585 envelope=@J10000000001000000021606579|I421jD5001Fm35001Fm3;
editbox_emit sequence=217 bytes=50 elapsed_us=2624 envelope=@J10000000001000000021736354|I421lD5001Fm35001Fm3;
editbox_emit sequence=218 bytes=50 elapsed_us=3300 envelope=@J10000000001000000021800608|I421nD5001Fm35001Fm3;
published_frame=515
published_frame=516
published_frame=517
published_frame=518
published_frame=519
editbox_receipt monotonic_ns=565666231662204 received=205 consumed=205 revision=86
editbox_emit sequence=219 bytes=50 elapsed_us=3777 envelope=@J10000000001000000021930383|I421pD5001Fm35001Fm3;
published_frame=520
editbox_emit sequence=220 bytes=50 elapsed_us=2560 envelope=@J10000000001000000022050012|I421rD5001Fm35001Fm3;
editbox_emit sequence=221 bytes=50 elapsed_us=2421 envelope=@J10000000001000000022114266|I421tD5001Fm35001Fm3;
published_frame=521
editbox_receipt monotonic_ns=565666255672058 received=205 consumed=205 revision=87
published_frame=522
editbox_receipt monotonic_ns=565666276220335 received=205 consumed=205 revision=88
published_frame=523
editbox_emit sequence=206 bytes=50 elapsed_us=2680 envelope=@J10000000001000000020625365|I421vC5001Fm35001Fm3;
published_frame=524
editbox_receipt monotonic_ns=565666308017062 received=205 consumed=205 revision=89
published_frame=525
published_frame=526
published_frame=527
published_frame=528
published_frame=529
published_frame=530
published_frame=531
published_frame=532
published_frame=533
published_frame=534
published_frame=535
published_frame=536
published_frame=537
published_frame=538
editbox_emit sequence=206 bytes=50 elapsed_us=3626 envelope=@J10000000001000000020625365|I421vC5001Fm35001Fm3;
published_frame=539
published_frame=540
published_frame=541
published_frame=542
published_frame=543
published_frame=544
published_frame=545
published_frame=546
published_frame=547
published_frame=548
published_frame=549
published_frame=550
published_frame=551
published_frame=552
published_frame=553
published_frame=554
published_frame=555
published_frame=556
editbox_receipt monotonic_ns=565666840049257 received=221 consumed=205 revision=90
published_frame=557
published_frame=558
published_frame=559
published_frame=560
editbox_receipt monotonic_ns=565666914903382 received=221 consumed=210 revision=91
editbox_emit sequence=222 bytes=50 elapsed_us=3226 envelope=@J10000000001000000022244041|I421vD5001Fm35001Fm3;
published_frame=561
editbox_emit sequence=223 bytes=50 elapsed_us=3323 envelope=@J10000000001000000022308295|I421xD5001Fm35001Fm3;
editbox_emit sequence=224 bytes=50 elapsed_us=3048 envelope=@J10000000001000000022438070|I421zD5001Fm35001Fm3;
editbox_emit sequence=225 bytes=50 elapsed_us=3624 envelope=@J10000000001000000022502324|I421_D5001Fm35001Fm3;
editbox_emit sequence=226 bytes=50 elapsed_us=3429 envelope=@J10000000001000000022653314|I421XE5001Fm35001Fm3;
published_frame=562
editbox_receipt monotonic_ns=565666949449090 received=221 consumed=216 revision=92
editbox_emit sequence=227 bytes=50 elapsed_us=3264 envelope=@J10000000001000000022717568|I421ZE5001Fm35001Fm3;
published_frame=563
editbox_emit sequence=228 bytes=50 elapsed_us=2439 envelope=@J10000000001000000022847343|I421bE5001Fm35001Fm3;
editbox_emit sequence=229 bytes=50 elapsed_us=2348 envelope=@J10000000001000000022911597|I421dE5001Fm35001Fm3;
editbox_emit sequence=230 bytes=50 elapsed_us=2752 envelope=@J10000000001000000023031226|I421fE5001Fm35001Fm3;
editbox_emit sequence=231 bytes=50 elapsed_us=2525 envelope=@J10000000001000000023161001|I421hE5001Fm35001Fm3;
published_frame=564
editbox_emit sequence=232 bytes=50 elapsed_us=2969 envelope=@J10000000001000000023225255|I421jE5001Fm35001Fm3;
editbox_receipt monotonic_ns=565666985080562 received=221 consumed=221 revision=93
editbox_emit sequence=233 bytes=50 elapsed_us=3154 envelope=@J10000000001000000023355030|I421lE5001Fm35001Fm3;
published_frame=565
editbox_emit sequence=234 bytes=50 elapsed_us=2885 envelope=@J10000000001000000023419284|I421nE5001Fm35001Fm3;
editbox_emit sequence=235 bytes=50 elapsed_us=2809 envelope=@J10000000001000000023549059|I421pE5001Fm35001Fm3;
editbox_emit sequence=236 bytes=50 elapsed_us=2807 envelope=@J10000000001000000023613313|I421rE5001Fm35001Fm3;
editbox_emit sequence=237 bytes=50 elapsed_us=3128 envelope=@J10000000001000000023743088|I421tE5001Fm35001Fm3;
published_frame=566
editbox_receipt monotonic_ns=565667008469382 received=221 consumed=221 revision=94
published_frame=567
published_frame=568
editbox_receipt monotonic_ns=565667040326001 received=221 consumed=221 revision=95
published_frame=569
published_frame=570
published_frame=571
published_frame=572
published_frame=573
editbox_receipt monotonic_ns=565667134929455 received=221 consumed=221 revision=96
published_frame=574
published_frame=575
editbox_receipt monotonic_ns=565667155807390 received=221 consumed=221 revision=97
editbox_emit sequence=222 bytes=50 elapsed_us=2653 envelope=@J10000000001000000022244041|I421vD5001Fm35001Fm3;
published_frame=576
published_frame=577
published_frame=578
published_frame=579
published_frame=580
published_frame=581
published_frame=582
published_frame=583
published_frame=584
published_frame=585
published_frame=586
published_frame=587
published_frame=588
published_frame=589
published_frame=590
published_frame=591
published_frame=592
published_frame=593
published_frame=594
published_frame=595
published_frame=596
published_frame=597
published_frame=598
published_frame=599
published_frame=600
published_frame=601
editbox_receipt monotonic_ns=565667590580224 received=237 consumed=221 revision=98
published_frame=602
published_frame=603
published_frame=604
published_frame=605
editbox_receipt monotonic_ns=565667663403724 received=237 consumed=225 revision=99
editbox_emit sequence=238 bytes=50 elapsed_us=2872 envelope=@J10000000001000000023807342|I421vE5001Fm35001Fm3;
editbox_emit sequence=239 bytes=50 elapsed_us=2751 envelope=@J10000000001000000023937117|I421xE5001Fm35001Fm3;
published_frame=606
editbox_emit sequence=240 bytes=50 elapsed_us=2527 envelope=@J10000000001000000024056746|I421zE5001Fm35001Fm3;
editbox_emit sequence=241 bytes=50 elapsed_us=2537 envelope=@J10000000001000000024121000|I421_E5001Fm35001Fm3;
published_frame=607
published_frame=608
editbox_receipt monotonic_ns=565667707326614 received=237 consumed=231 revision=100
editbox_emit sequence=242 bytes=50 elapsed_us=2580 envelope=@J10000000001000000024206469|I421XF5001Fm35001Fm3;
editbox_emit sequence=243 bytes=50 elapsed_us=2305 envelope=@J10000000001000000024336244|I421ZF5001Fm35001Fm3;
editbox_emit sequence=244 bytes=50 elapsed_us=2215 envelope=@J10000000001000000024400498|I421bF5001Fm35001Fm3;
editbox_emit sequence=245 bytes=50 elapsed_us=2595 envelope=@J10000000001000000024530273|I421dF5001Fm35001Fm3;
published_frame=609
editbox_emit sequence=246 bytes=50 elapsed_us=2634 envelope=@J10000000001000000024660048|I421fF5001Fm35001Fm3;
editbox_emit sequence=247 bytes=50 elapsed_us=2481 envelope=@J10000000001000000024724302|I421hF5001Fm35001Fm3;
published_frame=610
editbox_receipt monotonic_ns=565667740659609 received=237 consumed=237 revision=101
editbox_emit sequence=248 bytes=50 elapsed_us=2389 envelope=@J10000000001000000024854077|I421jF5001Fm35001Fm3;
editbox_emit sequence=249 bytes=50 elapsed_us=2424 envelope=@J10000000001000000024918331|I421lF5001Fm35001Fm3;
editbox_emit sequence=250 bytes=50 elapsed_us=2447 envelope=@J10000000001000000025037960|I421nF5001Fm35001Fm3;
editbox_emit sequence=251 bytes=50 elapsed_us=2521 envelope=@J10000000001000000025102214|I421pF5001Fm35001Fm3;
published_frame=611
editbox_emit sequence=252 bytes=50 elapsed_us=2571 envelope=@J10000000001000000025231989|I421rF5001Fm35001Fm3;
editbox_emit sequence=253 bytes=50 elapsed_us=2586 envelope=@J10000000001000000025361764|I421tF5001Fm35001Fm3;
editbox_receipt monotonic_ns=565667764073126 received=237 consumed=237 revision=102
published_frame=612
published_frame=613
editbox_receipt monotonic_ns=565667796372955 received=237 consumed=237 revision=103
published_frame=614
editbox_receipt monotonic_ns=565667818549553 received=237 consumed=237 revision=104
published_frame=615
published_frame=616
editbox_receipt monotonic_ns=565667850686668 received=237 consumed=237 revision=105
published_frame=617
published_frame=618
published_frame=619
published_frame=620
editbox_emit sequence=238 bytes=50 elapsed_us=2869 envelope=@J10000000001000000023807342|I421vE5001Fm35001Fm3;
published_frame=621
published_frame=622
published_frame=623
published_frame=624
published_frame=625
published_frame=626
published_frame=627
published_frame=628
published_frame=629
published_frame=630
published_frame=631
published_frame=632
published_frame=633
published_frame=634
published_frame=635
published_frame=636
published_frame=637
published_frame=638
published_frame=639
published_frame=640
published_frame=641
published_frame=642
published_frame=643
published_frame=644
published_frame=645
published_frame=646
editbox_receipt monotonic_ns=565668340646481 received=253 consumed=237 revision=106
published_frame=647
published_frame=648
published_frame=649
published_frame=650
editbox_receipt monotonic_ns=565668417653590 received=253 consumed=241 revision=107
editbox_emit sequence=254 bytes=50 elapsed_us=2868 envelope=@J10000000001000000025426018|I421vF5001Fm35001Fm3;
published_frame=651
editbox_emit sequence=255 bytes=50 elapsed_us=2692 envelope=@J10000000001000000025555793|I421xF5001Fm35001Fm3;
editbox_emit sequence=256 bytes=50 elapsed_us=2986 envelope=@J10000000001000000025620047|I421zF5001Fm35001Fm3;
editbox_emit sequence=257 bytes=50 elapsed_us=2875 envelope=@J10000000001000000025749822|I421_F5001Fm35001Fm3;
published_frame=652
published_frame=653
editbox_receipt monotonic_ns=565668452913837 received=253 consumed=247 revision=108
editbox_emit sequence=258 bytes=50 elapsed_us=3311 envelope=@J10000000001000000025835291|I421XG5001Fm35001Fm3;
editbox_emit sequence=259 bytes=50 elapsed_us=2821 envelope=@J10000000001000000025965066|I421ZG5001Fm35001Fm3;
editbox_emit sequence=260 bytes=50 elapsed_us=3274 envelope=@J10000000001000000026019174|I421bG5001Fm35001Fm3;
editbox_emit sequence=261 bytes=50 elapsed_us=2784 envelope=@J10000000001000000026148949|I421dG5001Fm35001Fm3;
published_frame=654
editbox_emit sequence=262 bytes=50 elapsed_us=3178 envelope=@J10000000001000000026213203|I421fG5001Fm35001Fm3;
editbox_emit sequence=263 bytes=50 elapsed_us=3156 envelope=@J10000000001000000026342978|I421hG5001Fm35001Fm3;
editbox_receipt monotonic_ns=565668480497909 received=253 consumed=253 revision=109
editbox_emit sequence=264 bytes=50 elapsed_us=3222 envelope=@J10000000001000000026407232|I421jG5001Fm35001Fm3;
editbox_emit sequence=265 bytes=50 elapsed_us=3595 envelope=@J10000000001000000026537007|I421lG5001Fm35001Fm3;
published_frame=655
editbox_emit sequence=266 bytes=50 elapsed_us=2904 envelope=@J10000000001000000026601261|I421nG5001Fm35001Fm3;
editbox_emit sequence=267 bytes=50 elapsed_us=2803 envelope=@J10000000001000000026731036|I421pG5001Fm35001Fm3;
editbox_emit sequence=268 bytes=50 elapsed_us=2589 envelope=@J10000000001000000026860811|I421rG5001Fm35001Fm3;
published_frame=656
editbox_emit sequence=269 bytes=50 elapsed_us=2548 envelope=@J10000000001000000026925065|I421tG5001Fm35001Fm3;
editbox_receipt monotonic_ns=565668515253260 received=253 consumed=253 revision=110
published_frame=657
published_frame=658
editbox_receipt monotonic_ns=565668536744103 received=253 consumed=253 revision=111
published_frame=659
editbox_receipt monotonic_ns=565668558638382 received=253 consumed=253 revision=112
published_frame=660
published_frame=661
published_frame=662
published_frame=663
published_frame=664
published_frame=665
editbox_emit sequence=254 bytes=50 elapsed_us=4182 envelope=@J10000000001000000025426018|I421vF5001Fm35001Fm3;
published_frame=666
published_frame=667
published_frame=668
published_frame=669
published_frame=670
published_frame=671
published_frame=672
published_frame=673
published_frame=674
published_frame=675
published_frame=676
published_frame=677
published_frame=678
published_frame=679
published_frame=680
published_frame=681
published_frame=682
published_frame=683
published_frame=684
published_frame=685
editbox_receipt monotonic_ns=565669000167077 received=269 consumed=253 revision=113
published_frame=686
published_frame=687
published_frame=688
published_frame=689
editbox_receipt monotonic_ns=565669053260453 received=269 consumed=259 revision=114
editbox_emit sequence=270 bytes=50 elapsed_us=3654 envelope=@J10000000001000000027044694|I421vG5001Fm35001Fm3;
editbox_emit sequence=271 bytes=50 elapsed_us=3733 envelope=@J10000000001000000027108948|I421xG5001Fm35001Fm3;
editbox_emit sequence=272 bytes=50 elapsed_us=3638 envelope=@J10000000001000000027238723|I421zG5001Fm35001Fm3;
editbox_emit sequence=273 bytes=50 elapsed_us=2817 envelope=@J10000000001000000027302977|I421_G5001Fm35001Fm3;
published_frame=690
editbox_emit sequence=274 bytes=50 elapsed_us=2560 envelope=@J10000000001000000027453967|I421XH5001Fm35001Fm3;
editbox_emit sequence=275 bytes=50 elapsed_us=2773 envelope=@J10000000001000000027518221|I421ZH5001Fm35001Fm3;
published_frame=691
editbox_receipt monotonic_ns=565669088414330 received=269 consumed=265 revision=115
editbox_emit sequence=276 bytes=50 elapsed_us=3043 envelope=@J10000000001000000027647996|I421bH5001Fm35001Fm3;
editbox_emit sequence=277 bytes=50 elapsed_us=2486 envelope=@J10000000001000000027712250|I421dH5001Fm35001Fm3;
editbox_emit sequence=278 bytes=50 elapsed_us=2447 envelope=@J10000000001000000027842025|I421fH5001Fm35001Fm3;
editbox_emit sequence=279 bytes=50 elapsed_us=2998 envelope=@J10000000001000000027906279|I421hH5001Fm35001Fm3;
published_frame=692
editbox_emit sequence=280 bytes=50 elapsed_us=3344 envelope=@J10000000001000000028025908|I421jH5001Fm35001Fm3;
editbox_emit sequence=281 bytes=50 elapsed_us=2919 envelope=@J10000000001000000028155683|I421lH5001Fm35001Fm3;
published_frame=693
published_frame=694
published_frame=695
published_frame=696
editbox_receipt monotonic_ns=565669185859581 received=269 consumed=269 revision=116
editbox_emit sequence=282 bytes=50 elapsed_us=3100 envelope=@J10000000001000000028219937|I421nH5001Fm35001Fm3;
published_frame=697
editbox_emit sequence=283 bytes=50 elapsed_us=2879 envelope=@J10000000001000000028349712|I421pH5001Fm35001Fm3;
editbox_emit sequence=284 bytes=50 elapsed_us=3608 envelope=@J10000000001000000028413966|I421rH5001Fm35001Fm3;
editbox_emit sequence=285 bytes=50 elapsed_us=2922 envelope=@J10000000001000000028543741|I421tH5001Fm35001Fm3;
published_frame=698
published_frame=699
editbox_receipt monotonic_ns=565669220346288 received=269 consumed=269 revision=117
published_frame=700
editbox_receipt monotonic_ns=565669252359149 received=269 consumed=269 revision=118
published_frame=701
published_frame=702
editbox_receipt monotonic_ns=565669273487353 received=269 consumed=269 revision=119
published_frame=703
published_frame=704
editbox_emit sequence=270 bytes=50 elapsed_us=3392 envelope=@J10000000001000000027044694|I421vG5001Fm35001Fm3;
published_frame=705
published_frame=706
published_frame=707
published_frame=708
published_frame=709
published_frame=710
published_frame=711
published_frame=712
published_frame=713
published_frame=714
published_frame=715
published_frame=716
published_frame=717
published_frame=718
published_frame=719
published_frame=720
published_frame=721
published_frame=722
published_frame=723
published_frame=724
published_frame=725
published_frame=726
published_frame=727
published_frame=728
editbox_receipt monotonic_ns=565669714817045 received=285 consumed=269 revision=120
published_frame=729
published_frame=730
published_frame=731
wc3-journal: journal output queue capacity exceeded (120 records / 2048 bytes); no queued record overwritten; helper stopped
