source=/dev/input/event3 name=Some("Smashcraft Event Retention Virtual Gamepad") clock=CLOCK_MONOTONIC epoch_ns=0 frame_rule=segment_frame+floor((t-segment_epoch)*60/1e9) first=1 delay=0 pause_policy=sequenced-map-control
controller_identity=DeviceIdentity { id: InputId { bus_type: BUS_USB, vendor: 0x45e, product: 0x28e, version: 0x114 }, name: Some("Smashcraft Event Retention Virtual Gamepad"), phys: None, uniq: None } automatic_reconnect=false
waiting_for_match build=playable-0047 slot=1 start_before=final-match-confirmation
input_armed=true gameplay_armed=false mono_ns=639128195206469
menu_emit epoch=0 phase=Some(Character) key=n mono_ns=639129200458000
match_ready epoch=1 neutral_rearm=required
input_armed=true gameplay_armed=false mono_ns=639134795005592
match_start epoch=1 epoch_ns=639135112412792 read_ns=639135112729078 uncertainty_ns=1100090
input_armed=true gameplay_armed=true mono_ns=639135112701587
match_end epoch=1 frontier=273 old_rows=drain terminal_rows=discard
input_armed=true gameplay_armed=false mono_ns=639139652876807
match_quiescent epoch=1
waiting_for_match build=playable-0047 slot=1 after_epoch=1
menu_emit epoch=1 phase=Some(Result) key=y mono_ns=639145887162000
menu_emit epoch=1 phase=Some(Character) key=n mono_ns=639146999442000
match_ready epoch=2 neutral_rearm=required
input_armed=true gameplay_armed=false mono_ns=639148218736859
match_start epoch=2 epoch_ns=639148311466384 read_ns=639148313468281 uncertainty_ns=1100095
input_armed=true gameplay_armed=true mono_ns=639148313431222
match_end epoch=2 frontier=285 old_rows=drain terminal_rows=discard
input_armed=true gameplay_armed=false mono_ns=639153062907810
match_quiescent epoch=2
waiting_for_match build=playable-0047 slot=1 after_epoch=2
menu_emit epoch=2 phase=Some(Result) key=y mono_ns=639159348233000
