   0.022 s  a: find Warcraft window (0.011 s)
   0.035 s  b: find Warcraft window (0.010 s)
   0.127 s  script models carried (0.088 s)
   0.158 s  script reused (compiled 181 s ago) (0.027 s)
   0.236 s  package and verify (0.071 s)
rebuilt /home/tom/.local/share/smashcraft-build-inputs/native-owner-20261005/fresh-speed/Smashcraft diagnostic fresh-speed.w3x
   0.237 s  map rebuilt (0.199 s)
   0.242 s  map installed (0.002 s)
   0.247 s  a: focus Warcraft (0.002 s)
   0.251 s  b: focus Warcraft (0.005 s)
   0.282 s  a: activate Warcraft window (0.035 s)
   0.286 s  b: activate Warcraft window (0.035 s)
   0.354 s  a: input batch (3 actions) (0.071 s)
   0.358 s  b: input batch (3 actions) (0.072 s)
   0.384 s  b: capture frame (0.026 s)
   0.387 s  a: capture frame (0.031 s)
   0.550 s  b: read text (0.164 s)
   0.553 s  b: focus Warcraft (0.003 s)
   0.564 s  a: read text (0.176 s)
   0.566 s  a: focus Warcraft (0.002 s)
   0.588 s  b: activate Warcraft window (0.035 s)
   0.601 s  a: activate Warcraft window (0.035 s)
   0.820 s  b: input batch (3 actions) (0.231 s)
   0.833 s  a: input batch (3 actions) (0.231 s)
   0.846 s  b: capture frame (0.026 s)
   0.856 s  a: capture frame (0.023 s)
   1.102 s  b: read text (0.255 s)
   1.161 s  a: read text (0.304 s)
   1.174 s  b: capture frame (0.016 s)
   1.248 s  a: capture frame (0.035 s)
   1.407 s  b: read text (0.233 s)
   1.481 s  b: capture frame (0.023 s)
   1.521 s  a: read text (0.272 s)
   1.598 s  a: capture frame (0.025 s)
   1.907 s  a: read text (0.308 s)
   1.919 s  a: focus Warcraft (0.010 s)
   1.923 s  b: read text (0.441 s)
   1.928 s  b: focus Warcraft (0.004 s)
   1.961 s  a: activate Warcraft window (0.041 s)
   1.970 s  b: activate Warcraft window (0.042 s)
   1.974 s  a: read pointer (0.012 s)
   1.980 s  b: read pointer (0.009 s)
   1.984 s  a: move pointer (0.008 s)
   1.995 s  b: move pointer (0.014 s)
   1.997 s  a: read pointer (0.013 s)
   2.006 s  b: read pointer (0.010 s)
   2.126 s  a: press button (0.006 s)
   2.134 s  b: press button (0.007 s)
   2.197 s  a: release button (0.009 s)
   2.201 s  b: release button (0.006 s)
   2.219 s  a: capture frame (0.021 s)
   2.259 s  b: capture frame (0.058 s)
   2.495 s  b: read text (0.235 s)
   2.540 s  a: read text (0.320 s)
   2.578 s  b: capture frame (0.031 s)
   2.621 s  a: capture frame (0.028 s)
   2.777 s  b: read text (0.199 s)
   2.837 s  a: read text (0.216 s)
   2.857 s  b: capture frame (0.028 s)
   2.919 s  a: capture frame (0.031 s)
   3.104 s  b: read text (0.246 s)
   3.126 s  a: read text (0.206 s)
   3.189 s  b: capture frame (0.033 s)
   3.201 s  a: capture frame (0.024 s)
   3.417 s  a: read text (0.215 s)
   3.467 s  b: read text (0.278 s)
   3.498 s  a: capture frame (0.031 s)
   3.547 s  b: capture frame (0.027 s)
   3.763 s  a: read text (0.264 s)
   3.852 s  a: capture frame (0.035 s)
   3.863 s  b: read text (0.316 s)
   3.863 s  b at Custom Games (3.618 s)
   4.190 s  a: read text (0.338 s)
   4.272 s  a: capture frame (0.029 s)
   4.464 s  a: read text (0.192 s)
   4.464 s  a at Custom Games (4.222 s)
   4.469 s  a: focus Warcraft (0.003 s)
   4.503 s  a: activate Warcraft window (0.034 s)
   4.507 s  a: read pointer (0.004 s)
   4.513 s  a: move pointer (0.006 s)
   4.517 s  a: read pointer (0.004 s)
   4.642 s  a: press button (0.004 s)
   4.709 s  a: release button (0.004 s)
   4.731 s  a: capture frame (0.022 s)
   4.977 s  a: read text (0.246 s)
   5.047 s  a: capture frame (0.019 s)
   5.273 s  a: read text (0.225 s)
   5.348 s  a: capture frame (0.023 s)
   5.565 s  a: read text (0.217 s)
   5.632 s  a: capture frame (0.016 s)
   5.854 s  a: read text (0.221 s)
   5.936 s  a: capture frame (0.030 s)
   6.281 s  a: read text (0.344 s)
   6.360 s  a: capture frame (0.027 s)
   6.565 s  a: read text (0.205 s)
   6.568 s  a: focus Warcraft (0.002 s)
   6.602 s  a: activate Warcraft window (0.034 s)
   6.606 s  a: read pointer (0.004 s)
   6.611 s  a: move pointer (0.004 s)
   6.618 s  a: read pointer (0.006 s)
   6.745 s  a: press button (0.007 s)
   6.812 s  a: release button (0.005 s)
   6.845 s  a: capture frame (0.032 s)
   7.115 s  a: read text (0.270 s)
   7.117 s  a: focus Warcraft (0.002 s)
   7.153 s  a: activate Warcraft window (0.036 s)
   7.157 s  a: read pointer (0.004 s)
   7.658 s  a: input batch (4 actions) (0.499 s)
   7.684 s  a: capture frame (0.026 s)
   7.898 s  a: read text (0.214 s)
   7.972 s  a: capture frame (0.022 s)
   8.165 s  a: read text (0.193 s)
   8.235 s  a: capture frame (0.018 s)
   8.428 s  a: read text (0.193 s)
   8.498 s  a: capture frame (0.017 s)
   8.696 s  a: read text (0.198 s)
   8.776 s  a: capture frame (0.029 s)
   8.963 s  a: read text (0.186 s)
   9.041 s  a: capture frame (0.026 s)
   9.235 s  a: read text (0.194 s)
   9.300 s  a: capture frame (0.014 s)
   9.535 s  a: read text (0.234 s)
   9.603 s  a: capture frame (0.017 s)
   9.870 s  a: read text (0.267 s)
   9.935 s  a: capture frame (0.013 s)
  10.110 s  a: read text (0.175 s)
  10.175 s  a: capture frame (0.013 s)
  10.403 s  a: read text (0.228 s)
  10.469 s  a: capture frame (0.014 s)
  10.675 s  a: read text (0.206 s)
  10.743 s  a: capture frame (0.016 s)
  10.945 s  a: read text (0.202 s)
  10.946 s  a hosting "scdev muvg5vea" (6.481 s)
  10.952 s  b: focus Warcraft (0.005 s)
  10.987 s  b: activate Warcraft window (0.035 s)
  10.993 s  b: read pointer (0.005 s)
  10.997 s  b: move pointer (0.004 s)
  11.002 s  b: read pointer (0.005 s)
  11.127 s  b: press button (0.004 s)
  11.193 s  b: release button (0.004 s)
  11.198 s  b: focus Warcraft (0.004 s)
  11.234 s  b: activate Warcraft window (0.036 s)
  11.264 s  b: press ctrl+a (0.029 s)
  11.267 s  b: focus Warcraft (0.002 s)
  11.301 s  b: activate Warcraft window (0.034 s)
  11.398 s  b: type text (0.097 s)
  11.400 s  b: focus Warcraft (0.002 s)
  11.434 s  b: activate Warcraft window (0.034 s)
  11.438 s  b: read pointer (0.004 s)
  11.442 s  b: move pointer (0.004 s)
  11.448 s  b: read pointer (0.005 s)
  11.573 s  b: press button (0.004 s)
  11.640 s  b: release button (0.004 s)
  11.665 s  b: capture frame (0.025 s)
  11.852 s  b: read text (0.186 s)
  11.876 s  b: capture frame (0.023 s)
  12.087 s  b: read text (0.211 s)
  12.152 s  b: capture frame (0.014 s)
  12.354 s  b: read text (0.202 s)
  12.388 s  b: capture frame (0.033 s)
  12.620 s  b: read text (0.232 s)
  12.685 s  b: capture frame (0.014 s)
  12.886 s  b: read text (0.201 s)
  12.901 s  b: capture frame (0.014 s)
  13.129 s  b: read text (0.229 s)
  13.195 s  b: capture frame (0.013 s)
  13.398 s  b: read text (0.203 s)
  13.427 s  b: capture frame (0.028 s)
  13.648 s  b: read text (0.221 s)
  13.723 s  b: capture frame (0.022 s)
  13.906 s  b: read text (0.183 s)
  13.935 s  b: capture frame (0.029 s)
  14.151 s  b: read text (0.215 s)
  14.232 s  b: capture frame (0.030 s)
  14.433 s  b: read text (0.201 s)
  14.465 s  b: capture frame (0.032 s)
  14.675 s  b: read text (0.209 s)
  14.741 s  b: capture frame (0.015 s)
  15.043 s  b: read text (0.301 s)
  15.069 s  b: capture frame (0.026 s)
  15.358 s  b: read text (0.289 s)
  15.451 s  b: capture frame (0.040 s)
  15.680 s  b: read text (0.229 s)
  15.701 s  b: capture frame (0.021 s)
  15.942 s  b: read text (0.240 s)
  16.013 s  b: capture frame (0.019 s)
  16.237 s  b: read text (0.224 s)
  16.264 s  b: capture frame (0.027 s)
  16.512 s  b: read text (0.246 s)
  16.596 s  b: capture frame (0.032 s)
  16.810 s  b: read text (0.213 s)
  16.810 s  b asked to join (5.864 s)
  16.841 s  a: capture frame (0.030 s)
  17.074 s  a: read text (0.233 s)
  17.075 s  everyone in the lobby (0.265 s)
  17.082 s  a: focus Warcraft (0.007 s)
  17.117 s  a: activate Warcraft window (0.035 s)
  17.122 s  a: read pointer (0.005 s)
  17.130 s  a: move pointer (0.008 s)
  17.136 s  a: read pointer (0.005 s)
  17.263 s  a: press button (0.005 s)
  17.330 s  a: release button (0.006 s)
  27.562 s  every client at character selection (10.232 s)
  27.567 s  clear old quick-match receipts (0.002 s)
  27.570 s  a: focus Warcraft (0.003 s)
  27.609 s  a: activate Warcraft window (0.038 s)
  27.721 s  a: input batch (3 actions) (0.111 s)
  27.721 s  send -dev quick (0.154 s)
  27.883 s  a quick-match receipt (0.161 s)
  27.883 s  b quick-match receipt (0.161 s)
-dev quick acknowledged by 2 client(s)
  27.883 s  quick match and client receipts (0.321 s)
  27.886 s  fresh (27.886 s)
