   0.019 s  a: find Warcraft window (0.009 s)
   0.027 s  b: find Warcraft window (0.007 s)
   0.104 s  script models carried (0.074 s)
   0.135 s  script reused (compiled 61 s ago) (0.027 s)
   0.210 s  package and verify (0.069 s)
rebuilt /home/tom/.local/share/smashcraft-build-inputs/native-owner-20261005/fresh-speed/Smashcraft diagnostic fresh-speed.w3x
   0.211 s  map rebuilt (0.182 s)
   0.214 s  map installed (0.001 s)
   0.219 s  a: focus Warcraft (0.004 s)
   0.220 s  b: focus Warcraft (0.004 s)
   0.253 s  a: activate Warcraft window (0.034 s)
   0.256 s  b: activate Warcraft window (0.035 s)
   0.324 s  a: input batch (3 actions) (0.070 s)
   0.328 s  b: input batch (3 actions) (0.072 s)
   0.339 s  a: capture frame (0.013 s)
   0.354 s  b: capture frame (0.026 s)
   0.515 s  a: read text (0.174 s)
   0.539 s  b: read text (0.184 s)
   0.543 s  b: focus Warcraft (0.004 s)
   0.577 s  b: activate Warcraft window (0.034 s)
   0.586 s  a: capture frame (0.016 s)
   0.756 s  a: read text (0.169 s)
   0.759 s  a: focus Warcraft (0.003 s)
   0.794 s  a: activate Warcraft window (0.035 s)
   0.807 s  b: input batch (3 actions) (0.230 s)
   0.829 s  b: capture frame (0.022 s)
   1.024 s  a: input batch (3 actions) (0.229 s)
   1.035 s  b: read text (0.205 s)
   1.043 s  a: capture frame (0.018 s)
   1.100 s  b: capture frame (0.013 s)
   1.238 s  a: read text (0.194 s)
   1.297 s  b: read text (0.197 s)
   1.304 s  a: capture frame (0.015 s)
   1.377 s  b: capture frame (0.028 s)
   1.514 s  a: read text (0.210 s)
   1.598 s  a: capture frame (0.032 s)
   1.673 s  b: read text (0.294 s)
   1.678 s  b: focus Warcraft (0.003 s)
   1.713 s  b: activate Warcraft window (0.035 s)
   1.720 s  b: read pointer (0.006 s)
   1.726 s  b: move pointer (0.006 s)
   1.733 s  b: read pointer (0.007 s)
   1.826 s  a: read text (0.228 s)
   1.831 s  a: focus Warcraft (0.005 s)
   1.860 s  b: press button (0.004 s)
   1.867 s  a: activate Warcraft window (0.036 s)
   1.877 s  a: read pointer (0.009 s)
   1.884 s  a: move pointer (0.006 s)
   1.893 s  a: read pointer (0.009 s)
   1.934 s  b: release button (0.013 s)
   1.966 s  b: capture frame (0.031 s)
   2.021 s  a: press button (0.005 s)
   2.089 s  a: release button (0.006 s)
   2.117 s  a: capture frame (0.028 s)
   2.278 s  b: read text (0.310 s)
   2.322 s  a: read text (0.204 s)
   2.360 s  b: capture frame (0.032 s)
   2.406 s  a: capture frame (0.031 s)
   2.589 s  b: read text (0.228 s)
   2.591 s  a: read text (0.185 s)
   2.657 s  b: capture frame (0.017 s)
   2.668 s  a: capture frame (0.025 s)
   2.841 s  b: read text (0.184 s)
   2.864 s  a: read text (0.196 s)
   2.910 s  b: capture frame (0.018 s)
   2.935 s  a: capture frame (0.020 s)
   3.155 s  b: read text (0.244 s)
   3.158 s  a: read text (0.222 s)
   3.226 s  b: capture frame (0.020 s)
   3.232 s  a: capture frame (0.022 s)
   3.503 s  a: read text (0.270 s)
   3.503 s  a at Custom Games (3.289 s)
   3.517 s  b: read text (0.291 s)
   3.518 s  b at Custom Games (3.301 s)
   3.525 s  a: focus Warcraft (0.002 s)
   3.528 s  b: focus Warcraft (0.004 s)
   3.561 s  a: activate Warcraft window (0.036 s)
   3.563 s  b: activate Warcraft window (0.035 s)
   3.565 s  a: read pointer (0.004 s)
   3.567 s  b: read pointer (0.004 s)
   3.570 s  a: move pointer (0.005 s)
   3.575 s  a: read pointer (0.005 s)
   3.701 s  a: press button (0.004 s)
   3.767 s  a: release button (0.005 s)
   3.802 s  a: capture frame (0.035 s)
   3.881 s  b: input batch (3 actions) (0.313 s)
   3.881 s  b join name prepared (0.358 s)
   4.034 s  a: read text (0.231 s)
   4.109 s  a: capture frame (0.022 s)
   4.323 s  a: read text (0.214 s)
   4.394 s  a: capture frame (0.018 s)
   4.616 s  a: read text (0.222 s)
   4.691 s  a: capture frame (0.023 s)
   4.891 s  a: read text (0.200 s)
   4.970 s  a: capture frame (0.027 s)
   5.159 s  a: read text (0.189 s)
   5.234 s  a: capture frame (0.023 s)
   5.427 s  a: read text (0.192 s)
   5.432 s  a: focus Warcraft (0.004 s)
   5.468 s  a: activate Warcraft window (0.036 s)
   5.472 s  a: read pointer (0.004 s)
   5.476 s  a: move pointer (0.004 s)
   5.481 s  a: read pointer (0.004 s)
   5.607 s  a: press button (0.005 s)
   5.674 s  a: release button (0.004 s)
   5.698 s  a: capture frame (0.023 s)
   5.927 s  a: read text (0.228 s)
   5.930 s  a: focus Warcraft (0.002 s)
   5.965 s  a: activate Warcraft window (0.035 s)
   5.969 s  a: read pointer (0.004 s)
   6.466 s  a: input batch (4 actions) (0.496 s)
   6.492 s  a: capture frame (0.026 s)
   6.674 s  a: read text (0.182 s)
   6.741 s  a: capture frame (0.015 s)
   6.924 s  a: read text (0.183 s)
   6.999 s  a: capture frame (0.024 s)
   7.193 s  a: read text (0.193 s)
   7.266 s  a: capture frame (0.021 s)
   7.478 s  a: read text (0.212 s)
   7.544 s  a: capture frame (0.014 s)
   7.733 s  a: read text (0.189 s)
   7.807 s  a: capture frame (0.023 s)
   7.982 s  a: read text (0.175 s)
   8.052 s  a: capture frame (0.018 s)
   8.281 s  a: read text (0.229 s)
   8.348 s  a: capture frame (0.015 s)
   8.535 s  a: read text (0.186 s)
   8.600 s  a: capture frame (0.014 s)
   8.784 s  a: read text (0.183 s)
   8.847 s  a: capture frame (0.012 s)
   9.080 s  a: read text (0.232 s)
   9.145 s  a: capture frame (0.014 s)
   9.328 s  a: read text (0.182 s)
   9.413 s  a: capture frame (0.033 s)
   9.620 s  a: read text (0.206 s)
   9.620 s  a hosting "scdev muvg3ay3" (6.101 s)
   9.626 s  b: focus Warcraft (0.005 s)
   9.661 s  b: activate Warcraft window (0.035 s)
   9.666 s  b: read pointer (0.005 s)
   9.672 s  b: move pointer (0.005 s)
   9.678 s  b: read pointer (0.006 s)
   9.803 s  b: press button (0.004 s)
   9.871 s  b: release button (0.005 s)
   9.907 s  b: capture frame (0.036 s)
  10.103 s  b: read text (0.196 s)
  10.116 s  b: capture frame (0.012 s)
  10.314 s  b: read text (0.198 s)
  10.397 s  b: capture frame (0.031 s)
  10.595 s  b: read text (0.198 s)
  10.630 s  b: capture frame (0.034 s)
  10.848 s  b: read text (0.218 s)
  10.915 s  b: capture frame (0.016 s)
  11.101 s  b: read text (0.186 s)
  11.115 s  b: capture frame (0.013 s)
  11.398 s  b: read text (0.283 s)
  11.466 s  b: capture frame (0.016 s)
  11.671 s  b: read text (0.204 s)
  11.692 s  b: capture frame (0.021 s)
  11.905 s  b: read text (0.213 s)
  11.989 s  b: capture frame (0.031 s)
  12.224 s  b: read text (0.234 s)
  12.252 s  b: capture frame (0.028 s)
  12.502 s  b: read text (0.249 s)
  12.584 s  b: capture frame (0.029 s)
  12.783 s  b: read text (0.199 s)
  12.803 s  b: capture frame (0.019 s)
  13.078 s  b: read text (0.274 s)
  13.158 s  b: capture frame (0.028 s)
  13.362 s  b: read text (0.204 s)
  13.390 s  b: capture frame (0.028 s)
  13.672 s  b: read text (0.281 s)
  13.758 s  b: capture frame (0.034 s)
  14.019 s  b: read text (0.261 s)
  14.019 s  b asked to join (4.398 s)
  14.039 s  a: capture frame (0.020 s)
  14.354 s  a: read text (0.314 s)
  14.355 s  everyone in the lobby (0.336 s)
  14.358 s  a: focus Warcraft (0.003 s)
  14.394 s  a: activate Warcraft window (0.035 s)
  14.398 s  a: read pointer (0.004 s)
  14.403 s  a: move pointer (0.004 s)
  14.407 s  a: read pointer (0.005 s)
  14.536 s  a: press button (0.004 s)
  14.604 s  a: release button (0.005 s)
  24.709 s  every client at character selection (10.105 s)
  24.712 s  clear old quick-match receipts (0.001 s)
  24.714 s  a: focus Warcraft (0.002 s)
  24.747 s  a: activate Warcraft window (0.034 s)
  24.850 s  a: input batch (3 actions) (0.102 s)
  24.850 s  send -dev quick (0.139 s)
  25.008 s  a quick-match receipt (0.157 s)
  25.008 s  b quick-match receipt (0.157 s)
-dev quick acknowledged by 2 client(s)
  25.009 s  quick match and client receipts (0.300 s)
  25.010 s  fresh (25.010 s)
