{
  "scope": "Same-host two-client native start/result/rematch with persistent Linux virtual-pad helpers; controller-only game menus (keyboard diagnostic trace toggle); controller removal/recreation and neutral rearm; no physical or cross-machine alignment claim.",
  "helper_sha256": "b5ff04432803aaba596dae08b1ffa108dbae8541cfdba68fab1c4b947786c20a",
  "persistent_helper_pids": [
    1931821,
    1931851
  ],
  "matches": [
    {
      "epoch": 1,
      "players": [
        {
          "slot": 0,
          "anchor_monotonic_ns": 566040296927851,
          "helper_anchor_difference_ns": 565,
          "published_frames": 566,
          "tap_edges": [
            {
              "pressed": true,
              "kernel_monotonic_ns": 566040597218000,
              "expected_frame": 19,
              "assigned_frame": 19
            },
            {
              "pressed": false,
              "kernel_monotonic_ns": 566040602342000,
              "expected_frame": 19,
              "assigned_frame": 19
            },
            {
              "pressed": true,
              "kernel_monotonic_ns": 566043307423000,
              "expected_frame": 181,
              "assigned_frame": 181
            },
            {
              "pressed": false,
              "kernel_monotonic_ns": 566043312546000,
              "expected_frame": 181,
              "assigned_frame": 181
            }
          ]
        },
        {
          "slot": 1,
          "anchor_monotonic_ns": 566040291520943,
          "helper_anchor_difference_ns": -71,
          "published_frames": 566,
          "tap_edges": [
            {
              "pressed": true,
              "kernel_monotonic_ns": 566040602367000,
              "expected_frame": 19,
              "assigned_frame": 19
            },
            {
              "pressed": false,
              "kernel_monotonic_ns": 566040607635000,
              "expected_frame": 19,
              "assigned_frame": 19
            }
          ]
        }
      ],
      "native_clients": [
        {
          "client": 0,
          "confirmed_frame": 547,
          "confirmed_checksum": "55348:900019",
          "actions": [
            {
              "slot": 0,
              "frame": 19
            },
            {
              "slot": 0,
              "frame": 181
            },
            {
              "slot": 1,
              "frame": 19
            }
          ]
        },
        {
          "client": 1,
          "confirmed_frame": 547,
          "confirmed_checksum": "55348:900019",
          "actions": [
            {
              "slot": 0,
              "frame": 19
            },
            {
              "slot": 0,
              "frame": 181
            },
            {
              "slot": 1,
              "frame": 19
            }
          ]
        }
      ],
      "reconnect": {
        "slot": 0,
        "release_frame": 93,
        "confirmed_held_samples": 29,
        "confirmed_released_samples": 93,
        "original_device": "/dev/input/event2",
        "replacement_device": "/dev/input/event4",
        "decoy_device": "/dev/input/event2",
        "fresh_attack_applied_once": true
      }
    },
    {
      "epoch": 2,
      "players": [
        {
          "slot": 0,
          "anchor_monotonic_ns": 566075398286129,
          "helper_anchor_difference_ns": 360,
          "published_frames": 564,
          "tap_edges": [
            {
              "pressed": true,
              "kernel_monotonic_ns": 566075698462000,
              "expected_frame": 19,
              "assigned_frame": 19
            },
            {
              "pressed": false,
              "kernel_monotonic_ns": 566075703597000,
              "expected_frame": 19,
              "assigned_frame": 19
            }
          ]
        },
        {
          "slot": 1,
          "anchor_monotonic_ns": 566075395879894,
          "helper_anchor_difference_ns": -86,
          "published_frames": 564,
          "tap_edges": [
            {
              "pressed": true,
              "kernel_monotonic_ns": 566075703626000,
              "expected_frame": 19,
              "assigned_frame": 19
            },
            {
              "pressed": false,
              "kernel_monotonic_ns": 566075708819000,
              "expected_frame": 19,
              "assigned_frame": 19
            },
            {
              "pressed": true,
              "kernel_monotonic_ns": 566078402413000,
              "expected_frame": 181,
              "assigned_frame": 181
            },
            {
              "pressed": false,
              "kernel_monotonic_ns": 566078407562000,
              "expected_frame": 181,
              "assigned_frame": 181
            }
          ]
        }
      ],
      "native_clients": [
        {
          "client": 0,
          "confirmed_frame": 547,
          "confirmed_checksum": "284195:94714",
          "actions": [
            {
              "slot": 0,
              "frame": 19
            },
            {
              "slot": 1,
              "frame": 19
            },
            {
              "slot": 1,
              "frame": 181
            }
          ]
        },
        {
          "client": 1,
          "confirmed_frame": 547,
          "confirmed_checksum": "284195:94714",
          "actions": [
            {
              "slot": 0,
              "frame": 19
            },
            {
              "slot": 1,
              "frame": 19
            },
            {
              "slot": 1,
              "frame": 181
            }
          ]
        }
      ],
      "reconnect": {
        "slot": 1,
        "release_frame": 93,
        "confirmed_held_samples": 28,
        "confirmed_released_samples": 92,
        "original_device": "/dev/input/event3",
        "replacement_device": "/dev/input/event5",
        "decoy_device": "/dev/input/event3",
        "fresh_attack_applied_once": true
      }
    }
  ],
  "native_attack_applications": 12,
  "native_trace_drops": 0,
  "unexplained_frame_retargets": 0,
  "extra_result_screen_actions": 0
}
