source=/dev/input/event2 name=Some("Smashcraft Event Retention Virtual Gamepad") clock=CLOCK_MONOTONIC epoch_ns=0 frame_rule=segment_frame+floor((t-segment_epoch)*60/1e9) first=1 delay=0 pause_policy=sequenced-map-control
controller_identity=DeviceIdentity { id: InputId { bus_type: BUS_USB, vendor: 0x45e, product: 0x28e, version: 0x114 }, name: Some("Smashcraft Event Retention Virtual Gamepad"), phys: None, uniq: None } automatic_reconnect=false
waiting_for_match build=chat-handoff-20261005 slot=0 start_before=final-match-confirmation
input_armed=true gameplay_armed=false mono_ns=569270307307371
menu_emit epoch=0 phase=Some(Character) key=r mono_ns=569272749131000
menu_emit epoch=0 phase=Some(Character) key=w mono_ns=569273019731000
menu_emit epoch=0 phase=Some(Character) key=n mono_ns=569273290174000
menu_emit epoch=0 phase=Some(Character) key=y mono_ns=569275212939000
menu_emit epoch=0 phase=Some(Stage) key=r mono_ns=569277565041000
menu_emit epoch=0 phase=Some(Stage) key=w mono_ns=569277835495000
menu_emit epoch=0 phase=Some(Stage) key=u mono_ns=569278105900000
menu_emit epoch=0 phase=Some(Character) key=y mono_ns=569280500959000
menu_emit epoch=0 phase=Some(Stage) key=y mono_ns=569282895824000
match_ready epoch=1 neutral_rearm=required
input_armed=true gameplay_armed=false mono_ns=569283229842630
editbox_receipt monotonic_ns=569283229963126 received=0 consumed=0 revision=1
editbox_emit sequence=1 bytes=34 elapsed_us=2307 envelope=@J10000000001000000000130780|JR11;
editbox_receipt monotonic_ns=569283401836232 received=1 consumed=1 revision=3
editbox_receipt monotonic_ns=569283412205656 received=1 consumed=1 revision=4
editbox_receipt monotonic_ns=569283422579909 received=1 consumed=1 revision=5
editbox_receipt monotonic_ns=569283498267389 received=1 consumed=1 revision=6
match_start epoch=1 epoch_ns=569283552127119 read_ns=569283553227983 uncertainty_ns=1100346
input_armed=true gameplay_armed=true mono_ns=569283553200903
published_frame=1
published_frame=2
editbox_emit sequence=2 bytes=37 elapsed_us=1808 envelope=@J10000000001000000000252069|I421100;
published_frame=3
published_frame=4
editbox_emit sequence=3 bytes=37 elapsed_us=1908 envelope=@J10000000001000000000330835|I421300;
published_frame=5
published_frame=6
editbox_emit sequence=4 bytes=37 elapsed_us=1951 envelope=@J10000000001000000000409601|I421500;
published_frame=7
published_frame=8
editbox_emit sequence=5 bytes=37 elapsed_us=1906 envelope=@J10000000001000000000553888|I421700;
editbox_receipt monotonic_ns=569283701239009 received=2 consumed=2 revision=7
published_frame=9
published_frame=10
editbox_emit sequence=6 bytes=37 elapsed_us=1898 envelope=@J10000000001000000000632654|I421900;
published_frame=11
editbox_receipt monotonic_ns=569283743434880 received=5 consumed=5 revision=8
published_frame=12
editbox_emit sequence=7 bytes=37 elapsed_us=2008 envelope=@J10000000001000000000711420|I421B00;
published_frame=13
published_frame=14
editbox_emit sequence=8 bytes=37 elapsed_us=2062 envelope=@J10000000001000000000855707|I421D00;
editbox_receipt monotonic_ns=569283790297277 received=7 consumed=7 revision=9
published_frame=15
published_frame=16
editbox_emit sequence=9 bytes=37 elapsed_us=1996 envelope=@J10000000001000000000934473|I421F00;
published_frame=17
event mono_ns=569283852348000 frame=19 held=32 pressed=32 released=0
published_frame=18
editbox_emit sequence=10 bytes=37 elapsed_us=2011 envelope=@J10000000001000000001041745|I421H00;
event mono_ns=569283857513000 frame=19 held=0 pressed=0 released=32
published_frame=19
published_frame=20
editbox_emit sequence=11 bytes=43 elapsed_us=2456 envelope=@J10000000001000000001145108|I421J200W00W0;
editbox_receipt monotonic_ns=569283896966792 received=10 consumed=10 revision=10
published_frame=21
published_frame=22
editbox_emit sequence=12 bytes=37 elapsed_us=2036 envelope=@J10000000001000000001264798|I421L00;
published_frame=23
published_frame=24
editbox_emit sequence=13 bytes=37 elapsed_us=2123 envelope=@J10000000001000000001343564|I421N00;
published_frame=25
editbox_receipt monotonic_ns=569283984467802 received=13 consumed=13 revision=11
published_frame=26
editbox_emit sequence=14 bytes=37 elapsed_us=1939 envelope=@J10000000001000000001422330|I421P00;
published_frame=27
published_frame=28
editbox_emit sequence=15 bytes=37 elapsed_us=2161 envelope=@J10000000001000000001501096|I421R00;
published_frame=29
published_frame=30
editbox_emit sequence=16 bytes=37 elapsed_us=2118 envelope=@J10000000001000000001645383|I421T00;
published_frame=31
published_frame=32
editbox_emit sequence=17 bytes=37 elapsed_us=2483 envelope=@J10000000001000000001724149|I421V00;
editbox_receipt monotonic_ns=569284093576869 received=16 consumed=16 revision=12
published_frame=33
published_frame=34
editbox_emit sequence=18 bytes=38 elapsed_us=2952 envelope=@J10000000001000000001808415|I421X100;
published_frame=35
published_frame=36
editbox_emit sequence=19 bytes=38 elapsed_us=2219 envelope=@J10000000001000000001951403|I421Z100;
published_frame=37
published_frame=38
editbox_emit sequence=20 bytes=38 elapsed_us=1960 envelope=@J10000000001000000002042087|I421b100;
editbox_receipt monotonic_ns=569284191018310 received=19 consumed=19 revision=13
published_frame=39
published_frame=40
editbox_emit sequence=21 bytes=38 elapsed_us=3963 envelope=@J10000000001000000002119554|I421d100;
published_frame=41
published_frame=42
editbox_emit sequence=22 bytes=38 elapsed_us=2569 envelope=@J10000000001000000002262542|I421f100;
published_frame=43
published_frame=44
editbox_emit sequence=23 bytes=38 elapsed_us=2047 envelope=@J10000000001000000002340009|I421h100;
editbox_receipt monotonic_ns=569284292206742 received=22 consumed=22 revision=14
published_frame=45
published_frame=46
editbox_emit sequence=24 bytes=38 elapsed_us=2456 envelope=@J10000000001000000002417476|I421j100;
published_frame=47
published_frame=48
editbox_emit sequence=25 bytes=38 elapsed_us=2681 envelope=@J10000000001000000002560464|I421l100;
published_frame=49
published_frame=50
editbox_emit sequence=26 bytes=38 elapsed_us=1985 envelope=@J10000000001000000002637931|I421n100;
editbox_receipt monotonic_ns=569284391234966 received=25 consumed=25 revision=15
published_frame=51
published_frame=52
editbox_emit sequence=27 bytes=38 elapsed_us=2396 envelope=@J10000000001000000002715398|I421p100;
published_frame=53
published_frame=54
editbox_emit sequence=28 bytes=38 elapsed_us=2257 envelope=@J10000000001000000002858386|I421r100;
published_frame=55
published_frame=56
editbox_emit sequence=29 bytes=38 elapsed_us=1884 envelope=@J10000000001000000002935853|I421t100;
editbox_receipt monotonic_ns=569284491572865 received=28 consumed=28 revision=16
published_frame=57
published_frame=58
editbox_emit sequence=30 bytes=38 elapsed_us=2321 envelope=@J10000000001000000003026537|I421v100;
published_frame=59
published_frame=60
editbox_emit sequence=31 bytes=38 elapsed_us=1949 envelope=@J10000000001000000003104004|I421x100;
event mono_ns=569284563141000 frame=61 held=256 pressed=256 released=0
published_frame=61
published_frame=62
editbox_emit sequence=32 bytes=56 elapsed_us=3081 envelope=@J10000000001000000003236556|I421z1B040040000Fy09040Fy0;
published_frame=63
published_frame=64
editbox_emit sequence=33 bytes=50 elapsed_us=2919 envelope=@J10000000001000000003329531|I421_19040Fy09040Fy0;
published_frame=65
published_frame=66
editbox_emit sequence=34 bytes=50 elapsed_us=2705 envelope=@J10000000001000000003415000|I421X29040Fy09040Fy0;
published_frame=67
editbox_receipt monotonic_ns=569284670616309 received=33 consumed=32 revision=17
published_frame=68
editbox_emit sequence=35 bytes=50 elapsed_us=2592 envelope=@J10000000001000000003544775|I421Z29040Fy09040Fy0;
published_frame=69
published_frame=70
editbox_emit sequence=36 bytes=50 elapsed_us=2874 envelope=@J10000000001000000003609029|I421b29040Fy09040Fy0;
published_frame=71
editbox_receipt monotonic_ns=569284736297867 received=35 consumed=35 revision=18
published_frame=72
editbox_emit sequence=37 bytes=50 elapsed_us=3034 envelope=@J10000000001000000003738804|I421d29040Fy09040Fy0;
published_frame=73
published_frame=74
editbox_emit sequence=38 bytes=50 elapsed_us=2512 envelope=@J10000000001000000003803058|I421f29040Fy09040Fy0;
published_frame=75
published_frame=76
editbox_emit sequence=39 bytes=50 elapsed_us=3437 envelope=@J10000000001000000003932833|I421h29040Fy09040Fy0;
editbox_receipt monotonic_ns=569284825166600 received=38 consumed=38 revision=19
published_frame=77
published_frame=78
editbox_emit sequence=40 bytes=50 elapsed_us=2543 envelope=@J10000000001000000004052462|I421j29040Fy09040Fy0;
published_frame=79
published_frame=80
editbox_emit sequence=41 bytes=50 elapsed_us=3278 envelope=@J10000000001000000004116716|I421l29040Fy09040Fy0;
published_frame=81
editbox_receipt monotonic_ns=569284914071912 received=41 consumed=41 revision=20
published_frame=82
editbox_emit sequence=42 bytes=50 elapsed_us=3011 envelope=@J10000000001000000004246491|I421n29040Fy09040Fy0;
published_frame=83
published_frame=84
editbox_emit sequence=43 bytes=50 elapsed_us=2763 envelope=@J10000000001000000004310745|I421p29040Fy09040Fy0;
published_frame=85
published_frame=86
editbox_emit sequence=44 bytes=50 elapsed_us=3029 envelope=@J10000000001000000004440520|I421r29040Fy09040Fy0;
editbox_receipt monotonic_ns=569285001255488 received=43 consumed=43 revision=21
published_frame=87
published_frame=88
editbox_emit sequence=45 bytes=50 elapsed_us=2718 envelope=@J10000000001000000004504774|I421t29040Fy09040Fy0;
published_frame=89
published_frame=90
editbox_emit sequence=46 bytes=50 elapsed_us=3493 envelope=@J10000000001000000004634549|I421v29040Fy09040Fy0;
published_frame=91
published_frame=92
editbox_emit sequence=47 bytes=50 elapsed_us=3015 envelope=@J10000000001000000004764324|I421x29040Fy09040Fy0;
published_frame=93
editbox_receipt monotonic_ns=569285107846726 received=46 consumed=46 revision=22
published_frame=94
editbox_emit sequence=48 bytes=50 elapsed_us=3850 envelope=@J10000000001000000004828578|I421z29040Fy09040Fy0;
published_frame=95
published_frame=96
editbox_emit sequence=49 bytes=50 elapsed_us=3201 envelope=@J10000000001000000004958353|I421_29040Fy09040Fy0;
published_frame=97
published_frame=98
editbox_emit sequence=50 bytes=50 elapsed_us=3314 envelope=@J10000000001000000005033676|I421X39040Fy09040Fy0;
published_frame=99
editbox_receipt monotonic_ns=569285218944020 received=49 consumed=49 revision=23
published_frame=100
editbox_emit sequence=51 bytes=50 elapsed_us=3283 envelope=@J10000000001000000005163451|I421Z39040Fy09040Fy0;
published_frame=101
published_frame=102
editbox_emit sequence=52 bytes=50 elapsed_us=2614 envelope=@J10000000001000000005227705|I421b39040Fy09040Fy0;
published_frame=103
published_frame=104
editbox_emit sequence=53 bytes=50 elapsed_us=3039 envelope=@J10000000001000000005357480|I421d39040Fy09040Fy0;
published_frame=105
published_frame=106
editbox_emit sequence=54 bytes=50 elapsed_us=2498 envelope=@J10000000001000000005421734|I421f39040Fy09040Fy0;
editbox_receipt monotonic_ns=569285325751383 received=53 consumed=53 revision=24
published_frame=107
published_frame=108
editbox_emit sequence=55 bytes=50 elapsed_us=2786 envelope=@J10000000001000000005551509|I421h39040Fy09040Fy0;
published_frame=109
published_frame=110
editbox_emit sequence=56 bytes=50 elapsed_us=3436 envelope=@J10000000001000000005615763|I421j39040Fy09040Fy0;
published_frame=111
editbox_receipt monotonic_ns=569285414825431 received=56 consumed=56 revision=25
published_frame=112
editbox_emit sequence=57 bytes=50 elapsed_us=2827 envelope=@J10000000001000000005745538|I421l39040Fy09040Fy0;
published_frame=113
published_frame=114
editbox_emit sequence=58 bytes=50 elapsed_us=2877 envelope=@J10000000001000000005809792|I421n39040Fy09040Fy0;
published_frame=115
published_frame=116
editbox_emit sequence=59 bytes=50 elapsed_us=2562 envelope=@J10000000001000000005939567|I421p39040Fy09040Fy0;
published_frame=117
editbox_receipt monotonic_ns=569285512427863 received=58 consumed=58 revision=26
published_frame=118
editbox_emit sequence=60 bytes=50 elapsed_us=2701 envelope=@J10000000001000000006059196|I421r39040Fy09040Fy0;
published_frame=119
published_frame=120
editbox_emit sequence=61 bytes=50 elapsed_us=2718 envelope=@J10000000001000000006123450|I421t39040Fy09040Fy0;
published_frame=121
published_frame=122
editbox_emit sequence=62 bytes=50 elapsed_us=2691 envelope=@J10000000001000000006253225|I421v39040Fy09040Fy0;
published_frame=123
published_frame=124
editbox_emit sequence=63 bytes=50 elapsed_us=2982 envelope=@J10000000001000000006317479|I421x39040Fy09040Fy0;
published_frame=125
published_frame=126
editbox_emit sequence=64 bytes=50 elapsed_us=2630 envelope=@J10000000001000000006447254|I421z39040Fy09040Fy0;
published_frame=127
editbox_receipt monotonic_ns=569285680607307 received=63 consumed=63 revision=27
published_frame=128
editbox_emit sequence=65 bytes=50 elapsed_us=3155 envelope=@J10000000001000000006511508|I421_39040Fy09040Fy0;
published_frame=129
published_frame=130
editbox_emit sequence=66 bytes=50 elapsed_us=3271 envelope=@J10000000001000000006662498|I421X49040Fy09040Fy0;
editbox_receipt monotonic_ns=569285734815301 received=65 consumed=65 revision=28
published_frame=131
published_frame=132
editbox_emit sequence=67 bytes=50 elapsed_us=3178 envelope=@J10000000001000000006726752|I421Z49040Fy09040Fy0;
published_frame=133
published_frame=134
editbox_emit sequence=68 bytes=50 elapsed_us=3105 envelope=@J10000000001000000006856527|I421b49040Fy09040Fy0;
published_frame=135
published_frame=136
editbox_emit sequence=69 bytes=50 elapsed_us=2835 envelope=@J10000000001000000006920781|I421d49040Fy09040Fy0;
editbox_receipt monotonic_ns=569285823754206 received=67 consumed=67 revision=29
published_frame=137
published_frame=138
editbox_emit sequence=70 bytes=50 elapsed_us=2522 envelope=@J10000000001000000007040410|I421f49040Fy09040Fy0;
published_frame=139
published_frame=140
editbox_emit sequence=71 bytes=50 elapsed_us=4101 envelope=@J10000000001000000007104664|I421h49040Fy09040Fy0;
published_frame=141
editbox_receipt monotonic_ns=569285914667892 received=71 consumed=71 revision=30
published_frame=142
editbox_emit sequence=72 bytes=50 elapsed_us=2680 envelope=@J10000000001000000007234439|I421j49040Fy09040Fy0;
published_frame=143
published_frame=144
editbox_emit sequence=73 bytes=50 elapsed_us=3713 envelope=@J10000000001000000007364214|I421l49040Fy09040Fy0;
published_frame=145
published_frame=146
editbox_emit sequence=74 bytes=50 elapsed_us=2787 envelope=@J10000000001000000007428468|I421n49040Fy09040Fy0;
published_frame=147
editbox_receipt monotonic_ns=569286012971177 received=73 consumed=73 revision=31
published_frame=148
editbox_emit sequence=75 bytes=50 elapsed_us=2916 envelope=@J10000000001000000007558243|I421p49040Fy09040Fy0;
published_frame=149
published_frame=150
editbox_emit sequence=76 bytes=50 elapsed_us=2917 envelope=@J10000000001000000007622497|I421r49040Fy09040Fy0;
published_frame=151
published_frame=152
editbox_emit sequence=77 bytes=50 elapsed_us=4167 envelope=@J10000000001000000007752272|I421t49040Fy09040Fy0;
published_frame=153
editbox_receipt monotonic_ns=569286104904585 received=76 consumed=76 revision=32
published_frame=154
editbox_emit sequence=78 bytes=50 elapsed_us=2962 envelope=@J10000000001000000007816526|I421v49040Fy09040Fy0;
published_frame=155
published_frame=156
editbox_emit sequence=79 bytes=50 elapsed_us=2696 envelope=@J10000000001000000007946301|I421x49040Fy09040Fy0;
published_frame=157
published_frame=158
editbox_emit sequence=80 bytes=50 elapsed_us=3203 envelope=@J10000000001000000008000409|I421z49040Fy09040Fy0;
published_frame=159
editbox_receipt monotonic_ns=569286214252800 received=79 consumed=79 revision=33
published_frame=160
editbox_emit sequence=81 bytes=50 elapsed_us=2750 envelope=@J10000000001000000008130184|I421_49040Fy09040Fy0;
published_frame=161
published_frame=162
editbox_emit sequence=82 bytes=50 elapsed_us=2934 envelope=@J10000000001000000008215653|I421X59040Fy09040Fy0;
published_frame=163
published_frame=164
editbox_emit sequence=83 bytes=50 elapsed_us=3280 envelope=@J10000000001000000008345428|I421Z59040Fy09040Fy0;
published_frame=165
editbox_receipt monotonic_ns=569286313258342 received=83 consumed=83 revision=34
published_frame=166
editbox_emit sequence=84 bytes=50 elapsed_us=3877 envelope=@J10000000001000000008409682|I421b59040Fy09040Fy0;
published_frame=167
published_frame=168
editbox_emit sequence=85 bytes=50 elapsed_us=2741 envelope=@J10000000001000000008539457|I421d59040Fy09040Fy0;
published_frame=169
published_frame=170
editbox_emit sequence=86 bytes=50 elapsed_us=2958 envelope=@J10000000001000000008603711|I421f59040Fy09040Fy0;
published_frame=171
published_frame=172
editbox_emit sequence=87 bytes=50 elapsed_us=3292 envelope=@J10000000001000000008733486|I421h59040Fy09040Fy0;
published_frame=173
published_frame=174
editbox_emit sequence=88 bytes=50 elapsed_us=2804 envelope=@J10000000001000000008863261|I421j59040Fy09040Fy0;
published_frame=175
published_frame=176
editbox_emit sequence=89 bytes=50 elapsed_us=3172 envelope=@J10000000001000000008927515|I421l59040Fy09040Fy0;
published_frame=177
editbox_receipt monotonic_ns=569286513156572 received=86 consumed=86 revision=35
published_frame=178
editbox_emit sequence=90 bytes=50 elapsed_us=2936 envelope=@J10000000001000000009047144|I421n59040Fy09040Fy0;
published_frame=179
published_frame=180
editbox_emit sequence=91 bytes=50 elapsed_us=7392 envelope=@J10000000001000000009111398|I421p59040Fy09040Fy0;
published_frame=181
editbox_receipt monotonic_ns=569286577865977 received=89 consumed=89 revision=36
published_frame=182
editbox_emit sequence=92 bytes=50 elapsed_us=12716 envelope=@J10000000001000000009241173|I421r59040Fy09040Fy0;
published_frame=183
published_frame=184
editbox_emit sequence=93 bytes=50 elapsed_us=3823 envelope=@J10000000001000000009305427|I421t59040Fy09040Fy0;
published_frame=185
published_frame=186
editbox_emit sequence=94 bytes=50 elapsed_us=5368 envelope=@J10000000001000000009435202|I421v59040Fy09040Fy0;
published_frame=187
published_frame=188
editbox_emit sequence=95 bytes=50 elapsed_us=4202 envelope=@J10000000001000000009564977|I421x59040Fy09040Fy0;
published_frame=189
published_frame=190
editbox_emit sequence=96 bytes=50 elapsed_us=16955 envelope=@J10000000001000000009629231|I421z59040Fy09040Fy0;
published_frame=191
published_frame=192
editbox_emit sequence=97 bytes=50 elapsed_us=8957 envelope=@J10000000001000000009759006|I421_59040Fy09040Fy0;
published_frame=193
published_frame=194
editbox_emit sequence=98 bytes=50 elapsed_us=3575 envelope=@J10000000001000000009844475|I421X69040Fy09040Fy0;
published_frame=195
published_frame=196
editbox_emit sequence=99 bytes=50 elapsed_us=3237 envelope=@J10000000001000000009908729|I421Z69040Fy09040Fy0;
editbox_emit sequence=90 bytes=50 elapsed_us=2679 envelope=@J10000000001000000009047144|I421n59040Fy09040Fy0;
published_frame=197
published_frame=198
published_frame=199
published_frame=200
published_frame=201
published_frame=202
published_frame=203
published_frame=204
published_frame=205
published_frame=206
published_frame=207
published_frame=208
editbox_receipt monotonic_ns=569287033142435 received=99 consumed=93 revision=37
editbox_emit sequence=100 bytes=50 elapsed_us=2842 envelope=@J10000000001000000010037031|I421b69040Fy09040Fy0;
published_frame=209
editbox_emit sequence=101 bytes=50 elapsed_us=2645 envelope=@J10000000001000000010101285|I421d69040Fy09040Fy0;
editbox_emit sequence=102 bytes=50 elapsed_us=2750 envelope=@J10000000001000000010231060|I421f69040Fy09040Fy0;
editbox_emit sequence=103 bytes=50 elapsed_us=2536 envelope=@J10000000001000000010360835|I421h69040Fy09040Fy0;
published_frame=210
editbox_emit sequence=104 bytes=50 elapsed_us=2539 envelope=@J10000000001000000010425089|I421j69040Fy09040Fy0;
editbox_emit sequence=105 bytes=50 elapsed_us=3045 envelope=@J10000000001000000010554864|I421l69040Fy09040Fy0;
editbox_emit sequence=106 bytes=50 elapsed_us=2717 envelope=@J10000000001000000010619118|I421n69040Fy09040Fy0;
published_frame=211
published_frame=212
editbox_emit sequence=107 bytes=50 elapsed_us=2521 envelope=@J10000000001000000010748893|I421p69040Fy09040Fy0;
published_frame=213
published_frame=214
editbox_emit sequence=108 bytes=50 elapsed_us=2568 envelope=@J10000000001000000010813147|I421r69040Fy09040Fy0;
published_frame=215
published_frame=216
editbox_emit sequence=109 bytes=50 elapsed_us=2622 envelope=@J10000000001000000010942922|I421t69040Fy09040Fy0;
published_frame=217
published_frame=218
published_frame=219
published_frame=220
editbox_receipt monotonic_ns=569287230469776 received=109 consumed=99 revision=38
editbox_emit sequence=110 bytes=50 elapsed_us=2885 envelope=@J10000000001000000011062551|I421v69040Fy09040Fy0;
editbox_emit sequence=111 bytes=50 elapsed_us=2953 envelope=@J10000000001000000011126805|I421x69040Fy09040Fy0;
published_frame=221
published_frame=222
editbox_emit sequence=112 bytes=50 elapsed_us=3047 envelope=@J10000000001000000011256580|I421z69040Fy09040Fy0;
editbox_receipt monotonic_ns=569287262676547 received=109 consumed=105 revision=39
published_frame=223
published_frame=224
editbox_emit sequence=113 bytes=50 elapsed_us=2948 envelope=@J10000000001000000011320834|I421_69040Fy09040Fy0;
editbox_receipt monotonic_ns=569287295287915 received=109 consumed=109 revision=40
published_frame=225
published_frame=226
editbox_emit sequence=114 bytes=50 elapsed_us=2625 envelope=@J10000000001000000011406303|I421X79040Fy09040Fy0;
editbox_receipt monotonic_ns=569287327203440 received=109 consumed=109 revision=41
published_frame=227
published_frame=228
editbox_emit sequence=115 bytes=50 elapsed_us=3016 envelope=@J10000000001000000011536078|I421Z79040Fy09040Fy0;
editbox_receipt monotonic_ns=569287359817424 received=109 consumed=109 revision=42
published_frame=229
published_frame=230
editbox_emit sequence=116 bytes=50 elapsed_us=3436 envelope=@J10000000001000000011600332|I421b79040Fy09040Fy0;
published_frame=231
published_frame=232
editbox_emit sequence=117 bytes=50 elapsed_us=2943 envelope=@J10000000001000000011730107|I421d79040Fy09040Fy0;
published_frame=233
published_frame=234
editbox_emit sequence=118 bytes=50 elapsed_us=4046 envelope=@J10000000001000000011859882|I421f79040Fy09040Fy0;
published_frame=235
editbox_emit sequence=110 bytes=50 elapsed_us=3602 envelope=@J10000000001000000011062551|I421v69040Fy09040Fy0;
published_frame=236
published_frame=237
published_frame=238
published_frame=239
published_frame=240
published_frame=241
published_frame=242
published_frame=243
editbox_receipt monotonic_ns=569287608655434 received=118 consumed=113 revision=43
editbox_emit sequence=119 bytes=50 elapsed_us=3283 envelope=@J10000000001000000011924136|I421h79040Fy09040Fy0;
editbox_emit sequence=120 bytes=50 elapsed_us=3141 envelope=@J10000000001000000012043765|I421j79040Fy09040Fy0;
editbox_emit sequence=121 bytes=50 elapsed_us=3151 envelope=@J10000000001000000012108019|I421l79040Fy09040Fy0;
published_frame=244
editbox_emit sequence=122 bytes=50 elapsed_us=2746 envelope=@J10000000001000000012237794|I421n79040Fy09040Fy0;
editbox_emit sequence=123 bytes=50 elapsed_us=3273 envelope=@J10000000001000000012302048|I421p79040Fy09040Fy0;
published_frame=245
published_frame=246
editbox_emit sequence=124 bytes=50 elapsed_us=3106 envelope=@J10000000001000000012431823|I421r79040Fy09040Fy0;
editbox_receipt monotonic_ns=569287667974738 received=118 consumed=118 revision=44
published_frame=247
published_frame=248
editbox_emit sequence=125 bytes=50 elapsed_us=2509 envelope=@J10000000001000000012561598|I421t79040Fy09040Fy0;
published_frame=249
editbox_receipt monotonic_ns=569287711982385 received=118 consumed=118 revision=45
published_frame=250
editbox_emit sequence=126 bytes=50 elapsed_us=2588 envelope=@J10000000001000000012625852|I421v79040Fy09040Fy0;
editbox_receipt monotonic_ns=569287734882673 received=118 consumed=118 revision=46
published_frame=251
published_frame=252
editbox_emit sequence=127 bytes=50 elapsed_us=3003 envelope=@J10000000001000000012755627|I421x79040Fy09040Fy0;
published_frame=253
published_frame=254
editbox_emit sequence=128 bytes=50 elapsed_us=2401 envelope=@J10000000001000000012819881|I421z79040Fy09040Fy0;
published_frame=255
published_frame=256
editbox_emit sequence=129 bytes=50 elapsed_us=2933 envelope=@J10000000001000000012949656|I421_79040Fy09040Fy0;
published_frame=257
published_frame=258
editbox_emit sequence=130 bytes=50 elapsed_us=3328 envelope=@J10000000001000000013024979|I421X89040Fy09040Fy0;
editbox_emit sequence=119 bytes=50 elapsed_us=2790 envelope=@J10000000001000000011924136|I421h79040Fy09040Fy0;
published_frame=259
published_frame=260
published_frame=261
published_frame=262
published_frame=263
published_frame=264
published_frame=265
published_frame=266
published_frame=267
published_frame=268
published_frame=269
published_frame=270
editbox_receipt monotonic_ns=569288068772083 received=118 consumed=118 revision=47
published_frame=271
published_frame=272
published_frame=273
editbox_emit sequence=119 bytes=50 elapsed_us=2988 envelope=@J10000000001000000011924136|I421h79040Fy09040Fy0;
published_frame=274
editbox_receipt monotonic_ns=569288126070209 received=130 consumed=124 revision=48
editbox_emit sequence=131 bytes=50 elapsed_us=3216 envelope=@J10000000001000000013154754|I421Z89040Fy09040Fy0;
editbox_emit sequence=132 bytes=50 elapsed_us=2523 envelope=@J10000000001000000013219008|I421b89040Fy09040Fy0;
editbox_emit sequence=133 bytes=50 elapsed_us=2347 envelope=@J10000000001000000013348783|I421d89040Fy09040Fy0;
published_frame=275
editbox_emit sequence=134 bytes=50 elapsed_us=2390 envelope=@J10000000001000000013413037|I421f89040Fy09040Fy0;
editbox_emit sequence=135 bytes=50 elapsed_us=2674 envelope=@J10000000001000000013542812|I421h89040Fy09040Fy0;
editbox_emit sequence=136 bytes=50 elapsed_us=2368 envelope=@J10000000001000000013607066|I421j89040Fy09040Fy0;
editbox_emit sequence=137 bytes=50 elapsed_us=2368 envelope=@J10000000001000000013736841|I421l89040Fy09040Fy0;
published_frame=276
editbox_emit sequence=138 bytes=50 elapsed_us=2349 envelope=@J10000000001000000013801095|I421n89040Fy09040Fy0;
editbox_emit sequence=139 bytes=50 elapsed_us=2518 envelope=@J10000000001000000013930870|I421p89040Fy09040Fy0;
published_frame=277
published_frame=278
editbox_emit sequence=140 bytes=50 elapsed_us=2931 envelope=@J10000000001000000014050499|I421r89040Fy09040Fy0;
editbox_receipt monotonic_ns=569288193792621 received=130 consumed=130 revision=49
published_frame=279
published_frame=280
editbox_emit sequence=141 bytes=50 elapsed_us=2636 envelope=@J10000000001000000014114753|I421t89040Fy09040Fy0;
editbox_receipt monotonic_ns=569288226259569 received=130 consumed=130 revision=50
published_frame=281
published_frame=282
editbox_emit sequence=142 bytes=50 elapsed_us=3346 envelope=@J10000000001000000014244528|I421v89040Fy09040Fy0;
published_frame=283
published_frame=284
editbox_emit sequence=143 bytes=50 elapsed_us=2865 envelope=@J10000000001000000014308782|I421x89040Fy09040Fy0;
published_frame=285
published_frame=286
editbox_emit sequence=144 bytes=50 elapsed_us=2746 envelope=@J10000000001000000014438557|I421z89040Fy09040Fy0;
published_frame=287
published_frame=288
editbox_emit sequence=145 bytes=50 elapsed_us=3287 envelope=@J10000000001000000014502811|I421_89040Fy09040Fy0;
published_frame=289
editbox_emit sequence=131 bytes=50 elapsed_us=3013 envelope=@J10000000001000000013154754|I421Z89040Fy09040Fy0;
published_frame=290
published_frame=291
published_frame=292
published_frame=293
published_frame=294
published_frame=295
published_frame=296
published_frame=297
published_frame=298
published_frame=299
published_frame=300
published_frame=301
published_frame=302
published_frame=303
published_frame=304
published_frame=305
published_frame=306
editbox_receipt monotonic_ns=569288655706058 received=145 consumed=133 revision=51
editbox_emit sequence=146 bytes=50 elapsed_us=2946 envelope=@J10000000001000000014653801|I421X99040Fy09040Fy0;
editbox_emit sequence=147 bytes=50 elapsed_us=3206 envelope=@J10000000001000000014718055|I421Z99040Fy09040Fy0;
editbox_emit sequence=148 bytes=50 elapsed_us=2393 envelope=@J10000000001000000014847830|I421b99040Fy09040Fy0;
editbox_emit sequence=149 bytes=50 elapsed_us=2753 envelope=@J10000000001000000014912084|I421d99040Fy09040Fy0;
published_frame=307
published_frame=308
editbox_receipt monotonic_ns=569288689089814 received=145 consumed=139 revision=52
editbox_emit sequence=150 bytes=50 elapsed_us=2530 envelope=@J10000000001000000015031713|I421f99040Fy09040Fy0;
editbox_emit sequence=151 bytes=50 elapsed_us=2444 envelope=@J10000000001000000015161488|I421h99040Fy09040Fy0;
editbox_emit sequence=152 bytes=50 elapsed_us=2327 envelope=@J10000000001000000015225742|I421j99040Fy09040Fy0;
editbox_emit sequence=153 bytes=50 elapsed_us=2519 envelope=@J10000000001000000015355517|I421l99040Fy09040Fy0;
published_frame=309
editbox_emit sequence=154 bytes=50 elapsed_us=2310 envelope=@J10000000001000000015419771|I421n99040Fy09040Fy0;
editbox_emit sequence=155 bytes=50 elapsed_us=2784 envelope=@J10000000001000000015549546|I421p99040Fy09040Fy0;
published_frame=310
chat_state epoch=1 chat=1 state=1 mono_ns=569288733777986
editbox_receipt monotonic_ns=569288733806921 received=145 consumed=141 revision=53
editbox_emit sequence=156 bytes=50 elapsed_us=2508 envelope=@J10000000001000000015613800|I421r99040Fy09040Fy0;
focus_release mono_ns=569288737751043 frame=312
game-eligible=false mono_ns=569288737540117 neutral_rearm=required
input_armed=false gameplay_armed=false mono_ns=569288737751043
published_frame=311
published_frame=312
editbox_emit sequence=157 bytes=50 elapsed_us=2333 envelope=@J10000000001000000015721209|I421t99040Fy02000040;
published_frame=313
control sequence=1 state=PREPARE frame=314 epoch_ns=569288773733659
editbox_receipt monotonic_ns=569288841589672 received=145 consumed=145 revision=54
editbox_emit sequence=158 bytes=37 elapsed_us=1817 envelope=@J10000000001000000015860602|I411v90;
editbox_emit sequence=159 bytes=48 elapsed_us=4033 envelope=@J10000000001000000015910200|ACK1|1|PREPARE|314;
editbox_receipt monotonic_ns=569288862579600 received=145 consumed=145 revision=55
editbox_receipt monotonic_ns=569288894512828 received=145 consumed=145 revision=56
editbox_emit sequence=146 bytes=50 elapsed_us=4186 envelope=@J10000000001000000014653801|I421X99040Fy09040Fy0;
editbox_receipt monotonic_ns=569288992807037 received=145 consumed=145 revision=57
editbox_emit sequence=146 bytes=50 elapsed_us=3112 envelope=@J10000000001000000014653801|I421X99040Fy09040Fy0;
editbox_receipt monotonic_ns=569289526182995 received=159 consumed=148 revision=58
editbox_receipt monotonic_ns=569289602090317 received=159 consumed=154 revision=59
editbox_receipt monotonic_ns=569289633864487 received=159 consumed=159 revision=60
editbox_receipt monotonic_ns=569289666391598 received=159 consumed=159 revision=61
editbox_receipt monotonic_ns=569289699532068 received=159 consumed=159 revision=62
editbox_receipt monotonic_ns=569289732385520 received=159 consumed=159 revision=63
editbox_receipt monotonic_ns=569289764324078 received=159 consumed=159 revision=64
editbox_receipt monotonic_ns=569289795582862 received=159 consumed=159 revision=65
editbox_receipt monotonic_ns=569289827723789 received=159 consumed=159 revision=66
editbox_receipt monotonic_ns=569289975289850 received=159 consumed=159 revision=67
editbox_receipt monotonic_ns=569290007157425 received=159 consumed=159 revision=68
editbox_receipt monotonic_ns=569290040153495 received=159 consumed=159 revision=69
editbox_receipt monotonic_ns=569290072435977 received=159 consumed=159 revision=70
control sequence=2 state=PAUSE_COMMIT target=314 frontier=314 epoch_ns=569290142006623
control sequence=2 state=PAUSE frame=314 epoch_ns=569290142006623
editbox_emit sequence=160 bytes=46 elapsed_us=3836 envelope=@J10000000001000000016010959|ACK1|2|PAUSE|314;
editbox_receipt monotonic_ns=569290158158524 received=159 consumed=159 revision=71
editbox_receipt monotonic_ns=569290190844333 received=159 consumed=159 revision=72
editbox_receipt monotonic_ns=569290243729057 received=160 consumed=160 revision=73
chat_quiescent epoch=1 chat=1 mono_ns=569290244292222
editbox_receipt monotonic_ns=569290296840476 received=160 consumed=160 revision=74
editbox_receipt monotonic_ns=569290376573488 received=160 consumed=160 revision=75
editbox_receipt monotonic_ns=569290462320280 received=160 consumed=160 revision=76
editbox_receipt monotonic_ns=569290613777635 received=160 consumed=160 revision=77
chat_state epoch=1 chat=1 state=2 mono_ns=569290634884152
editbox_receipt monotonic_ns=569290634913056 received=160 consumed=160 revision=78
chat_return epoch=1 chat=1 mono_ns=569290665646796
shutdown signal=SIGINT mailbox_release=begin
