   6.949 s  compile (6.948 s)
   6.961 s  publish v1: 1224786 bytes in 7 file(s) (0.008 s)
   7.759 s  v1 running in 2 client(s) (0.797 s)
   7.759 s  reload (7.759 s)
watching /home/tom/code/smashcraft/worktrees/native-owner-20261005/ts/src for changes
   0.397 s  compile (0.384 s)
   0.402 s  publish v2: 1224809 bytes in 7 file(s) (0.004 s)
   0.900 s  v2 running in 2 client(s) (0.499 s)
   0.901 s  reload (0.901 s)
   0.413 s  compile (0.403 s)
   0.419 s  publish v3: 1224809 bytes in 7 file(s) (0.005 s)
   0.858 s  v3 running in 2 client(s) (0.438 s)
   0.858 s  reload (0.858 s)
   0.413 s  compile (0.396 s)
   0.418 s  publish v4: 1224809 bytes in 7 file(s) (0.004 s)
   0.850 s  v4 running in 2 client(s) (0.431 s)
   0.850 s  reload (0.850 s)
   0.378 s  compile (0.368 s)
   0.384 s  publish v5: 1224809 bytes in 7 file(s) (0.004 s)
   0.861 s  v5 running in 2 client(s) (0.476 s)
   0.861 s  reload (0.861 s)
   0.424 s  compile (0.413 s)
   0.430 s  publish v6: 1224809 bytes in 7 file(s) (0.004 s)
   0.925 s  v6 running in 2 client(s) (0.495 s)
   0.926 s  reload (0.926 s)
   0.284 s  compile (0.273 s)
   0.289 s  publish v7: 1224809 bytes in 7 file(s) (0.004 s)
   0.764 s  v7 running in 2 client(s) (0.474 s)
   0.764 s  reload (0.764 s)
   0.271 s  compile (0.261 s)
   0.277 s  publish v8: 1224809 bytes in 7 file(s) (0.004 s)
   0.748 s  v8 running in 2 client(s) (0.471 s)
   0.748 s  reload (0.748 s)
   0.254 s  compile (0.243 s)
   0.259 s  publish v9: 1224809 bytes in 7 file(s) (0.004 s)
   0.677 s  v9 running in 2 client(s) (0.418 s)
   0.677 s  reload (0.677 s)
   0.243 s  compile (0.231 s)
   0.248 s  publish v10: 1224809 bytes in 7 file(s) (0.003 s)
   0.697 s  v10 running in 2 client(s) (0.450 s)
   0.698 s  reload (0.698 s)
   0.316 s  compile (0.305 s)
   0.322 s  publish v11: 1224810 bytes in 7 file(s) (0.005 s)
   0.832 s  v11 running in 2 client(s) (0.510 s)
   0.832 s  reload (0.832 s)
  59.112 s  hot (59.112 s)
