source=/dev/input/event2 name=Some("Smashcraft Event Retention Virtual Gamepad") clock=CLOCK_MONOTONIC epoch_ns=0 frame_rule=segment_frame+floor((t-segment_epoch)*60/1e9) first=1 delay=0 pause_policy=sequenced-map-control
waiting_for_match build=match-focus-entry-20261005 slot=0 start_before=final-match-confirmation
input_armed=true gameplay_armed=false mono_ns=561292120257727
match_ready epoch=1 neutral_rearm=required
editbox_receipt monotonic_ns=561304596518948 received=0 consumed=0 revision=1
editbox_emit sequence=1 bytes=34 elapsed_us=1915 envelope=@J10000000001000000000130780|JR11;
editbox_receipt monotonic_ns=561304788854828 received=1 consumed=1 revision=3
editbox_receipt monotonic_ns=561304799454034 received=1 consumed=1 revision=5
editbox_receipt monotonic_ns=561304874630455 received=1 consumed=1 revision=6
match_start epoch=1 epoch_ns=561304935877152 read_ns=561304937024148 uncertainty_ns=1100326
input_armed=true gameplay_armed=true mono_ns=561304936985285
published_frame=1
published_frame=2
editbox_emit sequence=2 bytes=37 elapsed_us=2141 envelope=@J10000000001000000000252069|I421100;
published_frame=3
published_frame=4
editbox_emit sequence=3 bytes=37 elapsed_us=2530 envelope=@J10000000001000000000330835|I421300;
published_frame=5
published_frame=6
editbox_emit sequence=4 bytes=37 elapsed_us=2665 envelope=@J10000000001000000000409601|I421500;
published_frame=7
published_frame=8
editbox_emit sequence=5 bytes=37 elapsed_us=2333 envelope=@J10000000001000000000553888|I421700;
published_frame=9
editbox_receipt monotonic_ns=561305087585521 received=2 consumed=2 revision=7
published_frame=10
editbox_emit sequence=6 bytes=37 elapsed_us=2515 envelope=@J10000000001000000000632654|I421900;
published_frame=11
editbox_receipt monotonic_ns=561305131518924 received=6 consumed=5 revision=8
published_frame=12
editbox_emit sequence=7 bytes=37 elapsed_us=2263 envelope=@J10000000001000000000711420|I421B00;
published_frame=13
published_frame=14
editbox_emit sequence=8 bytes=37 elapsed_us=2318 envelope=@J10000000001000000000855707|I421D00;
editbox_receipt monotonic_ns=561305178400162 received=7 consumed=7 revision=9
published_frame=15
published_frame=16
editbox_emit sequence=9 bytes=37 elapsed_us=2824 envelope=@J10000000001000000000934473|I421F00;
published_frame=17
published_frame=18
editbox_emit sequence=10 bytes=37 elapsed_us=2129 envelope=@J10000000001000000001041745|I421H00;
event mono_ns=561305243708000 frame=19 held=32 pressed=32 released=0
event mono_ns=561305248893000 frame=19 held=0 pressed=0 released=32
published_frame=19
published_frame=20
editbox_emit sequence=11 bytes=43 elapsed_us=2298 envelope=@J10000000001000000001145108|I421J200W00W0;
editbox_receipt monotonic_ns=561305285755565 received=10 consumed=10 revision=10
published_frame=21
published_frame=22
editbox_emit sequence=12 bytes=37 elapsed_us=2308 envelope=@J10000000001000000001264798|I421L00;
published_frame=23
published_frame=24
editbox_emit sequence=13 bytes=37 elapsed_us=2629 envelope=@J10000000001000000001343564|I421N00;
published_frame=25
published_frame=26
editbox_emit sequence=14 bytes=37 elapsed_us=2299 envelope=@J10000000001000000001422330|I421P00;
editbox_receipt monotonic_ns=561305383978562 received=13 consumed=13 revision=11
published_frame=27
published_frame=28
editbox_emit sequence=15 bytes=37 elapsed_us=2261 envelope=@J10000000001000000001501096|I421R00;
published_frame=29
published_frame=30
editbox_emit sequence=16 bytes=37 elapsed_us=2660 envelope=@J10000000001000000001645383|I421T00;
published_frame=31
published_frame=32
editbox_emit sequence=17 bytes=37 elapsed_us=2420 envelope=@J10000000001000000001724149|I421V00;
editbox_receipt monotonic_ns=561305474415706 received=16 consumed=16 revision=12
published_frame=33
published_frame=34
editbox_emit sequence=18 bytes=38 elapsed_us=2122 envelope=@J10000000001000000001808415|I421X100;
published_frame=35
published_frame=36
editbox_emit sequence=19 bytes=38 elapsed_us=2543 envelope=@J10000000001000000001951403|I421Z100;
published_frame=37
published_frame=38
editbox_emit sequence=20 bytes=38 elapsed_us=2662 envelope=@J10000000001000000002042087|I421b100;
editbox_receipt monotonic_ns=561305585031630 received=19 consumed=19 revision=13
published_frame=39
published_frame=40
editbox_emit sequence=21 bytes=38 elapsed_us=2124 envelope=@J10000000001000000002119554|I421d100;
published_frame=41
published_frame=42
editbox_emit sequence=22 bytes=38 elapsed_us=2363 envelope=@J10000000001000000002262542|I421f100;
published_frame=43
published_frame=44
editbox_emit sequence=23 bytes=38 elapsed_us=2160 envelope=@J10000000001000000002340009|I421h100;
editbox_receipt monotonic_ns=561305684869544 received=22 consumed=22 revision=14
published_frame=45
published_frame=46
editbox_emit sequence=24 bytes=38 elapsed_us=1947 envelope=@J10000000001000000002417476|I421j100;
published_frame=47
published_frame=48
editbox_emit sequence=25 bytes=38 elapsed_us=2384 envelope=@J10000000001000000002560464|I421l100;
published_frame=49
published_frame=50
editbox_emit sequence=26 bytes=38 elapsed_us=2331 envelope=@J10000000001000000002637931|I421n100;
editbox_receipt monotonic_ns=561305773581123 received=25 consumed=25 revision=15
published_frame=51
published_frame=52
editbox_emit sequence=27 bytes=38 elapsed_us=3119 envelope=@J10000000001000000002715398|I421p100;
published_frame=53
published_frame=54
editbox_emit sequence=28 bytes=38 elapsed_us=2910 envelope=@J10000000001000000002858386|I421r100;
published_frame=55
published_frame=56
editbox_emit sequence=29 bytes=38 elapsed_us=3027 envelope=@J10000000001000000002935853|I421t100;
editbox_receipt monotonic_ns=561305875647082 received=27 consumed=27 revision=16
published_frame=57
published_frame=58
editbox_emit sequence=30 bytes=38 elapsed_us=2052 envelope=@J10000000001000000003026537|I421v100;
published_frame=59
published_frame=60
editbox_emit sequence=31 bytes=38 elapsed_us=2166 envelope=@J10000000001000000003104004|I421x100;
published_frame=61
event mono_ns=561305954540000 frame=62 held=1 pressed=1 released=0
published_frame=62
editbox_emit sequence=32 bytes=55 elapsed_us=3320 envelope=@J10000000001000000003260374|I421z10t001001000Fm31H03_;
published_frame=63
published_frame=64
editbox_emit sequence=33 bytes=50 elapsed_us=2638 envelope=@J10000000001000000003337741|I421_15001Fm35001Fm3;
published_frame=65
published_frame=66
editbox_emit sequence=34 bytes=50 elapsed_us=2934 envelope=@J10000000001000000003423210|I421X25001Fm35001Fm3;
editbox_receipt monotonic_ns=561306052467442 received=33 consumed=32 revision=17
published_frame=67
published_frame=68
editbox_emit sequence=35 bytes=50 elapsed_us=2722 envelope=@J10000000001000000003552985|I421Z25001Fm35001Fm3;
published_frame=69
published_frame=70
editbox_emit sequence=36 bytes=50 elapsed_us=3391 envelope=@J10000000001000000003617239|I421b25001Fm35001Fm3;
editbox_receipt monotonic_ns=561306119271511 received=35 consumed=35 revision=18
published_frame=71
published_frame=72
editbox_emit sequence=37 bytes=50 elapsed_us=3629 envelope=@J10000000001000000003747014|I421d25001Fm35001Fm3;
published_frame=73
published_frame=74
editbox_emit sequence=38 bytes=50 elapsed_us=2914 envelope=@J10000000001000000003811268|I421f25001Fm35001Fm3;
published_frame=75
published_frame=76
editbox_emit sequence=39 bytes=50 elapsed_us=2551 envelope=@J10000000001000000003941043|I421h25001Fm35001Fm3;
editbox_receipt monotonic_ns=561306207010077 received=37 consumed=37 revision=19
published_frame=77
published_frame=78
editbox_emit sequence=40 bytes=50 elapsed_us=3141 envelope=@J10000000001000000004060672|I421j25001Fm35001Fm3;
published_frame=79
published_frame=80
editbox_emit sequence=41 bytes=50 elapsed_us=2622 envelope=@J10000000001000000004124926|I421l25001Fm35001Fm3;
published_frame=81
editbox_receipt monotonic_ns=561306298726529 received=40 consumed=40 revision=20
published_frame=82
editbox_emit sequence=42 bytes=50 elapsed_us=2637 envelope=@J10000000001000000004254701|I421n25001Fm35001Fm3;
published_frame=83
published_frame=84
editbox_emit sequence=43 bytes=50 elapsed_us=2835 envelope=@J10000000001000000004318955|I421p25001Fm35001Fm3;
published_frame=85
published_frame=86
editbox_emit sequence=44 bytes=50 elapsed_us=2662 envelope=@J10000000001000000004448730|I421r25001Fm35001Fm3;
published_frame=87
editbox_receipt monotonic_ns=561306395068019 received=43 consumed=43 revision=21
published_frame=88
editbox_emit sequence=45 bytes=50 elapsed_us=2869 envelope=@J10000000001000000004512984|I421t25001Fm35001Fm3;
published_frame=89
published_frame=90
editbox_emit sequence=46 bytes=50 elapsed_us=3210 envelope=@J10000000001000000004642759|I421v25001Fm35001Fm3;
published_frame=91
published_frame=92
editbox_emit sequence=47 bytes=50 elapsed_us=2707 envelope=@J10000000001000000004707013|I421x25001Fm35001Fm3;
published_frame=93
editbox_receipt monotonic_ns=561306497052355 received=46 consumed=46 revision=22
published_frame=94
editbox_emit sequence=48 bytes=50 elapsed_us=2794 envelope=@J10000000001000000004836788|I421z25001Fm35001Fm3;
published_frame=95
published_frame=96
editbox_emit sequence=49 bytes=50 elapsed_us=2623 envelope=@J10000000001000000004901042|I421_25001Fm35001Fm3;
published_frame=97
published_frame=98
editbox_emit sequence=50 bytes=50 elapsed_us=3208 envelope=@J10000000001000000005041886|I421X35001Fm35001Fm3;
editbox_receipt monotonic_ns=561306575845124 received=49 consumed=49 revision=23
published_frame=99
published_frame=100
editbox_emit sequence=51 bytes=50 elapsed_us=2642 envelope=@J10000000001000000005106140|I421Z35001Fm35001Fm3;
published_frame=101
published_frame=102
editbox_emit sequence=52 bytes=50 elapsed_us=3321 envelope=@J10000000001000000005235915|I421b35001Fm35001Fm3;
published_frame=103
published_frame=104
editbox_emit sequence=53 bytes=50 elapsed_us=2584 envelope=@J10000000001000000005300169|I421d35001Fm35001Fm3;
published_frame=105
editbox_receipt monotonic_ns=561306696265545 received=52 consumed=52 revision=24
published_frame=106
editbox_emit sequence=54 bytes=50 elapsed_us=3337 envelope=@J10000000001000000005429944|I421f35001Fm35001Fm3;
published_frame=107
published_frame=108
editbox_emit sequence=55 bytes=50 elapsed_us=4106 envelope=@J10000000001000000005559719|I421h35001Fm35001Fm3;
published_frame=109
published_frame=110
editbox_emit sequence=56 bytes=50 elapsed_us=2889 envelope=@J10000000001000000005623973|I421j35001Fm35001Fm3;
published_frame=111
editbox_receipt monotonic_ns=561306786194596 received=55 consumed=55 revision=25
published_frame=112
editbox_emit sequence=57 bytes=50 elapsed_us=2809 envelope=@J10000000001000000005753748|I421l35001Fm35001Fm3;
published_frame=113
published_frame=114
editbox_emit sequence=58 bytes=50 elapsed_us=2693 envelope=@J10000000001000000005818002|I421n35001Fm35001Fm3;
published_frame=115
published_frame=116
editbox_emit sequence=59 bytes=50 elapsed_us=2687 envelope=@J10000000001000000005947777|I421p35001Fm35001Fm3;
published_frame=117
editbox_receipt monotonic_ns=561306895132466 received=58 consumed=58 revision=26
published_frame=118
editbox_emit sequence=60 bytes=50 elapsed_us=2916 envelope=@J10000000001000000006001885|I421r35001Fm35001Fm3;
published_frame=119
published_frame=120
editbox_emit sequence=61 bytes=50 elapsed_us=4132 envelope=@J10000000001000000006131660|I421t35001Fm35001Fm3;
published_frame=121
published_frame=122
editbox_emit sequence=62 bytes=50 elapsed_us=2567 envelope=@J10000000001000000006261435|I421v35001Fm35001Fm3;
published_frame=123
published_frame=124
editbox_emit sequence=63 bytes=50 elapsed_us=2652 envelope=@J10000000001000000006325689|I421x35001Fm35001Fm3;
published_frame=125
published_frame=126
editbox_emit sequence=64 bytes=50 elapsed_us=3377 envelope=@J10000000001000000006455464|I421z35001Fm35001Fm3;
published_frame=127
published_frame=128
editbox_emit sequence=65 bytes=50 elapsed_us=2742 envelope=@J10000000001000000006519718|I421_35001Fm35001Fm3;
editbox_receipt monotonic_ns=561307075874365 received=64 consumed=62 revision=27
published_frame=129
published_frame=130
editbox_emit sequence=66 bytes=50 elapsed_us=3250 envelope=@J10000000001000000006605187|I421X45001Fm35001Fm3;
published_frame=131
editbox_receipt monotonic_ns=561307130533852 received=64 consumed=64 revision=28
published_frame=132
editbox_emit sequence=67 bytes=50 elapsed_us=2864 envelope=@J10000000001000000006734962|I421Z45001Fm35001Fm3;
published_frame=133
published_frame=134
editbox_emit sequence=68 bytes=50 elapsed_us=2567 envelope=@J10000000001000000006864737|I421b45001Fm35001Fm3;
published_frame=135
published_frame=136
editbox_emit sequence=69 bytes=50 elapsed_us=2603 envelope=@J10000000001000000006928991|I421d45001Fm35001Fm3;
published_frame=137
published_frame=138
editbox_emit sequence=70 bytes=50 elapsed_us=2626 envelope=@J10000000001000000007048620|I421f45001Fm35001Fm3;
match_end epoch=1 frontier=139 old_rows=drain terminal_rows=discard
input_armed=true gameplay_armed=false mono_ns=561307240197451
editbox_emit sequence=71 bytes=34 elapsed_us=1862 envelope=@J10000000001000000007164677|JE11;
suppressed mono_ns=561307241915000 reason=focus-pause-or-neutral
editbox_receipt monotonic_ns=561307250529036 received=68 consumed=68 revision=29
editbox_receipt monotonic_ns=561307285078881 received=71 consumed=71 revision=30
match_quiescent epoch=1
waiting_for_match build=match-focus-entry-20261005 slot=0 after_epoch=1
match_ready epoch=2 neutral_rearm=required
editbox_receipt monotonic_ns=561331276460343 received=0 consumed=0 revision=3
editbox_emit sequence=1 bytes=34 elapsed_us=2581 envelope=@J10000000002000000000144738|JR12;
editbox_receipt monotonic_ns=561331352607213 received=1 consumed=1 revision=4
match_start epoch=2 epoch_ns=561331441572964 read_ns=561331442555281 uncertainty_ns=1100271
input_armed=true gameplay_armed=true mono_ns=561331442528801
published_frame=1
published_frame=2
editbox_emit sequence=2 bytes=37 elapsed_us=2530 envelope=@J10000000002000000000230575|I422100;
published_frame=3
published_frame=4
editbox_emit sequence=3 bytes=37 elapsed_us=1943 envelope=@J10000000002000000000309341|I422300;
published_frame=5
published_frame=6
editbox_emit sequence=4 bytes=37 elapsed_us=2255 envelope=@J10000000002000000000453628|I422500;
published_frame=7
published_frame=8
editbox_emit sequence=5 bytes=37 elapsed_us=2169 envelope=@J10000000002000000000532394|I422700;
published_frame=9
editbox_receipt monotonic_ns=561331596314017 received=2 consumed=2 revision=5
published_frame=10
editbox_emit sequence=6 bytes=37 elapsed_us=1976 envelope=@J10000000002000000000611160|I422900;
published_frame=11
editbox_receipt monotonic_ns=561331640368317 received=6 consumed=3 revision=6
published_frame=12
editbox_emit sequence=7 bytes=37 elapsed_us=2205 envelope=@J10000000002000000000755447|I422B00;
published_frame=13
published_frame=14
editbox_receipt monotonic_ns=561331675193909 received=7 consumed=7 revision=7
editbox_emit sequence=8 bytes=37 elapsed_us=3484 envelope=@J10000000002000000000834213|I422D00;
published_frame=15
published_frame=16
editbox_emit sequence=9 bytes=37 elapsed_us=2218 envelope=@J10000000002000000000912979|I422F00;
published_frame=17
event mono_ns=561331743127000 frame=19 held=32 pressed=32 released=0
published_frame=18
editbox_emit sequence=10 bytes=37 elapsed_us=2858 envelope=@J10000000002000000001020251|I422H00;
event mono_ns=561331748322000 frame=19 held=0 pressed=0 released=32
published_frame=19
editbox_receipt monotonic_ns=561331764881679 received=10 consumed=10 revision=8
published_frame=20
editbox_emit sequence=11 bytes=43 elapsed_us=2932 envelope=@J10000000002000000001107761|I422J200W00W0;
published_frame=21
published_frame=22
editbox_emit sequence=12 bytes=37 elapsed_us=2902 envelope=@J10000000002000000001243304|I422L00;
published_frame=23
published_frame=24
editbox_emit sequence=13 bytes=37 elapsed_us=3428 envelope=@J10000000002000000001322070|I422N00;
published_frame=25
editbox_receipt monotonic_ns=561331872548817 received=13 consumed=13 revision=9
published_frame=26
editbox_emit sequence=14 bytes=37 elapsed_us=2745 envelope=@J10000000002000000001400836|I422P00;
published_frame=27
published_frame=28
editbox_emit sequence=15 bytes=37 elapsed_us=2031 envelope=@J10000000002000000001545123|I422R00;
published_frame=29
published_frame=30
editbox_emit sequence=16 bytes=37 elapsed_us=2469 envelope=@J10000000002000000001623889|I422T00;
editbox_receipt monotonic_ns=561331950337554 received=15 consumed=15 revision=10
published_frame=31
published_frame=32
editbox_emit sequence=17 bytes=37 elapsed_us=2666 envelope=@J10000000002000000001702655|I422V00;
published_frame=33
published_frame=34
editbox_emit sequence=18 bytes=38 elapsed_us=3095 envelope=@J10000000002000000001851664|I422X100;
published_frame=35
published_frame=36
editbox_emit sequence=19 bytes=38 elapsed_us=2190 envelope=@J10000000002000000001929131|I422Z100;
published_frame=37
editbox_receipt monotonic_ns=561332058560564 received=18 consumed=18 revision=11
published_frame=38
editbox_emit sequence=20 bytes=38 elapsed_us=2418 envelope=@J10000000002000000002019815|I422b100;
published_frame=39
published_frame=40
editbox_emit sequence=21 bytes=38 elapsed_us=2263 envelope=@J10000000002000000002162803|I422d100;
published_frame=41
published_frame=42
editbox_emit sequence=22 bytes=38 elapsed_us=2622 envelope=@J10000000002000000002240270|I422f100;
editbox_receipt monotonic_ns=561332156613392 received=21 consumed=21 revision=12
published_frame=43
published_frame=44
editbox_emit sequence=23 bytes=38 elapsed_us=2538 envelope=@J10000000002000000002317737|I422h100;
published_frame=45
published_frame=46
editbox_emit sequence=24 bytes=38 elapsed_us=2584 envelope=@J10000000002000000002460725|I422j100;
published_frame=47
published_frame=48
editbox_emit sequence=25 bytes=38 elapsed_us=2349 envelope=@J10000000002000000002538192|I422l100;
editbox_receipt monotonic_ns=561332256656069 received=24 consumed=24 revision=13
published_frame=49
published_frame=50
editbox_emit sequence=26 bytes=38 elapsed_us=2238 envelope=@J10000000002000000002615659|I422n100;
published_frame=51
published_frame=52
editbox_emit sequence=27 bytes=38 elapsed_us=2105 envelope=@J10000000002000000002758647|I422p100;
published_frame=53
published_frame=54
editbox_emit sequence=28 bytes=38 elapsed_us=2249 envelope=@J10000000002000000002836114|I422r100;
published_frame=55
editbox_receipt monotonic_ns=561332370465109 received=28 consumed=28 revision=14
published_frame=56
editbox_emit sequence=29 bytes=38 elapsed_us=2197 envelope=@J10000000002000000002913581|I422t100;
published_frame=57
published_frame=58
editbox_emit sequence=30 bytes=38 elapsed_us=2175 envelope=@J10000000002000000003004265|I422v100;
published_frame=59
published_frame=60
editbox_emit sequence=31 bytes=38 elapsed_us=2306 envelope=@J10000000002000000003147253|I422x100;
event mono_ns=561332453767000 frame=61 held=1 pressed=1 released=0
published_frame=61
published_frame=62
editbox_emit sequence=32 bytes=61 elapsed_us=3832 envelope=@J10000000002000000003225585|I422z1t001001000Fm31H03_5001Fm3;
published_frame=63
published_frame=64
editbox_emit sequence=33 bytes=50 elapsed_us=2751 envelope=@J10000000002000000003302915|I422_15001Fm35001Fm3;
published_frame=65
published_frame=66
editbox_emit sequence=34 bytes=50 elapsed_us=2593 envelope=@J10000000002000000003453905|I422X25001Fm35001Fm3;
editbox_receipt monotonic_ns=561332546331701 received=33 consumed=31 revision=15
published_frame=67
published_frame=68
editbox_emit sequence=35 bytes=50 elapsed_us=3416 envelope=@J10000000002000000003518159|I422Z25001Fm35001Fm3;
published_frame=69
editbox_receipt monotonic_ns=561332602804346 received=35 consumed=34 revision=16
published_frame=70
editbox_emit sequence=36 bytes=50 elapsed_us=3507 envelope=@J10000000002000000003647934|I422b25001Fm35001Fm3;
published_frame=71
published_frame=72
editbox_emit sequence=37 bytes=50 elapsed_us=3000 envelope=@J10000000002000000003712188|I422d25001Fm35001Fm3;
editbox_receipt monotonic_ns=561332658204431 received=36 consumed=36 revision=17
published_frame=73
published_frame=74
editbox_emit sequence=38 bytes=50 elapsed_us=2677 envelope=@J10000000002000000003841963|I422f25001Fm35001Fm3;
published_frame=75
published_frame=76
editbox_emit sequence=39 bytes=50 elapsed_us=2580 envelope=@J10000000002000000003906217|I422h25001Fm35001Fm3;
published_frame=77
published_frame=78
editbox_emit sequence=40 bytes=50 elapsed_us=2766 envelope=@J10000000002000000004025846|I422j25001Fm35001Fm3;
published_frame=79
published_frame=80
editbox_emit sequence=41 bytes=50 elapsed_us=2664 envelope=@J10000000002000000004155621|I422l25001Fm35001Fm3;
editbox_receipt monotonic_ns=561332779323972 received=40 consumed=40 revision=18
published_frame=81
published_frame=82
editbox_emit sequence=42 bytes=50 elapsed_us=2680 envelope=@J10000000002000000004219875|I422n25001Fm35001Fm3;
published_frame=83
published_frame=84
editbox_emit sequence=43 bytes=50 elapsed_us=3644 envelope=@J10000000002000000004349650|I422p25001Fm35001Fm3;
editbox_receipt monotonic_ns=561332857987710 received=42 consumed=42 revision=19
published_frame=85
published_frame=86
editbox_emit sequence=44 bytes=50 elapsed_us=3471 envelope=@J10000000002000000004413904|I422r25001Fm35001Fm3;
published_frame=87
published_frame=88
editbox_emit sequence=45 bytes=50 elapsed_us=3476 envelope=@J10000000002000000004543679|I422t25001Fm35001Fm3;
published_frame=89
published_frame=90
editbox_emit sequence=46 bytes=50 elapsed_us=3517 envelope=@J10000000002000000004607933|I422v25001Fm35001Fm3;
published_frame=91
editbox_receipt monotonic_ns=561332970659929 received=46 consumed=46 revision=20
published_frame=92
editbox_emit sequence=47 bytes=50 elapsed_us=3354 envelope=@J10000000002000000004737708|I422x25001Fm35001Fm3;
published_frame=93
published_frame=94
editbox_emit sequence=48 bytes=50 elapsed_us=4962 envelope=@J10000000002000000004801962|I422z25001Fm35001Fm3;
published_frame=95
published_frame=96
editbox_emit sequence=49 bytes=50 elapsed_us=3824 envelope=@J10000000002000000004931737|I422_25001Fm35001Fm3;
published_frame=97
editbox_receipt monotonic_ns=561333068625483 received=49 consumed=49 revision=21
published_frame=98
editbox_emit sequence=50 bytes=50 elapsed_us=3606 envelope=@J10000000002000000005007060|I422X35001Fm35001Fm3;
published_frame=99
published_frame=100
editbox_emit sequence=51 bytes=50 elapsed_us=3406 envelope=@J10000000002000000005136835|I422Z35001Fm35001Fm3;
published_frame=101
published_frame=102
editbox_emit sequence=52 bytes=50 elapsed_us=3657 envelope=@J10000000002000000005201089|I422b35001Fm35001Fm3;
published_frame=103
editbox_receipt monotonic_ns=561333171113063 received=52 consumed=52 revision=22
published_frame=104
editbox_emit sequence=53 bytes=50 elapsed_us=3373 envelope=@J10000000002000000005330864|I422d35001Fm35001Fm3;
published_frame=105
published_frame=106
editbox_emit sequence=54 bytes=50 elapsed_us=2893 envelope=@J10000000002000000005460639|I422f35001Fm35001Fm3;
published_frame=107
published_frame=108
editbox_emit sequence=55 bytes=50 elapsed_us=3197 envelope=@J10000000002000000005524893|I422h35001Fm35001Fm3;
published_frame=109
editbox_receipt monotonic_ns=561333270240645 received=55 consumed=55 revision=23
published_frame=110
editbox_emit sequence=56 bytes=50 elapsed_us=2622 envelope=@J10000000002000000005654668|I422j35001Fm35001Fm3;
published_frame=111
published_frame=112
editbox_emit sequence=57 bytes=50 elapsed_us=3106 envelope=@J10000000002000000005718922|I422l35001Fm35001Fm3;
published_frame=113
published_frame=114
editbox_emit sequence=58 bytes=50 elapsed_us=4531 envelope=@J10000000002000000005848697|I422n35001Fm35001Fm3;
published_frame=115
editbox_receipt monotonic_ns=561333360189685 received=57 consumed=57 revision=24
published_frame=116
editbox_emit sequence=59 bytes=50 elapsed_us=3062 envelope=@J10000000002000000005912951|I422p35001Fm35001Fm3;
published_frame=117
published_frame=118
editbox_emit sequence=60 bytes=50 elapsed_us=2594 envelope=@J10000000002000000006032580|I422r35001Fm35001Fm3;
published_frame=119
published_frame=120
editbox_emit sequence=61 bytes=50 elapsed_us=3304 envelope=@J10000000002000000006162355|I422t35001Fm35001Fm3;
published_frame=121
published_frame=122
editbox_emit sequence=62 bytes=50 elapsed_us=3556 envelope=@J10000000002000000006226609|I422v35001Fm35001Fm3;
published_frame=123
published_frame=124
editbox_emit sequence=63 bytes=50 elapsed_us=3151 envelope=@J10000000002000000006356384|I422x35001Fm35001Fm3;
published_frame=125
published_frame=126
editbox_emit sequence=64 bytes=50 elapsed_us=2672 envelope=@J10000000002000000006420638|I422z35001Fm35001Fm3;
editbox_receipt monotonic_ns=561333550822984 received=63 consumed=61 revision=25
published_frame=127
published_frame=128
editbox_emit sequence=65 bytes=50 elapsed_us=2904 envelope=@J10000000002000000006550413|I422_35001Fm35001Fm3;
published_frame=129
published_frame=130
editbox_emit sequence=66 bytes=50 elapsed_us=2997 envelope=@J10000000002000000006635882|I422X45001Fm35001Fm3;
editbox_receipt monotonic_ns=561333616010253 received=65 consumed=64 revision=26
published_frame=131
published_frame=132
editbox_emit sequence=67 bytes=50 elapsed_us=2686 envelope=@J10000000002000000006700136|I422Z45001Fm35001Fm3;
published_frame=133
published_frame=134
editbox_emit sequence=68 bytes=50 elapsed_us=2792 envelope=@J10000000002000000006829911|I422b45001Fm35001Fm3;
published_frame=135
published_frame=136
editbox_emit sequence=69 bytes=50 elapsed_us=3205 envelope=@J10000000002000000006959686|I422d45001Fm35001Fm3;
match_end epoch=2 frontier=137 old_rows=drain terminal_rows=discard
input_armed=true gameplay_armed=false mono_ns=561333724151930
editbox_emit sequence=70 bytes=34 elapsed_us=2490 envelope=@J10000000002000000007057602|JE12;
editbox_receipt monotonic_ns=561333728380225 received=67 consumed=67 revision=27
suppressed mono_ns=561333742898000 reason=focus-pause-or-neutral
editbox_receipt monotonic_ns=561333772781555 received=70 consumed=70 revision=28
match_quiescent epoch=2
waiting_for_match build=match-focus-entry-20261005 slot=0 after_epoch=2
shutdown signal=SIGINT mailbox_release=begin
