   0.033 s  a: find Warcraft window (0.018 s)
   0.047 s  b: find Warcraft window (0.012 s)
   0.161 s  script models carried (0.110 s)
   0.199 s  script reused (compiled 209 s ago) (0.032 s)
   0.297 s  package and verify (0.088 s)
rebuilt /home/tom/.local/share/smashcraft-build-inputs/native-owner-20261005/fresh-speed/Smashcraft diagnostic fresh-speed.w3x
   0.298 s  map rebuilt (0.248 s)
   0.302 s  map installed (0.002 s)
   0.312 s  a: focus Warcraft (0.007 s)
   0.315 s  b: focus Warcraft (0.009 s)
   0.349 s  a: activate Warcraft window (0.037 s)
   0.354 s  b: activate Warcraft window (0.038 s)
   0.424 s  a: input batch (3 actions) (0.074 s)
   0.429 s  b: input batch (3 actions) (0.075 s)
   0.460 s  b: capture frame (0.030 s)
   0.464 s  a: capture frame (0.038 s)
   0.706 s  b: read text (0.245 s)
   0.713 s  b: focus Warcraft (0.005 s)
   0.749 s  b: activate Warcraft window (0.036 s)
   0.757 s  a: read text (0.292 s)
   0.762 s  a: focus Warcraft (0.004 s)
   0.797 s  a: activate Warcraft window (0.035 s)
   0.981 s  b: input batch (3 actions) (0.231 s)
   1.004 s  b: capture frame (0.023 s)
   1.030 s  a: input batch (3 actions) (0.233 s)
   1.061 s  a: capture frame (0.030 s)
   1.266 s  b: read text (0.262 s)
   1.329 s  a: read text (0.267 s)
   1.333 s  b: capture frame (0.014 s)
   1.406 s  a: capture frame (0.025 s)
   1.620 s  b: read text (0.287 s)
   1.707 s  b: capture frame (0.033 s)
   1.780 s  a: read text (0.374 s)
   1.877 s  a: capture frame (0.044 s)
   2.002 s  b: read text (0.294 s)
   2.015 s  b: focus Warcraft (0.012 s)
   2.058 s  b: activate Warcraft window (0.043 s)
   2.068 s  b: read pointer (0.008 s)
   2.077 s  b: move pointer (0.008 s)
   2.088 s  b: read pointer (0.011 s)
   2.202 s  a: read text (0.324 s)
   2.206 s  a: focus Warcraft (0.003 s)
   2.217 s  b: press button (0.007 s)
   2.249 s  a: activate Warcraft window (0.043 s)
   2.258 s  a: read pointer (0.009 s)
   2.266 s  a: move pointer (0.007 s)
   2.272 s  a: read pointer (0.006 s)
   2.290 s  b: release button (0.008 s)
   2.333 s  b: capture frame (0.042 s)
   2.402 s  a: press button (0.008 s)
   2.473 s  a: release button (0.006 s)
   2.513 s  a: capture frame (0.039 s)
   2.633 s  b: read text (0.299 s)
   2.705 s  b: capture frame (0.020 s)
   2.798 s  a: read text (0.284 s)
   2.895 s  a: capture frame (0.044 s)
   3.123 s  b: read text (0.417 s)
   3.212 s  b: capture frame (0.036 s)
   3.293 s  a: read text (0.397 s)
   3.388 s  a: capture frame (0.042 s)
   3.442 s  b: read text (0.230 s)
   3.525 s  b: capture frame (0.031 s)
   3.755 s  a: read text (0.365 s)
   3.839 s  a: capture frame (0.031 s)
   3.865 s  b: read text (0.340 s)
   3.866 s  b at Custom Games (3.560 s)
   4.155 s  a: read text (0.316 s)
   4.235 s  a: capture frame (0.028 s)
   4.620 s  a: read text (0.385 s)
   4.704 s  a: capture frame (0.032 s)
   4.920 s  a: read text (0.216 s)
   4.920 s  a at Custom Games (4.619 s)
   4.926 s  a: focus Warcraft (0.003 s)
   4.961 s  a: activate Warcraft window (0.035 s)
   4.967 s  a: read pointer (0.005 s)
   4.971 s  a: move pointer (0.004 s)
   4.977 s  a: read pointer (0.006 s)
   5.103 s  a: press button (0.005 s)
   5.170 s  a: release button (0.006 s)
   5.191 s  a: capture frame (0.020 s)
   5.632 s  a: read text (0.441 s)
   5.709 s  a: capture frame (0.024 s)
   5.963 s  a: read text (0.254 s)
   6.039 s  a: capture frame (0.023 s)
   6.271 s  a: read text (0.231 s)
   6.341 s  a: capture frame (0.017 s)
   6.682 s  a: read text (0.340 s)
   6.764 s  a: capture frame (0.030 s)
   7.085 s  a: read text (0.321 s)
   7.163 s  a: capture frame (0.027 s)
   7.372 s  a: read text (0.209 s)
   7.375 s  a: focus Warcraft (0.003 s)
   7.411 s  a: activate Warcraft window (0.036 s)
   7.417 s  a: read pointer (0.006 s)
   7.422 s  a: move pointer (0.004 s)
   7.426 s  a: read pointer (0.004 s)
   7.553 s  a: press button (0.005 s)
   7.624 s  a: release button (0.008 s)
   7.641 s  a: capture frame (0.016 s)
   7.907 s  a: read text (0.266 s)
   7.910 s  a: focus Warcraft (0.002 s)
   7.945 s  a: activate Warcraft window (0.035 s)
   7.949 s  a: read pointer (0.004 s)
   8.462 s  a: input batch (4 actions) (0.512 s)
   8.499 s  a: capture frame (0.036 s)
   8.849 s  a: read text (0.350 s)
   8.924 s  a: capture frame (0.023 s)
   9.197 s  a: read text (0.272 s)
   9.274 s  a: capture frame (0.025 s)
   9.511 s  a: read text (0.236 s)
   9.584 s  a: capture frame (0.021 s)
   9.771 s  a: read text (0.187 s)
   9.848 s  a: capture frame (0.026 s)
  10.023 s  a: read text (0.174 s)
  10.097 s  a: capture frame (0.023 s)
  10.271 s  a: read text (0.173 s)
  10.338 s  a: capture frame (0.015 s)
  10.551 s  a: read text (0.212 s)
  10.620 s  a: capture frame (0.017 s)
  10.883 s  a: read text (0.263 s)
  10.953 s  a: capture frame (0.017 s)
  11.195 s  a: read text (0.242 s)
  11.262 s  a: capture frame (0.016 s)
  11.631 s  a: read text (0.369 s)
  11.717 s  a: capture frame (0.032 s)
  11.980 s  a: read text (0.263 s)
  12.065 s  a: capture frame (0.033 s)
  12.276 s  a: read text (0.211 s)
  12.276 s  a hosting "scdev muvg6hba" (7.355 s)
  12.281 s  b: focus Warcraft (0.003 s)
  12.317 s  b: activate Warcraft window (0.035 s)
  12.324 s  b: read pointer (0.007 s)
  12.330 s  b: move pointer (0.006 s)
  12.335 s  b: read pointer (0.006 s)
  12.463 s  b: press button (0.006 s)
  12.537 s  b: release button (0.010 s)
  12.540 s  b: focus Warcraft (0.002 s)
  12.578 s  b: activate Warcraft window (0.038 s)
  12.611 s  b: press ctrl+a (0.032 s)
  12.615 s  b: focus Warcraft (0.002 s)
  12.651 s  b: activate Warcraft window (0.036 s)
  12.757 s  b: type text (0.105 s)
  12.759 s  b: focus Warcraft (0.002 s)
  12.801 s  b: activate Warcraft window (0.042 s)
  12.808 s  b: read pointer (0.006 s)
  12.815 s  b: move pointer (0.006 s)
  12.823 s  b: read pointer (0.008 s)
  12.951 s  b: press button (0.007 s)
  13.017 s  b: release button (0.004 s)
  13.044 s  b: capture frame (0.026 s)
  13.318 s  b: read text (0.273 s)
  13.334 s  b: capture frame (0.016 s)
  13.618 s  b: read text (0.283 s)
  13.691 s  b: capture frame (0.022 s)
  13.907 s  b: read text (0.215 s)
  13.919 s  b: capture frame (0.012 s)
  14.177 s  b: read text (0.258 s)
  14.244 s  b: capture frame (0.015 s)
  14.427 s  b: read text (0.183 s)
  14.443 s  b: capture frame (0.015 s)
  14.710 s  b: read text (0.267 s)
  14.789 s  b: capture frame (0.028 s)
  14.961 s  b: read text (0.171 s)
  14.989 s  b: capture frame (0.027 s)
  15.263 s  b: read text (0.274 s)
  15.332 s  b: capture frame (0.016 s)
  15.511 s  b: read text (0.178 s)
  15.528 s  b: capture frame (0.017 s)
  15.771 s  b: read text (0.242 s)
  15.848 s  b: capture frame (0.025 s)
  16.115 s  b: read text (0.267 s)
  16.145 s  b: capture frame (0.029 s)
  16.469 s  b: read text (0.324 s)
  16.541 s  b: capture frame (0.020 s)
  16.738 s  b: read text (0.197 s)
  16.760 s  b: capture frame (0.022 s)
  17.061 s  b: read text (0.301 s)
  17.140 s  b: capture frame (0.026 s)
  17.379 s  b: read text (0.239 s)
  17.379 s  b asked to join (5.102 s)
  17.400 s  a: capture frame (0.020 s)
  17.596 s  a: read text (0.197 s)
  17.597 s  everyone in the lobby (0.217 s)
  17.600 s  a: focus Warcraft (0.003 s)
  17.635 s  a: activate Warcraft window (0.035 s)
  17.642 s  a: read pointer (0.006 s)
  17.649 s  a: move pointer (0.006 s)
  17.653 s  a: read pointer (0.004 s)
  17.779 s  a: press button (0.005 s)
  17.845 s  a: release button (0.005 s)
  28.005 s  every client at character selection (10.159 s)
  28.009 s  clear old quick-match receipts (0.001 s)
  28.011 s  a: focus Warcraft (0.002 s)
  28.045 s  a: activate Warcraft window (0.034 s)
  28.151 s  a: input batch (3 actions) (0.105 s)
  28.151 s  send -dev quick (0.142 s)
  28.462 s  b quick-match receipt (0.310 s)
  28.463 s  a quick-match receipt (0.311 s)
-dev quick acknowledged by 2 client(s)
  28.463 s  quick match and client receipts (0.457 s)
  28.464 s  fresh (28.464 s)
