source=/dev/input/event3 name=Some("Smashcraft Event Retention Virtual Gamepad") clock=CLOCK_MONOTONIC epoch_ns=0 frame_rule=segment_frame+floor((t-segment_epoch)*60/1e9) first=1 delay=0 pause_policy=sequenced-map-control
controller_identity=DeviceIdentity { id: InputId { bus_type: BUS_USB, vendor: 0x45e, product: 0x28e, version: 0x114 }, name: Some("Smashcraft Event Retention Virtual Gamepad"), phys: None, uniq: None } automatic_reconnect=false
waiting_for_match build=playable-0045 slot=1 start_before=final-match-confirmation
input_armed=true gameplay_armed=false mono_ns=631245708058322
menu_emit epoch=0 phase=Some(Character) key=n mono_ns=631246686326000
match_ready epoch=1 neutral_rearm=required
input_armed=true gameplay_armed=false mono_ns=631252336931811
match_start epoch=1 epoch_ns=631252734926506 read_ns=631252737189328 uncertainty_ns=1100115
input_armed=true gameplay_armed=true mono_ns=631252737143512
match_end epoch=1 frontier=275 old_rows=drain terminal_rows=discard
input_armed=true gameplay_armed=false mono_ns=631257307336020
match_quiescent epoch=1
waiting_for_match build=playable-0045 slot=1 after_epoch=1
menu_emit epoch=1 phase=Some(Result) key=y mono_ns=631263474277000
menu_emit epoch=1 phase=Some(Character) key=n mono_ns=631264667536000
match_ready epoch=2 neutral_rearm=required
input_armed=true gameplay_armed=false mono_ns=631265870402714
match_start epoch=2 epoch_ns=631266008646462 read_ns=631266009610499 uncertainty_ns=1100105
input_armed=true gameplay_armed=true mono_ns=631266009586524
match_end epoch=2 frontier=287 old_rows=drain terminal_rows=discard
input_armed=true gameplay_armed=false mono_ns=631270787152660
match_quiescent epoch=2
waiting_for_match build=playable-0045 slot=1 after_epoch=2
menu_emit epoch=2 phase=Some(Result) key=y mono_ns=631277030882000
