source=/dev/input/event2 name=Some("Smashcraft Event Retention Virtual Gamepad") clock=CLOCK_MONOTONIC epoch_ns=0 frame_rule=segment_frame+floor((t-segment_epoch)*60/1e9) first=1 delay=0 pause_policy=sequenced-map-control
controller_identity=DeviceIdentity { id: InputId { bus_type: BUS_USB, vendor: 0x45e, product: 0x28e, version: 0x114 }, name: Some("Smashcraft Event Retention Virtual Gamepad"), phys: None, uniq: None } automatic_reconnect=false
waiting_for_match build=playable-0045 slot=0 start_before=final-match-confirmation
input_armed=true gameplay_armed=false mono_ns=631245449323750
menu_emit epoch=0 phase=Some(Character) key=n mono_ns=631246564884000
menu_emit epoch=0 phase=Some(Character) key=y mono_ns=631246808125000
menu_emit epoch=0 phase=Some(Stage) key=y mono_ns=631252208527000
match_ready epoch=1 neutral_rearm=required
input_armed=true gameplay_armed=false mono_ns=631252330837527
match_start epoch=1 epoch_ns=631252731730504 read_ns=631252733256635 uncertainty_ns=1100101
input_armed=true gameplay_armed=true mono_ns=631252733238121
match_end epoch=1 frontier=275 old_rows=drain terminal_rows=discard
input_armed=true gameplay_armed=false mono_ns=631257308338830
match_quiescent epoch=1
waiting_for_match build=playable-0045 slot=0 after_epoch=1
menu_emit epoch=1 phase=Some(Result) key=n mono_ns=631263468740000
menu_emit epoch=1 phase=Some(Character) key=n mono_ns=631264546116000
menu_emit epoch=1 phase=Some(Character) key=y mono_ns=631264788554000
menu_emit epoch=1 phase=Some(Stage) key=y mono_ns=631265761339000
match_ready epoch=2 neutral_rearm=required
input_armed=true gameplay_armed=false mono_ns=631265893444908
match_start epoch=2 epoch_ns=631266003490146 read_ns=631266004574659 uncertainty_ns=1100096
input_armed=true gameplay_armed=true mono_ns=631266004534473
match_end epoch=2 frontier=287 old_rows=drain terminal_rows=discard
input_armed=true gameplay_armed=false mono_ns=631270786396683
match_quiescent epoch=2
waiting_for_match build=playable-0045 slot=0 after_epoch=2
menu_emit epoch=2 phase=Some(Result) key=n mono_ns=631277023484000
