$ bun scripts/waygate.ts fresh "/home/tom/.local/share/smashcraft-build-inputs/native-delivery-20261005/Smashcraft diagnostic native-timing.w3x" --rebuild
   0.025 s  a: find Warcraft window (0.011 s)
   0.035 s  b: find Warcraft window (0.007 s)
   0.071 s  script reused (compiled 13 s ago) (0.029 s)
   0.150 s  package and verify (0.071 s)
rebuilt /home/tom/.local/share/smashcraft-build-inputs/native-delivery-20261005/Smashcraft diagnostic native-timing.w3x
   0.151 s  map rebuilt (0.113 s)
   0.154 s  map installed (0.002 s)
   0.173 s  b: capture frame (0.016 s)
   0.181 s  a: capture frame (0.025 s)
   0.374 s  a: read text (0.192 s)
   0.374 s  a at Custom Games (0.220 s)
   0.397 s  b: read text (0.221 s)
   0.431 s  b: capture frame (0.033 s)
   0.657 s  b: read text (0.225 s)
   0.676 s  b: capture frame (0.019 s)
   0.857 s  b: read text (0.180 s)
   0.875 s  b: capture frame (0.017 s)
   1.080 s  b: read text (0.204 s)
   1.084 s  b: focus Warcraft (0.003 s)
   1.119 s  b: activate Warcraft window (0.034 s)
   1.135 s  b: press Escape (0.016 s)
   1.137 s  b: focus Warcraft (0.002 s)
   1.173 s  b: activate Warcraft window (0.035 s)
   1.192 s  b: press F10 (0.019 s)
   1.220 s  b: capture frame (0.027 s)
   1.432 s  b: read text (0.211 s)
   1.516 s  b: capture frame (0.031 s)
   1.701 s  b: read text (0.184 s)
   1.704 s  b: focus Warcraft (0.002 s)
   1.739 s  b: activate Warcraft window (0.035 s)
   1.757 s  b: press e (0.018 s)
   1.780 s  b: capture frame (0.022 s)
   1.982 s  b: read text (0.202 s)
   1.985 s  b: focus Warcraft (0.003 s)
   2.021 s  b: activate Warcraft window (0.035 s)
   2.038 s  b: press q (0.017 s)
   2.061 s  b: capture frame (0.023 s)
   2.266 s  b: read text (0.204 s)
   2.333 s  b: capture frame (0.015 s)
   2.528 s  b: read text (0.195 s)
   2.595 s  b: capture frame (0.014 s)
   2.788 s  b: read text (0.192 s)
   2.861 s  b: capture frame (0.021 s)
   3.126 s  b: read text (0.265 s)
   3.131 s  b: focus Warcraft (0.003 s)
   3.167 s  b: activate Warcraft window (0.036 s)
   3.173 s  b: read pointer (0.005 s)
   3.181 s  b: move pointer (0.007 s)
   3.188 s  b: read pointer (0.007 s)
   3.317 s  b: press button (0.006 s)
   3.383 s  b: release button (0.004 s)
   3.418 s  b: capture frame (0.034 s)
   3.656 s  b: read text (0.238 s)
   3.724 s  b: capture frame (0.015 s)
   3.967 s  b: read text (0.243 s)
   4.040 s  b: capture frame (0.021 s)
   4.241 s  b: read text (0.200 s)
   4.321 s  b: capture frame (0.027 s)
   4.527 s  b: read text (0.206 s)
   4.611 s  b: capture frame (0.032 s)
   4.851 s  b: read text (0.240 s)
   4.922 s  b: capture frame (0.020 s)
   5.257 s  b: read text (0.334 s)
   5.257 s  b at Custom Games (5.100 s)
   5.261 s  a: focus Warcraft (0.002 s)
   5.301 s  a: activate Warcraft window (0.040 s)
   5.305 s  a: read pointer (0.004 s)
   5.311 s  a: move pointer (0.005 s)
   5.315 s  a: read pointer (0.004 s)
   5.442 s  a: press button (0.005 s)
   5.509 s  a: release button (0.005 s)
   5.543 s  a: capture frame (0.033 s)
   5.782 s  a: read text (0.239 s)
   5.855 s  a: capture frame (0.021 s)
   6.091 s  a: read text (0.236 s)
   6.177 s  a: capture frame (0.031 s)
   6.371 s  a: read text (0.194 s)
   6.442 s  a: capture frame (0.019 s)
   6.656 s  a: read text (0.213 s)
   6.736 s  a: capture frame (0.027 s)
   6.941 s  a: read text (0.205 s)
   7.018 s  a: capture frame (0.023 s)
   7.220 s  a: read text (0.202 s)
   7.223 s  a: focus Warcraft (0.002 s)
   7.258 s  a: activate Warcraft window (0.035 s)
   7.264 s  a: read pointer (0.005 s)
   7.268 s  a: move pointer (0.005 s)
   7.273 s  a: read pointer (0.004 s)
   7.400 s  a: press button (0.005 s)
   7.466 s  a: release button (0.004 s)
   7.495 s  a: capture frame (0.028 s)
   7.672 s  a: read text (0.176 s)
   7.738 s  a: capture frame (0.014 s)
   7.954 s  a: read text (0.216 s)
   7.957 s  a: focus Warcraft (0.002 s)
   7.993 s  a: activate Warcraft window (0.037 s)
   7.998 s  a: read pointer (0.004 s)
   8.002 s  a: move pointer (0.003 s)
   8.005 s  a: read pointer (0.003 s)
   8.131 s  a: press button (0.004 s)
   8.197 s  a: release button (0.004 s)
   8.199 s  a: focus Warcraft (0.002 s)
   8.233 s  a: activate Warcraft window (0.033 s)
   8.261 s  a: press ctrl+a (0.028 s)
   8.265 s  a: focus Warcraft (0.003 s)
   8.298 s  a: activate Warcraft window (0.033 s)
   8.394 s  a: type text (0.095 s)
   8.397 s  a: focus Warcraft (0.002 s)
   8.432 s  a: activate Warcraft window (0.035 s)
   8.436 s  a: read pointer (0.004 s)
   8.439 s  a: move pointer (0.003 s)
   8.444 s  a: read pointer (0.004 s)
   8.569 s  a: press button (0.004 s)
   8.635 s  a: release button (0.004 s)
   8.656 s  a: capture frame (0.021 s)
   8.858 s  a: read text (0.202 s)
   8.928 s  a: capture frame (0.018 s)
   9.133 s  a: read text (0.204 s)
   9.206 s  a: capture frame (0.021 s)
   9.403 s  a: read text (0.197 s)
   9.470 s  a: capture frame (0.016 s)
   9.673 s  a: read text (0.203 s)
   9.748 s  a: capture frame (0.022 s)
   9.941 s  a: read text (0.193 s)
  10.010 s  a: capture frame (0.018 s)
  10.217 s  a: read text (0.207 s)
  10.291 s  a: capture frame (0.022 s)
  10.497 s  a: read text (0.206 s)
  10.563 s  a: capture frame (0.013 s)
  10.785 s  a: read text (0.222 s)
  10.851 s  a: capture frame (0.014 s)
  11.092 s  a: read text (0.241 s)
  11.156 s  a: capture frame (0.013 s)
  11.399 s  a: read text (0.242 s)
  11.464 s  a: capture frame (0.014 s)
  11.654 s  a: read text (0.189 s)
  11.718 s  a: capture frame (0.012 s)
  11.912 s  a: read text (0.194 s)
  11.976 s  a: capture frame (0.012 s)
  12.183 s  a: read text (0.206 s)
  12.255 s  a: capture frame (0.020 s)
  12.426 s  a: read text (0.171 s)
  12.511 s  a: capture frame (0.032 s)
  12.721 s  a: read text (0.210 s)
  12.803 s  a: capture frame (0.030 s)
  13.001 s  a: read text (0.198 s)
  13.071 s  a: capture frame (0.018 s)
  13.258 s  a: read text (0.187 s)
  13.338 s  a: capture frame (0.029 s)
  13.537 s  a: read text (0.199 s)
  13.603 s  a: capture frame (0.015 s)
  13.804 s  a: read text (0.200 s)
  13.804 s  a hosting "scdev muvd1173" (8.546 s)
  13.808 s  b: focus Warcraft (0.003 s)
  13.845 s  b: activate Warcraft window (0.036 s)
  13.850 s  b: read pointer (0.005 s)
  13.854 s  b: move pointer (0.004 s)
  13.859 s  b: read pointer (0.005 s)
  13.987 s  b: press button (0.005 s)
  14.052 s  b: release button (0.004 s)
  14.055 s  b: focus Warcraft (0.002 s)
  14.090 s  b: activate Warcraft window (0.035 s)
  14.122 s  b: press ctrl+a (0.031 s)
  14.124 s  b: focus Warcraft (0.002 s)
  14.160 s  b: activate Warcraft window (0.036 s)
  14.258 s  b: type text (0.098 s)
  14.261 s  b: focus Warcraft (0.003 s)
  14.296 s  b: activate Warcraft window (0.035 s)
  14.300 s  b: read pointer (0.004 s)
  14.304 s  b: move pointer (0.003 s)
  14.307 s  b: read pointer (0.003 s)
  14.433 s  b: press button (0.005 s)
  14.499 s  b: release button (0.004 s)
  14.522 s  b: capture frame (0.022 s)
  14.742 s  b: read text (0.220 s)
  14.742 s  b asked to join (0.938 s)
  14.766 s  a: capture frame (0.023 s)
  14.934 s  a: read text (0.168 s)
  15.010 s  a: capture frame (0.024 s)
  15.176 s  a: read text (0.166 s)
  15.239 s  a: capture frame (0.011 s)
  15.404 s  a: read text (0.165 s)
  15.470 s  a: capture frame (0.015 s)
  15.641 s  a: read text (0.171 s)
  15.716 s  a: capture frame (0.024 s)
  15.900 s  a: read text (0.184 s)
  15.977 s  a: capture frame (0.026 s)
  16.161 s  a: read text (0.184 s)
  16.241 s  a: capture frame (0.028 s)
  16.420 s  a: read text (0.179 s)
  16.491 s  a: capture frame (0.019 s)
  16.690 s  a: read text (0.199 s)
  16.762 s  a: capture frame (0.020 s)
  16.953 s  a: read text (0.190 s)
  17.024 s  a: capture frame (0.019 s)
  17.272 s  a: read text (0.248 s)
  17.337 s  a: capture frame (0.014 s)
  17.593 s  a: read text (0.255 s)
  17.672 s  a: capture frame (0.028 s)
  17.862 s  a: read text (0.190 s)
  17.936 s  a: capture frame (0.023 s)
  18.153 s  a: read text (0.217 s)
  18.223 s  a: capture frame (0.018 s)
  18.438 s  a: read text (0.215 s)
  18.521 s  a: capture frame (0.031 s)
  18.723 s  a: read text (0.202 s)
  18.802 s  a: capture frame (0.027 s)
  18.988 s  a: read text (0.186 s)
  19.072 s  a: capture frame (0.033 s)
  19.299 s  a: read text (0.227 s)
  19.365 s  a: capture frame (0.015 s)
  19.538 s  a: read text (0.173 s)
  19.612 s  a: capture frame (0.022 s)
  19.784 s  a: read text (0.172 s)
  19.855 s  a: capture frame (0.019 s)
  20.019 s  a: read text (0.164 s)
  20.087 s  a: capture frame (0.017 s)
  20.259 s  a: read text (0.171 s)
  20.336 s  a: capture frame (0.025 s)
  20.506 s  a: read text (0.171 s)
  20.583 s  a: capture frame (0.024 s)
  20.750 s  a: read text (0.167 s)
  20.823 s  a: capture frame (0.021 s)
  20.986 s  a: read text (0.163 s)
  21.053 s  a: capture frame (0.015 s)
  21.211 s  a: read text (0.159 s)
  21.275 s  a: capture frame (0.012 s)
  21.451 s  a: read text (0.176 s)
  21.532 s  a: capture frame (0.030 s)
  21.714 s  a: read text (0.182 s)
  21.795 s  a: capture frame (0.029 s)
  21.975 s  a: read text (0.180 s)
  22.060 s  a: capture frame (0.032 s)
  22.277 s  a: read text (0.217 s)
  22.354 s  a: capture frame (0.025 s)
  22.531 s  a: read text (0.176 s)
  22.609 s  a: capture frame (0.025 s)
  22.852 s  a: read text (0.243 s)
  22.920 s  a: capture frame (0.016 s)
  23.114 s  a: read text (0.194 s)
  23.188 s  a: capture frame (0.022 s)
  23.412 s  a: read text (0.224 s)
  23.486 s  a: capture frame (0.022 s)
  23.727 s  a: read text (0.241 s)
  23.798 s  a: capture frame (0.019 s)
  23.975 s  a: read text (0.177 s)
  24.044 s  a: capture frame (0.018 s)
  24.230 s  a: read text (0.186 s)
  24.312 s  a: capture frame (0.029 s)
  24.497 s  a: read text (0.185 s)
  24.575 s  a: capture frame (0.027 s)
  24.755 s  a: read text (0.180 s)
  24.838 s  a: capture frame (0.031 s)
  24.997 s  a: read text (0.159 s)
  25.067 s  a: capture frame (0.018 s)
  25.244 s  a: read text (0.178 s)
  25.307 s  a: capture frame (0.012 s)
  25.478 s  a: read text (0.170 s)
  25.557 s  a: capture frame (0.028 s)
  25.731 s  a: read text (0.174 s)
  25.806 s  a: capture frame (0.022 s)
  26.006 s  a: read text (0.200 s)
  26.090 s  a: capture frame (0.031 s)
  26.326 s  a: read text (0.236 s)
  26.403 s  a: capture frame (0.026 s)
  26.647 s  a: read text (0.244 s)
  26.718 s  a: capture frame (0.019 s)
  26.897 s  a: read text (0.179 s)
  26.968 s  a: capture frame (0.020 s)
  27.146 s  a: read text (0.178 s)
  27.211 s  a: capture frame (0.014 s)
  27.398 s  a: read text (0.186 s)
  27.479 s  a: capture frame (0.029 s)
  27.666 s  a: read text (0.186 s)
  27.744 s  a: capture frame (0.027 s)
  27.943 s  a: read text (0.199 s)
  28.026 s  a: capture frame (0.032 s)
  28.267 s  a: read text (0.240 s)
  28.341 s  a: capture frame (0.022 s)
  28.516 s  a: read text (0.174 s)
  28.591 s  a: capture frame (0.023 s)
  28.787 s  a: read text (0.196 s)
  28.870 s  a: capture frame (0.031 s)
  29.041 s  a: read text (0.171 s)
  29.118 s  a: capture frame (0.026 s)
  29.287 s  a: read text (0.169 s)
  29.352 s  a: capture frame (0.013 s)
  29.529 s  a: read text (0.176 s)
  29.601 s  a: capture frame (0.020 s)
  29.781 s  a: read text (0.181 s)
  29.849 s  a: capture frame (0.017 s)
  30.016 s  a: read text (0.166 s)
  30.091 s  a: capture frame (0.023 s)
  30.280 s  a: read text (0.189 s)
  30.356 s  a: capture frame (0.025 s)
  30.553 s  a: read text (0.196 s)
  30.621 s  a: capture frame (0.016 s)
  30.805 s  a: read text (0.184 s)
  30.889 s  a: capture frame (0.031 s)
  31.080 s  a: read text (0.191 s)
  31.153 s  a: capture frame (0.022 s)
  31.317 s  a: read text (0.165 s)
  31.388 s  a: capture frame (0.020 s)
  31.581 s  a: read text (0.192 s)
  31.654 s  a: capture frame (0.022 s)
  31.831 s  a: read text (0.177 s)
  31.898 s  a: capture frame (0.016 s)
  32.092 s  a: read text (0.193 s)
  32.162 s  a: capture frame (0.019 s)
  32.329 s  a: read text (0.167 s)
  32.412 s  a: capture frame (0.031 s)
  32.587 s  a: read text (0.175 s)
  32.655 s  a: capture frame (0.016 s)
  32.826 s  a: read text (0.171 s)
  32.900 s  a: capture frame (0.022 s)
  33.073 s  a: read text (0.172 s)
  33.148 s  a: capture frame (0.024 s)
  33.314 s  a: read text (0.166 s)
  33.385 s  a: capture frame (0.019 s)
  33.559 s  a: read text (0.175 s)
  33.626 s  a: capture frame (0.015 s)
  33.793 s  a: read text (0.167 s)
  33.874 s  a: capture frame (0.029 s)
  34.052 s  a: read text (0.177 s)
  34.120 s  a: capture frame (0.016 s)
  34.301 s  a: read text (0.181 s)
  34.366 s  a: capture frame (0.014 s)
  34.562 s  a: read text (0.196 s)
  34.629 s  a: capture frame (0.016 s)
  34.804 s  a: read text (0.174 s)
  34.877 s  a: capture frame (0.022 s)
  35.071 s  a: read text (0.194 s)
  35.139 s  a: capture frame (0.016 s)
  35.373 s  a: read text (0.235 s)
  35.444 s  a: capture frame (0.017 s)
  35.644 s  a: read text (0.200 s)
  35.723 s  a: capture frame (0.026 s)
  35.932 s  a: read text (0.209 s)
  36.006 s  a: capture frame (0.022 s)
  36.246 s  a: read text (0.241 s)
  36.322 s  a: capture frame (0.023 s)
  36.664 s  a: read text (0.342 s)
  36.745 s  a: capture frame (0.028 s)
  37.071 s  a: read text (0.326 s)
  37.139 s  a: capture frame (0.015 s)
  37.354 s  a: read text (0.215 s)
  37.432 s  a: capture frame (0.025 s)
  37.684 s  a: read text (0.252 s)
  37.764 s  a: capture frame (0.027 s)
  38.013 s  a: read text (0.248 s)
  38.093 s  a: capture frame (0.028 s)
  38.288 s  a: read text (0.194 s)
  38.358 s  a: capture frame (0.020 s)
  38.554 s  a: read text (0.196 s)
  38.621 s  a: capture frame (0.016 s)
  38.817 s  a: read text (0.195 s)
  38.889 s  a: capture frame (0.021 s)
  39.076 s  a: read text (0.186 s)
  39.154 s  a: capture frame (0.026 s)
  39.363 s  a: read text (0.209 s)
  39.440 s  a: capture frame (0.025 s)
  39.622 s  a: read text (0.183 s)
  39.702 s  a: capture frame (0.028 s)
  39.875 s  a: read text (0.172 s)
  39.954 s  a: capture frame (0.027 s)
  40.131 s  a: read text (0.177 s)
  40.204 s  a: capture frame (0.022 s)
  40.396 s  a: read text (0.191 s)
  40.467 s  a: capture frame (0.019 s)
  40.647 s  a: read text (0.179 s)
  40.716 s  a: capture frame (0.017 s)
  40.913 s  a: read text (0.197 s)
  40.994 s  a: capture frame (0.029 s)
  41.209 s  a: read text (0.215 s)
  41.274 s  a: capture frame (0.014 s)
  41.444 s  a: read text (0.170 s)
  41.520 s  a: capture frame (0.025 s)
  41.706 s  a: read text (0.185 s)
  41.786 s  a: capture frame (0.028 s)
  41.955 s  a: read text (0.168 s)
  42.030 s  a: capture frame (0.023 s)
  42.195 s  a: read text (0.165 s)
  42.259 s  a: capture frame (0.013 s)
  42.421 s  a: read text (0.162 s)
  42.491 s  a: capture frame (0.019 s)
  42.669 s  a: read text (0.178 s)
  42.738 s  a: capture frame (0.018 s)
  42.912 s  a: read text (0.173 s)
  42.985 s  a: capture frame (0.021 s)
  43.149 s  a: read text (0.164 s)
  43.216 s  a: capture frame (0.016 s)
  43.396 s  a: read text (0.180 s)
  43.475 s  a: capture frame (0.027 s)
  43.648 s  a: read text (0.173 s)
  43.721 s  a: capture frame (0.020 s)
  43.987 s  a: read text (0.266 s)
  44.054 s  a: capture frame (0.016 s)
  44.227 s  a: read text (0.173 s)
  44.304 s  a: capture frame (0.026 s)
  44.478 s  a: read text (0.174 s)
  44.551 s  a: capture frame (0.022 s)
  44.733 s  a: read text (0.182 s)
  44.802 s  a: capture frame (0.017 s)
  44.986 s  a: read text (0.184 s)
  45.067 s  a: capture frame (0.030 s)
  45.261 s  a: read text (0.193 s)
  45.326 s  a: capture frame (0.014 s)
  45.498 s  a: read text (0.172 s)
  45.571 s  a: capture frame (0.021 s)
  45.745 s  a: read text (0.174 s)
  45.819 s  a: capture frame (0.023 s)
  46.005 s  a: read text (0.186 s)
  46.086 s  a: capture frame (0.029 s)
  46.265 s  a: read text (0.179 s)
  46.329 s  a: capture frame (0.012 s)
  46.507 s  a: read text (0.178 s)
  46.576 s  a: capture frame (0.017 s)
  46.751 s  a: read text (0.175 s)
  46.822 s  a: capture frame (0.020 s)
  46.990 s  a: read text (0.167 s)
  47.069 s  a: capture frame (0.026 s)
  47.247 s  a: read text (0.178 s)
  47.312 s  a: capture frame (0.013 s)
  47.489 s  a: read text (0.177 s)
  47.560 s  a: capture frame (0.019 s)
  47.750 s  a: read text (0.190 s)
  47.821 s  a: capture frame (0.020 s)
  47.999 s  a: read text (0.177 s)
  48.070 s  a: capture frame (0.020 s)
  48.257 s  a: read text (0.187 s)
  48.338 s  a: capture frame (0.028 s)
  48.526 s  a: read text (0.189 s)
  48.599 s  a: capture frame (0.022 s)
  48.795 s  a: read text (0.196 s)
  48.868 s  a: capture frame (0.021 s)
  49.102 s  a: read text (0.234 s)
  49.187 s  a: capture frame (0.033 s)
  49.391 s  a: read text (0.203 s)
  49.461 s  a: capture frame (0.019 s)
  49.646 s  a: read text (0.185 s)
  49.726 s  a: capture frame (0.028 s)
  49.924 s  a: read text (0.198 s)
  50.009 s  a: capture frame (0.033 s)
  50.191 s  a: read text (0.182 s)
  50.271 s  a: capture frame (0.027 s)
  50.498 s  a: read text (0.227 s)
  50.567 s  a: capture frame (0.018 s)
  50.753 s  a: read text (0.185 s)
  50.834 s  a: capture frame (0.029 s)
  51.017 s  a: read text (0.182 s)
  51.087 s  a: capture frame (0.018 s)
  51.266 s  a: read text (0.179 s)
  51.330 s  a: capture frame (0.013 s)
  51.572 s  a: read text (0.242 s)
  51.644 s  a: capture frame (0.019 s)
  51.807 s  a: read text (0.163 s)
  51.877 s  a: capture frame (0.019 s)
  52.067 s  a: read text (0.189 s)
  52.135 s  a: capture frame (0.017 s)
  52.303 s  a: read text (0.167 s)
  52.384 s  a: capture frame (0.029 s)
  52.584 s  a: read text (0.201 s)
  52.663 s  a: capture frame (0.027 s)
  52.852 s  a: read text (0.189 s)
  52.926 s  a: capture frame (0.022 s)
  53.087 s  a: read text (0.162 s)
  53.156 s  a: capture frame (0.017 s)
  53.329 s  a: read text (0.173 s)
  53.397 s  a: capture frame (0.017 s)
  53.565 s  a: read text (0.167 s)
  53.643 s  a: capture frame (0.027 s)
  53.827 s  a: read text (0.184 s)
  53.904 s  a: capture frame (0.025 s)
  54.117 s  a: read text (0.213 s)
  54.186 s  a: capture frame (0.017 s)
  54.373 s  a: read text (0.187 s)
  54.452 s  a: capture frame (0.027 s)
  54.647 s  a: read text (0.195 s)
  54.720 s  a: capture frame (0.022 s)
  54.902 s  a: read text (0.181 s)
  54.977 s  a: capture frame (0.023 s)
  55.149 s  a: read text (0.172 s)
  55.215 s  a: capture frame (0.014 s)
  55.387 s  a: read text (0.172 s)
  55.465 s  a: capture frame (0.026 s)
  55.637 s  a: read text (0.172 s)
  55.708 s  a: capture frame (0.020 s)
  55.879 s  a: read text (0.170 s)
  55.953 s  a: capture frame (0.023 s)
  56.124 s  a: read text (0.171 s)
  56.201 s  a: capture frame (0.026 s)
  56.370 s  a: read text (0.168 s)
  56.451 s  a: capture frame (0.029 s)
  56.650 s  a: read text (0.199 s)
  56.717 s  a: capture frame (0.016 s)
  56.883 s  a: read text (0.165 s)
  56.950 s  a: capture frame (0.016 s)
  57.118 s  a: read text (0.168 s)
  57.195 s  a: capture frame (0.025 s)
  57.371 s  a: read text (0.176 s)
  57.450 s  a: capture frame (0.027 s)
  57.626 s  a: read text (0.176 s)
  57.697 s  a: capture frame (0.020 s)
  57.868 s  a: read text (0.170 s)
  57.942 s  a: capture frame (0.022 s)
  58.136 s  a: read text (0.194 s)
  58.205 s  a: capture frame (0.019 s)
  58.391 s  a: read text (0.186 s)
  58.469 s  a: capture frame (0.027 s)
  58.661 s  a: read text (0.192 s)
  58.734 s  a: capture frame (0.021 s)
  58.909 s  a: read text (0.175 s)
  58.980 s  a: capture frame (0.019 s)
  59.163 s  a: read text (0.182 s)
  59.227 s  a: capture frame (0.012 s)
  59.397 s  a: read text (0.171 s)
  59.463 s  a: capture frame (0.014 s)
  59.638 s  a: read text (0.175 s)
  59.709 s  a: capture frame (0.019 s)
  59.889 s  a: read text (0.180 s)
  59.969 s  a: capture frame (0.029 s)
  60.144 s  a: read text (0.176 s)
  60.216 s  a: capture frame (0.021 s)
  60.391 s  a: read text (0.175 s)
  60.462 s  a: capture frame (0.020 s)
  60.627 s  a: read text (0.164 s)
  60.709 s  a: capture frame (0.030 s)
  60.881 s  a: read text (0.172 s)
  60.953 s  a: capture frame (0.021 s)
  61.117 s  a: read text (0.164 s)
  61.198 s  a: capture frame (0.029 s)
  61.363 s  a: read text (0.166 s)
  61.437 s  a: capture frame (0.022 s)
  61.603 s  a: read text (0.166 s)
  61.685 s  a: capture frame (0.030 s)
  61.853 s  a: read text (0.168 s)
  61.928 s  a: capture frame (0.024 s)
  62.105 s  a: read text (0.176 s)
  62.175 s  a: capture frame (0.019 s)
  62.351 s  a: read text (0.176 s)
  62.420 s  a: capture frame (0.018 s)
  62.590 s  a: read text (0.170 s)
  62.666 s  a: capture frame (0.023 s)
  62.832 s  a: read text (0.166 s)
  62.896 s  a: capture frame (0.012 s)
  63.078 s  a: read text (0.182 s)
  63.146 s  a: capture frame (0.017 s)
  63.320 s  a: read text (0.174 s)
  63.388 s  a: capture frame (0.017 s)
  63.564 s  a: read text (0.176 s)
  63.636 s  a: capture frame (0.020 s)
  63.803 s  a: read text (0.167 s)
  63.881 s  a: capture frame (0.027 s)
  64.056 s  a: read text (0.175 s)
  64.126 s  a: capture frame (0.019 s)
  64.296 s  a: read text (0.169 s)
  64.374 s  a: capture frame (0.027 s)
  64.539 s  a: read text (0.165 s)
  64.618 s  a: capture frame (0.026 s)
  64.778 s  a: read text (0.160 s)
  64.849 s  a: capture frame (0.020 s)
  65.010 s  a: read text (0.160 s)
  65.080 s  a: capture frame (0.019 s)
  65.235 s  a: read text (0.156 s)
  65.297 s  a: capture frame (0.011 s)
  65.476 s  a: read text (0.179 s)
  65.539 s  a: capture frame (0.012 s)
  65.713 s  a: read text (0.173 s)
  65.786 s  a: capture frame (0.021 s)
  65.953 s  a: read text (0.168 s)
  66.032 s  a: capture frame (0.028 s)
  66.208 s  a: read text (0.175 s)
  66.277 s  a: capture frame (0.018 s)
  66.456 s  a: read text (0.179 s)
  66.524 s  a: capture frame (0.016 s)
  66.686 s  a: read text (0.161 s)
  66.754 s  a: capture frame (0.017 s)
  66.923 s  a: read text (0.169 s)
  67.000 s  a: capture frame (0.025 s)
  67.173 s  a: read text (0.173 s)
  67.236 s  a: capture frame (0.012 s)
  67.409 s  a: read text (0.173 s)
  67.481 s  a: capture frame (0.021 s)
  67.656 s  a: read text (0.174 s)
  67.728 s  a: capture frame (0.021 s)
  67.931 s  a: read text (0.203 s)
  68.005 s  a: capture frame (0.022 s)
  68.198 s  a: read text (0.193 s)
  68.270 s  a: capture frame (0.020 s)
  68.461 s  a: read text (0.191 s)
  68.534 s  a: capture frame (0.022 s)
  68.711 s  a: read text (0.177 s)
  68.784 s  a: capture frame (0.022 s)
  68.958 s  a: read text (0.174 s)
  69.027 s  a: capture frame (0.018 s)
  69.196 s  a: read text (0.169 s)
  69.259 s  a: capture frame (0.012 s)
  69.447 s  a: read text (0.188 s)
  69.520 s  a: capture frame (0.021 s)
  69.721 s  a: read text (0.200 s)
  69.801 s  a: capture frame (0.029 s)
  69.995 s  a: read text (0.194 s)
  70.067 s  a: capture frame (0.021 s)
  70.264 s  a: read text (0.197 s)
  70.329 s  a: capture frame (0.013 s)
  70.505 s  a: read text (0.176 s)
  70.576 s  a: capture frame (0.020 s)
  70.758 s  a: read text (0.181 s)
  70.836 s  a: capture frame (0.026 s)
  71.024 s  a: read text (0.188 s)
  71.101 s  a: capture frame (0.025 s)
  71.279 s  a: read text (0.178 s)
  71.342 s  a: capture frame (0.014 s)
  71.525 s  a: read text (0.182 s)
  71.605 s  a: capture frame (0.028 s)
  71.787 s  a: read text (0.182 s)
  71.869 s  a: capture frame (0.029 s)
  72.043 s  a: read text (0.174 s)
  72.114 s  a: capture frame (0.019 s)
  72.292 s  a: read text (0.177 s)
  72.358 s  a: capture frame (0.014 s)
  72.528 s  a: read text (0.170 s)
  72.606 s  a: capture frame (0.026 s)
  72.789 s  a: read text (0.183 s)
  72.870 s  a: capture frame (0.030 s)
  73.039 s  a: read text (0.168 s)
  73.119 s  a: capture frame (0.028 s)
  73.302 s  a: read text (0.184 s)
  73.376 s  a: capture frame (0.021 s)
  73.550 s  a: read text (0.174 s)
  73.618 s  a: capture frame (0.017 s)
  73.814 s  a: read text (0.195 s)
  73.886 s  a: capture frame (0.021 s)
  74.085 s  a: read text (0.198 s)
  74.165 s  a: capture frame (0.028 s)
  74.346 s  a: read text (0.181 s)
  74.424 s  a: capture frame (0.027 s)
  74.603 s  a: read text (0.178 s)
  74.670 s  a: capture frame (0.017 s)
  74.843 s  a: read text (0.172 s)
  74.846 s  everyone in the lobby failed (60.104 s)
  74.847 s  fresh failed (74.847 s)
wait for all players failed for a: not seen within 60 s
error: script "waygate" exited with code 1
