   0.022 s  a: find Warcraft window (0.012 s)
   0.034 s  b: find Warcraft window (0.009 s)
   0.069 s  script reused (compiled 366 s ago) (0.029 s)
   0.152 s  package and verify (0.075 s)
rebuilt /home/tom/.local/share/smashcraft-build-inputs/native-delivery-20261005/Smashcraft diagnostic native-timing.w3x
   0.154 s  map rebuilt (0.116 s)
   0.157 s  map installed (0.001 s)
   0.177 s  a: capture frame (0.018 s)
   0.183 s  b: capture frame (0.024 s)
   0.361 s  b: read text (0.177 s)
   0.373 s  a: read text (0.193 s)
   0.389 s  a: capture frame (0.016 s)
   0.392 s  b: capture frame (0.030 s)
   0.596 s  a: read text (0.206 s)
   0.610 s  b: read text (0.217 s)
   0.620 s  a: capture frame (0.023 s)
   0.642 s  b: capture frame (0.032 s)
   0.801 s  a: read text (0.180 s)
   0.819 s  b: read text (0.176 s)
   0.821 s  a: capture frame (0.020 s)
   0.844 s  b: capture frame (0.025 s)
   1.012 s  a: read text (0.190 s)
   1.017 s  a: focus Warcraft (0.003 s)
   1.054 s  a: activate Warcraft window (0.037 s)
   1.074 s  a: press Escape (0.020 s)
   1.079 s  a: focus Warcraft (0.003 s)
   1.091 s  b: read text (0.246 s)
   1.096 s  b: focus Warcraft (0.004 s)
   1.115 s  a: activate Warcraft window (0.036 s)
   1.132 s  b: activate Warcraft window (0.035 s)
   1.134 s  a: press F10 (0.019 s)
   1.150 s  b: press Escape (0.018 s)
   1.155 s  b: focus Warcraft (0.004 s)
   1.161 s  a: capture frame (0.026 s)
   1.190 s  b: activate Warcraft window (0.035 s)
   1.209 s  b: press F10 (0.019 s)
   1.240 s  b: capture frame (0.031 s)
   1.364 s  a: read text (0.202 s)
   1.435 s  a: capture frame (0.015 s)
   1.469 s  b: read text (0.228 s)
   1.473 s  b: focus Warcraft (0.003 s)
   1.510 s  b: activate Warcraft window (0.037 s)
   1.529 s  b: press e (0.019 s)
   1.555 s  b: capture frame (0.025 s)
   1.654 s  a: read text (0.219 s)
   1.658 s  a: focus Warcraft (0.003 s)
   1.693 s  a: activate Warcraft window (0.035 s)
   1.712 s  a: press e (0.018 s)
   1.746 s  a: capture frame (0.034 s)
   1.774 s  b: read text (0.219 s)
   1.777 s  b: focus Warcraft (0.003 s)
   1.816 s  b: activate Warcraft window (0.038 s)
   1.836 s  b: press q (0.020 s)
   1.858 s  b: capture frame (0.021 s)
   1.997 s  a: read text (0.250 s)
   2.002 s  a: focus Warcraft (0.005 s)
   2.037 s  a: activate Warcraft window (0.035 s)
   2.055 s  a: press q (0.017 s)
   2.076 s  a: capture frame (0.021 s)
   2.093 s  b: read text (0.234 s)
   2.159 s  b: capture frame (0.015 s)
   2.307 s  a: read text (0.231 s)
   2.393 s  a: capture frame (0.033 s)
   2.401 s  b: read text (0.242 s)
   2.504 s  b: capture frame (0.038 s)
   2.868 s  a: read text (0.474 s)
   2.954 s  a: capture frame (0.034 s)
   3.047 s  b: read text (0.542 s)
   3.062 s  b: focus Warcraft (0.013 s)
   3.105 s  b: activate Warcraft window (0.042 s)
   3.120 s  b: read pointer (0.012 s)
   3.140 s  b: move pointer (0.020 s)
   3.159 s  b: read pointer (0.018 s)
   3.290 s  b: press button (0.007 s)
   3.370 s  b: release button (0.017 s)
   3.414 s  b: capture frame (0.043 s)
   3.578 s  a: read text (0.619 s)
   3.582 s  a: focus Warcraft (0.003 s)
   3.622 s  a: activate Warcraft window (0.039 s)
   3.630 s  a: read pointer (0.008 s)
   3.637 s  a: move pointer (0.007 s)
   3.651 s  a: read pointer (0.014 s)
   3.780 s  a: press button (0.006 s)
   3.852 s  a: release button (0.011 s)
   3.892 s  a: capture frame (0.040 s)
   3.951 s  b: read text (0.536 s)
   4.029 s  b: capture frame (0.022 s)
   4.318 s  a: read text (0.425 s)
   4.408 s  a: capture frame (0.037 s)
   4.443 s  b: read text (0.413 s)
   4.527 s  b: capture frame (0.030 s)
   4.763 s  b: read text (0.236 s)
   4.804 s  a: read text (0.395 s)
   4.857 s  b: capture frame (0.043 s)
   4.897 s  a: capture frame (0.037 s)
   5.189 s  a: read text (0.291 s)
   5.268 s  b: read text (0.410 s)
   5.269 s  b at Custom Games (5.109 s)
   5.282 s  a: capture frame (0.042 s)
   5.641 s  a: read text (0.358 s)
   5.730 s  a: capture frame (0.036 s)
   5.971 s  a: read text (0.241 s)
   5.971 s  a at Custom Games (5.814 s)
   5.976 s  a: focus Warcraft (0.003 s)
   6.011 s  a: activate Warcraft window (0.035 s)
   6.020 s  a: read pointer (0.008 s)
   6.025 s  a: move pointer (0.005 s)
   6.030 s  a: read pointer (0.005 s)
   6.156 s  a: press button (0.004 s)
   6.227 s  a: release button (0.008 s)
   6.265 s  a: capture frame (0.036 s)
   6.511 s  a: read text (0.246 s)
   6.592 s  a: capture frame (0.026 s)
   7.005 s  a: read text (0.412 s)
   7.091 s  a: capture frame (0.034 s)
   7.370 s  a: read text (0.279 s)
   7.442 s  a: capture frame (0.021 s)
   7.646 s  a: read text (0.203 s)
   7.729 s  a: capture frame (0.031 s)
   7.941 s  a: read text (0.212 s)
   7.945 s  a: focus Warcraft (0.003 s)
   7.980 s  a: activate Warcraft window (0.035 s)
   7.986 s  a: read pointer (0.005 s)
   7.991 s  a: move pointer (0.005 s)
   7.996 s  a: read pointer (0.005 s)
   8.125 s  a: press button (0.006 s)
   8.194 s  a: release button (0.006 s)
   8.213 s  a: capture frame (0.020 s)
   8.476 s  a: read text (0.262 s)
   8.479 s  a: focus Warcraft (0.003 s)
   8.513 s  a: activate Warcraft window (0.034 s)
   8.518 s  a: read pointer (0.005 s)
   8.525 s  a: move pointer (0.006 s)
   8.530 s  a: read pointer (0.004 s)
   8.658 s  a: press button (0.006 s)
   8.725 s  a: release button (0.005 s)
   8.727 s  a: focus Warcraft (0.002 s)
   8.764 s  a: activate Warcraft window (0.036 s)
   8.797 s  a: press ctrl+a (0.033 s)
   8.803 s  a: focus Warcraft (0.003 s)
   8.839 s  a: activate Warcraft window (0.036 s)
   8.939 s  a: type text (0.100 s)
   8.942 s  a: focus Warcraft (0.002 s)
   8.978 s  a: activate Warcraft window (0.035 s)
   8.982 s  a: read pointer (0.004 s)
   8.988 s  a: move pointer (0.005 s)
   8.992 s  a: read pointer (0.004 s)
   9.118 s  a: press button (0.005 s)
   9.184 s  a: release button (0.004 s)
   9.204 s  a: capture frame (0.019 s)
   9.414 s  a: read text (0.210 s)
   9.501 s  a: capture frame (0.035 s)
   9.747 s  a: read text (0.245 s)
   9.832 s  a: capture frame (0.032 s)
  10.079 s  a: read text (0.246 s)
  10.146 s  a: capture frame (0.016 s)
  10.362 s  a: read text (0.216 s)
  10.444 s  a: capture frame (0.030 s)
  10.661 s  a: read text (0.216 s)
  10.742 s  a: capture frame (0.028 s)
  10.979 s  a: read text (0.236 s)
  11.046 s  a: capture frame (0.015 s)
  11.256 s  a: read text (0.209 s)
  11.323 s  a: capture frame (0.016 s)
  11.550 s  a: read text (0.226 s)
  11.614 s  a: capture frame (0.012 s)
  11.844 s  a: read text (0.230 s)
  11.909 s  a: capture frame (0.013 s)
  12.141 s  a: read text (0.232 s)
  12.216 s  a: capture frame (0.023 s)
  12.442 s  a: read text (0.226 s)
  12.443 s  a hosting "scdev muvd8lxz" (6.471 s)
  12.447 s  b: focus Warcraft (0.003 s)
  12.482 s  b: activate Warcraft window (0.035 s)
  12.488 s  b: read pointer (0.006 s)
  12.494 s  b: move pointer (0.005 s)
  12.498 s  b: read pointer (0.004 s)
  12.628 s  b: press button (0.008 s)
  12.695 s  b: release button (0.004 s)
  12.698 s  b: focus Warcraft (0.003 s)
  12.734 s  b: activate Warcraft window (0.036 s)
  12.766 s  b: press ctrl+a (0.032 s)
  12.773 s  b: focus Warcraft (0.006 s)
  12.810 s  b: activate Warcraft window (0.037 s)
  12.912 s  b: type text (0.101 s)
  12.921 s  b: focus Warcraft (0.009 s)
  12.960 s  b: activate Warcraft window (0.038 s)
  12.964 s  b: read pointer (0.005 s)
  12.971 s  b: move pointer (0.006 s)
  12.980 s  b: read pointer (0.009 s)
  13.106 s  b: press button (0.005 s)
  13.172 s  b: release button (0.005 s)
  13.197 s  b: capture frame (0.024 s)
  13.392 s  b: read text (0.194 s)
  13.392 s  b asked to join (0.948 s)
  13.416 s  a: capture frame (0.024 s)
  13.608 s  a: read text (0.192 s)
  13.678 s  a: capture frame (0.019 s)
  13.895 s  a: read text (0.217 s)
  13.980 s  a: capture frame (0.033 s)
  14.222 s  a: read text (0.242 s)
  14.293 s  a: capture frame (0.019 s)
  14.482 s  a: read text (0.189 s)
  14.482 s  everyone in the lobby (1.090 s)
  14.485 s  a: focus Warcraft (0.003 s)
  14.520 s  a: activate Warcraft window (0.035 s)
  14.524 s  a: read pointer (0.004 s)
  14.527 s  a: move pointer (0.003 s)
  14.534 s  a: read pointer (0.006 s)
  14.659 s  a: press button (0.004 s)
  14.724 s  a: release button (0.004 s)
  25.095 s  every client at character selection (10.372 s)
  25.099 s  clear old quick-match receipts (0.001 s)
  25.102 s  a: focus Warcraft (0.003 s)
  25.137 s  a: activate Warcraft window (0.034 s)
  25.155 s  a: press Return (0.018 s)
  25.158 s  a: focus Warcraft (0.003 s)
  25.194 s  a: activate Warcraft window (0.035 s)
  25.269 s  a: type text (0.075 s)
  25.273 s  a: focus Warcraft (0.003 s)
  25.308 s  a: activate Warcraft window (0.035 s)
  25.327 s  a: press Return (0.018 s)
  25.327 s  send -dev quick (0.058 s)
  25.483 s  a quick-match receipt (0.155 s)
  25.483 s  b quick-match receipt (0.155 s)
  25.483 s  quick match and client receipts (0.388 s)
-dev quick acknowledged by 2 client(s)
  25.485 s  fresh (25.485 s)
