   6.611 s  compile (6.610 s)
   6.726 s  publish v90: 1148499 bytes in 6 file(s) (0.115 s)
   7.734 s  v90 running in 2 client(s) (1.008 s)
   7.734 s  reload (7.734 s)
watching /home/tom/code/smashcraft/worktrees/native-delivery-20261005/ts/src for changes
   0.579 s  compile (0.579 s)
   0.681 s  publish v91: 1148522 bytes in 6 file(s) (0.102 s)
   1.505 s  v91 running in 2 client(s) (0.824 s)
   1.505 s  reload (1.505 s)
   0.514 s  compile (0.514 s)
   0.610 s  publish v92: 1148522 bytes in 6 file(s) (0.096 s)
   1.320 s  v92 running in 2 client(s) (0.710 s)
   1.320 s  reload (1.320 s)
   0.522 s  compile (0.522 s)
   0.619 s  publish v93: 1148522 bytes in 6 file(s) (0.097 s)
   1.383 s  v93 running in 2 client(s) (0.764 s)
   1.383 s  reload (1.383 s)
   0.537 s  compile (0.536 s)
   0.638 s  publish v94: 1148522 bytes in 6 file(s) (0.102 s)
   1.240 s  v94 running in 2 client(s) (0.602 s)
   1.241 s  reload (1.241 s)
   0.550 s  compile (0.550 s)
   0.668 s  publish v95: 1148522 bytes in 6 file(s) (0.118 s)
   1.314 s  v95 running in 2 client(s) (0.646 s)
   1.314 s  reload (1.314 s)
   0.567 s  compile (0.567 s)
   0.663 s  publish v96: 1148522 bytes in 6 file(s) (0.096 s)
   1.505 s  v96 running in 2 client(s) (0.842 s)
   1.505 s  reload (1.505 s)
   0.510 s  compile (0.509 s)
   0.603 s  publish v97: 1148522 bytes in 6 file(s) (0.093 s)
   1.231 s  v97 running in 2 client(s) (0.628 s)
   1.231 s  reload (1.231 s)
   0.616 s  compile (0.615 s)
   0.710 s  publish v98: 1148522 bytes in 6 file(s) (0.094 s)
   1.335 s  v98 running in 2 client(s) (0.624 s)
   1.335 s  reload (1.335 s)
   0.593 s  compile (0.593 s)
   0.722 s  publish v99: 1148522 bytes in 6 file(s) (0.129 s)
   1.477 s  v99 running in 2 client(s) (0.755 s)
   1.477 s  reload (1.477 s)
   0.511 s  compile (0.510 s)
   0.629 s  publish v100: 1148523 bytes in 6 file(s) (0.118 s)
   1.397 s  v100 running in 2 client(s) (0.768 s)
   1.397 s  reload (1.397 s)
  59.461 s  hot (59.461 s)
