$ bun scripts/wisp.ts hot --data "/home/tom/.local/share/Steam/steamapps/compatdata/3516115571/pfx/drive_c/users/steamuser/Documents/Warcraft III/CustomMapData" --data "/home/tom/.local/share/wc3-melee/client-b/pfx/drive_c/users/steamuser/Documents/Warcraft III/CustomMapData" --watch
   6.192 s  compile (6.192 s)
   6.267 s  publish v12: 169 of 169 module(s), 1254436 of 1254436 bytes, 7 file(s) (0.041 s)
   7.158 s  v12 running in 2 client(s) (0.891 s)
   7.159 s  reload (7.159 s)
watching /home/tom/code/smashcraft/worktrees/module-reload-native-20261006/ts/src for changes
   0.258 s  compile (0.247 s)
   0.266 s  publish v13: 1 of 169 module(s), 19185 of 1254461 bytes, 8 file(s) (0.006 s)
   0.559 s  v13 running in 2 client(s) (0.292 s)
   0.559 s  reload (0.559 s)
   0.200 s  compile (0.190 s)
   0.210 s  publish v14: 1 of 169 module(s), 19185 of 1254461 bytes, 8 file(s) (0.007 s)
   0.444 s  v14 running in 2 client(s) (0.233 s)
   0.444 s  reload (0.444 s)
   0.185 s  compile (0.175 s)
   0.195 s  publish v15: 1 of 169 module(s), 19185 of 1254461 bytes, 8 file(s) (0.006 s)
   0.437 s  v15 running in 2 client(s) (0.242 s)
   0.437 s  reload (0.437 s)
   0.160 s  compile (0.150 s)
   0.169 s  publish v16: 1 of 169 module(s), 19185 of 1254461 bytes, 8 file(s) (0.007 s)
   0.394 s  v16 running in 2 client(s) (0.225 s)
   0.394 s  reload (0.394 s)
   0.146 s  compile (0.136 s)
   0.155 s  publish v17: 1 of 169 module(s), 19185 of 1254461 bytes, 8 file(s) (0.006 s)
   0.418 s  v17 running in 2 client(s) (0.262 s)
   0.418 s  reload (0.418 s)
   0.162 s  compile (0.151 s)
   0.173 s  publish v18: 1 of 169 module(s), 19184 of 1254460 bytes, 8 file(s) (0.007 s)
   0.426 s  v18 running in 2 client(s) (0.253 s)
   0.426 s  reload (0.426 s)
   0.164 s  compile (0.154 s)
   0.174 s  publish v19: 1 of 169 module(s), 19185 of 1254461 bytes, 8 file(s) (0.007 s)
   0.453 s  v19 running in 2 client(s) (0.279 s)
   0.454 s  reload (0.454 s)
   0.140 s  compile (0.129 s)
   0.150 s  publish v20: 1 of 169 module(s), 19185 of 1254461 bytes, 8 file(s) (0.006 s)
   0.395 s  v20 running in 2 client(s) (0.245 s)
   0.395 s  reload (0.395 s)
   0.141 s  compile (0.131 s)
   0.152 s  publish v21: 1 of 169 module(s), 19185 of 1254461 bytes, 8 file(s) (0.008 s)
   0.402 s  v21 running in 2 client(s) (0.250 s)
   0.402 s  reload (0.402 s)
   0.139 s  compile (0.129 s)
   0.149 s  publish v22: 1 of 169 module(s), 19186 of 1254462 bytes, 8 file(s) (0.007 s)
   0.454 s  v22 running in 2 client(s) (0.304 s)
   0.454 s  reload (0.454 s)
   0.187 s  compile (0.176 s)
   0.199 s  publish v23: 1 of 169 module(s), 19160 of 1254436 bytes, 8 file(s) (0.009 s)
   0.521 s  v23 running in 2 client(s) (0.322 s)
   0.522 s  reload (0.522 s)
