   0.019 s  a: find Warcraft window (0.010 s)
   0.027 s  b: find Warcraft window (0.007 s)
   0.061 s  script reused (compiled 450 s ago) (0.028 s)
   0.139 s  package and verify (0.071 s)
rebuilt /home/tom/.local/share/smashcraft-build-inputs/native-owner-20261005/fresh-speed/Smashcraft diagnostic fresh-speed.w3x
   0.140 s  map rebuilt (0.110 s)
   0.142 s  map installed (0.001 s)
   0.147 s  a: focus Warcraft (0.003 s)
   0.150 s  b: focus Warcraft (0.005 s)
   0.183 s  a: activate Warcraft window (0.036 s)
   0.186 s  b: activate Warcraft window (0.036 s)
   0.255 s  a: input batch (3 actions) (0.072 s)
   0.260 s  b: input batch (3 actions) (0.073 s)
   0.286 s  a: capture frame (0.029 s)
   0.289 s  b: capture frame (0.029 s)
   0.474 s  a: read text (0.186 s)
   0.477 s  a: focus Warcraft (0.002 s)
   0.501 s  b: read text (0.211 s)
   0.504 s  b: focus Warcraft (0.003 s)
   0.512 s  a: activate Warcraft window (0.035 s)
   0.540 s  b: activate Warcraft window (0.035 s)
   0.742 s  a: input batch (3 actions) (0.230 s)
   0.762 s  a: capture frame (0.019 s)
   0.769 s  b: input batch (3 actions) (0.229 s)
   0.795 s  b: capture frame (0.025 s)
   0.949 s  a: read text (0.187 s)
   1.021 s  a: capture frame (0.019 s)
   1.039 s  b: read text (0.244 s)
   1.111 s  b: capture frame (0.016 s)
   1.250 s  a: read text (0.229 s)
   1.314 s  a: capture frame (0.013 s)
   1.320 s  b: read text (0.208 s)
   1.403 s  b: capture frame (0.030 s)
   1.538 s  a: read text (0.223 s)
   1.622 s  a: capture frame (0.033 s)
   1.760 s  b: read text (0.356 s)
   1.765 s  b: focus Warcraft (0.003 s)
   1.808 s  b: activate Warcraft window (0.042 s)
   1.819 s  b: read pointer (0.011 s)
   1.831 s  b: move pointer (0.012 s)
   1.838 s  b: read pointer (0.007 s)
   1.967 s  b: press button (0.007 s)
   2.020 s  a: read text (0.396 s)
   2.023 s  a: focus Warcraft (0.003 s)
   2.036 s  b: release button (0.008 s)
   2.061 s  a: activate Warcraft window (0.038 s)
   2.068 s  b: capture frame (0.032 s)
   2.071 s  a: read pointer (0.010 s)
   2.078 s  a: move pointer (0.006 s)
   2.086 s  a: read pointer (0.008 s)
   2.216 s  a: press button (0.007 s)
   2.284 s  a: release button (0.006 s)
   2.309 s  a: capture frame (0.024 s)
   2.343 s  b: read text (0.275 s)
   2.412 s  b: capture frame (0.017 s)
   2.539 s  a: read text (0.230 s)
   2.613 s  a: capture frame (0.023 s)
   2.663 s  b: read text (0.251 s)
   2.746 s  b: capture frame (0.031 s)
   2.942 s  a: read text (0.328 s)
   2.960 s  b: read text (0.214 s)
   3.027 s  a: capture frame (0.033 s)
   3.050 s  b: capture frame (0.037 s)
   3.244 s  b: read text (0.193 s)
   3.326 s  b: capture frame (0.030 s)
   3.327 s  a: read text (0.300 s)
   3.413 s  a: capture frame (0.033 s)
   3.631 s  b: read text (0.305 s)
   3.714 s  a: read text (0.301 s)
   3.717 s  b: capture frame (0.032 s)
   3.790 s  a: capture frame (0.023 s)
   4.009 s  b: read text (0.292 s)
   4.009 s  b at Custom Games (3.864 s)
   4.046 s  a: read text (0.256 s)
   4.119 s  a: capture frame (0.020 s)
   4.413 s  a: read text (0.294 s)
   4.413 s  a at Custom Games (4.270 s)
   4.417 s  a: focus Warcraft (0.003 s)
   4.453 s  a: activate Warcraft window (0.035 s)
   4.459 s  a: read pointer (0.005 s)
   4.463 s  a: move pointer (0.004 s)
   4.469 s  a: read pointer (0.006 s)
   4.596 s  a: press button (0.005 s)
   4.663 s  a: release button (0.004 s)
   4.693 s  a: capture frame (0.030 s)
   4.972 s  a: read text (0.278 s)
   5.046 s  a: capture frame (0.022 s)
   5.256 s  a: read text (0.210 s)
   5.323 s  a: capture frame (0.016 s)
   5.579 s  a: read text (0.256 s)
   5.659 s  a: capture frame (0.028 s)
   5.849 s  a: read text (0.189 s)
   5.921 s  a: capture frame (0.020 s)
   6.232 s  a: read text (0.311 s)
   6.310 s  a: capture frame (0.026 s)
   6.543 s  a: read text (0.233 s)
   6.548 s  a: focus Warcraft (0.004 s)
   6.584 s  a: activate Warcraft window (0.036 s)
   6.589 s  a: read pointer (0.005 s)
   6.594 s  a: move pointer (0.005 s)
   6.600 s  a: read pointer (0.005 s)
   6.727 s  a: press button (0.005 s)
   6.792 s  a: release button (0.004 s)
   6.824 s  a: capture frame (0.031 s)
   7.063 s  a: read text (0.239 s)
   7.067 s  a: focus Warcraft (0.003 s)
   7.102 s  a: activate Warcraft window (0.034 s)
   7.107 s  a: read pointer (0.005 s)
   7.611 s  a: input batch (4 actions) (0.503 s)
   7.634 s  a: capture frame (0.023 s)
   7.834 s  a: read text (0.199 s)
   7.912 s  a: capture frame (0.026 s)
   8.100 s  a: read text (0.187 s)
   8.175 s  a: capture frame (0.023 s)
   8.345 s  a: read text (0.170 s)
   8.423 s  a: capture frame (0.026 s)
   8.607 s  a: read text (0.184 s)
   8.684 s  a: capture frame (0.026 s)
   8.869 s  a: read text (0.185 s)
   8.948 s  a: capture frame (0.027 s)
   9.159 s  a: read text (0.211 s)
   9.232 s  a: capture frame (0.022 s)
   9.446 s  a: read text (0.214 s)
   9.512 s  a: capture frame (0.014 s)
   9.726 s  a: read text (0.213 s)
   9.792 s  a: capture frame (0.014 s)
  10.060 s  a: read text (0.268 s)
  10.127 s  a: capture frame (0.015 s)
  10.315 s  a: read text (0.187 s)
  10.383 s  a: capture frame (0.016 s)
  10.663 s  a: read text (0.280 s)
  10.741 s  a: capture frame (0.026 s)
  10.955 s  a: read text (0.213 s)
  11.036 s  a: capture frame (0.029 s)
  11.260 s  a: read text (0.223 s)
  11.260 s  a hosting "scdev muvey8ke" (6.847 s)
  11.264 s  b: focus Warcraft (0.003 s)
  11.299 s  b: activate Warcraft window (0.034 s)
  11.304 s  b: read pointer (0.005 s)
  11.801 s  b: input batch (4 actions) (0.497 s)
  11.832 s  b: capture frame (0.030 s)
  12.037 s  b: read text (0.205 s)
  12.101 s  b: capture frame (0.013 s)
  12.304 s  b: read text (0.202 s)
  12.376 s  b: capture frame (0.021 s)
  12.571 s  b: read text (0.194 s)
  12.636 s  b: capture frame (0.013 s)
  12.852 s  b: read text (0.216 s)
  12.918 s  b: capture frame (0.014 s)
  13.161 s  b: read text (0.243 s)
  13.227 s  b: capture frame (0.015 s)
  13.495 s  b: read text (0.268 s)
  13.568 s  b: capture frame (0.022 s)
  13.770 s  b: read text (0.201 s)
  13.855 s  b: capture frame (0.033 s)
  14.225 s  b: read text (0.370 s)
  14.306 s  b: capture frame (0.030 s)
  14.537 s  b: read text (0.231 s)
  14.603 s  b: capture frame (0.015 s)
  14.833 s  b: read text (0.230 s)
  14.903 s  b: capture frame (0.019 s)
  15.101 s  b: read text (0.197 s)
  15.170 s  b: capture frame (0.017 s)
  15.414 s  b: read text (0.244 s)
  15.483 s  b: capture frame (0.016 s)
  15.710 s  b: read text (0.227 s)
  15.789 s  b: capture frame (0.027 s)
  16.030 s  b: read text (0.241 s)
  16.105 s  b: capture frame (0.023 s)
  16.367 s  b: read text (0.262 s)
  16.438 s  b: capture frame (0.020 s)
  16.698 s  b: read text (0.259 s)
  16.769 s  b: capture frame (0.019 s)
  17.051 s  b: read text (0.281 s)
  17.133 s  b: capture frame (0.031 s)
  17.383 s  b: read text (0.249 s)
  17.469 s  b: capture frame (0.034 s)
  17.808 s  b: read text (0.339 s)
  17.809 s  b asked to join (6.548 s)
  17.836 s  a: capture frame (0.026 s)
  18.083 s  a: read text (0.247 s)
  18.084 s  everyone in the lobby (0.275 s)
  18.094 s  a: focus Warcraft (0.009 s)
  18.129 s  a: activate Warcraft window (0.035 s)
  18.133 s  a: read pointer (0.004 s)
  18.137 s  a: move pointer (0.004 s)
  18.143 s  a: read pointer (0.005 s)
  18.270 s  a: press button (0.005 s)
  18.336 s  a: release button (0.004 s)
  29.202 s  every client at character selection (10.866 s)
  29.206 s  clear old quick-match receipts (0.001 s)
  29.209 s  a: focus Warcraft (0.002 s)
  29.244 s  a: activate Warcraft window (0.035 s)
  29.351 s  a: input batch (3 actions) (0.106 s)
  29.351 s  send -dev quick (0.145 s)
  29.511 s  b quick-match receipt (0.159 s)
  29.565 s  a quick-match receipt (0.214 s)
-dev quick acknowledged by 2 client(s)
  29.566 s  quick match and client receipts (0.363 s)
  29.568 s  fresh (29.568 s)
